{
  "status": "PASS",
  "details": {
    "sandboxToolCount": 11,
    "names": [
      "huaweicloud_sandbox_exec_with_session",
      "huaweicloud_sandbox_exec_one_shot",
      "huaweicloud_sandbox_close_session",
      "huaweicloud_sandbox_upload_file",
      "huaweicloud_sandbox_upload_project",
      "huaweicloud_sandbox_deploy_nginx",
      "huaweicloud_sandbox_deploy_check",
      "huaweicloud_sandbox_check_user",
      "huaweicloud_sandbox_sign_agreement",
      "huaweicloud_sandbox_connect",
      "huaweicloud_sandbox_credentials"
    ]
  },
  "why": "Sandbox tools checked",
  "caseId": "D3-C14",
  "executedAt": "20260928213635"
}
