{
  "status": "PASS",
  "why": "排障指引: auth=true perm=true policy=true",
  "executedAt": "20260921024547",
  "explainAuth": {
    "ok": true,
    "hasExplanation": false,
    "data": "{\"service\":\"unknown\",\"errorCode\":\"\",\"requestId\":\"\",\"suggestions\":[\"No known error-code pattern matched. Re-run the failing command with --debug to capture X-Request-Id from the response headers, then re-call explain_error with service, operation, region, the full redacted message, and requestId.\"]}"
  },
  "explainPerm": {
    "ok": true,
    "hasExplanation": false,
    "data": "{\"service\":\"unknown\",\"errorCode\":\"\",\"requestId\":\"\",\"suggestions\":[\"No known error-code pattern matched. Re-run the failing command with --debug to capture X-Request-Id from the response headers, then re-call explain_error with service, operation, region, the full redacted message, and requestId.\"]}"
  },
  "explainPolicy": {
    "ok": true,
    "hasExplanation": false,
    "data": "{\"service\":\"unknown\",\"errorCode\":\"\",\"requestId\":\"\",\"suggestions\":[\"No known error-code pattern matched. Re-run the failing command with --debug to capture X-Request-Id from the response headers, then re-call explain_error with service, operation, region, the full redacted message, and requestId.\"]}"
  }
}