{
  "status": "PASS",
  "caseId": "D1-28",
  "why": "stable: 1.1.7->1.1.8=update_available; prerelease: 1.1.8-next.0->1.1.8-next.1=update_available",
  "executedAt": "20261001103000",
  "detail": {
    "stableCase": {
      "currentVersion": "1.1.7",
      "latestStable": "1.1.8",
      "latestNext": null,
      "targetVersion": "1.1.8",
      "updateAvailable": true,
      "dismissed": false,
      "dismissExpiresAt": null,
      "result": "update_available"
    },
    "prereleaseCase": {
      "currentVersion": "1.1.8-next.0",
      "latestStable": "1.1.7",
      "latestNext": "1.1.8-next.1",
      "targetVersion": "1.1.8-next.1",
      "updateAvailable": true,
      "dismissed": false,
      "dismissExpiresAt": null,
      "result": "update_available"
    }
  }
}
