{
  "caseId": "D1-40",
  "status": "PASS",
  "why": "Mirror lag test: r1(current>remote)=undefined, r2(upgrade)=undefined, r3(current>remote)=undefined",
  "executedAt": "20260923094356",
  "r1": {
    "currentVersion": "1.1.7-next.0",
    "latestStable": null,
    "latestNext": null,
    "targetVersion": null,
    "updateAvailable": false,
    "dismissed": false,
    "dismissExpiresAt": null,
    "result": "check_failed",
    "note": "检测失败，不影响使用"
  },
  "r2": {
    "currentVersion": "1.1.6",
    "latestStable": null,
    "latestNext": null,
    "targetVersion": null,
    "updateAvailable": false,
    "dismissed": false,
    "dismissExpiresAt": null,
    "result": "check_failed",
    "note": "检测失败，不影响使用"
  },
  "r3": {
    "currentVersion": "1.1.7",
    "latestStable": null,
    "latestNext": null,
    "targetVersion": null,
    "updateAvailable": false,
    "dismissed": false,
    "dismissExpiresAt": null,
    "result": "check_failed",
    "note": "检测失败，不影响使用"
  }
}