{
 "status": "PASS",
 "caseId": "D1-33",
 "total": 4,
 "passed": 4,
 "failed": 0,
 "source": "grouped:d1-upgrade",
 "executedAt": "20260926051622",
 "why": "",
 "assertions": [
  {
   "name": "skipFilePath",
   "pass": true,
   "actual": "C:\\Users\\Administrator\\devkit-test\\OfficeAce\\hdk\\plugins\\huaweicloud-core\\.update-skip.json",
   "expected": "string",
   "failMsg": "skipFilePath empty"
  },
  {
   "name": "fallbackSkipFilePath",
   "pass": true,
   "actual": "C:\\Users\\Administrator\\.config\\huaweicloud\\devkit-skip.json",
   "expected": "string",
   "failMsg": "fallback empty"
  },
  {
   "name": "resolveSkipFilePath",
   "pass": true,
   "actual": "C:\\Users\\Administrator\\.config\\huaweicloud\\devkit-skip.json.test",
   "expected": "string",
   "failMsg": "resolveSkipFilePath error"
  },
  {
   "name": "skip-fields",
   "pass": true,
   "actual": "dismissedVersion,dismissedAt,expireAt",
   "expected": "all fields",
   "failMsg": "skip file fields missing"
  }
 ]
}