{
  "status": "PASS",
  "caseId": "D4-6",
  "executedAt": "20260924210000",
  "details": {
    "r1": {
      "decision": "deny",
      "risk": "write",
      "reason": "Huawei Cloud write operation blocked until the agent presents a plan and receives explicit user approval."
    },
    "r2": {
      "decision": "deny",
      "risk": "write",
      "reason": "Huawei Cloud write operation blocked until the agent presents a plan and receives explicit user approval."
    },
    "r3": {
      "decision": "deny",
      "risk": "write",
      "reason": "Huawei Cloud write operation blocked until the agent presents a plan and receives explicit user approval."
    },
    "flagged": true
  },
  "why": "adminPass warning: flagged=True"
}