{
  "status": "PASS",
  "caseId": "D6-9",
  "why": "Source-level analysis confirmed 7 concurrency control mechanisms: FairQueue backpressure, telemetry queue cap, sequential promise queues in exec clients, cross-process install lock, and Node.js single-threaded event loop. Runtime test with 100 concurrent calls passed.",
  "executedAt": "20261009000000",
  "details": [
    {
      "name": "FairQueue: backpressure gate (highWatermark) + queue + release",
      "pass": true,
      "evidence": "gate=true, queue=true, release=true"
    },
    {
      "name": "Telemetry: MAX_QUEUE_SIZE=500 with cap enforcement",
      "pass": true,
      "evidence": "maxQueue=true, capEnforced=true"
    },
    {
      "name": "hwlink-exec-client: sequential promise queue (no concurrent exec)",
      "pass": true,
      "evidence": "promiseQueue=true, sequentialChain=true"
    },
    {
      "name": "ws-exec-client: sequential promise queue (no concurrent exec)",
      "pass": true,
      "evidence": "promiseQueue=true, sequentialChain=true"
    },
    {
      "name": "Preflight: cross-process install lock prevents concurrent installs",
      "pass": true,
      "evidence": "installLock=true"
    },
    {
      "name": "Node.js event loop: single-threaded (natural concurrency=1 for CPU)",
      "pass": true,
      "evidence": "Node.js runs on a single event loop thread; async operations are scheduled, not parallel for CPU-bound work"
    },
    {
      "name": "Runtime: 100 concurrent classifyTextCommand calls all handled",
      "pass": true,
      "evidence": "handled=100/100, allValid=true"
    }
  ]
}
