{
  "case": "D1-31",
  "status": "PASS",
  "executedAt": "20260929050639",
  "total": 4,
  "passed": 4,
  "failed": 0,
  "results": [
    {
      "id": "D1-31",
      "name": "dismiss-active",
      "pass": true,
      "actual": "1.1.5",
      "expected": "1.1.5",
      "passMsg": "skip file written",
      "failMsg": "skip file error",
      "_source": "d1-upgrade"
    },
    {
      "id": "D1-31",
      "name": "dismiss-expireAt",
      "pass": true,
      "actual": "2026-10-01T21:03:30.008Z",
      "expected": "ISO",
      "passMsg": "expireAt: 2026-10-01T21:03:30.008Z",
      "failMsg": "expireAt missing",
      "_source": "d1-upgrade"
    },
    {
      "id": "D1-31",
      "name": "dismiss-within-cooldown",
      "pass": true,
      "actual": "dismissed/true",
      "expected": "dismissed/true",
      "passMsg": "cooldown returns dismissed",
      "failMsg": "cooldown not dismissed",
      "_source": "d1-upgrade"
    },
    {
      "id": "D1-31",
      "name": "dismiss-after-expiry",
      "pass": true,
      "actual": "update_available",
      "expected": "update_available",
      "passMsg": "expired re-reminds",
      "failMsg": "expired not re-reminding",
      "_source": "d1-upgrade"
    }
  ],
  "source": "d1-upgrade"
}