{
  "total": 4,
  "passed": 4,
  "failed": 0,
  "results": [
    {
      "id": "D2-11",
      "name": "scope-rejected",
      "pass": true,
      "actual": "rejected",
      "expected": "rejected"
    },
    {
      "id": "D2-11",
      "name": "status-error",
      "pass": true,
      "actual": "error",
      "expected": "error"
    },
    {
      "id": "D2-11",
      "name": "sts-message",
      "pass": true,
      "actual": "Temporary STS credentials cannot be persisted (R3). Use action=temporary.",
      "expected": "STS/R3 message"
    },
    {
      "id": "D2-11",
      "name": "token-not-persisted",
      "pass": true,
      "actual": "无 token",
      "expected": "无 token"
    }
  ]
}