{
  "status": "PASS",
  "why": "ak=true sk=true token=true pass=true bearer=true region=true proj=true normal=true",
  "detail": {
    "original": {
      "access_key": "AKIDTEST123456",
      "secret_key": "SKtest789",
      "securityToken": "sts-token-abc",
      "region": "cn-north-4",
      "project_id": "proj-123",
      "password": "mypass123",
      "token": "bearer-token-xyz",
      "normal_field": "normal_value"
    },
    "redacted": {
      "access_key": "<redacted>",
      "secret_key": "<redacted>",
      "securityToken": "<redacted>",
      "region": "cn-north-4",
      "project_id": "proj-123",
      "password": "<redacted>",
      "token": "<redacted>",
      "normal_field": "normal_value"
    }
  }
}