{
  "status": "PASS",
  "details": {
    "results": [
      {
        "cmd": "cat ~/.hcloud/credentials.json",
        "decision": "deny"
      },
      {
        "cmd": "type %USERPROFILE%\\.hcloud\\credentials.json",
        "decision": "deny"
      },
      {
        "cmd": "cat ~/.huaweicloud/credentials.json",
        "decision": "deny"
      },
      {
        "cmd": "cat ~/.config/huaweicloud/credentials.json",
        "decision": "deny"
      }
    ]
  },
  "why": "All credential file reads blocked",
  "caseId": "D4-1",
  "executedAt": "20260928213448"
}
