{
  "status": "PASS",
  "caseId": "D4-5",
  "why": "Credential reading correctly blocked",
  "executedAt": "20260930103000",
  "checks": [
    {
      "name": "configure-show-denied",
      "pass": true,
      "detail": "decision=deny, risk=credential"
    },
    {
      "name": "configure-show-credential",
      "pass": true,
      "detail": "risk=credential"
    },
    {
      "name": "cat-cred-denied",
      "pass": true,
      "detail": "decision=deny, risk=credential"
    },
    {
      "name": "env-grep-denied",
      "pass": true,
      "detail": "decision=deny, risk=credential"
    },
    {
      "name": "printenv-sk-denied",
      "pass": true,
      "detail": "decision=deny, risk=credential"
    },
    {
      "name": "echo-ak-denied",
      "pass": true,
      "detail": "decision=deny, risk=credential"
    }
  ]
}