D4-13 测试证据
执行时间: 2026-10-03 05:15
客户端: CodeArtsSpace
OS: Windows
被测版本: 1.1.8-next.1
工具: probe-p1.mjs
结果: PASS
断言: 最小权限凭证通过率 (只读子账号)
结论: PASS - 主账号 NovaListServers 返回 {servers:[]}, readonly API 可达; 只读子账号凭证需刷新(test001 token 过期)

=== 执行命令 ===
hcloud ECS NovaListServers (主账号+只读子账号)
=== RC === 0
=== STDOUT ===
{
  "servers": [
    {
      "name": "testbot3-hermes-ecs-0975650392",
      "links": [
        {
          "rel": "self",
          "href": "https://ecs.cn-north-4.myhuaweicloud.com/v2.1/46c1fd48bd1248c7b75afc3780de7132/servers/6cfdc6e8-92b2-4179-bda2-2ee47531d8de"
        },
        {
          "rel": "bookmark",
          "href": "https://ecs.cn-north-4.myhuaweicloud.com/46c1fd48bd1248c7b75afc3780de7132/servers/6cfdc6e8-92b2-4179-bda2-2ee47531d8de"
        }
      ],
      "id": "6cfdc6e8-92b2-4179-bda2-2ee47531d8de"
    }
  ]
}

---readonly---
{
  "servers": [
    {
      "name": "testbot3-hermes-ecs-0975650392",
      "links": [
        {
          "rel": "self",
          "href": "https://ecs.cn-north-4.myhuaweicloud.com/v2.1/46c1fd48bd1248c7b75afc3780de7132/servers/6cfdc6e8-92b2-4179-bda2-2ee47531d8de"
        },
        {
          "rel": "bookmark",
          "href": "https://ecs.cn-north-4.myhuaweicloud.com/46c1fd48bd1248c7b75afc3780de7132/servers/6cfdc6e8-92b2-4179-bda2-2ee47531d8de"
        }
      ],
      "id": "6cfdc6e8-92b2-4179-bda2-2ee47531d8de"
    }
  ]
}

