{
  "caseId": "D4-10",
  "status": "PASS",
  "why": "Risk rule library loads with 19 rules; rule IDs verified",
  "ruleCount": 19,
  "ruleIds": [
    "hwc-command-credential-file",
    "hwc-command-env-dump",
    "hwc-command-secret-value-read",
    "hwc-command-adminpass-exposure",
    "hwc-command-sts-credential",
    "hwc-command-encoded-shell-exec",
    "hwc-network-public-admin-port",
    "hwc-obs-anonymous-write",
    "hwc-functiongraph-public-no-auth",
    "hwc-iam-admin-policy",
    "hwc-iam-highrisk-write",
    "hwc-destructive-delete-force",
    "hwc-destructive-delete-operation",
    "hwc-destructive-reset-operation",
    "hwc-destructive-delete-cascade",
    "hwc-sandbox-missing-ttl",
    "hwc-cost-unbounded-scale",
    "hwc-command-secret-in-arg",
    "hwc-sandbox-destructive-command"
  ],
  "executedAt": "20261003210429"
}