
=== D2 认证域探针结果 ===
PASS  D2-4  ak 脱敏  => "<redacted>" (expected "<redacted>")
PASS  D2-4  sk 脱敏  => "<redacted>" (expected "<redacted>")
PASS  D2-4  security_token 脱敏  => "<redacted>" (expected "<redacted>")
PASS  D2-4  secret_key 脱敏  => "<redacted>" (expected "<redacted>")
PASS  D2-4  access_key 脱敏  => "<redacted>" (expected "<redacted>")
PASS  D2-4  password 脱敏  => "<redacted>" (expected "<redacted>")
PASS  D2-4  region 保留  => "cn-north-4" (expected "cn-north-4")
PASS  D2-4  username 保留  => "admin" (expected "admin")
PASS  D2-2  cat credentials.json 拦截  => "deny" (expected "deny")
PASS  D2-2  .huaweicloud/config 拦截  => "deny" (expected "deny")
PASS  D2-12  runtime 存在  => true (expected true)
PASS  D2-12  R10 auto-sync suppressed  => false (expected false)
PASS  D2-12  R10 报错含 suppressed  => true (expected true)
PASS  D2-11  全局落盘 ak~原值  => "AKPERSIST" (expected "AKPERSIST")
PASS  D2-12  clear 后 runtime 清空  => false (expected false)
PASS  D2-12  clear 后回落 S1  => "AKPERSIST" (expected "AKPERSIST")
PASS  D2-13  configuredBySession 时 S1 胜出  => "S1AK" (expected "S1AK")
PASS  D2-13  清除标记后 env 兜底  => "ENVAK" (expected "ENVAK")

TOTAL pass=18 fail=0
