{
  "status": "PASS",
  "why": "只读规划冒烟: 8/8 services accessible",
  "executedAt": "20260921024153",
  "ECS": {
    "listOk": true,
    "planOk": true,
    "pass": true
  },
  "VPC": {
    "listOk": true,
    "planOk": true,
    "pass": true
  },
  "OBS": {
    "listOk": true,
    "planOk": true,
    "pass": true
  },
  "RDS": {
    "listOk": true,
    "planOk": true,
    "pass": true
  },
  "IAM": {
    "listOk": true,
    "planOk": true,
    "pass": true
  },
  "EIP": {
    "listOk": true,
    "planOk": true,
    "pass": true
  },
  "CDN": {
    "listOk": true,
    "planOk": true,
    "pass": true
  },
  "DDS": {
    "listOk": true,
    "planOk": true,
    "pass": true
  }
}