{
  "caseId": "D4-1",
  "status": "PASS",
  "why": "所有凭证文件读取命令被 deny",
  "evidence": {
    "results": [
      {
        "cmd": "cat ~/.hcloud/credentials.json",
        "result": {
          "decision": "deny",
          "findings": [
            {
              "ruleId": "hwc-command-credential-file",
              "title": "Credential file read",
              "category": "credential",
              "severity": "deny",
              "message": "The command may read local Huawei Cloud credential or profile files into the agent context.",
              "remediation": "Use huaweicloud_show_profile_redacted or user-side credential configuration instead of reading credential files.",
              "source": "command",
              "evidence": "cat ~/.hcloud/credentials.json"
            }
          ]
        }
      },
      {
        "cmd": "type %USERPROFILE%\\.huaweicloud\\credentials.json",
        "result": {
          "decision": "deny",
          "findings": [
            {
              "ruleId": "hwc-command-credential-file",
              "title": "Credential file read",
              "category": "credential",
              "severity": "deny",
              "message": "The command may read local Huawei Cloud credential or profile files into the agent context.",
              "remediation": "Use huaweicloud_show_profile_redacted or user-side credential configuration instead of reading credential files.",
              "source": "command",
              "evidence": "type %USERPROFILE%\\.huaweicloud\\credentials.json"
            }
          ]
        }
      },
      {
        "cmd": "Get-Content ~/.huaweicloud/config",
        "result": {
          "decision": "deny",
          "findings": [
            {
              "ruleId": "hwc-command-credential-file",
              "title": "Credential file read",
              "category": "credential",
              "severity": "deny",
              "message": "The command may read local Huawei Cloud credential or profile files into the agent context.",
              "remediation": "Use huaweicloud_show_profile_redacted or user-side credential configuration instead of reading credential files.",
              "source": "command",
              "evidence": "Get-Content ~/.huaweicloud/config"
            }
          ]
        }
      },
      {
        "cmd": "hcloud/config/credentials",
        "result": {
          "decision": "deny",
          "findings": [
            {
              "ruleId": "hwc-command-credential-file",
              "title": "Credential file read",
              "category": "credential",
              "severity": "deny",
              "message": "The command may read local Huawei Cloud credential or profile files into the agent context.",
              "remediation": "Use huaweicloud_show_profile_redacted or user-side credential configuration instead of reading credential files.",
              "source": "command",
              "evidence": "hcloud/config/credentials"
            }
          ]
        }
      }
    ]
  },
  "executedAt": "20261005050100"
}