{
  "case": "D10-4",
  "status": "PASS",
  "total": 2,
  "passed": 2,
  "results": [
    {
      "id": "D10-4",
      "name": "hook-tools",
      "pass": true,
      "actual": "3",
      "expected": ">=3",
      "passMsg": "hook tools: huaweicloud_hook_check_command,huaweicloud_hook_check_artifacts,huaweicloud_hook_check_deploy_plan",
      "failMsg": "hook tools insufficient"
    },
    {
      "id": "D10-4",
      "name": "approved-cmd",
      "pass": true,
      "actual": "true",
      "expected": "true",
      "passMsg": "run_approved_command registered",
      "failMsg": "run_approved_command not registered"
    }
  ],
  "source": "d2-auth/probe.mjs"
}