{
  "status": "PASS",
  "why": "All sub-tests passed",
  "executedAt": "20260921025826",
  "subTests": [
    {
      "label": "ECS DeleteServers",
      "pass": true,
      "decision": "deny",
      "risk": "write"
    },
    {
      "label": "VPC DeleteVpc",
      "pass": true,
      "decision": "deny",
      "risk": "write"
    },
    {
      "label": "ECS CreateServers",
      "pass": true,
      "decision": "deny",
      "risk": "write"
    },
    {
      "label": "ECS UpdateServer",
      "pass": true,
      "decision": "deny",
      "risk": "write"
    },
    {
      "label": "IAM CreatePolicy",
      "pass": true,
      "decision": "deny",
      "risk": "write"
    },
    {
      "label": "ECS BatchDeleteServers",
      "pass": true,
      "decision": "deny",
      "risk": "write"
    },
    {
      "label": "ECS AttachVolume",
      "pass": true,
      "decision": "deny",
      "risk": "write"
    },
    {
      "label": "ECS DetachVolume",
      "pass": true,
      "decision": "deny",
      "risk": "write"
    },
    {
      "label": "ECS RebootServers",
      "pass": true,
      "decision": "deny",
      "risk": "execution"
    },
    {
      "label": "ECS StopServers",
      "pass": true,
      "decision": "deny",
      "risk": "execution"
    },
    {
      "label": "NEGATIVE: ECS ListServers (read)",
      "pass": true,
      "decision": "allow",
      "risk": "read_only"
    },
    {
      "label": "NEGATIVE: VPC ShowVpc (read)",
      "pass": true,
      "decision": "allow",
      "risk": "read_only"
    }
  ]
}