{
  "total": 6,
  "passed": 6,
  "failed": 0,
  "results": [
    {
      "id": "D2-11",
      "name": "import-written",
      "pass": true,
      "actual": "true",
      "expected": "true"
    },
    {
      "id": "D2-11",
      "name": "R3-reject",
      "pass": true,
      "actual": "{\"status\":\"error\",\"error\":\"Temporary STS credentials cannot be persisted (R3). Use action=temporary.\",\"scope\":\"rejected\"}",
      "expected": "status=error,scope=rejected"
    },
    {
      "id": "D2-16",
      "name": "import-erased",
      "pass": true,
      "actual": "erased",
      "expected": "erased"
    },
    {
      "id": "D2-11",
      "name": "S1-no-token",
      "pass": true,
      "actual": "(none)",
      "expected": "(no token)"
    },
    {
      "id": "D2-4",
      "name": "no-leak-ak",
      "pass": true,
      "actual": "ok",
      "expected": "ok"
    },
    {
      "id": "D2-4",
      "name": "no-leak-sk",
      "pass": true,
      "actual": "ok",
      "expected": "ok"
    }
  ]
}