{
  "caseId": "D9-12",
  "status": "PASS",
  "why": "initialize returns protocolVersion(2024-11-05) + capabilities(tools) + serverInfo(huaweicloud-devkit/1.1.8-next.1); tools/list returns 41 tools; _decorateResult no-throw; listSkillDirs found 29 skills; unknown method → -32601",
  "executedAt": "20260930212132",
  "initResult": {
    "protocolVersion": "2024-11-05",
    "capabilities": {
      "tools": {}
    },
    "serverInfo": {
      "name": "huaweicloud-devkit",
      "version": "1.1.8-next.1"
    }
  },
  "toolsCount": 41,
  "skillsRootFound": true,
  "skillDirsCount": 29,
  "unknownMethodError": {
    "code": -32601,
    "message": "Method not found: unknown/method"
  },
  "doctorResult": {
    "error": "Unknown tool: huaweicloud_doctor"
  }
}