{
  "status": "PASS",
  "why": "All sub-tests passed",
  "executedAt": "20260921025826",
  "subTests": [
    {
      "label": "hooks.json registers .mjs hook",
      "pass": true,
      "hooksPath": "C:\\Users\\Administrator\\devkit-test\\OfficeAce\\hdk\\plugins\\huaweicloud-core\\hooks\\hooks.json"
    },
    {
      "label": "huaweicloud-safety.mjs imports classifyTextCommand",
      "pass": true
    },
    {
      "label": "hook extracts command from tool_input.command",
      "pass": true
    },
    {
      "label": "hook extracts cmd from tool_input.cmd",
      "pass": true
    },
    {
      "label": "hook extracts script from tool_input.script",
      "pass": true
    },
    {
      "label": "hook extracts args from tool_input.args",
      "pass": true
    },
    {
      "label": "hook outputs permissionDecision on deny",
      "pass": true
    },
    {
      "label": "hook outputs hookSpecificOutput",
      "pass": true
    },
    {
      "label": "classifyTextCommand deny for credential",
      "pass": true,
      "decision": "deny"
    },
    {
      "label": "classifyTextCommand deny for write",
      "pass": true,
      "decision": "deny"
    },
    {
      "label": "classifyTextCommand deny for secret",
      "pass": true,
      "decision": "deny"
    }
  ]
}