{
  "status": "PASS",
  "caseId": "D4-25",
  "why": "All 10 hcloud configure read subcommands (show/list/get/export/init) were correctly denied with risk=credential.",
  "executedAt": "20261001103000",
  "details": [
    {
      "cmd": "hcloud configure show",
      "decision": "deny",
      "risk": "credential",
      "reason": "Direct hcloud configure inspection may expose profile creden"
    },
    {
      "cmd": "hcloud configure list",
      "decision": "deny",
      "risk": "credential",
      "reason": "Direct hcloud configure inspection may expose profile creden"
    },
    {
      "cmd": "hcloud configure get",
      "decision": "deny",
      "risk": "credential",
      "reason": "Direct hcloud configure inspection may expose profile creden"
    },
    {
      "cmd": "hcloud configure export",
      "decision": "deny",
      "risk": "credential",
      "reason": "Direct hcloud configure inspection may expose profile creden"
    },
    {
      "cmd": "hcloud configure init",
      "decision": "deny",
      "risk": "credential",
      "reason": "Direct hcloud configure inspection may expose profile creden"
    },
    {
      "cmd": "hcloud configure show",
      "decision": "deny",
      "risk": "credential",
      "reason": "Direct hcloud configure inspection may expose profile creden"
    },
    {
      "cmd": "hcloud configure list",
      "decision": "deny",
      "risk": "credential",
      "reason": "Direct hcloud configure inspection may expose profile creden"
    },
    {
      "cmd": "hcloud configure get",
      "decision": "deny",
      "risk": "credential",
      "reason": "Direct hcloud configure inspection may expose profile creden"
    },
    {
      "cmd": "hcloud configure export",
      "decision": "deny",
      "risk": "credential",
      "reason": "Direct hcloud configure inspection may expose profile creden"
    },
    {
      "cmd": "hcloud configure init",
      "decision": "deny",
      "risk": "credential",
      "reason": "Direct hcloud configure inspection may expose profile creden"
    }
  ]
}
