Probe: probe-exp-c4.mjs
Service: FunctionGraph
Return code: 0
Pass: True

{
  "EXP-C4-01": {
    "service": "ECS",
    "listOps": {
      "ok": true,
      "hasService": true,
      "hasExamples": true
    },
    "plan": {
      "decision": "allow",
      "hasExecutable": true
    },
    "pass": true
  },
  "EXP-C4-02": {
    "service": "VPC",
    "listOps": {
      "ok": true,
      "hasService": true,
      "hasExamples": true
    },
    "plan": {
      "decision": "allow",
      "hasExecutable": true
    },
    "pass": true
  },
  "EXP-C4-03": {
    "service": "OBS",
    "listOps": {
      "ok": true,
      "hasService": true,
      "hasExamples": true
    },
    "plan": {
      "decision": "allow",
      "hasExecutable": true
    },
    "pass": true
  },
  "EXP-C4-04": {
    "service": "RDS",
    "listOps": {
      "ok": true,
      "hasService": true,
      "hasExamples": true
    },
    "plan": {
      "decision": "allow",
      "hasExecutable": true
    },
    "pass": true
  },
  "EXP-C4-05": {
    "service": "GaussDB",
    "listOps": {
      "ok": true,
      "hasService": true,
      "hasExamples": true
    },
    "plan": {
      "decision": "allow",
      "hasExecutable": true
    },
    "pass": true
  },
  "EXP-C4-06": {
    "service": "CCE",
    "listOps": {
      "ok": true,
      "hasService": true,
      "hasExamples": true
    },
    "plan": {
      "decision": "allow",
      "hasExecutable": true
    },
    "pass": true
  },
  "EXP-C4-07": {
    "service": "FunctionGraph",
    "listOps": {
      "ok": true,
      "hasService": true,
      "hasExamples": true
    },
    "plan": {
      "decision": "allow",
      "hasExecutable": true
    },
    "pass": true
  },
  "EXP-C4-08": {
    "service": "IAM",
    "listOps": {
      "ok": true,
      "hasService": true,
      "hasExamples": true
    },
    "plan": {
      "decision": "allow",
      "hasExecutable": true
    },
    "pass": true
  },
  "EXP-C4-09": {
    "service": "CTS",
    "listOps": {
      "ok": true,
      "hasService": true,
      "hasExamples": true
    },
    "plan": {
      "decision": "allow",
      "hasExecutable": true
    },
    "pass": true
  },
  "EXP-C4-10": {
    "service": "CES",
    "listOps": {
      "ok": true,
      "hasService": true,
      "hasExamples": true
    },
    "plan": {
      "decision": "allow",
      "hasExecutable": true
    },
    "pass": true
  },
  "EXP-C4-11": {
    "service": "DDS",
    "listOps": {
      "ok": true,
      "hasService": true,
      "hasExamples": true
    },
    "plan": {
      "decision": "allow",
      "hasExecutable": true
    },
    "pass": true
  },
  "EXP-C4-12": {
    "service": "DCS",
    "listOps": {
      "ok": true,
      "hasService": true,
      "hasExamples": true
    },
    "plan": {
      "decision": "allow",
      "hasExecutable": true
    },
    "pass": true
  },
  "EXP-C4-13": {
    "service": "SMN",
    "listOps": {
      "ok": true,
      "hasService": true,
      "hasExamples": true
    },
    "plan": {
      "decision": "allow",
      "hasExecutable": true
    },
    "pass": true
  },
  "EXP-C4-14": {
    "service": "DMS",
    "listOps": {
      "ok": true,
      "hasService": true,
      "hasExamples": true
    },
    "plan": {
      "decision": "allow",
      "hasExecutable": true
    },
    "pass": true
  },
  "EXP-C4-15": {
    "service": "WAF",
    "listOps": {
      "ok": true,
      "hasService": true,
      "hasExamples": true
    },
    "plan": {
      "decision": "allow",
      "hasExecutable": true
    },
    "pass": true
  },
  "EXP-C4-16": {
    "service": "CDN",
    "listOps": {
      "ok": true,
      "hasService": true,
      "hasExamples": true
    },
    "plan": {
      "decision": "allow",
      "hasExecutable": true
    },
    "pass": true
  },
  "EXP-C4-17": {
    "service": "ModelArts",
    "listOps": {
      "ok": true,
      "hasService": true,
      "hasExamples": true
    },
    "plan": {
      "decision": "allow",
      "hasExecutable": true
    },
    "pass": true
  },
  "EXP-C4-18": {
    "service": "DEW",
    "listOps": {
      "ok": true,
      "hasService": true,
      "hasExamples": true
    },
    "plan": {
      "decision": "allow",
      "hasExecutable": true
    },
    "pass": true
  },
  "EXP-C4-19": {
    "service": "CBR",
    "listOps": {
      "ok": true,
      "hasService": true,
      "hasExamples": true
    },
    "plan": {
      "decision": "allow",
      "hasExecutable": true
    },
    "pass": true
  },
  "EXP-C4-20": {
    "service": "EVS",
    "listOps": {
      "ok": true,
      "hasService": true,
      "hasExamples": true
    },
    "plan": {
      "decision": "allow",
      "hasExecutable": true
    },
    "pass": true
  },
  "EXP-C4-21": {
    "service": "EIP",
    "listOps": {
      "ok": true,
      "hasService": true,
      "hasExamples": true
    },
    "plan": {
      "decision": "allow",
      "hasExecutable": true
    },
    "pass": true
  },
  "EXP-C4-22": {
    "service": "ELB",
    "listOps": {
      "ok": true,
      "hasService": true,
      "hasExamples": true
    },
    "plan": {
      "decision": "allow",
      "hasExecutable": true
    },
    "pass": true
  }
}
