{
  "caseId": "D4-20",
  "status": "PASS",
  "why": "After deny, no execution: true, plan.decision=undefined",
  "executedAt": "20260923094823",
  "plan": {
    "executable": "hcloud",
    "args": [
      "ECS",
      "DeleteServer",
      "--server_id=test"
    ],
    "command": "hcloud ECS DeleteServer --server_id=test",
    "executableBlock": "hcloud ECS DeleteServer --server_id=test",
    "warnings": [],
    "classification": {
      "decision": "deny",
      "risk": "write",
      "reason": "Huawei Cloud write operation blocked until the agent presents a plan and receives explicit user approval."
    },
    "sgFindings": [],
    "approvalToken": "5746ffbe-38e4-48a5-8468-ca04c230243e",
    "safeToRun": false
  }
}