{
  "status": "PASS",
  "caseId": "D1-41",
  "source": "group:d1-upgrade",
  "assertions": [
    {
      "id": "D1-41",
      "name": "hint-up-to-date",
      "pass": true,
      "actual": "\"none\"",
      "expected": "up_to_date/none",
      "passMsg": "up_to_date hint correct",
      "failMsg": "up_to_date hint error"
    },
    {
      "id": "D1-41",
      "name": "hint-update-available",
      "pass": true,
      "actual": "{\"latestVersion\":\"1.1.5\"}",
      "expected": "present",
      "passMsg": "update_available attaches hint",
      "failMsg": "update_available no hint"
    }
  ],
  "passed": 2,
  "total": 2
}