<<<<<<< HEAD
D4-15 测试证据
执行时间: 2026-10-06 05:14
客户端: CodeArtsSpace
OS: Windows
被测版本: 1.1.8-next.1
工具: probe-p0.mjs
结果: PASS
断言: 命令确认机制
结论: PASS - 命令确认机制正常
=======
{
  "caseId": "D4-15",
  "status": "PASS",
  "why": "PASS - hook 绕过被拦截",
  "executedAt": "20261006051036",
  "assertion": "hook 绕过尝试",
  "rootCause": "",
  "blockedReason": "",
  "version": "1.1.8-next.1"
}
>>>>>>> 4b89f0993 (test: CodeArtsSpace Windows 2026-10-06 daily test (141 cases, 136 PASS, 8 FAIL historical, 1 NOT_RUN))
