{
  "status": "PASS",
  "caseId": "D1-31",
  "source": "group:d1-upgrade",
  "assertions": [
    {
      "id": "D1-31",
      "name": "dismiss-active",
      "pass": true,
      "actual": "1.1.4",
      "expected": "1.1.4",
      "passMsg": "skip file written",
      "failMsg": "skip file error"
    },
    {
      "id": "D1-31",
      "name": "dismiss-expireAt",
      "pass": true,
      "actual": "2026-10-03T21:02:53.734Z",
      "expected": "ISO",
      "passMsg": "expireAt: 2026-10-03T21:02:53.734Z",
      "failMsg": "expireAt missing"
    },
    {
      "id": "D1-31",
      "name": "dismiss-within-cooldown",
      "pass": true,
      "actual": "dismissed/true",
      "expected": "dismissed/true",
      "passMsg": "cooldown returns dismissed",
      "failMsg": "cooldown not dismissed"
    },
    {
      "id": "D1-31",
      "name": "dismiss-after-expiry",
      "pass": true,
      "actual": "update_available",
      "expected": "update_available",
      "passMsg": "expired re-reminds",
      "failMsg": "expired not re-reminding"
    }
  ],
  "passed": 4,
  "total": 4
}