{
  "case": "EXP-C4-16",
  "status": "PASS",
  "executedAt": "20260929050639",
  "total": 2,
  "passed": 2,
  "failed": 0,
  "results": [
    {
      "id": "EXP-C4-16",
      "name": "list-ops-CDN",
      "pass": true,
      "actual": "ok",
      "expected": "ok",
      "passMsg": "CDN list_operations OK",
      "failMsg": "CDN list_operations FAIL",
      "_source": "c4-service-matrix"
    },
    {
      "id": "EXP-C4-16",
      "name": "plan-CDN",
      "pass": true,
      "actual": "ok",
      "expected": "ok",
      "passMsg": "CDN plan OK",
      "failMsg": "CDN plan FAIL",
      "_source": "c4-service-matrix"
    }
  ],
  "source": "c4-service-matrix"
}