{
  "status": "PASS",
  "why": "dismiss闭环正确: 首次update_available→dismiss写入skip文件(3天过期)→冷却内dismissed→进程重启后仍生效",
  "executedAt": "20260921013655",
  "diffDays": 3,
  "firstCheck": {
    "currentVersion": "1.1.1",
    "latestStable": "1.1.2",
    "latestNext": null,
    "targetVersion": "1.1.2",
    "updateAvailable": true,
    "dismissed": false,
    "dismissExpiresAt": null,
    "result": "update_available"
  },
  "firstCheckUpdateAvailable": true,
  "dismissResult": {
    "dismissedVersion": "1.1.2",
    "dismissedAt": "2026-09-21T01:36:55.752Z",
    "expireAt": "2026-09-24T01:36:55.752Z"
  },
  "skipFileContent": {
    "dismissedVersion": "1.1.2",
    "dismissedAt": "2026-09-21T01:36:55.752Z",
    "expireAt": "2026-09-24T01:36:55.752Z"
  },
  "skipFileHasFields": "2026-09-24T01:36:55.752Z",
  "isThreeDayExpiry": true,
  "secondCheck": {
    "currentVersion": "1.1.1",
    "latestStable": "1.1.2",
    "latestNext": null,
    "targetVersion": "1.1.2",
    "updateAvailable": false,
    "dismissed": true,
    "dismissExpiresAt": "2026-09-24T01:36:55.752Z",
    "result": "dismissed"
  },
  "secondCheckDismissed": true,
  "rereadSkip": {
    "dismissedVersion": "1.1.2",
    "dismissedAt": "2026-09-21T01:36:55.752Z",
    "expireAt": "2026-09-24T01:36:55.752Z"
  },
  "persistAfterRestart": true,
  "thirdCheck": {
    "currentVersion": "1.1.1",
    "latestStable": "1.1.2",
    "latestNext": null,
    "targetVersion": "1.1.2",
    "updateAvailable": false,
    "dismissed": true,
    "dismissExpiresAt": "2026-09-24T01:36:55.752Z",
    "result": "dismissed"
  },
  "thirdCheckDismissed": true
}