{
  "caseId": "EXP-NR3-01",
  "status": "PASS",
  "why": "four states: up_to_date/update_available/dismissed/check_failed",
  "executedAt": "20260928221252",
  "r1": {
    "currentVersion": "1.1.7",
    "latestStable": "1.1.7",
    "latestNext": null,
    "targetVersion": "1.1.7",
    "updateAvailable": false,
    "dismissed": false,
    "dismissExpiresAt": null,
    "result": "up_to_date"
  },
  "r2": {
    "currentVersion": "1.1.6",
    "latestStable": "1.1.8",
    "latestNext": null,
    "targetVersion": "1.1.8",
    "updateAvailable": true,
    "dismissed": false,
    "dismissExpiresAt": null,
    "result": "update_available"
  },
  "r3": {
    "currentVersion": "1.1.7",
    "latestStable": "1.1.9",
    "latestNext": null,
    "targetVersion": "1.1.9",
    "updateAvailable": false,
    "dismissed": true,
    "dismissExpiresAt": "2026-10-01T22:12:52.276Z",
    "result": "dismissed"
  },
  "r4": {
    "currentVersion": "1.1.7",
    "latestStable": null,
    "latestNext": null,
    "targetVersion": null,
    "updateAvailable": false,
    "dismissed": false,
    "dismissExpiresAt": null,
    "result": "check_failed",
    "note": "检测失败，不影响使用"
  }
}