{
  "status": "PASS",
  "detail": "All 3 wrap variants blocked: true",
  "executedAt": "20260920210622",
  "wraps": [
    {
      "wrap": "sh -c \"hcloud ECS DeleteServers\"",
      "blocked": true,
      "snippet": "{\n  \"ok\": true,\n  \"decision\": \"warn\",\n  \"findings\": [\n    {\n      \"ruleId\": \"hwc-destructive-delete-"
    },
    {
      "wrap": "bash -c \"hcloud ECS DeleteServer\"",
      "blocked": true,
      "snippet": "{\n  \"ok\": true,\n  \"decision\": \"warn\",\n  \"findings\": [\n    {\n      \"ruleId\": \"hwc-destructive-delete-"
    },
    {
      "wrap": "eval \"hcloud ECS DeleteServer\"",
      "blocked": true,
      "snippet": "{\n  \"ok\": true,\n  \"decision\": \"warn\",\n  \"findings\": [\n    {\n      \"ruleId\": \"hwc-destructive-delete-"
    }
  ]
}