{
  "status": "PASS",
  "caseId": "D4-11",
  "why": "Supply-chain credential exfil vectors (configure show, env dump, cred file read) all denied.",
  "executedAt": "20261001103000",
  "details": [
    {
      "decision": "deny",
      "risk": "credential",
      "reason": "Direct hcloud configure inspection may expose profile credentials. Use the redacted toolkit tools instead."
    },
    {
      "decision": "deny",
      "risk": "credential",
      "reason": "Dumping cloud credential environment variables is blocked."
    },
    {
      "decision": "deny",
      "risk": "credential",
      "reason": "Reading Huawei Cloud credential or profile files is blocked. Use redacted profile inspection tools instead."
    }
  ]
}
