<<<<<<< HEAD
D4-23 测试证据
执行时间: 2026-10-06 05:14
客户端: CodeArtsSpace
OS: Windows
被测版本: 1.1.8-next.1
工具: probe-p0.mjs
结果: PASS
断言: 安全规则自定义
结论: PASS - 安全规则自定义正常
=======
{
  "caseId": "D4-23",
  "status": "PASS",
  "why": "PASS - 11 安装目标注入生效",
  "executedAt": "20261006051036",
  "assertion": "全局规则 huawei-agent-rules.md 注入",
  "rootCause": "",
  "blockedReason": "",
  "version": "1.1.8-next.1"
}
>>>>>>> 4b89f0993 (test: CodeArtsSpace Windows 2026-10-06 daily test (141 cases, 136 PASS, 8 FAIL historical, 1 NOT_RUN))
