{
  "case": "D3-C1",
  "status": "PASS",
  "total": 5,
  "passed": 5,
  "failed": 0,
  "results": [
    {
      "name": "CreateVpc",
      "pass": true,
      "detail": "{\n  \"vpc\": {\n    \"id\": \"e9afc76d-93fa-48dc-9095-807d25d6f353\",\n    \"name\": \"testbot3-hermes-e2e-0543"
    },
    {
      "name": "CreateSubnet",
      "pass": true,
      "detail": "{\n  \"subnet\": {\n    \"id\": \"7d09db16-e20f-42f4-838b-3f06092dcc88\",\n    \"name\": \"testbot3-hermes-e2e-0"
    },
    {
      "name": "CreateServers(审批分类)",
      "pass": "allow",
      "detail": "allow"
    },
    {
      "name": "CreateServers(返回serverIds)",
      "pass": true,
      "detail": "{\n  \"job_id\": \"ff8080819f8ed3fd01a0e4b5dc14526e\",\n  \"serverIds\": [\n    \"34d7b992-36f2-42e0-a939-ac63fd08a324\"\n  ]\n}"
    },
    {
      "name": "finally归零(已提交删除请求)",
      "pass": true,
      "detail": "ECS✓ subnet✓ vpc✓"
    }
  ]
}