{
  "status": "PASS",
  "why": "All sub-tests passed",
  "executedAt": "20260921025826",
  "subTests": [
    {
      "label": "Write op denied without approval (not just blocked)",
      "pass": true,
      "decision": "deny",
      "reason": "Huawei Cloud write operation blocked until the agent presents a plan and receives explicit user approval."
    },
    {
      "label": "Write op allowed with allowWrites=true",
      "pass": true,
      "decision": "allow",
      "risk": "write"
    },
    {
      "label": "Create op denied without approval",
      "pass": true,
      "decision": "deny"
    },
    {
      "label": "Create op allowed with allowWrites=true",
      "pass": true,
      "decision": "allow",
      "risk": "write"
    },
    {
      "label": "Execution op denied without approval",
      "pass": true,
      "decision": "deny",
      "risk": "execution"
    },
    {
      "label": "Execution op allowed with allowWrites=true",
      "pass": true,
      "decision": "allow",
      "risk": "execution"
    },
    {
      "label": "Read op always allowed (no approval needed)",
      "pass": true,
      "decision": "allow",
      "risk": "read_only"
    }
  ]
}