{
  "status": "PASS",
  "why": "OBS静态网站: get=true set=true noIndexErr=true del=true",
  "executedAt": "20260921024302",
  "get": {
    "ok": true,
    "data": "{\"ok\":false,\"status\":403,\"body\":\"<?xml version=\\\"1.0\\\" encoding=\\\"UTF-8\\\" standalone=\\\"yes\\\"?><Error><Code>InvalidAccessKeyId</Code><Message>The AWS Access Key Id you provided does not exist in our records.</Message><RequestId>000001A0C1D8761344C67386F3F0E296</RequestId><HostId>Z9v+cC1sRnaWw6x0vi8px"
  },
  "set": {
    "ok": true,
    "data": "{\"ok\":false,\"status\":403,\"websiteUrl\":\"http://devkit-test-bucket-d3c13.obs-website.cn-north-4.myhuaweicloud.com\",\"message\":\"Failed to configure website: HTTP 403\"}"
  },
  "setNoIndex": {
    "correctlyErrored": true,
    "error": "indexDocument is required for action=set"
  },
  "delete": {
    "ok": true,
    "data": "{\"ok\":false,\"status\":403}"
  }
}