{
  "case": "D9-13",
  "status": "PASS",
  "total": 6,
  "passed": 6,
  "results": [
    {
      "id": "D9-13",
      "name": "hasRuntimeCredentials",
      "pass": true,
      "actual": "true",
      "expected": "true"
    },
    {
      "id": "D9-13",
      "name": "resolve-returns-ak",
      "pass": true,
      "actual": "AKIDTEST123",
      "expected": "AKIDTEST123"
    },
    {
      "id": "D9-13",
      "name": "resolve-returns-sk",
      "pass": true,
      "actual": "SKTEST456",
      "expected": "SKTEST456"
    },
    {
      "id": "D9-13",
      "name": "token-first-consume",
      "pass": true,
      "actual": "[object Object]",
      "expected": "non-null entry"
    },
    {
      "id": "D9-13",
      "name": "token-not-replayable",
      "pass": true,
      "actual": "null",
      "expected": "null (deleted)"
    },
    {
      "id": "D9-13",
      "name": "cleared-after-clear",
      "pass": true,
      "actual": "false",
      "expected": "false"
    }
  ],
  "source": "D9-13/probe.mjs"
}