{
  "total": 22,
  "passed": 22,
  "failed": 0,
  "results": [
    {
      "service": "ECS",
      "pass": true,
      "actual": "ok"
    },
    {
      "service": "VPC",
      "pass": true,
      "actual": "ok"
    },
    {
      "service": "OBS",
      "pass": true,
      "actual": "ok"
    },
    {
      "service": "RDS",
      "pass": true,
      "actual": "ok"
    },
    {
      "service": "GaussDB",
      "pass": true,
      "actual": "ok"
    },
    {
      "service": "CCE",
      "pass": true,
      "actual": "ok"
    },
    {
      "service": "FunctionGraph",
      "pass": true,
      "actual": "ok"
    },
    {
      "service": "IAM",
      "pass": true,
      "actual": "ok"
    },
    {
      "service": "CTS",
      "pass": true,
      "actual": "ok"
    },
    {
      "service": "CES",
      "pass": true,
      "actual": "ok"
    },
    {
      "service": "DDS",
      "pass": true,
      "actual": "ok"
    },
    {
      "service": "DCS",
      "pass": true,
      "actual": "ok"
    },
    {
      "service": "SMN",
      "pass": true,
      "actual": "ok"
    },
    {
      "service": "DMS",
      "pass": true,
      "actual": "ok"
    },
    {
      "service": "WAF",
      "pass": true,
      "actual": "ok"
    },
    {
      "service": "CDN",
      "pass": true,
      "actual": "ok"
    },
    {
      "service": "ModelArts",
      "pass": true,
      "actual": "ok"
    },
    {
      "service": "DEW",
      "pass": true,
      "actual": "ok"
    },
    {
      "service": "CBR",
      "pass": true,
      "actual": "ok"
    },
    {
      "service": "EVS",
      "pass": true,
      "actual": "ok"
    },
    {
      "service": "EIP",
      "pass": true,
      "actual": "ok"
    },
    {
      "service": "ELB",
      "pass": true,
      "actual": "ok"
    }
  ]
}