{
  "caseId": "D4-22",
  "status": "PASS",
  "why": "hook_check_deploy_plan",
  "client": "CodeArtsSpace",
  "os": "Windows",
  "executedAt": "2026-10-01T21:08:37.302Z",
  "result": {
    "decision": "warn",
    "findings": [
      {
        "ruleId": "hwc-sandbox-missing-ttl",
        "title": "Sandbox deployment missing cleanup metadata",
        "category": "sandbox",
        "severity": "warn",
        "message": "The preview or sandbox deployment does not show cleanup or ownership metadata.",
        "remediation": "Add owner, purpose, expiration time, and cleanup command before creating preview cloud resources.",
        "source": "deploy_plan",
        "evidence": "{ \"action\": \"deploy\", \"resources\": [ \"ecs\" ] }"
      }
    ]
  }
}
