{
  "case": "D3-C3",
  "total": 5,
  "passed": 4,
  "failed": 1,
  "results": [
    {
      "name": "connect",
      "pass": true,
      "detail": "ws=8d898bc423"
    },
    {
      "name": "upload_project",
      "pass": false,
      "detail": "{\"__error\":\"Error: Command failed: tar -czf C:\\\\Users\\\\Administrator\\\\AppData\\\\Local\\\\Temp\\\\multica-task-981971864\\\\sand"
    },
    {
      "name": "deploy_nginx",
      "pass": true,
      "detail": "static:8082"
    },
    {
      "name": "deploy_check",
      "pass": true,
      "detail": "PASS"
    },
    {
      "name": "close_session",
      "pass": true,
      "detail": "\"ok\""
    }
  ],
  "status": "FAIL"
}