{
  "status": "PASS",
  "why": "assumeAgency=warn callerId=warn tempCred=warn classifyAgency=allow classifyTemp=allow",
  "detail": {
    "r1": {
      "decision": "warn",
      "findings": [
        "hwc-command-sts-credential"
      ]
    },
    "r2": {
      "decision": "warn",
      "findings": [
        "hwc-command-sts-credential"
      ]
    },
    "r3": {
      "decision": "warn",
      "findings": [
        "hwc-command-sts-credential"
      ]
    },
    "r4": {
      "decision": "allow",
      "risk": "unknown_read"
    },
    "r5": {
      "decision": "allow",
      "risk": "read_only"
    }
  }
}