Waiting for connection 578348... (0s)Connection 578348 established (0s).
Waiting for connection 578348... (0s)Connection 578348 established (0s).
Waiting for connection 578348... (0s)Connection 578348 established (0s).
[2026-09-22T09:46:41.186Z] uploadProject: /tmp/multica-task-1351837657/sandbox-monitor-1790070399692/test -> /workspace/test.tar.gz (archive=3838 bytes, md5=48141d461c79faa48cca77ff0146b50a)
[2026-09-22T09:46:41.240Z] uploadViaHttpTunnel: start (archive=/tmp/multica-task-1351837657/sandbox-upload-1790070401177/test.tar.gz, size=3838, remotePath=/workspace/test.tar.gz)
[2026-09-22T09:46:41.240Z] uploadViaHttpTunnel: deploying file server on sandbox port 8888
[2026-09-22T09:46:41.241Z] deployFileServer: killing old server (pidFile=/tmp/sandbox-file-server.pid)
[2026-09-22T09:46:41.291Z] deployFileServer: writing script (2456 b64 chars)
[2026-09-22T09:46:41.351Z] deployFileServer: starting server on port 8888
[2026-09-22T09:46:41.388Z] deployFileServer: start result exitCode=0 stdout="\u001b]133;C\u0007[1] 1263\r\n\u001b]133;C\u0007\r\n"
[2026-09-22T09:46:41.388Z] uploadViaHttpTunnel: creating dedicated tunnel session
Waiting for connection 578348... (0s)Connection 578348 established (0s).
[2026-09-22T09:46:42.276Z] uploadViaHttpTunnel: creating tunnel channel (localPort=0, remotePort=8888)
[2026-09-22T09:46:42.278Z] uploadViaHttpTunnel: waiting for tunnel ready (timeout=30000ms)
[2026-09-22T09:46:42.280Z] uploadViaHttpTunnel: tunnel ready, localPort=39105
[2026-09-22T09:46:42.280Z] uploadViaHttpTunnel: waiting for server health on localhost:39105
[2026-09-22T09:46:42.280Z] waitForServerReady: attempt 1, checking http://localhost:39105/health
[2026-09-22T09:46:42.318Z] waitForServerReady: server ready on port 39105 after 0 retries
[2026-09-22T09:46:42.318Z] uploadViaHttpTunnel: sending POST with 3838 bytes
[2026-09-22T09:46:42.361Z] uploadViaHttpTunnel: upload complete (bytes=3838, md5=48141d461c79faa48cca77ff0146b50a)
Waiting for connection 578348... (0s)Connection 578348 established (0s).
Waiting for connection 578348... (0s)Connection 578348 established (0s).
Waiting for connection 578348... (0s)Connection 578348 established (0s).
Waiting for connection 578348... (0s)Connection 578348 established (0s).
Waiting for connection 578348... (0s)Connection 578348 established (0s).
Waiting for connection 578348... (0s)Connection 578348 established (0s).
{
  "case": "sandbox-deploy-monitor",
  "repoUrl": "https://gitcode.com/sunzy1940/test",
  "region": "cn-north-4",
  "ts": "2026-09-22T094",
  "workspaceId": "8d898bc42325",
  "summary": {
    "total": 8,
    "passed": 7,
    "failed": 1
  },
  "results": [
    {
      "assert": "C1.check_user",
      "pass": true,
      "detail": "{\"realnameVerified\":true,\"agreementSigned\":true}"
    },
    {
      "assert": "C2.connect",
      "pass": true,
      "detail": "status=connected ws=8d898bc42325"
    },
    {
      "assert": "D1.clone",
      "pass": true,
      "detail": "https://gitcode.com/sunzy1940/test"
    },
    {
      "assert": "C3.exec_roundtrip",
      "pass": true,
      "detail": "stdout 回显正常"
    },
    {
      "assert": "D2.upload_project",
      "pass": true,
      "detail": "md5=48141d461c79faa48cca77ff0146b50a verified=true"
    },
    {
      "assert": "D3.deploy_nginx",
      "pass": true,
      "detail": "nginxType=static port=8080 exitCode=0"
    },
    {
      "assert": "D4.nginx_serving",
      "pass": false,
      "detail": "deploy_check=PASS curl_http=133200133"
    },
    {
      "assert": "W1.publicUrl_domain",
      "pass": false,
      "detail": "legacy-domain:https://-8080.cn-north-4-bridge.myhuaweicloud.com"
    },
    {
      "assert": "CLOSE.session",
      "pass": true,
      "detail": "ok"
    }
  ]
}
