{
  "case": "EXP-C4-07",
  "status": "PASS",
  "total": 2,
  "passed": 2,
  "results": [
    {
      "id": "EXP-C4-07",
      "name": "list-ops-FunctionGraph",
      "pass": true,
      "actual": "ok",
      "expected": "ok",
      "passMsg": "FunctionGraph list_operations OK",
      "failMsg": "FunctionGraph list_operations FAIL"
    },
    {
      "id": "EXP-C4-07",
      "name": "plan-FunctionGraph",
      "pass": true,
      "actual": "ok",
      "expected": "ok",
      "passMsg": "FunctionGraph plan OK",
      "failMsg": "FunctionGraph plan FAIL"
    }
  ],
  "source": "c4-service-matrix/probe.mjs"
}