{
  "status": "PASS",
  "why": "跨服务交付: catalog=true rdsOps=true plan=true fw=Next.js",
  "executedAt": "20260921024547",
  "catalog": {
    "ok": true,
    "data": "{\"intent\":\"部署一个带MySQL数据库的Web应用\",\"recommendedSkills\":[\"Use huaweicloud-core to route intent.\"],\"recommendedServices\":[\"Run hcloud --help to list available services.\"],\"capabilityOrder\":[\"Huawei Cloud Skills for task-specific workflows and examples\",\"KooCLI hcloud for local authenticated operations an"
  },
  "rdsOps": {
    "ok": true,
    "hasCreate": true
  },
  "plan": {
    "ok": true,
    "hasCommand": true
  },
  "framework": {
    "ok": true,
    "framework": "Next.js"
  }
}