=== D4-14: 操作可审计性 ===
Timestamp: 2026-09-16T00:54:34.000067
Method: hcloud CLI 7.2.12 + CTS (Cloud Trace Service), admin profile, cn-north-4

--- Test Procedure ---
1. Created VPC 'd414-audit-test-vpc' (id=6ce3add9-dff3-4762-9ad7-986da9913f71) via hcloud VPC CreateVpc
2. Queried CTS ListTraces for the VPC resource_id
3. Deleted VPC via hcloud VPC DeleteVpc
4. Queried CTS ListTraces again to verify delete trace
5. Verified VPC count returned to pre-test state

--- CTS Audit Trace (Create) ---
trace_name: createVpc
operation_id: CreateVpc
resource_id: 6ce3add9-dff3-4762-9ad7-986da9913f71
resource_name: d414-audit-test-vpc
resource_type: vpc
service_type: VPC
code: 200 (success)
trace_rating: normal
trace_type: ApiCall
user_agent: HCloud-CLI/7.2.12
user.name: hw018619646 (admin account)
user.access_key_id: HPUAN1ROQ4... (admin AK)
source_ip: 214.137.144.251
request: {"vpc":{"cidr":"192.168.201.0/24","name":"d414-audit-test-vpc"}}
response contains VPC id and status

--- CTS Audit Trace (Delete) ---
trace_name: deleteVpc
operation_id: DeleteVpc
resource_id: 6ce3add9-dff3-4762-9ad7-986da9913f71
code: 200 (success)

--- Resource Cleanup ---
VPC count before test: 2 (existing VPCs)
VPC count after test: 2 (test VPC deleted, back to original)
Test VPC 'd414-audit-test-vpc' deleted and verified gone: YES

=== SUMMARY ===
Every operation (create, delete) is traceable via CTS:
  - Operation name (createVpc/deleteVpc)
  - Resource ID and name
  - User identity (access_key_id, account name)
  - Source IP
  - User agent (HCloud-CLI/7.2.12)
  - Request and response content
  - Timestamp
  - Trace rating (normal/warning/incident)
Operations can be distinguished by user (admin vs readonly sub-account via AK).

RESULT: PASS
All operations are fully auditable via CTS. Each command has a complete audit trail
with user identity, source IP, request/response content, and traceable resource IDs.
