{
  "status": "PASS",
  "why": "bash -c 包裹读取凭证文件 → decision=deny(rule=hwc-command-credential-file)",
  "executedAt": "20260923093110",
  "response": {
    "ok": false,
    "decision": "deny",
    "findings": [
      {
        "ruleId": "hwc-command-credential-file",
        "title": "Credential file read",
        "category": "credential",
        "severity": "deny",
        "message": "The command may read local Huawei Cloud credential or profile files into the agent context.",
        "remediation": "Use huaweicloud_show_profile_redacted or user-side credential configuration instead of reading credential files.",
        "source": "command",
        "evidence": "bash -c \"cat ~/.config/huaweicloud/credentials.json\""
      }
    ],
    "nextStep": "Revise the command, artifact, or deployment plan before execution."
  }
}