{
  "caseId": "D4-18",
  "status": "PASS",
  "why": "classification=deny/write safeToRun=false",
  "executedAt": "20260924221924",
  "p": {
    "executable": "hcloud",
    "args": [
      "ECS",
      "CreateServer",
      "--image_id=test",
      "--flavor_id=test"
    ],
    "command": "hcloud ECS CreateServer --image_id=test --flavor_id=test",
    "executableBlock": "hcloud ECS CreateServer --image_id=test --flavor_id=test",
    "warnings": [],
    "classification": {
      "decision": "deny",
      "risk": "write",
      "reason": "Huawei Cloud write operation blocked until the agent presents a plan and receives explicit user approval."
    },
    "sgFindings": [],
    "approvalToken": "198321d6-aecd-4b2e-896c-c77e55c4f12a",
    "safeToRun": false
  }
}