{
  "status": "PASS",
  "caseId": "D4-17",
  "executedAt": "20260924210000",
  "details": {
    "results": [
      {
        "cmd": "(empty)",
        "decision": "deny"
      },
      {
        "cmd": "hcloud",
        "decision": "allow"
      },
      {
        "cmd": "hcloud ECS",
        "decision": "allow"
      },
      {
        "cmd": "hcloud Unknown Service DeleteAll --force",
        "decision": "deny"
      }
    ]
  },
  "why": "hook ambiguous: tested 4 patterns, fail-closed behavior verified"
}