{
  "status": "PASS",
  "why": "All sub-tests passed",
  "executedAt": "20260921025826",
  "subTests": [
    {
      "label": "classifyTextCommand returns decision",
      "pass": true,
      "decision": "allow"
    },
    {
      "label": "classifyTextCommand returns reason",
      "pass": true,
      "reason": "Command appears to be a read-only Huawei Cloud operation."
    },
    {
      "label": "assertAllowed throws on deny",
      "pass": true
    },
    {
      "label": "assertAllowed passes on allow",
      "pass": true
    },
    {
      "label": "assertAllowed preserves policy on error",
      "pass": true,
      "hasPolicy": true
    },
    {
      "label": "classifyTextCommand consistent for same input",
      "pass": true,
      "r1": "deny",
      "r2": "deny"
    },
    {
      "label": "mergeRiskDecision upgrades to deny",
      "pass": true,
      "decision": "deny"
    },
    {
      "label": "mergeRiskDecision keeps allow when no findings",
      "pass": true,
      "decision": "allow"
    }
  ]
}