<<<<<<< HEAD
D2-10 测试证据
执行时间: 2026-10-06 05:14
客户端: CodeArtsSpace
OS: Windows
被测版本: 1.1.8-next.1
工具: probe-p1.mjs
结果: PASS
断言: hcloud CLI 认证
结论: PASS - hcloud 7.2.12 认证正常
=======
{
  "caseId": "D2-10",
  "status": "PASS",
  "why": "PASS - configure show output redacted",
  "executedAt": "20261006051036",
  "assertion": "configure show redacts secrets",
  "rootCause": "",
  "blockedReason": "",
  "version": "1.1.8-next.1"
}
>>>>>>> 4b89f0993 (test: CodeArtsSpace Windows 2026-10-06 daily test (141 cases, 136 PASS, 8 FAIL historical, 1 NOT_RUN))
