{
  "caseId": "D2-11",
  "status": "PASS",
  "why": "auth_switch persist with securityToken returned {status:error, scope:rejected}; S1 securityToken is empty — STS token never persisted (R3 enforced)",
  "executedAt": "20261002210834",
  "s1Before": {
    "ak": "HPUAN1ROQ4PQXQVBSYXD",
    "hasToken": false
  },
  "callResult": {
    "status": "error",
    "error": "Temporary STS credentials cannot be persisted (R3). Use action=temporary.",
    "scope": "rejected"
  },
  "s1After": {
    "ak": "HPUAN1ROQ4PQXQVBSYXD",
    "hasToken": false,
    "token": ""
  }
}