Skills dir: C:\Users\Administrator\devkit-test\hermes\hdk\plugins\huaweicloud-core\skills exists: true
Found skills: 29 [
  'huawei-apig',
  'huawei-billing',
  'huawei-cbr',
  'huawei-cce',
  'huawei-cloud-eye',
  'huawei-cts',
  'huawei-dds-dcs',
  'huawei-deployment',
  'huawei-dew',
  'huawei-ecs',
  'huawei-functiongraph',
  'huawei-gaussdb',
  'huawei-getting-started',
  'huawei-iac',
  'huawei-iam',
  'huawei-modelarts',
  'huawei-obs',
  'huawei-rds',
  'huawei-sandbox',
  'huawei-smn-dms',
  'huawei-voucher',
  'huawei-vpc',
  'huawei-waf-aad',
  'huaweicloud-api-and-sdk',
  'huaweicloud-capability-discovery',
  'huaweicloud-cli-and-auth',
  'huaweicloud-core',
  'huaweicloud-safety',
  'huaweicloud-troubleshooting'
]
Found meta-skills: 6 Missing: []
  huaweicloud-api-and-sdk: frontmatter=true name=true desc=true steps=true noTODO=true len=3823
  huaweicloud-capability-discovery: frontmatter=true name=true desc=true steps=true noTODO=true len=6499
  huaweicloud-cli-and-auth: frontmatter=true name=true desc=true steps=true noTODO=true len=12746
  huaweicloud-core: frontmatter=true name=true desc=true steps=true noTODO=true len=17081
  huaweicloud-safety: frontmatter=true name=true desc=true steps=true noTODO=true len=3632
  huaweicloud-troubleshooting: frontmatter=true name=true desc=true steps=true noTODO=true len=10054
STATUS: PASS
{
  "status": "PASS",
  "why": "",
  "executedAt": "20260930215010",
  "details": {
    "totalSkills": 29,
    "foundMeta": 6,
    "missing": [],
    "skillChecks": [
      {
        "skill": "huaweicloud-api-and-sdk",
        "hasFrontmatter": true,
        "hasName": true,
        "hasDescription": true,
        "hasSteps": true,
        "noTODO": true,
        "length": 3823
      },
      {
        "skill": "huaweicloud-capability-discovery",
        "hasFrontmatter": true,
        "hasName": true,
        "hasDescription": true,
        "hasSteps": true,
        "noTODO": true,
        "length": 6499
      },
      {
        "skill": "huaweicloud-cli-and-auth",
        "hasFrontmatter": true,
        "hasName": true,
        "hasDescription": true,
        "hasSteps": true,
        "noTODO": true,
        "length": 12746
      },
      {
        "skill": "huaweicloud-core",
        "hasFrontmatter": true,
        "hasName": true,
        "hasDescription": true,
        "hasSteps": true,
        "noTODO": true,
        "length": 17081
      },
      {
        "skill": "huaweicloud-safety",
        "hasFrontmatter": true,
        "hasName": true,
        "hasDescription": true,
        "hasSteps": true,
        "noTODO": true,
        "length": 3632
      },
      {
        "skill": "huaweicloud-troubleshooting",
        "hasFrontmatter": true,
        "hasName": true,
        "hasDescription": true,
        "hasSteps": true,
        "noTODO": true,
        "length": 10054
      }
    ]
  }
}
