{
  "case": "D10-4",
  "status": "FAIL",
  "executedAt": "20260929050639",
  "total": 10,
  "passed": 9,
  "failed": 1,
  "results": [
    {
      "id": "D10-4",
      "name": "hook-tools",
      "pass": true,
      "actual": "3",
      "expected": ">=3",
      "passMsg": "hook tools: huaweicloud_hook_check_command,huaweicloud_hook_check_artifacts,huaweicloud_hook_check_deploy_plan",
      "failMsg": "hook tools insufficient",
      "_source": "d2-auth"
    },
    {
      "id": "D10-4",
      "name": "approved-cmd",
      "pass": true,
      "actual": "true",
      "expected": "true",
      "passMsg": "run_approved_command registered",
      "failMsg": "run_approved_command not registered",
      "_source": "d2-auth"
    },
    {
      "id": "D10-4",
      "name": "rules-loaded",
      "pass": true,
      "actual": "16 rules",
      "expected": ">0",
      "_source": "D10-4"
    },
    {
      "id": "D10-4",
      "name": "deny-rules",
      "pass": true,
      "actual": "9 deny rules",
      "expected": ">=9 deny",
      "_source": "D10-4"
    },
    {
      "id": "D10-4",
      "name": "warn-rules",
      "pass": true,
      "actual": "7 warn rules",
      "expected": ">=7 warn",
      "_source": "D10-4"
    },
    {
      "id": "D10-4",
      "name": "cat-cred-deny",
      "pass": true,
      "actual": "deny",
      "expected": "deny",
      "_source": "D10-4"
    },
    {
      "id": "D10-4",
      "name": "env-dump-deny",
      "pass": true,
      "actual": "deny",
      "expected": "deny",
      "_source": "D10-4"
    },
    {
      "id": "D10-4",
      "name": "delete-deny",
      "pass": false,
      "actual": "warn",
      "expected": "deny/confirm",
      "_source": "D10-4"
    },
    {
      "id": "D10-4",
      "name": "list-allow",
      "pass": true,
      "actual": "allow",
      "expected": "allow",
      "_source": "D10-4"
    },
    {
      "id": "D10-4",
      "name": "list-no-token",
      "pass": true,
      "actual": "no token",
      "expected": "no token",
      "_source": "D10-4"
    }
  ],
  "source": "d2-auth, D10-4"
}