{
 "status": "PASS",
 "caseId": "D3-C5",
 "total": 5,
 "passed": 5,
 "failed": 0,
 "source": "grouped:d2-auth",
 "executedAt": "20260925050900",
 "why": "",
 "assertions": [
  {
   "name": "smoke-tools",
   "pass": true,
   "actual": "all",
   "expected": "all",
   "failMsg": "missing: "
  },
  {
   "name": "check-cli",
   "pass": true,
   "actual": "ok",
   "expected": "ok",
   "failMsg": "check_cli FAIL"
  },
  {
   "name": "list-ops",
   "pass": true,
   "actual": "ok",
   "expected": "ok",
   "failMsg": "list_operations FAIL"
  },
  {
   "name": "plan-cli",
   "pass": true,
   "actual": "ok",
   "expected": "ok",
   "failMsg": "plan_cli_command FAIL"
  },
  {
   "name": "explain-error",
   "pass": true,
   "actual": "ok",
   "expected": "ok",
   "failMsg": "explain_error FAIL"
  }
 ]
}