{
  "status": "PASS",
  "caseId": "D1-40",
  "why": "Mirror lag correctly returns up_to_date, no downgrade reminder issued",
  "executedAt": "20261001103000",
  "checks": [
    {
      "name": "no-downgrade-reminder",
      "pass": true,
      "detail": "result=up_to_date"
    },
    {
      "name": "no-updateAvailable",
      "pass": true,
      "detail": "updateAvailable=false"
    },
    {
      "name": "lag-with-next",
      "pass": true,
      "detail": "result=up_to_date"
    },
    {
      "name": "equal-is-uptodate",
      "pass": true,
      "detail": "result=up_to_date"
    },
    {
      "name": "prerelease-lag",
      "pass": true,
      "detail": "result=up_to_date"
    },
    {
      "name": "determineTarget-no-downgrade",
      "pass": true,
      "detail": "target=1.1.4"
    },
    {
      "name": "semver-confirms-lag",
      "pass": true,
      "detail": "compare=-1"
    }
  ]
}
