{
  "status": "PASS",
  "why": "Risk rule engine loaded 9 deny + 7 warn = 16 rules total. High-risk commands (cat credentials, printenv HUAWEICLOUD_AK, DEW ShowSecretVersion, rm -rf /) all get deny. Read-only commands (hcloud configure show, hcloud ECS ListServersDetails) get allow. No token required for rule evaluation.",
  "executedAt": "20260921210815",
  "denyCount": 9,
  "warnCount": 7,
  "denyRules": [
    "hwc-command-credential-file",
    "hwc-command-env-dump",
    "hwc-command-secret-value-read",
    "hwc-command-encoded-shell-exec",
    "hwc-network-public-admin-port",
    "hwc-obs-anonymous-write",
    "hwc-iam-admin-policy",
    "hwc-destructive-delete-force",
    "hwc-sandbox-destructive-command"
  ],
  "warnRules": [
    "hwc-command-sts-credential",
    "hwc-functiongraph-public-no-auth",
    "hwc-destructive-delete-operation",
    "hwc-destructive-reset-operation",
    "hwc-destructive-delete-cascade",
    "hwc-sandbox-missing-ttl",
    "hwc-cost-unbounded-scale"
  ]
}