{
  "caseId": "D1-31",
  "status": "PASS",
  "why": "dismiss 冷却期内(result=dismissed, updateAvailable=false)",
  "evidence": {
    "currentVersion": "1.1.8-next.1",
    "latestStable": "1.1.8-next.2",
    "latestNext": null,
    "targetVersion": "1.1.8-next.2",
    "updateAvailable": false,
    "dismissed": true,
    "dismissExpiresAt": "2026-10-05T21:11:47.936Z",
    "result": "dismissed"
  },
  "skipState": {
    "expireAt": "2026-10-05T21:11:47.936Z",
    "dismissedVersion": "1.1.8-next.2"
  },
  "executedAt": "20261005051000"
}