{
  "status": "PASS",
  "details": {
    "toolCount": 40,
    "allNamed": true,
    "names": [
      "huaweicloud_check_cli",
      "huaweicloud_plan_cli_command",
      "huaweicloud_run_readonly_command",
      "huaweicloud_list_operations",
      "huaweicloud_run_approved_command",
      "huaweicloud_show_profile_redacted",
      "huaweicloud_hook_check_command",
      "huaweicloud_hook_check_artifacts",
      "huaweicloud_hook_check_deploy_plan",
      "huaweicloud_service_catalog"
    ]
  },
  "why": "All tools have names",
  "caseId": "D5-3",
  "executedAt": "20260928213635"
}
