{
  "total": 7,
  "passed": 7,
  "failed": 0,
  "results": [
    {
      "id": "D8-7",
      "name": "skill-huaweicloud-core",
      "pass": true,
      "actual": "ok len=16956",
      "expected": "ok+content"
    },
    {
      "id": "D8-7",
      "name": "skill-huaweicloud-safety",
      "pass": true,
      "actual": "ok len=3573",
      "expected": "ok+content"
    },
    {
      "id": "D8-7",
      "name": "skill-huaweicloud-api-and-sdk",
      "pass": true,
      "actual": "ok len=3767",
      "expected": "ok+content"
    },
    {
      "id": "D8-7",
      "name": "skill-huaweicloud-capability-discovery",
      "pass": true,
      "actual": "ok len=5722",
      "expected": "ok+content"
    },
    {
      "id": "D8-7",
      "name": "skill-huaweicloud-cli-and-auth",
      "pass": true,
      "actual": "ok len=11234",
      "expected": "ok+content"
    },
    {
      "id": "D8-7",
      "name": "skill-huaweicloud-troubleshooting",
      "pass": true,
      "actual": "ok len=9968",
      "expected": "ok+content"
    },
    {
      "id": "D8-7",
      "name": "skill-huawei-getting-started",
      "pass": true,
      "actual": "ok len=4808",
      "expected": "ok+content"
    }
  ]
}