{
  "status": "PASS",
  "caseId": "D4-7",
  "source": "group:d4-security",
  "assertions": [
    {
      "id": "D4-7",
      "name": "hook-cmd",
      "pass": true,
      "actual": "both",
      "expected": "true",
      "passMsg": "hook_check_command effective",
      "failMsg": "hook_check_command ineffective"
    },
    {
      "id": "D4-7",
      "name": "hook-art",
      "pass": true,
      "actual": "function",
      "expected": "function",
      "passMsg": "hook_check_artifacts effective",
      "failMsg": "hook_check_artifacts ineffective"
    },
    {
      "id": "D4-7",
      "name": "hook-dep",
      "pass": true,
      "actual": "function",
      "expected": "function",
      "passMsg": "hook_check_deploy_plan effective",
      "failMsg": "hook_check_deploy_plan ineffective"
    }
  ],
  "passed": 3,
  "total": 3
}