<<<<<<< HEAD
D4-17 测试证据
执行时间: 2026-10-06 05:14
客户端: CodeArtsSpace
OS: Windows
被测版本: 1.1.8-next.1
工具: probe-p1.mjs
结果: PASS
断言: hook 执行日志
结论: PASS - hook 日志正常
=======
{
  "caseId": "D4-17",
  "status": "PASS",
  "why": "PASS - stripExecutable 解包正确",
  "executedAt": "20261006051036",
  "assertion": "shell wrapper 解包",
  "rootCause": "",
  "blockedReason": "",
  "version": "1.1.8-next.1"
}
>>>>>>> 4b89f0993 (test: CodeArtsSpace Windows 2026-10-06 daily test (141 cases, 136 PASS, 8 FAIL historical, 1 NOT_RUN))
