{
  "status": "PASS",
  "caseId": "D1-31",
  "why": "dismiss within cooldown=dismissed, after cooldown=update_available. expireAt=2026-10-03T21:56:13.476Z",
  "executedAt": "20261001103000",
  "detail": {
    "skipState": {
      "dismissedVersion": "1.1.8",
      "dismissedAt": "2026-09-30T21:56:13.476Z",
      "expireAt": "2026-10-03T21:56:13.476Z"
    },
    "readBack": {
      "dismissedVersion": "1.1.8",
      "dismissedAt": "2026-09-30T21:56:13.476Z",
      "expireAt": "2026-10-03T21:56:13.476Z"
    },
    "inCooldown": {
      "currentVersion": "1.1.7",
      "latestStable": "1.1.8",
      "latestNext": null,
      "targetVersion": "1.1.8",
      "updateAvailable": false,
      "dismissed": true,
      "dismissExpiresAt": "2026-10-03T21:56:13.476Z",
      "result": "dismissed"
    },
    "afterCooldown": {
      "currentVersion": "1.1.7",
      "latestStable": "1.1.8",
      "latestNext": null,
      "targetVersion": "1.1.8",
      "updateAvailable": true,
      "dismissed": false,
      "dismissExpiresAt": null,
      "result": "update_available"
    }
  }
}
