{
  "status": "PASS",
  "why": "All sub-tests passed",
  "executedAt": "20260921025826",
  "subTests": [
    {
      "label": "CreateServers denied without approval",
      "pass": true,
      "decision": "deny",
      "risk": "write"
    },
    {
      "label": "DeleteServers denied without approval",
      "pass": true,
      "decision": "deny",
      "risk": "write"
    },
    {
      "label": "UpdateServer denied without approval",
      "pass": true,
      "decision": "deny",
      "risk": "write"
    },
    {
      "label": "CreateServers allowed with allowWrites",
      "pass": true,
      "decision": "allow",
      "risk": "write"
    },
    {
      "label": "ListServers allowed without approval (read)",
      "pass": true,
      "decision": "allow",
      "risk": "read_only"
    },
    {
      "label": "InvokeFunction denied without approval",
      "pass": true,
      "decision": "deny",
      "risk": "execution"
    }
  ]
}