{
  "status": "PASS",
  "details": {
    "results": [
      {
        "intent": "帮我查一下云主机",
        "expect": "ECS",
        "hit": false,
        "response": "{\"intent\":\"帮我查一下云主机\",\"recommendedSkills\":[\"Use huaweicloud-core to route intent.\"],\"recommendedServi"
      },
      {
        "intent": "创建一台Ubuntu云服务器",
        "expect": "ECS",
        "hit": false,
        "response": "{\"intent\":\"创建一台Ubuntu云服务器\",\"recommendedSkills\":[\"Use huaweicloud-core to route intent.\"],\"recommende"
      },
      {
        "intent": "部署静态网站",
        "expect": "OBS",
        "hit": false,
        "response": "{\"intent\":\"部署静态网站\",\"recommendedSkills\":[\"huawei-sandbox\"],\"recommendedServices\":[\"Sandbox\",\"DevStati"
      },
      {
        "intent": "绑定弹性公网IP",
        "expect": "EIP",
        "hit": false,
        "response": "{\"intent\":\"绑定弹性公网IP\",\"recommendedSkills\":[\"Use huaweicloud-core to route intent.\"],\"recommendedServi"
      },
      {
        "intent": "查看云数据库MySQL状态",
        "expect": "RDS",
        "hit": false,
        "response": "{\"intent\":\"查看云数据库MySQL状态\",\"recommendedSkills\":[\"Use huaweicloud-core to route intent.\"],\"recommended"
      }
    ],
    "hitCount": 0,
    "total": 5,
    "accuracy": "0/5"
  },
  "why": "Routing accuracy: 0/5",
  "caseId": "D10-3",
  "executedAt": "20260928213637"
}
