{
  "case": "D9-13",
  "status": "PASS",
  "executedAt": "20260929050639",
  "total": 6,
  "passed": 6,
  "failed": 0,
  "results": [
    {
      "id": "D9-13",
      "name": "hasRuntimeCredentials",
      "pass": true,
      "actual": "true",
      "expected": "true",
      "_source": "D9-13"
    },
    {
      "id": "D9-13",
      "name": "resolve-returns-ak",
      "pass": true,
      "actual": "AKIDTEST123",
      "expected": "AKIDTEST123",
      "_source": "D9-13"
    },
    {
      "id": "D9-13",
      "name": "resolve-returns-sk",
      "pass": true,
      "actual": "SKTEST456",
      "expected": "SKTEST456",
      "_source": "D9-13"
    },
    {
      "id": "D9-13",
      "name": "token-first-consume",
      "pass": true,
      "actual": "[object Object]",
      "expected": "non-null entry",
      "_source": "D9-13"
    },
    {
      "id": "D9-13",
      "name": "token-not-replayable",
      "pass": true,
      "actual": "null",
      "expected": "null (deleted)",
      "_source": "D9-13"
    },
    {
      "id": "D9-13",
      "name": "cleared-after-clear",
      "pass": true,
      "actual": "false",
      "expected": "false",
      "_source": "D9-13"
    }
  ],
  "source": "D9-13"
}