{
  "three_files_present": {
    "kooCli(~/.hcloud/config.json)": true,
    "obs(~/.obsutilconfig)": true,
    "sandbox(~/.config/huaweicloud/credentials.json)": true
  },
  "kooCli_api": {
    "cmd": "hcloud ecs ListServersDetails",
    "exit": 0,
    "ok": true,
    "sample": "{\n  \"count\": 0,\n  \"servers\": []\n}\n"
  },
  "obs_config": "endpoint=https://obs.cn-north-4.myhuaweicloud.com\nak=***\nsk=***\ntoken=\ncname=false\nendpointCrr=http://your-endpoint\nakCrr=*** Provide your Access Key ***\nskCrr=*** Provide your Secret Key ***\ntokenCrr=\ncnameCrr=false\nconnectTimeout=30\nsocketTimeout=310\nmaxRetryCount=3\nmaxConnections=1000\ndefaultBigfileThreshold=52428800\ndefaultPartSize=auto\ndefaultParallels=5\ndefaultJobs=5\ndefaultJobsCacheCount=1000000\nrateLimitThreshold=0\nsdkLogBackups=10\nsdkLogLevel=WARN\nsdkLogPath=/home/testbot3/.obsutil_log/",
  "sandbox_vault": {
    "ak_configured": true,
    "region": "cn-north-4",
    "sk_configured": true
  },
  "__pass": true
}
