{
  "total": 15,
  "passed": 12,
  "failed": 3,
  "results": [
    {
      "id": "D4-27",
      "name": "redactSecrets-ak",
      "pass": false,
      "actual": "泄露 ak",
      "expected": "ak 无明文"
    },
    {
      "id": "D4-27",
      "name": "redactSecrets-sk",
      "pass": false,
      "actual": "泄露 sk",
      "expected": "sk 无明文"
    },
    {
      "id": "D4-27",
      "name": "redactSecrets-token",
      "pass": false,
      "actual": "泄露 token",
      "expected": "token 无明文"
    },
    {
      "id": "D4-27",
      "name": "redactSecrets-password",
      "pass": true,
      "actual": "已脱敏 password",
      "expected": "password 无明文"
    },
    {
      "id": "D4-27",
      "name": "redactSecrets-adminPass",
      "pass": true,
      "actual": "已脱敏 adminPass",
      "expected": "adminPass 无明文"
    },
    {
      "id": "D4-27",
      "name": "redactSecrets-obj-ak",
      "pass": true,
      "actual": "已脱敏 ak",
      "expected": "ak 无明文"
    },
    {
      "id": "D4-27",
      "name": "redactSecrets-obj-sk",
      "pass": true,
      "actual": "已脱敏 sk",
      "expected": "sk 无明文"
    },
    {
      "id": "D4-27",
      "name": "redactSecrets-obj-token",
      "pass": true,
      "actual": "已脱敏 token",
      "expected": "token 无明文"
    },
    {
      "id": "D4-27",
      "name": "redactSecrets-obj-password",
      "pass": true,
      "actual": "已脱敏 password",
      "expected": "password 无明文"
    },
    {
      "id": "D4-27",
      "name": "redactSecrets-obj-adminPass",
      "pass": true,
      "actual": "已脱敏 adminPass",
      "expected": "adminPass 无明文"
    },
    {
      "id": "D4-27",
      "name": "redactOutput-ak",
      "pass": true,
      "actual": "已脱敏 ak",
      "expected": "ak 无明文"
    },
    {
      "id": "D4-27",
      "name": "redactOutput-sk",
      "pass": true,
      "actual": "已脱敏 sk",
      "expected": "sk 无明文"
    },
    {
      "id": "D4-27",
      "name": "redactOutput-token",
      "pass": true,
      "actual": "已脱敏 token",
      "expected": "token 无明文"
    },
    {
      "id": "D4-27",
      "name": "redactOutput-password",
      "pass": true,
      "actual": "已脱敏 password",
      "expected": "password 无明文"
    },
    {
      "id": "D4-27",
      "name": "redactOutput-adminPass",
      "pass": true,
      "actual": "已脱敏 adminPass",
      "expected": "adminPass 无明文"
    }
  ]
}