{
  "total": 5,
  "passed": 3,
  "failed": 2,
  "results": [
    {
      "id": "D3-S3",
      "name": "sandbox-connect",
      "pass": true,
      "actual": "workspace=8d898bc423254635bbe12bb34d7f68c1",
      "expected": "connect 返回 session/workspace"
    },
    {
      "id": "D3-S3",
      "name": "sandbox-upload",
      "pass": false,
      "actual": "",
      "expected": "upload_project 成功"
    },
    {
      "id": "D3-S3",
      "name": "sandbox-deploy-url",
      "pass": true,
      "actual": "{\"ok\":true,\"nginxType\":\"static\",\"port\":8082,\"outputPath\":\"/workspace/hdk-preview/dist\",\"projectPath\":\"/workspace/hdk-preview\",\"exitCode\":0,\"stdout\":\"\\u001b]133;C\\u0007\\u001b]133;C\\u0007\\u001b]133;C\\u0",
      "expected": "deploy_nginx 返回可访问 URL"
    },
    {
      "id": "D3-S3",
      "name": "sandbox-deploy-check",
      "pass": false,
      "actual": "",
      "expected": "deploy_check 返回状态"
    },
    {
      "id": "D3-S3",
      "name": "sandbox-close",
      "pass": true,
      "actual": "\"ok\"",
      "expected": "close_session 正常"
    }
  ]
}