{
  "caseId": "D1-26",
  "status": "PASS",
  "why": "check_update and upgrade tools registered in TOOL_DEFINITIONS with inputSchema",
  "checkUpdateRegistered": true,
  "upgradeRegistered": true,
  "checkUpdateSchema": {
    "type": "object",
    "properties": {
      "dismiss": {
        "type": "boolean",
        "description": "用户拒绝升级时传 true，记录冷却状态。"
      },
      "dismissVersion": {
        "type": "string",
        "description": "与 dismiss:true 搭配，用户拒绝的版本号。缺省时用当前检测到的 targetVersion。"
      }
    }
  },
  "executedAt": "20261003210426"
}