{
  "total": 5,
  "passed": 5,
  "failed": 0,
  "results": [
    {
      "name": "connect",
      "pass": true,
      "detail": "ws=8d898bc42325"
    },
    {
      "name": "upload_project",
      "pass": true,
      "detail": "{\"ok\":true,\"localDir\":\"/tmp/d3c3-proj\",\"remotePath\":\"/workspace/d3c3-proj\",\"bytes\":211,\"md5\":\"b3a5ed4c577e6ccd4846996b8d299871\",\"md5Verified\":true,\"extracted\":true}"
    },
    {
      "name": "deploy_nginx",
      "pass": true,
      "detail": "{\"ok\":true,\"nginxType\":\"static\",\"port\":8080,\"outputPath\":\"/workspace/d3c3-proj/.\",\"projectPath\":\"/workspace/d3c3-proj\",\"exitCode\":0,\"stdout\":\"\\u001b]133;C\\u0007\\u001b]133;C\\u0007\\u001b]133;C\\u0007\\u001b]133;C\\u0007\\u001b]133;C\\u0007\\u001b]133;C\\u0007\\u001b]133;C\\u0007\\u001b]133;C"
    },
    {
      "name": "deploy_check",
      "pass": true,
      "detail": "{\"ok\":true,\"complete\":false,\"checkType\":\"standard\",\"checks\":{\"nginx_serving\":{\"status\":\"PASS\",\"detail\":\"(port 8080)\"},\"output_dir\":{\"status\":\"PASS\",\"detail\":\"(/workspace/d3c3-proj/.)\"},\"content_verified\":{\"status\":\"SKIP\",\"detail\":\"(no fingerprint file)\"},\"devbridge_tunnel\":{\"stat"
    },
    {
      "name": "close_session",
      "pass": true,
      "detail": "\"ok\""
    }
  ]
}