{
  "case": "EXP-C4-03",
  "status": "PASS",
  "executedAt": "20260929050639",
  "total": 2,
  "passed": 2,
  "failed": 0,
  "results": [
    {
      "id": "EXP-C4-03",
      "name": "list-ops-OBS",
      "pass": true,
      "actual": "ok",
      "expected": "ok",
      "passMsg": "OBS list_operations OK",
      "failMsg": "OBS list_operations FAIL",
      "_source": "c4-service-matrix"
    },
    {
      "id": "EXP-C4-03",
      "name": "plan-OBS",
      "pass": true,
      "actual": "ok",
      "expected": "ok",
      "passMsg": "OBS plan OK",
      "failMsg": "OBS plan FAIL",
      "_source": "c4-service-matrix"
    }
  ],
  "source": "c4-service-matrix"
}