ECS ops: {
  "service": "ECS",
  "command": "hcloud ECS --help",
  "selectionRule": "Use this help text to select the exact KooCLI operation name before planning any service command.",
  "examples": {
    "list": "ECS ListServersDetails",
    "create": "ECS CreateServers",
    "show": "IMS GlanceShowImage"
 
VPC ops: {
  "service": "VPC",
  "command": "hcloud VPC --help",
  "selectionRule": "Use this help text to select the exact KooCLI operation name before planning any service command.",
  "examples": {
    "list": "VPC ListVpcs",
    "create": "VPC CreateVpc",
    "show": "VPC ShowVpc"
  },
  "result": {
    
OBS ops: {
  "service": "OBS",
  "command": "hcloud obs help",
  "selectionRule": "Use this help text to select the exact KooCLI operation name before planning any service command.",
  "examples": {
    "list": "OBS ls",
    "create": "OBS mb obs://<bucket>",
    "show": "OBS stat obs://<bucket>/<key>"
  },

RESULT: LIST_OPS_OK
