D1-28 测试证据
执行时间: 2026-10-08 05:10
客户端: CodeArtsSpace
OS: Windows
被测版本: 1.1.8-next.1
工具: probe-p1.mjs
结果: PASS
断言: npx huaweicloud-devkit --version returns 1.1.8-next.1
结论: version output: HuaweiCloud DevKit CLI: 1.1.8-next.1

Installed agent plugins:
Hermes: 1.1.5

Run `npx huaweicloud-d

=== 执行命令 ===
npx -y huaweicloud-devkit --version

=== STDOUT ===
HuaweiCloud DevKit CLI: 1.1.8-next.1

Installed agent plugins:
Hermes: 1.1.5

Run `npx huaweicloud-devkit update --target <agent>` to refresh installed agent plugins.
(node:17976) ExperimentalWarning: SQLite is an experimental feature and might change at any time
(Use `node --trace-warnings ...` to show where the warning was created)

