{
  "case": "D3-C1",
  "total": 5,
  "passed": 5,
  "failed": 0,
  "results": [
    {
      "name": "CreateVpc",
      "pass": true,
      "detail": "{\n  \"vpc\": {\n    \"id\": \"ba465caa-c129-499a-86d2-a6895491e1cc\",\n    \"name\": \"testbot3-hermes-e2e-0456"
    },
    {
      "name": "CreateSubnet",
      "pass": true,
      "detail": "{\n  \"subnet\": {\n    \"id\": \"a1845f22-14b4-42e5-8946-d190e79798f9\",\n    \"name\": \"testbot3-hermes-e2e-0"
    },
    {
      "name": "CreateServers(审批分类)",
      "pass": "allow",
      "detail": "allow"
    },
    {
      "name": "CreateServers(返回serverIds)",
      "pass": true,
      "detail": "{\n  \"job_id\": \"ff8080819f8ebbaf01a0df8d53495d08\",\n  \"serverIds\": [\n    \"32735e89-93ec-494e-9322-c10a4b2737d7\"\n  ]\n}"
    },
    {
      "name": "finally归零(已提交删除请求)",
      "pass": true,
      "detail": "ECS✓ subnet✓ vpc✓"
    }
  ],
  "status": "PASS"
}