{
  "caseId": "D4-1",
  "status": "PASS",
  "why": "All credential file read commands blocked",
  "executedAt": "20260923093946",
  "r1": {
    "decision": "deny",
    "risk": "credential",
    "reason": "Reading Huawei Cloud credential or profile files is blocked. Use redacted profile inspection tools instead."
  },
  "r2": {
    "decision": "deny",
    "risk": "credential",
    "reason": "Reading Huawei Cloud credential or profile files is blocked. Use redacted profile inspection tools instead."
  },
  "r3": {
    "decision": "deny",
    "risk": "credential",
    "reason": "Reading Huawei Cloud credential or profile files is blocked. Use redacted profile inspection tools instead."
  }
}