{
  "caseId": "D3-S2",
  "status": "PASS",
  "why": "plan_cli_command for delete VPC: decision=n/a, status=n/a (write op denied without approval)",
  "planResult": {
    "executable": "hcloud",
    "args": [
      "VPC",
      "DeleteVpc",
      "--vpc-id",
      "xxx"
    ],
    "command": "hcloud VPC DeleteVpc --vpc-id xxx",
    "executableBlock": "hcloud VPC DeleteVpc --vpc-id xxx",
    "warnings": [],
    "classification": {
      "decision": "deny",
      "risk": "write",
      "reason": "Huawei Cloud write operation blocked until the agent presents a plan and receives explicit user approval."
    },
    "sgFindings": [],
    "approvalToken": "05177e52-4add-45f6-9865-020d362bd1a4",
    "safeToRun": false
  },
  "executedAt": "20261003210444"
}