{
  "case": "D3-S4",
  "total": 3,
  "passed": 3,
  "failed": 0,
  "results": [
    {
      "cid": "D3-S4",
      "name": "voucher_status 返回 claimed 字段",
      "pass": true,
      "detail": "claimed=true"
    },
    {
      "cid": "D3-S4",
      "name": "voucher_claim 闭环(成功或已领取)",
      "pass": true,
      "detail": "{\"claimed\":true,\"voucherId\":null,\"amount\":0,\"message\":\"已领取过\",\"code\":null}"
    },
    {
      "cid": "D3-S4",
      "name": "二次 status claimed=true",
      "pass": true,
      "detail": "claimed=true"
    }
  ]
}