{
  "case": "EXP-C4-06",
  "status": "PASS",
  "total": 2,
  "passed": 2,
  "results": [
    {
      "id": "EXP-C4-06",
      "name": "list-ops-CCE",
      "pass": true,
      "actual": "ok",
      "expected": "ok",
      "passMsg": "CCE list_operations OK",
      "failMsg": "CCE list_operations FAIL"
    },
    {
      "id": "EXP-C4-06",
      "name": "plan-CCE",
      "pass": true,
      "actual": "ok",
      "expected": "ok",
      "passMsg": "CCE plan OK",
      "failMsg": "CCE plan FAIL"
    }
  ],
  "source": "c4-service-matrix/probe.mjs"
}