{
  "case": "EXP-C4-22",
  "status": "PASS",
  "total": 2,
  "passed": 2,
  "results": [
    {
      "id": "EXP-C4-22",
      "name": "list-ops-ELB",
      "pass": true,
      "actual": "ok",
      "expected": "ok",
      "passMsg": "ELB list_operations OK",
      "failMsg": "ELB list_operations FAIL"
    },
    {
      "id": "EXP-C4-22",
      "name": "plan-ELB",
      "pass": true,
      "actual": "ok",
      "expected": "ok",
      "passMsg": "ELB plan OK",
      "failMsg": "ELB plan FAIL"
    }
  ],
  "source": "c4-service-matrix/probe.mjs"
}