{
  "case": "EXP-C4-13",
  "status": "PASS",
  "executedAt": "20260929050639",
  "total": 2,
  "passed": 2,
  "failed": 0,
  "results": [
    {
      "id": "EXP-C4-13",
      "name": "list-ops-SMN",
      "pass": true,
      "actual": "ok",
      "expected": "ok",
      "passMsg": "SMN list_operations OK",
      "failMsg": "SMN list_operations FAIL",
      "_source": "c4-service-matrix"
    },
    {
      "id": "EXP-C4-13",
      "name": "plan-SMN",
      "pass": true,
      "actual": "ok",
      "expected": "ok",
      "passMsg": "SMN plan OK",
      "failMsg": "SMN plan FAIL",
      "_source": "c4-service-matrix"
    }
  ],
  "source": "c4-service-matrix"
}