{
  "services": [
    {
      "id": "EXP-C4-01",
      "service": "ECS",
      "listOpsOk": true,
      "listOpsErr": "",
      "planDecision": "allow"
    },
    {
      "id": "EXP-C4-02",
      "service": "VPC",
      "listOpsOk": true,
      "listOpsErr": "",
      "planDecision": "allow"
    },
    {
      "id": "EXP-C4-03",
      "service": "OBS",
      "listOpsOk": true,
      "listOpsErr": "",
      "planDecision": "allow"
    },
    {
      "id": "EXP-C4-04",
      "service": "RDS",
      "listOpsOk": true,
      "listOpsErr": "",
      "planDecision": "allow"
    },
    {
      "id": "EXP-C4-05",
      "service": "GaussDB",
      "listOpsOk": true,
      "listOpsErr": "",
      "planDecision": "allow"
    },
    {
      "id": "EXP-C4-06",
      "service": "CCE",
      "listOpsOk": true,
      "listOpsErr": "",
      "planDecision": "allow"
    },
    {
      "id": "EXP-C4-07",
      "service": "FunctionGraph",
      "listOpsOk": true,
      "listOpsErr": "",
      "planDecision": "allow"
    },
    {
      "id": "EXP-C4-08",
      "service": "IAM",
      "listOpsOk": true,
      "listOpsErr": "",
      "planDecision": "allow"
    },
    {
      "id": "EXP-C4-09",
      "service": "CTS",
      "listOpsOk": true,
      "listOpsErr": "",
      "planDecision": "allow"
    },
    {
      "id": "EXP-C4-10",
      "service": "CES",
      "listOpsOk": true,
      "listOpsErr": "",
      "planDecision": "allow"
    },
    {
      "id": "EXP-C4-11",
      "service": "DDS",
      "listOpsOk": true,
      "listOpsErr": "",
      "planDecision": "allow"
    },
    {
      "id": "EXP-C4-12",
      "service": "DCS",
      "listOpsOk": true,
      "listOpsErr": "",
      "planDecision": "allow"
    },
    {
      "id": "EXP-C4-13",
      "service": "SMN",
      "listOpsOk": true,
      "listOpsErr": "",
      "planDecision": "allow"
    },
    {
      "id": "EXP-C4-14",
      "service": "DMS",
      "listOpsOk": false,
      "listOpsErr": "",
      "planDecision": "allow"
    },
    {
      "id": "EXP-C4-15",
      "service": "WAF",
      "listOpsOk": true,
      "listOpsErr": "",
      "planDecision": "allow"
    },
    {
      "id": "EXP-C4-16",
      "service": "CDN",
      "listOpsOk": true,
      "listOpsErr": "",
      "planDecision": "allow"
    },
    {
      "id": "EXP-C4-17",
      "service": "ModelArts",
      "listOpsOk": true,
      "listOpsErr": "",
      "planDecision": "allow"
    },
    {
      "id": "EXP-C4-18",
      "service": "DEW",
      "listOpsOk": false,
      "listOpsErr": "",
      "planDecision": "allow"
    },
    {
      "id": "EXP-C4-19",
      "service": "CBR",
      "listOpsOk": true,
      "listOpsErr": "",
      "planDecision": "allow"
    },
    {
      "id": "EXP-C4-20",
      "service": "EVS",
      "listOpsOk": true,
      "listOpsErr": "",
      "planDecision": "allow"
    },
    {
      "id": "EXP-C4-21",
      "service": "EIP",
      "listOpsOk": true,
      "listOpsErr": "",
      "planDecision": "allow"
    },
    {
      "id": "EXP-C4-22",
      "service": "ELB",
      "listOpsOk": true,
      "listOpsErr": "",
      "planDecision": "allow"
    }
  ],
  "createVpc": {
    "name": "hermes-d3c4-003045",
    "id": "1e577a68-73a6-4fe5-9ac6-54f2e232a763",
    "exit": 0,
    "err": ""
  },
  "afterCreateCount": 3,
  "deleteExit": 0,
  "afterDeleteCount": 2,
  "remainsAfterDelete": false,
  "__pass": {
    "all22ServicesHaveValidRoutes": false,
    "createReleaseZero": true,
    "serviceRouteDetail": [
      "DMS",
      "DEW"
    ]
  }
}
