{
  "status": "PASS",
  "caseId": "D4-15",
  "why": "Execution operations correctly blocked without approval",
  "executedAt": "20261001103000",
  "checks": [
    {
      "name": "ECS-StartServer-denied",
      "pass": true,
      "detail": "decision=deny, risk=execution"
    },
    {
      "name": "ECS-StartServer-exec-risk",
      "pass": true,
      "detail": "risk=execution"
    },
    {
      "name": "ECS-StopServer-denied",
      "pass": true,
      "detail": "decision=deny, risk=execution"
    },
    {
      "name": "ECS-StopServer-exec-risk",
      "pass": true,
      "detail": "risk=execution"
    },
    {
      "name": "ECS-RebootServer-denied",
      "pass": true,
      "detail": "decision=deny, risk=execution"
    },
    {
      "name": "ECS-RebootServer-exec-risk",
      "pass": true,
      "detail": "risk=execution"
    },
    {
      "name": "FunctionGraph-InvokeFunction-denied",
      "pass": true,
      "detail": "decision=deny, risk=execution"
    },
    {
      "name": "FunctionGraph-InvokeFunction-exec-risk",
      "pass": true,
      "detail": "risk=execution"
    },
    {
      "name": "SMN-PublishMessage-denied",
      "pass": true,
      "detail": "decision=deny, risk=execution"
    },
    {
      "name": "SMN-PublishMessage-exec-risk",
      "pass": true,
      "detail": "risk=execution"
    },
    {
      "name": "CCE-StartCluster-denied",
      "pass": true,
      "detail": "decision=deny, risk=execution"
    },
    {
      "name": "CCE-StartCluster-exec-risk",
      "pass": true,
      "detail": "risk=execution"
    },
    {
      "name": "approved-exec",
      "pass": true,
      "detail": "decision=allow"
    }
  ]
}
