{
  "caseId": "D4-22",
  "status": "PASS",
  "why": "findings=1",
  "executedAt": "20260928220550",
  "r": {
    "decision": "warn",
    "findings": [
      {
        "ruleId": "hwc-sandbox-missing-ttl",
        "title": "Sandbox deployment missing cleanup metadata",
        "category": "sandbox",
        "severity": "warn",
        "message": "The preview or sandbox deployment does not show cleanup or ownership metadata.",
        "remediation": "Add owner, purpose, expiration time, and cleanup command before creating preview cloud resources.",
        "source": "deploy_plan",
        "evidence": "{ \"plan\": \"Create ECS with admin_pass=<redacted> access_key=<redacted> }"
      }
    ]
  }
}