[英文: create ecs server] intent="create an ecs server instance"
    recommendedServices = ECS
    recommendedSkills   = huawei-ecs
[英文: upload obs bucket] intent="upload files to an obs bucket"
    recommendedServices = OBS
    recommendedSkills   = huawei-obs
[英文: iam role management] intent="create an iam role and attach permission policy"
    recommendedServices = IAM
    recommendedSkills   = huawei-iam
[英文: deploy website] intent="deploy my static website"
    recommendedServices = OBS|CloudDeploy|Sandbox|DevStation
    recommendedSkills   = huawei-sandbox|huawei-obs|huawei-deployment
[中文: 创建云服务器(ECS)] intent="创建云服务器"
    recommendedServices = ECS
    recommendedSkills   = huawei-ecs
[中文: 对象存储桶(OBS)] intent="对象存储桶上传对象"
    recommendedServices = OBS
    recommendedSkills   = huawei-obs
[中文: 权限管理(IAM)] intent="权限管理 角色 策略"
    recommendedServices = IAM
    recommendedSkills   = huawei-iam
[中文: 部署网站(sandbox)] intent="部署网站"
    recommendedServices = Sandbox|DevStation
    recommendedSkills   = huawei-sandbox
[中文: 领取代金券(voucher)] intent="领取代金券"
    recommendedServices = Incentive Voucher
    recommendedSkills   = huawei-voucher
=== DONE ===
