{
  "total": 6,
  "passed": 6,
  "failed": 0,
  "results": [
    {
      "id": "D9-5",
      "name": "initialize-ok",
      "pass": true,
      "actual": "2024-11-05",
      "expected": "protocolVersion"
    },
    {
      "id": "D9-5",
      "name": "tools-list-ok",
      "pass": true,
      "actual": "tools=40",
      "expected": "非空工具集"
    },
    {
      "id": "D9-5",
      "name": "large-payload-no-crash",
      "pass": true,
      "actual": "result-returned",
      "expected": "大 payload 不崩溃且返回响应"
    },
    {
      "id": "D9-5",
      "name": "concurrent-8-ok",
      "pass": true,
      "actual": "8/8",
      "expected": "8 并发全返回"
    },
    {
      "id": "D9-5",
      "name": "stdout-pure-protocol",
      "pass": true,
      "actual": "frames=11 parseErrors=0 residual=0",
      "expected": "无解析失败 + 无残留字节"
    },
    {
      "id": "D9-5",
      "name": "post-stress-alive",
      "pass": true,
      "actual": "tools=40",
      "expected": "压力后仍存活"
    }
  ]
}