{
  "case": "D2-1",
  "status": "PASS",
  "executedAt": "20260929050639",
  "total": 1,
  "passed": 1,
  "failed": 0,
  "results": [
    {
      "id": "D2-1",
      "name": "cred-path",
      "pass": true,
      "actual": "C:\\Users\\Administrator\\.config\\huaweicloud\\credentials.json",
      "expected": "string",
      "passMsg": "cred path: C:\\Users\\Administrator\\.config\\huaweicloud\\credentials.json",
      "failMsg": "cred path error",
      "_source": "d2-auth"
    }
  ],
  "source": "d2-auth"
}