{
  "case": "D3-C2",
  "total": 4,
  "passed": 4,
  "failed": 0,
  "results": [
    {
      "name": "OBS建桶",
      "pass": true,
      "detail": "Start at 2026-09-26 21:09:11.1786336 +0000 UTC\n\nCreate bucket [testbot3-hermes-obs-0456951024] successfully, request id [000001A0DF8CF55B44D1958E4C849298]\nNotice: If the configured"
    },
    {
      "name": "set静态站",
      "pass": true,
      "detail": "{\"ok\":true,\"status\":200,\"websiteUrl\":\"http://testbot3-hermes-obs-0456951024.obs-website.cn-north-4.myhuaweicloud.com\",\"message\":\"Static website hosting configured. Website URL: http://testbot3-hermes-obs-0456951024.obs-website.cn-north-4.myhuaweicloud.com (may take ~1 min to propagate)\"}"
    },
    {
      "name": "get静态站",
      "pass": true,
      "detail": "{\"ok\":true,\"status\":200,\"body\":\"<?xml version=\\\"1.0\\\" encoding=\\\"UTF-8\\\" standalone=\\\"yes\\\"?><WebsiteConfiguration xmlns=\\\"http://obs.myhwclouds.com/doc/2015-06-30/\\\"><IndexDocument><Suffix>index.html"
    },
    {
      "name": "删桶归零",
      "pass": true,
      "detail": "Start at 2026-09-26 21:09:15.7605875 +0000 UTC\n\nDelete bucket [testbot3-hermes-obs-0456951024] successfully!\n"
    }
  ],
  "status": "PASS"
}