=== ROUTING PROBE RESULTS (v1.1.4 stable) ===
total=17 pass=3 fail=14
FAIL  EXP-E01  帮我查一下我账号在华北北京四有哪些云 -> ECS  => svc=[Run hcloud --help to list available services.]
FAIL  EXP-E02  创建一台 2C4G 的 Ubuntu -> ECS  => svc=[Run hcloud --help to list available services.]
FAIL  EXP-E03  把本地 dist 目录部署成一个公网 -> OBS  => svc=[Sandbox DevStation]
FAIL  EXP-E04  给这台服务器绑定一个弹性公网IP -> EIP  => svc=[Run hcloud --help to list available services.]
FAIL  EXP-E05  看一下我的云数据库MySQL实例的状 -> RDS  => svc=[Run hcloud --help to list available services.]
PASS  EXP-E06  创建一个 Redis 缓存实例用于会 -> DCS  => svc=[DDS DCS]
FAIL  EXP-E07  给生产环境的服务器配置一个每日备份策 -> CBR  => svc=[Run hcloud --help to list available services.]
FAIL  EXP-E08  我的ECS启动失败了, 帮我分析原因 -> ECS  => svc=[Run hcloud --help to list available services.]
PASS  EXP-E09  开设一个 Kubernetes 集群 -> CCE  => svc=[CCE SWR]
FAIL  EXP-E10  部署一个函数处理图片自动压缩 -> FunctionGraph  => svc=[Run hcloud --help to list available services.]
FAIL  EXP-E11  查一下我账号这个月的费用情况 -> BSS  => svc=[Run hcloud --help to list available services.]
FAIL  EXP-E12  把应用日志指标推送到云监控告警 -> CES  => svc=[Run hcloud --help to list available services.]
FAIL  EXP-E13  申请HTTPS证书并配置到我的域名 -> CSMS  => svc=[Run hcloud --help to list available services.]
FAIL  EXP-E14  我账号下的用户都有哪些权限, 帮我审 -> IAM  => svc=[Run hcloud --help to list available services.]
PASS  EXP-E15  帮我领一下华为云的代金券 -> Incentive Voucher  => svc=[Incentive Voucher]
FAIL  D10-3  routing accuracy 3/15 >= 90%  => 3/15
FAIL  D10-3  中文意图「云主机」→ ECS  => ["Run hcloud --help to list available services."]
--- FAILED ---
  EXP-E01 帮我查一下我账号在华北北京四有哪些云 -> ECS => svc=[Run hcloud --help to list available services.]
  EXP-E02 创建一台 2C4G 的 Ubuntu -> ECS => svc=[Run hcloud --help to list available services.]
  EXP-E03 把本地 dist 目录部署成一个公网 -> OBS => svc=[Sandbox DevStation]
  EXP-E04 给这台服务器绑定一个弹性公网IP -> EIP => svc=[Run hcloud --help to list available services.]
  EXP-E05 看一下我的云数据库MySQL实例的状 -> RDS => svc=[Run hcloud --help to list available services.]
  EXP-E07 给生产环境的服务器配置一个每日备份策 -> CBR => svc=[Run hcloud --help to list available services.]
  EXP-E08 我的ECS启动失败了, 帮我分析原因 -> ECS => svc=[Run hcloud --help to list available services.]
  EXP-E10 部署一个函数处理图片自动压缩 -> FunctionGraph => svc=[Run hcloud --help to list available services.]
  EXP-E11 查一下我账号这个月的费用情况 -> BSS => svc=[Run hcloud --help to list available services.]
  EXP-E12 把应用日志指标推送到云监控告警 -> CES => svc=[Run hcloud --help to list available services.]
  EXP-E13 申请HTTPS证书并配置到我的域名 -> CSMS => svc=[Run hcloud --help to list available services.]
  EXP-E14 我账号下的用户都有哪些权限, 帮我审 -> IAM => svc=[Run hcloud --help to list available services.]
  D10-3 routing accuracy 3/15 >= 90% => 3/15
  D10-3 中文意图「云主机」→ ECS => ["Run hcloud --help to list available services."]
