{
  "case": "D3-C2",
  "status": "FAIL",
  "total": 4,
  "passed": 3,
  "failed": 1,
  "results": [
    {
      "name": "OBS建桶",
      "pass": false,
      "detail": "Start at 2026-10-08 21:15:33.886008036 +0000 UTC\n\nCreate bucket [testbot3-hermes-obs-1494132839] successfully, request id [000001A11D5F189047C8719416DC6E1E]\nNotice: If the configur"
    },
    {
      "name": "set静态站",
      "pass": true,
      "detail": "{\"ok\":true,\"status\":200,\"websiteUrl\":\"http://testbot3-hermes-obs-1494132839.obs-website.cn-north-4.myhuaweicloud.com\",\"message\":\"Static website hosting configured. Website URL: http://testbot3-hermes-obs-1494132839.obs-website.cn-north-4.myhuaweicloud.com (may take ~1 min to propagate)\"}"
    },
    {
      "name": "get静态站",
      "pass": true,
      "detail": "{\"ok\":true,\"status\":200,\"body\":\"<?xml version=\\\"1.0\\\" encoding=\\\"UTF-8\\\" standalone=\\\"yes\\\"?><WebsiteConfiguration xmlns=\\\"http://obs.myhwclouds.com/doc/2015-06-30/\\\"><IndexDocument><Suffix>index.html"
    },
    {
      "name": "删桶归零",
      "pass": true,
      "detail": "Start at 2026-10-08 21:15:35.250749401 +0000 UTC\n\nDelete bucket [testbot3-hermes-obs-1494132839] successfully!"
    }
  ]
}