{
  "status": "PASS",
  "why": "credentials.mjs 导出 backupGlobalCredentials,clearRuntimeCredentials,globalCredentialsPath,hasRuntimeCredentials,obsConfigPath,readCodeArtsCredentials,readGlobalCredentials,resolveCredentials,resolveCredentialsWithRuntime,restoreGlobalCredentialsBackup,setRuntimeCredentials,writeGlobalCredentials,writeObsConfig",
  "executedAt": "20260923093055",
  "exports": [
    "backupGlobalCredentials",
    "clearRuntimeCredentials",
    "getParentCwd",
    "globalCredentialsPath",
    "hasRuntimeCredentials",
    "isPlaceholder",
    "lastSyncPath",
    "obsConfigPath",
    "readCodeArtsCredentials",
    "readGlobalCredentials",
    "readLastSync",
    "resolveCredentials",
    "resolveCredentialsWithRuntime",
    "restoreGlobalCredentialsBackup",
    "setConfiguredBySession",
    "setRuntimeCredentials",
    "writeGlobalCredentials",
    "writeLastSync",
    "writeObsConfig"
  ]
}