{
  "caseId": "D4-22",
  "status": "PASS",
  "why": "Public exposure deploy plan caught",
  "executedAt": "20260923093946",
  "result": {
    "decision": "warn",
    "findings": [
      {
        "ruleId": "hwc-functiongraph-public-no-auth",
        "title": "Public FunctionGraph trigger without auth",
        "category": "public_exposure",
        "severity": "warn",
        "message": "The generated FunctionGraph or API Gateway path may be publicly reachable without authentication.",
        "remediation": "Require IAM, app authentication, JWT, or another explicit auth layer before exposing generated application endpoints.",
        "source": "deploy_plan",
        "evidence": "{ \"type\": \"functiongraph\", \"functions\": [ { \"name\": \"test-fn\", \"handler\": \"index.handler\", \"public_exposure\": true } ] }"
      }
    ]
  }
}