{
  "caseId": "D4-4",
  "status": "FAIL",
  "why": "echo creds: allow/allow/deny",
  "client": "CodeArtsSpace",
  "os": "Windows",
  "executedAt": "2026-09-30T21:30:55.054Z",
  "r1": {
    "decision": "allow",
    "risk": "not_huaweicloud",
    "reason": "No Huawei Cloud safety rule matched."
  },
  "r2": {
    "decision": "allow",
    "risk": "not_huaweicloud",
    "reason": "No Huawei Cloud safety rule matched."
  },
  "r3": {
    "decision": "deny",
    "risk": "credential",
    "reason": "Printing cloud credential environment variables is blocked."
  }
}
