=== D2-1: auth init三端同步 ===
auth_switch persist response: {
  "status": "ok",
  "scope": "persist",
  "backedUp": false,
  "obs": {
    "configured": true
  },
  "hcloud": {
    "ok": true,
    "error": ""
  },
  "note": "S1 written with configuredBySession (R9), which now takes priority over env-injected credentials; S2(current profile) and S3 synced. Note: running `auth init` later clears the configuredBySession flag and env credentials regain priority."
}
[PASS] auth_switch persist 返回 ok :: status=ok
[PASS] S1 credentials.json 落位 :: path: C:\Users\ADMINI~1\AppData\Local\Temp\2\d2-1-3LJQnr\.config\huaweicloud\credentials.json
[PASS] S1 含 ak :: ak prefix: HPUAN1...
[PASS] S1 含 sk :: sk length: 41
[PASS] S1 含 region :: region: cn-north-4 
[PASS] S1 ak 与输入一致 :: 凭证正确写入
[PASS] S1 sk 与输入一致 :: 密钥正确写入
[PASS] S2 hcloud config.json 落位 :: path: C:\Users\Administrator\.hcloud\config.json
[PASS] S2 hcloud sync 报告 ok :: hcloud.ok=true
[PASS] S2 含 current profile :: current: default
[PASS] S2 含 profiles 数组 :: profiles count: 1
[PASS] S3 obsutil config 落位 :: path: C:\Users\Administrator\.obsutilconfig
[PASS] S3 OBS sync 报告 configured :: obs.configured=true

=== 汇总 ===
Total: 13, PASS: 13, FAIL: 0
Overall: PASS

=== RESULT ===
{"testCase":"D2-1","title":"auth init三端同步","result":"PASS","checks":[{"label":"auth_switch persist 返回 ok","pass":true,"detail":"status=ok"},{"label":"S1 credentials.json 落位","pass":true,"detail":"path: C:\\Users\\ADMINI~1\\AppData\\Local\\Temp\\2\\d2-1-3LJQnr\\.config\\huaweicloud\\credentials.json"},{"label":"S1 含 ak","pass":true,"detail":"ak prefix: HPUAN1..."},{"label":"S1 含 sk","pass":true,"detail":"sk length: 41"},{"label":"S1 含 region","pass":true,"detail":"region: cn-north-4 "},{"label":"S1 ak 与输入一致","pass":true,"detail":"凭证正确写入"},{"label":"S1 sk 与输入一致","pass":true,"detail":"密钥正确写入"},{"label":"S2 hcloud config.json 落位","pass":true,"detail":"path: C:\\Users\\Administrator\\.hcloud\\config.json"},{"label":"S2 hcloud sync 报告 ok","pass":true,"detail":"hcloud.ok=true"},{"label":"S2 含 current profile","pass":true,"detail":"current: default"},{"label":"S2 含 profiles 数组","pass":true,"detail":"profiles count: 1"},{"label":"S3 obsutil config 落位","pass":true,"detail":"path: C:\\Users\\Administrator\\.obsutilconfig"},{"label":"S3 OBS sync 报告 configured","pass":true,"detail":"obs.configured=true"}],"timestamp":"2026-09-21T01:57:40.128Z"}
