{
  "caseId": "D4-19",
  "status": "PASS",
  "why": "classification=deny/write safeToRun=false",
  "executedAt": "20260924221924",
  "p": {
    "executable": "hcloud",
    "args": [
      "ECS",
      "DeleteServer",
      "--server_id=test"
    ],
    "command": "hcloud ECS DeleteServer --server_id=test",
    "executableBlock": "hcloud ECS DeleteServer --server_id=test",
    "warnings": [],
    "classification": {
      "decision": "deny",
      "risk": "write",
      "reason": "Huawei Cloud write operation blocked until the agent presents a plan and receives explicit user approval."
    },
    "sgFindings": [],
    "approvalToken": "71e08107-e61b-4771-b412-73d5ace9d3ad",
    "safeToRun": false
  }
}