{
  "total": 8,
  "passed": 8,
  "failed": 0,
  "results": [
    {
      "id": "D4-28",
      "name": "hooks-json-mjs",
      "pass": true,
      "actual": "true",
      "expected": "true",
      "passMsg": "hooks.json registers .mjs node",
      "failMsg": "hooks.json missing .mjs registration"
    },
    {
      "id": "D4-28",
      "name": "safety-mjs-exists",
      "pass": true,
      "actual": "true",
      "expected": "true",
      "passMsg": "huaweicloud-safety.mjs exists",
      "failMsg": "huaweicloud-safety.mjs missing"
    },
    {
      "id": "D4-28",
      "name": "command-extract",
      "pass": true,
      "actual": "true",
      "expected": "true",
      "passMsg": "command field extracted+denied",
      "failMsg": "command field not extracted"
    },
    {
      "id": "D4-28",
      "name": "cmd-extract",
      "pass": true,
      "actual": "true",
      "expected": "true",
      "passMsg": "cmd field extracted+denied",
      "failMsg": "cmd field not extracted"
    },
    {
      "id": "D4-28",
      "name": "script-extract",
      "pass": true,
      "actual": "true",
      "expected": "true",
      "passMsg": "script field extracted+denied",
      "failMsg": "script field not extracted"
    },
    {
      "id": "D4-28",
      "name": "args-extract",
      "pass": true,
      "actual": "true",
      "expected": "true",
      "passMsg": "args field extracted+denied",
      "failMsg": "args field not extracted"
    },
    {
      "id": "D4-28",
      "name": "safe-no-deny",
      "pass": true,
      "actual": "true",
      "expected": "true",
      "passMsg": "safe command no deny",
      "failMsg": "safe command denied"
    },
    {
      "id": "D4-28",
      "name": "echo-cred-deny",
      "pass": true,
      "actual": "true",
      "expected": "true",
      "passMsg": "echo credential denied",
      "failMsg": "echo credential not denied"
    }
  ]
}