<<<<<<< HEAD
D3-C5 测试证据
执行时间: 2026-10-06 05:14
客户端: CodeArtsSpace
OS: Windows
被测版本: 1.1.8-next.1
工具: probe-p1.mjs
结果: PASS
断言: service_catalog 多意图路由
结论: PASS - 多意图路由正确
=======
{
  "caseId": "D3-C5",
  "status": "PASS",
  "why": "PASS - 功能验证通过",
  "executedAt": "20261006051036",
  "assertion": "功能用例通过",
  "rootCause": "",
  "blockedReason": "",
  "version": "1.1.8-next.1"
}
>>>>>>> 4b89f0993 (test: CodeArtsSpace Windows 2026-10-06 daily test (141 cases, 136 PASS, 8 FAIL historical, 1 NOT_RUN))
