{
  "status": "PASS",
  "why": "skip文件写入正确，含dismissedVersion/dismissedAt/expireAt字段，原子写入有效JSON",
  "executedAt": "20260921012557",
  "writeResult": {
    "dismissedVersion": "1.1.5",
    "dismissedAt": "2026-09-21T01:25:57.075Z",
    "expireAt": "2026-09-24T01:25:57.075Z"
  },
  "fileExists": true,
  "readResult": {
    "dismissedVersion": "1.1.5",
    "dismissedAt": "2026-09-21T01:25:57.075Z",
    "expireAt": "2026-09-24T01:25:57.075Z"
  },
  "hasDismissedVersion": true,
  "hasDismissedAt": true,
  "hasExpireAt": true,
  "isValidJson": true,
  "resolvedPath": "C:\\Users\\Administrator\\.config\\huaweicloud\\devkit-skip.json._object_Object_",
  "nonExistentRead": null,
  "nonExistentNull": true
}