=== SUT ===
HuaweiCloud DevKit CLI: 1.1.7

=== HDK HEAD ===
7456d05 Merge pull request #813 from huaweicloud/release-1.1.7
=== 时间戳 2026-10-07 05:10:03 CST ===

########## probe-security.mjs -> fresh-security.txt ##########
exit=0

########## probe-supplement2.mjs -> fresh-supplement2.txt ##########
exit=0

########## probe-remaining.mjs -> fresh-remaining.txt ##########
exit=0

########## probe-final.mjs -> fresh-final.txt ##########
exit=0

########## probe-d1-41.mjs -> fresh-d1-41.txt ##########
exit=0

########## probe-tools.mjs -> fresh-tools.txt ##########
exit=0

########## probe-matrix.mjs -> fresh-matrix.txt ##########
exit=0

########## probe-protocol.mjs -> fresh-protocol.txt ##########
exit=0

########## probe-supplement.mjs -> fresh-supplement.txt ##########
exit=0

########## D2-auth-probe.mjs -> fresh-auth.txt ##########
exit=0

########## D4-approval-probe.mjs -> fresh-approval.txt ##########
exit=0

########## D3-C4-run.mjs -> fresh-c4.txt ##########
exit=0

########## probe-newcases.mjs -> fresh-newcases.txt ##########
exit=0

########## probe-d9-10.mjs -> fresh-d9-10.txt ##########
exit=0

########## probe-cli.sh -> fresh-cli.txt ##########
exit=0

########## probe-hook.sh -> fresh-hook.txt ##########
exit=0

########## probe-d158.sh -> fresh-d158.txt ##########
exit=1

########## probe-d4-25.py -> fresh-d4-25.txt ##########
exit=0

########## D10-3 eval harness -> eval-harness.txt ##########
exit=0

====== D2-26 备份恢复 (HUAWEICLOUD_HOME 隔离) ======
exit=0

====== D4-27 双路径脱敏 ======
exit=0

====== D9-12 initialize 握手 (P0) ======
exit=0

====== D9-13 tools/call 凭证不泄露 (P0) ======
exit=0

====== D4-28 + D1-67 + D1-69 (hookchain-cli) ======
exit=0

ALL SOURCE-LEVEL PROBES DONE 05:11:20
