<<<<<<< HEAD
D1-39 测试证据
执行时间: 2026-10-06 05:14
客户端: CodeArtsSpace
OS: Windows
被测版本: 1.1.8-next.1
工具: probe-p0.mjs
结果: PASS
断言: Windows 专属: PowerShell 安装路径正确
结论: PASS - Windows PowerShell 安装路径正确
=======
{
  "caseId": "D1-39",
  "status": "PASS",
  "why": "PASS - Windows detection ok",
  "executedAt": "20261006051100",
  "assertion": "Windows upgrade detection chain",
  "rootCause": "",
  "blockedReason": "",
  "version": "1.1.8-next.1"
}
>>>>>>> 4b89f0993 (test: CodeArtsSpace Windows 2026-10-06 daily test (141 cases, 136 PASS, 8 FAIL historical, 1 NOT_RUN))
