=== D8-7: meta/通用技能指引可机械执行验证 ===
Found 29 skills: [
  'huawei-apig',
  'huawei-billing',
  'huawei-cbr',
  'huawei-cce',
  'huawei-cloud-eye',
  'huawei-cts',
  'huawei-dds-dcs',
  'huawei-deployment',
  'huawei-dew',
  'huawei-ecs',
  'huawei-functiongraph',
  'huawei-gaussdb',
  'huawei-getting-started',
  'huawei-iac',
  'huawei-iam',
  'huawei-modelarts',
  'huawei-obs',
  'huawei-rds',
  'huawei-sandbox',
  'huawei-smn-dms',
  'huawei-voucher',
  'huawei-vpc',
  'huawei-waf-aad',
  'huaweicloud-api-and-sdk',
  'huaweicloud-capability-discovery',
  'huaweicloud-cli-and-auth',
  'huaweicloud-core',
  'huaweicloud-safety',
  'huaweicloud-troubleshooting'
]

huaweicloud-api-and-sdk:
  YAML frontmatter: true
  Name matches: true
  Dead links: 0 
  TODO markers: false
  Hallucination markers: false
  Status: OK

huaweicloud-capability-discovery:
  YAML frontmatter: true
  Name matches: true
  Dead links: 0 
  TODO markers: false
  Hallucination markers: false
  Status: OK

huaweicloud-cli-and-auth:
  YAML frontmatter: true
  Name matches: true
  Dead links: 0 
  TODO markers: false
  Hallucination markers: false
  Status: OK

huaweicloud-core:
  YAML frontmatter: true
  Name matches: true
  Dead links: 0 
  TODO markers: false
  Hallucination markers: false
  Status: OK

huaweicloud-safety:
  YAML frontmatter: true
  Name matches: true
  Dead links: 0 
  TODO markers: false
  Hallucination markers: false
  Status: OK

huaweicloud-troubleshooting:
  YAML frontmatter: true
  Name matches: true
  Dead links: 0 
  TODO markers: false
  Hallucination markers: false
  Status: OK

Verified: 6/6
RESULT: PASS - All meta-skills mechanically executable, no broken links or hallucination steps
