{
  "case": "D3-C1",
  "status": "FAIL",
  "total": 5,
  "passed": 4,
  "failed": 1,
  "results": [
    {
      "name": "CreateVpc",
      "pass": true,
      "detail": "{\n  \"vpc\": {\n    \"id\": \"9a5a4d2f-17b9-4143-8ac2-6e82019bd552\",\n    \"name\": \"testbot3-hermes-e2e-1494"
    },
    {
      "name": "CreateSubnet",
      "pass": true,
      "detail": "{\n  \"subnet\": {\n    \"id\": \"0481a6a5-b580-456d-8253-f1241f8e98d6\",\n    \"name\": \"testbot3-hermes-e2e-1"
    },
    {
      "name": "CreateServers(审批分类)",
      "pass": "allow",
      "detail": "allow"
    },
    {
      "name": "CreateServers(返回serverIds)",
      "pass": true,
      "detail": "{\n  \"job_id\": \"ff808081a0ed144001a11d5f36d873cf\",\n  \"serverIds\": [\n    \"b2dd188e-a2c3-427d-932d-95ece98c4d23\"\n  ]\n}"
    },
    {
      "name": "finally归零(校验真实删除)",
      "pass": false,
      "detail": "ECS:提交删除 ECS轮询:仍在/未确认 subnet:OK vpc:OK"
    }
  ]
}