PASS  ECS          read-only planning ok  hcloud ECS --help
PASS  VPC          read-only planning ok  hcloud VPC --help
PASS  OBS          read-only planning ok  hcloud obs help
PASS  RDS          read-only planning ok  hcloud RDS --help
PASS  GaussDB      read-only planning ok  hcloud GaussDB --help
PASS  CCE          read-only planning ok  hcloud CCE --help
PASS  FunctionGraph read-only planning ok  hcloud FunctionGraph --help
PASS  IAM          read-only planning ok  hcloud IAM --help
PASS  CTS          read-only planning ok  hcloud CTS --help
PASS  CES          read-only planning ok  hcloud CES --help
PASS  DDS          read-only planning ok  hcloud DDS --help
PASS  DCS          read-only planning ok  hcloud DCS --help
PASS  SMN          read-only planning ok  hcloud SMN --help
PASS  DMS          read-only planning ok  hcloud DMS --help
PASS  WAF          read-only planning ok  hcloud WAF --help
PASS  CDN          read-only planning ok  hcloud CDN --help
PASS  ModelArts    read-only planning ok  hcloud ModelArts --help
PASS  DEW          read-only planning ok  hcloud DEW --help
PASS  CBR          read-only planning ok  hcloud CBR --help
PASS  EVS          read-only planning ok  hcloud EVS --help
PASS  EIP          read-only planning ok  hcloud EIP --help
PASS  ELB          read-only planning ok  hcloud ELB --help
=== SERVICE MATRIX 22/22 read-only planning accessible ===
