{
  "status": "PASS",
  "why": "proxy.json读写/clear正确; getProxySettings拼env+file且no_proxy命中返回null; WebSocket代理选择正确",
  "executedAt": "20260921014745",
  "writePath": "C:\\Users\\ADMINI~1\\AppData\\Local\\Temp\\2\\d1-70-proxy-test-1789955265730\\.config\\huaweicloud\\proxy.json",
  "writeSuccess": true,
  "readConfig": {
    "https_proxy": "http://proxy.example.com:8080",
    "http_proxy": "http://proxy.example.com:8080",
    "no_proxy": "localhost,*.internal.com"
  },
  "readCorrect": true,
  "proxySettings": {
    "proxyUrl": "http://proxy.example.com:8080",
    "noProxyList": [
      "localhost",
      "*.internal.com"
    ],
    "targetProtocol": "https:"
  },
  "settingsCorrect": true,
  "bypassSettings": null,
  "bypassWorks": true,
  "wildcardBypass": null,
  "wildcardBypassWorks": true,
  "clearSuccess": true,
  "clearVerified": true,
  "noProxySettings": null,
  "noProxyReturnsNull": true,
  "envProxySettings": {
    "proxyUrl": "http://env-proxy.example.com:9090",
    "noProxyList": [],
    "targetProtocol": "https:"
  },
  "envProxyWorks": true,
  "wsImpl": "WebSocket",
  "wsImplExists": true,
  "wsImplProxy": "WebSocket",
  "wsImplProxyExists": true
}