ECS            list=ok plan=allow/read_only
VPC            list=ok plan=allow/read_only
OBS            list=ok plan=allow/read_only
RDS            list=ok plan=allow/read_only
GaussDB        list=ok plan=allow/read_only
CCE            list=ok plan=allow/read_only
FunctionGraph  list=ok plan=allow/read_only
IAM            list=ok plan=allow/unknown_read
CTS            list=ok plan=allow/read_only
CES            list=ok plan=allow/read_only
DDS            list=ok plan=allow/read_only
DCS            list=ok plan=allow/read_only
SMN            list=ok plan=allow/read_only
DMS            list=ok plan=allow/read_only
WAF            list=ok plan=allow/read_only
CDN            list=ok plan=allow/read_only
ModelArts      list=ok plan=allow/read_only
DEW            list=ok plan=allow/read_only
CBR            list=ok plan=allow/read_only
EVS            list=ok plan=allow/read_only
EIP            list=ok plan=allow/read_only
ELB            list=ok plan=allow/read_only
只读规划: list_operations 22/22 可用; plan 只读命令 22/22 判 allow
创建前 tctest-dsh- VPC 计数: 0
创建 VPC: tctest-dsh-c4-1789599838317 | id: 6d27c4b2-b946-456a-887c-0933b205ffd2 | exit: 0
创建后 tctest-dsh- VPC 计数: 1 （含本次 if +1）
删除 VPC exit: 0 | 响应: 
删除后 tctest-dsh- VPC 计数: 0 （归零验证）
VERDICT PASS
