{
  "status": "PASS",
  "why": "All sub-tests passed",
  "executedAt": "20260921025826",
  "subTests": [
    {
      "label": "Node classify: credential file deny",
      "pass": true,
      "decision": "deny",
      "risk": "credential"
    },
    {
      "label": "Node classify: env dump deny",
      "pass": true,
      "decision": "deny",
      "risk": "credential"
    },
    {
      "label": "Node classify: write deny",
      "pass": true,
      "decision": "deny",
      "risk": "write"
    },
    {
      "label": "Node classify: read allow",
      "pass": true,
      "decision": "allow",
      "risk": "read_only"
    },
    {
      "label": "Risk rule: destructive warn/deny",
      "pass": true,
      "decision": "warn",
      "findings": [
        "hwc-destructive-delete-operation"
      ]
    },
    {
      "label": "Policy: blockedSecretOperations",
      "pass": true,
      "decision": "deny",
      "risk": "secret"
    }
  ]
}