{
  "case": "EXP-C4-02",
  "status": "PASS",
  "total": 2,
  "passed": 2,
  "results": [
    {
      "id": "EXP-C4-02",
      "name": "list-ops-VPC",
      "pass": true,
      "actual": "ok",
      "expected": "ok",
      "passMsg": "VPC list_operations OK",
      "failMsg": "VPC list_operations FAIL"
    },
    {
      "id": "EXP-C4-02",
      "name": "plan-VPC",
      "pass": true,
      "actual": "ok",
      "expected": "ok",
      "passMsg": "VPC plan OK",
      "failMsg": "VPC plan FAIL"
    }
  ],
  "source": "c4-service-matrix/probe.mjs"
}