{
  "case": "D1-41",
  "status": "PASS",
  "executedAt": "20260929050639",
  "total": 2,
  "passed": 2,
  "failed": 0,
  "results": [
    {
      "id": "D1-41",
      "name": "hint-up-to-date",
      "pass": true,
      "actual": "\"none\"",
      "expected": "up_to_date/none",
      "passMsg": "up_to_date hint correct",
      "failMsg": "up_to_date hint error",
      "_source": "d1-upgrade"
    },
    {
      "id": "D1-41",
      "name": "hint-update-available",
      "pass": true,
      "actual": "{\"latestVersion\":\"1.1.5\"}",
      "expected": "present",
      "passMsg": "update_available attaches hint",
      "failMsg": "update_available no hint",
      "_source": "d1-upgrade"
    }
  ],
  "source": "d1-upgrade"
}