{
  "status": "PASS",
  "caseId": "D3-A1",
  "why": "All 29 expected skills found with valid SKILL.md (YAML frontmatter with name+description, content >100 bytes). 29 total skill dirs.",
  "executedAt": "20261001103000",
  "totalSkillsFound": 29,
  "expectedCount": 29,
  "unexpectedDirs": [],
  "missingSkills": [],
  "details": [
    {
      "skill": "huawei-ecs",
      "dirExists": true,
      "mdExists": true,
      "mdSize": 14150,
      "hasFrontmatter": true,
      "hasNameField": true,
      "hasDescriptionField": true,
      "hasContent": true,
      "pass": true
    },
    {
      "skill": "huawei-obs",
      "dirExists": true,
      "mdExists": true,
      "mdSize": 11117,
      "hasFrontmatter": true,
      "hasNameField": true,
      "hasDescriptionField": true,
      "hasContent": true,
      "pass": true
    },
    {
      "skill": "huawei-vpc",
      "dirExists": true,
      "mdExists": true,
      "mdSize": 18083,
      "hasFrontmatter": true,
      "hasNameField": true,
      "hasDescriptionField": true,
      "hasContent": true,
      "pass": true
    },
    {
      "skill": "huawei-rds",
      "dirExists": true,
      "mdExists": true,
      "mdSize": 14049,
      "hasFrontmatter": true,
      "hasNameField": true,
      "hasDescriptionField": true,
      "hasContent": true,
      "pass": true
    },
    {
      "skill": "huawei-iam",
      "dirExists": true,
      "mdExists": true,
      "mdSize": 7499,
      "hasFrontmatter": true,
      "hasNameField": true,
      "hasDescriptionField": true,
      "hasContent": true,
      "pass": true
    },
    {
      "skill": "huawei-cce",
      "dirExists": true,
      "mdExists": true,
      "mdSize": 12034,
      "hasFrontmatter": true,
      "hasNameField": true,
      "hasDescriptionField": true,
      "hasContent": true,
      "pass": true
    },
    {
      "skill": "huawei-dew",
      "dirExists": true,
      "mdExists": true,
      "mdSize": 5136,
      "hasFrontmatter": true,
      "hasNameField": true,
      "hasDescriptionField": true,
      "hasContent": true,
      "pass": true
    },
    {
      "skill": "huawei-cbr",
      "dirExists": true,
      "mdExists": true,
      "mdSize": 2787,
      "hasFrontmatter": true,
      "hasNameField": true,
      "hasDescriptionField": true,
      "hasContent": true,
      "pass": true
    },
    {
      "skill": "huawei-voucher",
      "dirExists": true,
      "mdExists": true,
      "mdSize": 2499,
      "hasFrontmatter": true,
      "hasNameField": true,
      "hasDescriptionField": true,
      "hasContent": true,
      "pass": true
    },
    {
      "skill": "huawei-sandbox",
      "dirExists": true,
      "mdExists": true,
      "mdSize": 72112,
      "hasFrontmatter": true,
      "hasNameField": true,
      "hasDescriptionField": true,
      "hasContent": true,
      "pass": true
    },
    {
      "skill": "huawei-apig",
      "dirExists": true,
      "mdExists": true,
      "mdSize": 8090,
      "hasFrontmatter": true,
      "hasNameField": true,
      "hasDescriptionField": true,
      "hasContent": true,
      "pass": true
    },
    {
      "skill": "huawei-billing",
      "dirExists": true,
      "mdExists": true,
      "mdSize": 6187,
      "hasFrontmatter": true,
      "hasNameField": true,
      "hasDescriptionField": true,
      "hasContent": true,
      "pass": true
    },
    {
      "skill": "huawei-cloud-eye",
      "dirExists": true,
      "mdExists": true,
      "mdSize": 4787,
      "hasFrontmatter": true,
      "hasNameField": true,
      "hasDescriptionField": true,
      "hasContent": true,
      "pass": true
    },
    {
      "skill": "huawei-cts",
      "dirExists": true,
      "mdExists": true,
      "mdSize": 2880,
      "hasFrontmatter": true,
      "hasNameField": true,
      "hasDescriptionField": true,
      "hasContent": true,
      "pass": true
    },
    {
      "skill": "huawei-dds-dcs",
      "dirExists": true,
      "mdExists": true,
      "mdSize": 3782,
      "hasFrontmatter": true,
      "hasNameField": true,
      "hasDescriptionField": true,
      "hasContent": true,
      "pass": true
    },
    {
      "skill": "huawei-deployment",
      "dirExists": true,
      "mdExists": true,
      "mdSize": 10118,
      "hasFrontmatter": true,
      "hasNameField": true,
      "hasDescriptionField": true,
      "hasContent": true,
      "pass": true
    },
    {
      "skill": "huawei-functiongraph",
      "dirExists": true,
      "mdExists": true,
      "mdSize": 10581,
      "hasFrontmatter": true,
      "hasNameField": true,
      "hasDescriptionField": true,
      "hasContent": true,
      "pass": true
    },
    {
      "skill": "huawei-gaussdb",
      "dirExists": true,
      "mdExists": true,
      "mdSize": 2757,
      "hasFrontmatter": true,
      "hasNameField": true,
      "hasDescriptionField": true,
      "hasContent": true,
      "pass": true
    },
    {
      "skill": "huawei-getting-started",
      "dirExists": true,
      "mdExists": true,
      "mdSize": 4883,
      "hasFrontmatter": true,
      "hasNameField": true,
      "hasDescriptionField": true,
      "hasContent": true,
      "pass": true
    },
    {
      "skill": "huawei-iac",
      "dirExists": true,
      "mdExists": true,
      "mdSize": 28481,
      "hasFrontmatter": true,
      "hasNameField": true,
      "hasDescriptionField": true,
      "hasContent": true,
      "pass": true
    },
    {
      "skill": "huawei-modelarts",
      "dirExists": true,
      "mdExists": true,
      "mdSize": 3838,
      "hasFrontmatter": true,
      "hasNameField": true,
      "hasDescriptionField": true,
      "hasContent": true,
      "pass": true
    },
    {
      "skill": "huawei-smn-dms",
      "dirExists": true,
      "mdExists": true,
      "mdSize": 4363,
      "hasFrontmatter": true,
      "hasNameField": true,
      "hasDescriptionField": true,
      "hasContent": true,
      "pass": true
    },
    {
      "skill": "huawei-waf-aad",
      "dirExists": true,
      "mdExists": true,
      "mdSize": 3215,
      "hasFrontmatter": true,
      "hasNameField": true,
      "hasDescriptionField": true,
      "hasContent": true,
      "pass": true
    },
    {
      "skill": "huaweicloud-api-and-sdk",
      "dirExists": true,
      "mdExists": true,
      "mdSize": 3823,
      "hasFrontmatter": true,
      "hasNameField": true,
      "hasDescriptionField": true,
      "hasContent": true,
      "pass": true
    },
    {
      "skill": "huaweicloud-capability-discovery",
      "dirExists": true,
      "mdExists": true,
      "mdSize": 6499,
      "hasFrontmatter": true,
      "hasNameField": true,
      "hasDescriptionField": true,
      "hasContent": true,
      "pass": true
    },
    {
      "skill": "huaweicloud-cli-and-auth",
      "dirExists": true,
      "mdExists": true,
      "mdSize": 12746,
      "hasFrontmatter": true,
      "hasNameField": true,
      "hasDescriptionField": true,
      "hasContent": true,
      "pass": true
    },
    {
      "skill": "huaweicloud-core",
      "dirExists": true,
      "mdExists": true,
      "mdSize": 17081,
      "hasFrontmatter": true,
      "hasNameField": true,
      "hasDescriptionField": true,
      "hasContent": true,
      "pass": true
    },
    {
      "skill": "huaweicloud-safety",
      "dirExists": true,
      "mdExists": true,
      "mdSize": 3632,
      "hasFrontmatter": true,
      "hasNameField": true,
      "hasDescriptionField": true,
      "hasContent": true,
      "pass": true
    },
    {
      "skill": "huaweicloud-troubleshooting",
      "dirExists": true,
      "mdExists": true,
      "mdSize": 10054,
      "hasFrontmatter": true,
      "hasNameField": true,
      "hasDescriptionField": true,
      "hasContent": true,
      "pass": true
    }
  ]
}
