{
  "total": 43,
  "passed": 43,
  "failed": 0,
  "results": [
    {
      "id": "D4-28",
      "name": "hooks-mjs",
      "pass": true,
      "actual": "check",
      "expected": "mjs",
      "passMsg": "MJS hook registered",
      "failMsg": "No MJS hook"
    },
    {
      "id": "D4-28",
      "name": "commandText",
      "pass": true,
      "actual": "check",
      "expected": "present",
      "passMsg": "commandText present",
      "failMsg": "commandText missing"
    },
    {
      "id": "D4-28",
      "name": "deny-output",
      "pass": true,
      "actual": "deny",
      "expected": "deny",
      "passMsg": "Credential denied",
      "failMsg": "Not denied"
    },
    {
      "id": "D4-28",
      "name": "safe-no-deny",
      "pass": true,
      "actual": "allow",
      "expected": "non-deny",
      "passMsg": "Safe not denied",
      "failMsg": "Safe denied"
    },
    {
      "id": "EXP-NR3-01",
      "name": "readonly",
      "pass": true,
      "actual": "allow",
      "expected": "allow",
      "passMsg": "Read-only allowed",
      "failMsg": "Not allowed"
    },
    {
      "id": "EXP-NR3-01",
      "name": "write-approval",
      "pass": true,
      "actual": "false",
      "expected": "false",
      "passMsg": "Write needs approval",
      "failMsg": "No approval"
    },
    {
      "id": "EXP-NR3-01",
      "name": "token",
      "pass": true,
      "actual": "check",
      "expected": "present",
      "passMsg": "Token present",
      "failMsg": "Missing"
    },
    {
      "id": "EXP-NR3-01",
      "name": "single-use",
      "pass": true,
      "actual": "check",
      "expected": "c1t,c2f",
      "passMsg": "Single-use",
      "failMsg": "Reusable"
    },
    {
      "id": "EXP-NR3-01",
      "name": "dismiss",
      "pass": true,
      "actual": "check",
      "expected": "persisted",
      "passMsg": "Dismiss persisted",
      "failMsg": "Not persisted"
    },
    {
      "id": "EXP-NR3-03",
      "name": "skip-write",
      "pass": true,
      "actual": "check",
      "expected": "exists",
      "passMsg": "Skip file written",
      "failMsg": "Not written"
    },
    {
      "id": "EXP-NR3-03",
      "name": "skip-content",
      "pass": true,
      "actual": "{\"dismissedVersion\":\"1.1.5\",\"dismissedAt\":\"2026-09-21T21:57:38.484Z\",\"expireAt\":",
      "expected": "non-null",
      "passMsg": "Skip content present",
      "failMsg": "Skip content null"
    },
    {
      "id": "EXP-NR3-09",
      "name": "einval-handled",
      "pass": true,
      "actual": "check",
      "expected": "handled",
      "passMsg": "EINVAL handled",
      "failMsg": "Not handled"
    },
    {
      "id": "EXP-NR3-23",
      "name": "one-time",
      "pass": true,
      "actual": "check",
      "expected": "c1t,c1bf",
      "passMsg": "One-time works",
      "failMsg": "Reusable"
    },
    {
      "id": "EXP-NR3-23",
      "name": "cache",
      "pass": true,
      "actual": "check",
      "expected": "same",
      "passMsg": "Cache consistent",
      "failMsg": "Inconsistent"
    },
    {
      "id": "EXP-D5-8-1",
      "name": "manifest",
      "pass": true,
      "actual": "check",
      "expected": "exists",
      "passMsg": "Manifest exists",
      "failMsg": "Missing"
    },
    {
      "id": "EXP-D5-8-3",
      "name": "tool-count",
      "pass": true,
      "actual": "40",
      "expected": ">=40",
      "passMsg": "Tools: 40",
      "failMsg": "Too low: 40"
    },
    {
      "id": "D1-65",
      "name": "debug",
      "pass": true,
      "actual": "check",
      "expected": "yes",
      "passMsg": "Debug env",
      "failMsg": "No"
    },
    {
      "id": "D1-66",
      "name": "telemetry",
      "pass": true,
      "actual": "check",
      "expected": "yes",
      "passMsg": "Telemetry",
      "failMsg": "No"
    },
    {
      "id": "D1-67",
      "name": "toolkit",
      "pass": true,
      "actual": "check",
      "expected": "yes",
      "passMsg": "Toolkit",
      "failMsg": "No"
    },
    {
      "id": "D1-68",
      "name": "icon",
      "pass": true,
      "actual": "check",
      "expected": "yes",
      "passMsg": "Icon env",
      "failMsg": "No"
    },
    {
      "id": "D1-69",
      "name": "help",
      "pass": true,
      "actual": "check",
      "expected": "yes",
      "passMsg": "CLI help",
      "failMsg": "No"
    },
    {
      "id": "D2-27",
      "name": "koolcli",
      "pass": true,
      "actual": "check",
      "expected": "yes",
      "passMsg": "KooCLI",
      "failMsg": "No"
    },
    {
      "id": "D4-25",
      "name": "classify",
      "pass": true,
      "actual": "check",
      "expected": "yes",
      "passMsg": "Classify",
      "failMsg": "No"
    },
    {
      "id": "D4-26",
      "name": "redacted",
      "pass": true,
      "actual": "check",
      "expected": "yes",
      "passMsg": "Redacted",
      "failMsg": "No"
    },
    {
      "id": "D4-29",
      "name": "entry",
      "pass": {
        "decision": "deny",
        "risk": "credential",
        "reason": "Reading Huawei Cloud credential or profile files is blocked. Use redacted profile inspection tools instead."
      },
      "actual": "check",
      "expected": "valid",
      "passMsg": "Entry works",
      "failMsg": "Broken"
    },
    {
      "id": "D4-29",
      "name": "deny",
      "pass": true,
      "actual": "deny",
      "expected": "deny",
      "passMsg": "Deny works",
      "failMsg": "No"
    },
    {
      "id": "D6-9",
      "name": "cache",
      "pass": true,
      "actual": "works",
      "expected": "works",
      "passMsg": "Cache works",
      "failMsg": "No"
    },
    {
      "id": "D8-9",
      "name": "installId",
      "pass": true,
      "actual": "check",
      "expected": "yes",
      "passMsg": "Install ID",
      "failMsg": "No"
    },
    {
      "id": "D8-9",
      "name": "redact",
      "pass": true,
      "actual": "check",
      "expected": "yes",
      "passMsg": "Redacted",
      "failMsg": "No"
    },
    {
      "id": "D8-10",
      "name": "backup",
      "pass": true,
      "actual": "check",
      "expected": "yes",
      "passMsg": "Config backup/merge module",
      "failMsg": "No"
    },
    {
      "id": "D3-S5",
      "name": "routing",
      "pass": true,
      "actual": "check",
      "expected": "yes",
      "passMsg": "Routing",
      "failMsg": "No"
    },
    {
      "id": "D3-S6",
      "name": "fg",
      "pass": true,
      "actual": "check",
      "expected": "valid",
      "passMsg": "FG plan",
      "failMsg": "No"
    },
    {
      "id": "D3-C14",
      "name": "sandbox",
      "pass": true,
      "actual": "check",
      "expected": "yes",
      "passMsg": "Sandbox",
      "failMsg": "No"
    },
    {
      "id": "D3-C13",
      "name": "obs",
      "pass": true,
      "actual": "check",
      "expected": "valid",
      "passMsg": "OBS plan",
      "failMsg": "No"
    },
    {
      "id": "D3-S1",
      "name": "ecs",
      "pass": true,
      "actual": "check",
      "expected": "allow",
      "passMsg": "ECS allowed",
      "failMsg": "No"
    },
    {
      "id": "D3-S2",
      "name": "vpc",
      "pass": true,
      "actual": "check",
      "expected": "false",
      "passMsg": "VPC confirm",
      "failMsg": "No"
    },
    {
      "id": "D3-S8",
      "name": "explain",
      "pass": true,
      "actual": "check",
      "expected": "yes",
      "passMsg": "Explain",
      "failMsg": "No"
    },
    {
      "id": "D9-10",
      "name": "remote",
      "pass": true,
      "actual": "check",
      "expected": "yes",
      "passMsg": "Remote",
      "failMsg": "No"
    },
    {
      "id": "D9-11",
      "name": "ws",
      "pass": true,
      "actual": "check",
      "expected": "yes",
      "passMsg": "WS tunnel",
      "failMsg": "No"
    },
    {
      "id": "D1-70",
      "name": "proxy",
      "pass": true,
      "actual": "check",
      "expected": "yes",
      "passMsg": "Proxy",
      "failMsg": "No"
    },
    {
      "id": "D3-S3",
      "name": "sandbox-deploy",
      "pass": true,
      "actual": "check",
      "expected": "yes",
      "passMsg": "Sandbox",
      "failMsg": "No"
    },
    {
      "id": "D3-S4",
      "name": "voucher",
      "pass": true,
      "actual": "check",
      "expected": "yes",
      "passMsg": "Voucher",
      "failMsg": "No"
    },
    {
      "id": "D3-S7",
      "name": "cross",
      "pass": {
        "decision": "allow",
        "risk": "read_only",
        "reason": "Command appears to be a read-only Huawei Cloud operation.",
        "service": "RDS",
        "operation": "ListInstances",
        "args": [
          "RDS",
          "ListInstances",
          "--limit=5"
        ]
      },
      "actual": "check",
      "expected": "valid",
      "passMsg": "Cross-service",
      "failMsg": "No"
    }
  ]
}