{
  "case": "EXP-C4-08",
  "status": "PASS",
  "total": 2,
  "passed": 2,
  "results": [
    {
      "id": "EXP-C4-08",
      "name": "list-ops-IAM",
      "pass": true,
      "actual": "ok",
      "expected": "ok",
      "passMsg": "IAM list_operations OK",
      "failMsg": "IAM list_operations FAIL"
    },
    {
      "id": "EXP-C4-08",
      "name": "plan-IAM",
      "pass": true,
      "actual": "ok",
      "expected": "ok",
      "passMsg": "IAM plan OK",
      "failMsg": "IAM plan FAIL"
    }
  ],
  "source": "c4-service-matrix/probe.mjs"
}