{
  "status": "PASS",
  "caseId": "D4-15",
  "source": "group:d4-security",
  "assertions": [
    {
      "id": "D4-15",
      "name": "bypass-chained",
      "pass": true,
      "actual": "deny",
      "expected": "deny",
      "passMsg": "chained bypass blocked",
      "failMsg": "chained bypass not blocked"
    },
    {
      "id": "D4-15",
      "name": "bypass-bash",
      "pass": true,
      "actual": "deny",
      "expected": "deny",
      "passMsg": "bash wrapper blocked",
      "failMsg": "bash wrapper not blocked"
    }
  ],
  "passed": 2,
  "total": 2
}