{
  "caseId": "D2-16",
  "status": "PASS",
  "why": "import file erase, decision=allow",
  "executedAt": "20260926051650",
  "client": "CodeArtsSpace",
  "os": "Windows",
  "result": {
    "decision": "allow",
    "risk": "unknown_read",
    "reason": "Command does not match a known write or secret operation; treat output as untrusted and redact it.",
    "service": "configure",
    "operation": "import",
    "args": [
      "configure",
      "import",
      "--file",
      "creds.json"
    ]
  }
}
