================================================================================
D4-1: 凭证文件读取拦截测试 (Credential File Read Interception)
================================================================================
测试时间: 2026-09-20T02:46:47.404Z
测试函数: classifyTextCommand()
预期结果: decision=deny, risk=credential

[PASS] cat hcloud credentials (Linux)
  命令: cat ~/.hcloud/credentials.json
  decision=deny, risk=credential
  reason: Reading Huawei Cloud credential or profile files is blocked. Use redacted profile inspection tools instead.

[PASS] cat hcloud config (Linux)
  命令: cat ~/.hcloud/config.json
  decision=deny, risk=credential
  reason: Reading Huawei Cloud credential or profile files is blocked. Use redacted profile inspection tools instead.

[PASS] cat huaweicloud credentials (Linux)
  命令: cat ~/.huaweicloud/credentials.json
  decision=deny, risk=credential
  reason: Reading Huawei Cloud credential or profile files is blocked. Use redacted profile inspection tools instead.

[PASS] less hcloud credentials
  命令: less ~/.hcloud/credentials.json
  decision=deny, risk=credential
  reason: Reading Huawei Cloud credential or profile files is blocked. Use redacted profile inspection tools instead.

[PASS] more hcloud credentials
  命令: more ~/.hcloud/credentials.json
  decision=deny, risk=credential
  reason: Reading Huawei Cloud credential or profile files is blocked. Use redacted profile inspection tools instead.

[PASS] head hcloud credentials
  命令: head ~/.hcloud/credentials.json
  decision=deny, risk=credential
  reason: Reading Huawei Cloud credential or profile files is blocked. Use redacted profile inspection tools instead.

[PASS] tail huaweicloud config
  命令: tail ~/.huaweicloud/config.json
  decision=deny, risk=credential
  reason: Reading Huawei Cloud credential or profile files is blocked. Use redacted profile inspection tools instead.

[PASS] type hcloud credentials (Windows)
  命令: type %USERPROFILE%\.hcloud\credentials.json
  decision=deny, risk=credential
  reason: Reading Huawei Cloud credential or profile files is blocked. Use redacted profile inspection tools instead.

[PASS] type huaweicloud credentials (Windows)
  命令: type %USERPROFILE%\.huaweicloud\credentials.json
  decision=deny, risk=credential
  reason: Reading Huawei Cloud credential or profile files is blocked. Use redacted profile inspection tools instead.

[PASS] Get-Content hcloud credentials (PowerShell)
  命令: Get-Content ~/.hcloud/credentials.json
  decision=deny, risk=credential
  reason: Reading Huawei Cloud credential or profile files is blocked. Use redacted profile inspection tools instead.

[PASS] Get-Content hcloud config (PowerShell)
  命令: Get-Content $env:USERPROFILE\.hcloud\config.json
  decision=deny, risk=credential
  reason: Reading Huawei Cloud credential or profile files is blocked. Use redacted profile inspection tools instead.

[PASS] gc alias hcloud credentials
  命令: gc ~/.hcloud/credentials.json
  decision=deny, risk=credential
  reason: Reading Huawei Cloud credential or profile files is blocked. Use redacted profile inspection tools instead.

[PASS] cat absolute path hcloud credentials
  命令: cat /home/user/.hcloud/credentials.json
  decision=deny, risk=credential
  reason: Reading Huawei Cloud credential or profile files is blocked. Use redacted profile inspection tools instead.

[PASS] cat absolute path huaweicloud config
  命令: cat /root/.huaweicloud/config.json
  decision=deny, risk=credential
  reason: Reading Huawei Cloud credential or profile files is blocked. Use redacted profile inspection tools instead.

[PASS] type Windows absolute path hcloud
  命令: type C:\Users\admin\.hcloud\credentials.json
  decision=deny, risk=credential
  reason: Reading Huawei Cloud credential or profile files is blocked. Use redacted profile inspection tools instead.

[PASS] cat hcloud profiles directory
  命令: cat ~/.hcloud/profiles/default.json
  decision=deny, risk=credential
  reason: Reading Huawei Cloud credential or profile files is blocked. Use redacted profile inspection tools instead.

[PASS] hcloud configure show (blocked subcommand)
  命令: hcloud configure show
  decision=deny, risk=credential
  reason: Direct hcloud configure inspection may expose profile credentials. Use the redacted toolkit tools instead.

[PASS] hcloud configure list (blocked subcommand)
  命令: hcloud configure list
  decision=deny, risk=credential
  reason: Direct hcloud configure inspection may expose profile credentials. Use the redacted toolkit tools instead.

[PASS] hcloud configure get (blocked subcommand)
  命令: hcloud configure get --ak
  decision=deny, risk=credential
  reason: Direct hcloud configure inspection may expose profile credentials. Use the redacted toolkit tools instead.

================================================================================
汇总: 19/19 PASS, 0/19 FAIL
总体结果: PASS
================================================================================

---JSON_SUMMARY---
{
  "testCase": "D4-1",
  "title": "凭证文件读取拦截",
  "total": 19,
  "passed": 19,
  "failed": 0,
  "result": "PASS",
  "details": [
    {
      "cmd": "cat ~/.hcloud/credentials.json",
      "desc": "cat hcloud credentials (Linux)",
      "decision": "deny",
      "risk": "credential",
      "reason": "Reading Huawei Cloud credential or profile files is blocked. Use redacted profile inspection tools instead.",
      "passed": true,
      "blockedByRiskRule": false,
      "ruleId": null
    },
    {
      "cmd": "cat ~/.hcloud/config.json",
      "desc": "cat hcloud config (Linux)",
      "decision": "deny",
      "risk": "credential",
      "reason": "Reading Huawei Cloud credential or profile files is blocked. Use redacted profile inspection tools instead.",
      "passed": true,
      "blockedByRiskRule": false,
      "ruleId": null
    },
    {
      "cmd": "cat ~/.huaweicloud/credentials.json",
      "desc": "cat huaweicloud credentials (Linux)",
      "decision": "deny",
      "risk": "credential",
      "reason": "Reading Huawei Cloud credential or profile files is blocked. Use redacted profile inspection tools instead.",
      "passed": true,
      "blockedByRiskRule": false,
      "ruleId": null
    },
    {
      "cmd": "less ~/.hcloud/credentials.json",
      "desc": "less hcloud credentials",
      "decision": "deny",
      "risk": "credential",
      "reason": "Reading Huawei Cloud credential or profile files is blocked. Use redacted profile inspection tools instead.",
      "passed": true,
      "blockedByRiskRule": false,
      "ruleId": null
    },
    {
      "cmd": "more ~/.hcloud/credentials.json",
      "desc": "more hcloud credentials",
      "decision": "deny",
      "risk": "credential",
      "reason": "Reading Huawei Cloud credential or profile files is blocked. Use redacted profile inspection tools instead.",
      "passed": true,
      "blockedByRiskRule": false,
      "ruleId": null
    },
    {
      "cmd": "head ~/.hcloud/credentials.json",
      "desc": "head hcloud credentials",
      "decision": "deny",
      "risk": "credential",
      "reason": "Reading Huawei Cloud credential or profile files is blocked. Use redacted profile inspection tools instead.",
      "passed": true,
      "blockedByRiskRule": false,
      "ruleId": null
    },
    {
      "cmd": "tail ~/.huaweicloud/config.json",
      "desc": "tail huaweicloud config",
      "decision": "deny",
      "risk": "credential",
      "reason": "Reading Huawei Cloud credential or profile files is blocked. Use redacted profile inspection tools instead.",
      "passed": true,
      "blockedByRiskRule": false,
      "ruleId": null
    },
    {
      "cmd": "type %USERPROFILE%\\.hcloud\\credentials.json",
      "desc": "type hcloud credentials (Windows)",
      "decision": "deny",
      "risk": "credential",
      "reason": "Reading Huawei Cloud credential or profile files is blocked. Use redacted profile inspection tools instead.",
      "passed": true,
      "blockedByRiskRule": false,
      "ruleId": null
    },
    {
      "cmd": "type %USERPROFILE%\\.huaweicloud\\credentials.json",
      "desc": "type huaweicloud credentials (Windows)",
      "decision": "deny",
      "risk": "credential",
      "reason": "Reading Huawei Cloud credential or profile files is blocked. Use redacted profile inspection tools instead.",
      "passed": true,
      "blockedByRiskRule": false,
      "ruleId": null
    },
    {
      "cmd": "Get-Content ~/.hcloud/credentials.json",
      "desc": "Get-Content hcloud credentials (PowerShell)",
      "decision": "deny",
      "risk": "credential",
      "reason": "Reading Huawei Cloud credential or profile files is blocked. Use redacted profile inspection tools instead.",
      "passed": true,
      "blockedByRiskRule": false,
      "ruleId": null
    },
    {
      "cmd": "Get-Content $env:USERPROFILE\\.hcloud\\config.json",
      "desc": "Get-Content hcloud config (PowerShell)",
      "decision": "deny",
      "risk": "credential",
      "reason": "Reading Huawei Cloud credential or profile files is blocked. Use redacted profile inspection tools instead.",
      "passed": true,
      "blockedByRiskRule": false,
      "ruleId": null
    },
    {
      "cmd": "gc ~/.hcloud/credentials.json",
      "desc": "gc alias hcloud credentials",
      "decision": "deny",
      "risk": "credential",
      "reason": "Reading Huawei Cloud credential or profile files is blocked. Use redacted profile inspection tools instead.",
      "passed": true,
      "blockedByRiskRule": false,
      "ruleId": null
    },
    {
      "cmd": "cat /home/user/.hcloud/credentials.json",
      "desc": "cat absolute path hcloud credentials",
      "decision": "deny",
      "risk": "credential",
      "reason": "Reading Huawei Cloud credential or profile files is blocked. Use redacted profile inspection tools instead.",
      "passed": true,
      "blockedByRiskRule": false,
      "ruleId": null
    },
    {
      "cmd": "cat /root/.huaweicloud/config.json",
      "desc": "cat absolute path huaweicloud config",
      "decision": "deny",
      "risk": "credential",
      "reason": "Reading Huawei Cloud credential or profile files is blocked. Use redacted profile inspection tools instead.",
      "passed": true,
      "blockedByRiskRule": false,
      "ruleId": null
    },
    {
      "cmd": "type C:\\Users\\admin\\.hcloud\\credentials.json",
      "desc": "type Windows absolute path hcloud",
      "decision": "deny",
      "risk": "credential",
      "reason": "Reading Huawei Cloud credential or profile files is blocked. Use redacted profile inspection tools instead.",
      "passed": true,
      "blockedByRiskRule": false,
      "ruleId": null
    },
    {
      "cmd": "cat ~/.hcloud/profiles/default.json",
      "desc": "cat hcloud profiles directory",
      "decision": "deny",
      "risk": "credential",
      "reason": "Reading Huawei Cloud credential or profile files is blocked. Use redacted profile inspection tools instead.",
      "passed": true,
      "blockedByRiskRule": false,
      "ruleId": null
    },
    {
      "cmd": "hcloud configure show",
      "desc": "hcloud configure show (blocked subcommand)",
      "decision": "deny",
      "risk": "credential",
      "reason": "Direct hcloud configure inspection may expose profile credentials. Use the redacted toolkit tools instead.",
      "passed": true,
      "blockedByRiskRule": false,
      "ruleId": null
    },
    {
      "cmd": "hcloud configure list",
      "desc": "hcloud configure list (blocked subcommand)",
      "decision": "deny",
      "risk": "credential",
      "reason": "Direct hcloud configure inspection may expose profile credentials. Use the redacted toolkit tools instead.",
      "passed": true,
      "blockedByRiskRule": false,
      "ruleId": null
    },
    {
      "cmd": "hcloud configure get --ak",
      "desc": "hcloud configure get (blocked subcommand)",
      "decision": "deny",
      "risk": "credential",
      "reason": "Direct hcloud configure inspection may expose profile credentials. Use the redacted toolkit tools instead.",
      "passed": true,
      "blockedByRiskRule": false,
      "ruleId": null
    }
  ]
}
