{
  "caseId": "D4-9",
  "status": "PASS",
  "why": "Destructive ops (Delete/BatchDelete) denied, public exposure create ops require approval, risk rules catch destructive text commands",
  "executedAt": "20260923094311",
  "delServer": {
    "decision": "deny",
    "risk": "write",
    "reason": "Huawei Cloud write operation blocked until the agent presents a plan and receives explicit user approval."
  },
  "delServers": {
    "decision": "deny",
    "risk": "write",
    "reason": "Huawei Cloud write operation blocked until the agent presents a plan and receives explicit user approval."
  },
  "delVpc": {
    "decision": "deny",
    "risk": "write",
    "reason": "Huawei Cloud write operation blocked until the agent presents a plan and receives explicit user approval."
  },
  "delSg": {
    "decision": "deny",
    "risk": "write",
    "reason": "Huawei Cloud write operation blocked until the agent presents a plan and receives explicit user approval."
  },
  "createEip": {
    "decision": "deny",
    "risk": "write",
    "reason": "Huawei Cloud write operation blocked until the agent presents a plan and receives explicit user approval."
  },
  "createEcs": {
    "decision": "deny",
    "risk": "write",
    "reason": "Huawei Cloud write operation blocked until the agent presents a plan and receives explicit user approval."
  },
  "delRisk": {
    "decision": "warn",
    "findings": [
      {
        "ruleId": "hwc-destructive-delete-operation",
        "title": "Destructive cloud resource operation",
        "category": "destructive",
        "severity": "warn",
        "message": "This hcloud command will delete, detach, or remove cloud resources. The operation may be irreversible.",
        "remediation": "List the resources to be affected first, confirm with the user, and require explicit approval before executing any destructive operation.",
        "source": "command",
        "evidence": "hcloud ECS DeleteServer --server_id=test"
      }
    ]
  },
  "note": "ReleasePublicIp/AllocatePublicIp lack write prefix match - potential gap but not part of core D4-9 assertion"
}