{
  "status": "PASS",
  "details": {
    "results": [
      {
        "a": "1.1.7",
        "b": "1.1.8",
        "expect": -1,
        "actual": -1
      },
      {
        "a": "1.1.8",
        "b": "1.1.7",
        "expect": 1,
        "actual": 1
      },
      {
        "a": "1.1.7",
        "b": "1.1.7",
        "expect": 0,
        "actual": 0
      },
      {
        "a": "1.1.7",
        "b": "1.1.7-next.2",
        "expect": 1,
        "actual": 1
      },
      {
        "a": "1.1.7-next.1",
        "b": "1.1.7-next.2",
        "expect": -1,
        "actual": -1
      }
    ]
  },
  "why": "All correct",
  "caseId": "D1-30",
  "executedAt": "20260928213321"
}
