{
  "status": "PASS",
  "why": "冷却期3天，冷却内返回dismissed，新版本重新提醒，过期后返回update_available",
  "executedAt": "20260921012554",
  "skipState": {
    "dismissedVersion": "1.1.2",
    "dismissedAt": "2026-09-21T01:25:54.538Z",
    "expireAt": "2026-09-24T01:25:54.538Z"
  },
  "diffDays": 3,
  "resultInCooldown": {
    "currentVersion": "1.1.1",
    "latestStable": "1.1.2",
    "latestNext": null,
    "targetVersion": "1.1.2",
    "updateAvailable": false,
    "dismissed": true,
    "dismissExpiresAt": "2026-09-24T01:25:54.538Z",
    "result": "dismissed"
  },
  "resultNewVersion": {
    "currentVersion": "1.1.1",
    "latestStable": "1.1.3",
    "latestNext": null,
    "targetVersion": "1.1.3",
    "updateAvailable": true,
    "dismissed": false,
    "dismissExpiresAt": null,
    "result": "update_available"
  },
  "resultExpired": {
    "currentVersion": "1.1.1",
    "latestStable": "1.1.2",
    "latestNext": null,
    "targetVersion": "1.1.2",
    "updateAvailable": true,
    "dismissed": false,
    "dismissExpiresAt": null,
    "result": "update_available"
  }
}