Broad IAM artifact -> deny 
  findings: [{"ruleId":"hwc-iam-admin-policy","title":"Broad IAM administrator grant","category":"iam","severity":"deny","message":"The change appears to grant broad administrator permissions.","remediation":"Use
Normal code artifact -> allow 
Broad IAM text -> allow 
Normal text -> allow 
STATUS: PASS
{
  "status": "PASS",
  "why": "",
  "executedAt": "20260930214731",
  "details": {
    "broadIamObjectResult": {
      "decision": "deny"
    },
    "normalCodeObjectResult": {
      "decision": "allow"
    },
    "broadIamTextResult": {
      "decision": "allow"
    },
    "normalTextResult": {
      "decision": "allow"
    }
  }
}
