{
  "case": "EXP-C4-08",
  "status": "PASS",
  "executedAt": "20260929050639",
  "total": 2,
  "passed": 2,
  "failed": 0,
  "results": [
    {
      "id": "EXP-C4-08",
      "name": "list-ops-IAM",
      "pass": true,
      "actual": "ok",
      "expected": "ok",
      "passMsg": "IAM list_operations OK",
      "failMsg": "IAM list_operations FAIL",
      "_source": "c4-service-matrix"
    },
    {
      "id": "EXP-C4-08",
      "name": "plan-IAM",
      "pass": true,
      "actual": "ok",
      "expected": "ok",
      "passMsg": "IAM plan OK",
      "failMsg": "IAM plan FAIL",
      "_source": "c4-service-matrix"
    }
  ],
  "source": "c4-service-matrix"
}