{
  "status": "PASS",
  "caseId": "EXP-NR3-03",
  "executedAt": "20260924210000",
  "details": {
    "persisted": true,
    "state1": {
      "dismissedVersion": "1.1.6",
      "dismissedAt": "2026-09-23T21:48:42.570Z",
      "expireAt": "2026-09-26T21:48:42.570Z"
    },
    "state2": {
      "dismissedVersion": "1.1.6",
      "dismissedAt": "2026-09-23T21:48:42.570Z",
      "expireAt": "2026-09-26T21:48:42.570Z"
    },
    "skipPath": "C:\\Users\\Administrator\\devkit-test\\hermes\\hdk\\plugins\\huaweicloud-core\\.update-skip.json"
  },
  "why": "D1-42 on Hermes: skip persisted=True"
}