{
  "status": "PASS",
  "caseId": "D4-18",
  "why": "Risk rule engine correctly integrated with classifyHcloudArgs",
  "executedAt": "20260930103000",
  "checks": [
    {
      "name": "evaluate-returns-object",
      "pass": true,
      "detail": "type=object"
    },
    {
      "name": "merge-returns-object",
      "pass": true,
      "detail": "type=object"
    },
    {
      "name": "merge-preserves-decision",
      "pass": true,
      "detail": "decision=allow"
    },
    {
      "name": "rmrf-evaluated",
      "pass": true,
      "detail": "risk={\"decision\":\"deny\",\"findings\":[{\"ruleId\":\"hwc-sandbox-destructive-command\",\"title\":\"Destructive comm"
    },
    {
      "name": "classify-integrates-risk",
      "pass": true,
      "detail": "decision=allow"
    },
    {
      "name": "risk-pattern-detected",
      "pass": true,
      "detail": "decision=deny, risk=destructive"
    }
  ]
}