{
  "case": "D3-C1",
  "status": "FAIL",
  "total": 5,
  "passed": 4,
  "failed": 1,
  "results": [
    {
      "name": "CreateVpc",
      "pass": true,
      "detail": "{\n  \"vpc\": {\n    \"id\": \"d3f31b7b-9c51-4d55-bdfd-906a0b07f90b\",\n    \"name\": \"testbot3-hermes-e2e-1234"
    },
    {
      "name": "CreateSubnet",
      "pass": true,
      "detail": "{\n  \"subnet\": {\n    \"id\": \"a5033f5d-4cf6-4aab-b95d-deeb2ea17232\",\n    \"name\": \"testbot3-hermes-e2e-1"
    },
    {
      "name": "CreateServers(审批分类)",
      "pass": "allow",
      "detail": "allow"
    },
    {
      "name": "CreateServers(返回serverIds)",
      "pass": true,
      "detail": "{\n  \"job_id\": \"ff808081a0ed144001a10de6b14b307d\",\n  \"serverIds\": [\n    \"9838b895-c29a-42fb-a896-afc69641b339\"\n  ]\n}"
    },
    {
      "name": "finally归零(校验真实删除)",
      "pass": false,
      "detail": "ECS:提交删除 ECS轮询:仍在/未确认 subnet:OK vpc:OK"
    }
  ]
}