  "hcloud ecs deleteserver --server_id=i-xxx" -> text:deny risk:warn inner:0
  "hcloud ECS DELETESERVERS --server_ids i-xxx" -> text:deny risk:warn inner:0
  "hcloud ECS Delete_Server --server_id=i-xxx" -> text:deny risk:warn inner:0
  "bash -c "hcloud ECS DeleteServers --server_ids i-xxx"" -> text:deny risk:warn inner:1
  "sh -c "hcloud ECS DeleteServers --server_ids i-xxx"" -> text:deny risk:warn inner:1
  "cmd /c "hcloud ECS DeleteServers --server_ids i-xxx"" -> text:deny risk:warn inner:1
  "powershell -Command "hcloud ECS DeleteServers --server_ids i" -> text:deny risk:warn inner:1
  "eval "hcloud ECS DeleteServers --server_ids i-xxx"" -> text:deny risk:warn inner:1
  "$(hcloud ECS DeleteServers --server_ids i-xxx)" -> text:deny risk:warn inner:1
  "`hcloud ECS DeleteServers --server_ids i-xxx`" -> text:deny risk:warn inner:1
  "cat ~/.hcloud/credentials.json" -> text:deny risk:deny inner:0
  "cat ~/.huaweicloud/credentials" -> text:deny risk:deny inner:0
STATUS: PASS
{
  "status": "PASS",
  "why": "",
  "executedAt": "20260930214611",
  "details": {
    "testResults": [
      {
        "command": "hcloud ecs deleteserver --server_id=i-xxx",
        "textDecision": "deny",
        "riskDecision": "warn",
        "innerCommands": []
      },
      {
        "command": "hcloud ECS DELETESERVERS --server_ids i-xxx",
        "textDecision": "deny",
        "riskDecision": "warn",
        "innerCommands": []
      },
      {
        "command": "hcloud ECS Delete_Server --server_id=i-xxx",
        "textDecision": "deny",
        "riskDecision": "warn",
        "innerCommands": []
      },
      {
        "command": "bash -c \"hcloud ECS DeleteServers --server_ids i-xxx\"",
        "textDecision": "deny",
        "riskDecision": "warn",
        "innerCommands": [
          "hcloud ECS DeleteServers --server_ids i-xxx"
        ]
      },
      {
        "command": "sh -c \"hcloud ECS DeleteServers --server_ids i-xxx\"",
        "textDecision": "deny",
        "riskDecision": "warn",
        "innerCommands": [
          "hcloud ECS DeleteServers --server_ids i-xxx"
        ]
      },
      {
        "command": "cmd /c \"hcloud ECS DeleteServers --server_ids i-xxx\"",
        "textDecision": "deny",
        "riskDecision": "warn",
        "innerCommands": [
          "hcloud ECS DeleteServers --server_ids i-xxx"
        ]
      },
      {
        "command": "powershell -Command \"hcloud ECS DeleteServers --server_ids i-xxx\"",
        "textDecision": "deny",
        "riskDecision": "warn",
        "innerCommands": [
          "hcloud ECS DeleteServers --server_ids i-xxx"
        ]
      },
      {
        "command": "eval \"hcloud ECS DeleteServers --server_ids i-xxx\"",
        "textDecision": "deny",
        "riskDecision": "warn",
        "innerCommands": [
          "hcloud ECS DeleteServers --server_ids i-xxx"
        ]
      },
      {
        "command": "$(hcloud ECS DeleteServers --server_ids i-xxx)",
        "textDecision": "deny",
        "riskDecision": "warn",
        "innerCommands": [
          "hcloud ECS DeleteServers --server_ids i-xxx"
        ]
      },
      {
        "command": "`hcloud ECS DeleteServers --server_ids i-xxx`",
        "textDecision": "deny",
        "riskDecision": "warn",
        "innerCommands": [
          "hcloud ECS DeleteServers --server_ids i-xxx"
        ]
      },
      {
        "command": "cat ~/.hcloud/credentials.json",
        "textDecision": "deny",
        "riskDecision": "deny",
        "innerCommands": []
      },
      {
        "command": "cat ~/.huaweicloud/credentials",
        "textDecision": "deny",
        "riskDecision": "deny",
        "innerCommands": []
      }
    ],
    "noBypass": true
  }
}
