{
  "case": "D4-28",
  "status": "PASS",
  "total": 4,
  "passed": 4,
  "results": [
    {
      "id": "D4-28",
      "name": "safety-policy-exists",
      "pass": true,
      "actual": "14244 bytes",
      "expected": ">0"
    },
    {
      "id": "D4-28",
      "name": "risk-engine-exists",
      "pass": true,
      "actual": "5822 bytes",
      "expected": ">0"
    },
    {
      "id": "D4-28",
      "name": "classifyTextCommand",
      "pass": true,
      "actual": "found",
      "expected": "export found"
    },
    {
      "id": "D4-28",
      "name": "evaluateCommandRisk",
      "pass": true,
      "actual": "found",
      "expected": "export found"
    }
  ],
  "source": "source-inspect/probe.mjs"
}