{
  "case": "D3-C1",
  "status": "FAIL",
  "total": 5,
  "passed": 4,
  "failed": 1,
  "results": [
    {
      "name": "CreateVpc",
      "pass": true,
      "detail": "{\n  \"vpc\": {\n    \"id\": \"b98bf211-ed76-478a-9ee3-4656f5bd1d47\",\n    \"name\": \"testbot3-hermes-e2e-1321"
    },
    {
      "name": "CreateSubnet",
      "pass": true,
      "detail": "{\n  \"subnet\": {\n    \"id\": \"afeeb48a-01f4-4517-a088-db185f4e9d7c\",\n    \"name\": \"testbot3-hermes-e2e-1"
    },
    {
      "name": "CreateServers(审批分类)",
      "pass": "allow",
      "detail": "allow"
    },
    {
      "name": "CreateServers(返回serverIds)",
      "pass": true,
      "detail": "{\n  \"job_id\": \"ff808081a0ed1f3901a11316c3242068\",\n  \"serverIds\": [\n    \"7dfa8423-9adc-49db-9c99-ddf0fbd640d2\"\n  ]\n}"
    },
    {
      "name": "finally归零(校验真实删除)",
      "pass": false,
      "detail": "ECS:提交删除 ECS轮询:仍在/未确认 subnet:OK vpc:OK"
    }
  ]
}