{
  "caseId": "D4-2",
  "status": "FAIL",
  "why": "HW_ env-dump: deny/deny/allow/deny",
  "client": "CodeArtsSpace",
  "os": "Windows",
  "executedAt": "2026-09-30T21:30:54.435Z",
  "r1": {
    "decision": "deny",
    "risk": "credential",
    "reason": "Dumping cloud credential environment variables is blocked."
  },
  "r2": {
    "decision": "deny",
    "risk": "credential",
    "reason": "Dumping cloud credential environment variables is blocked."
  },
  "r3": {
    "decision": "allow",
    "risk": "not_huaweicloud",
    "reason": "No Huawei Cloud safety rule matched."
  },
  "r4": {
    "decision": "deny",
    "risk": "credential",
    "reason": "Dumping cloud credential environment variables is blocked."
  }
}
