D1-1 测试证据
执行时间: 2026-10-08 05:10
客户端: CodeArtsSpace
OS: Windows
被测版本: 1.1.8-next.1
工具: probe-p1.mjs
结果: PASS
断言: version returns 1.1.x
结论: version: HuaweiCloud DevKit CLI: 1.1.8-next.1

Installed agent plugins:
Hermes: 1.1.5

Ru

=== 执行命令 ===
hdk --version

=== STDOUT ===
HuaweiCloud DevKit CLI: 1.1.8-next.1

Installed agent plugins:
Hermes: 1.1.5

Run `npx huaweicloud-devkit update --target <agent>` to refresh installed agent plugins.
(node:18448) ExperimentalWarning: SQLite is an experimental feature and might change at any time
(Use `node --trace-warnings ...` to show where the warning was created)

