<<<<<<< HEAD
D2-16 测试证据
执行时间: 2026-10-06 05:14
客户端: CodeArtsSpace
OS: Windows
被测版本: 1.1.8-next.1
工具: probe-p1.mjs
结果: FAIL
断言: configure import --file 应返回 decision:deny
结论: FAIL - configure import --file creds.json 返回 decision=allow, risk=unknown_read, 未拦截凭证文件导入
根因: safety/policy.json:25 blockedConfigureSubcommands 缺少 'import'
=======
{
  "caseId": "D2-16",
  "status": "FAIL",
  "why": "FAIL - configure import --file 返回 decision=allow, 未拦截凭证文件导入",
  "executedAt": "20261006051036",
  "assertion": "configure import --file 应返回 decision=deny",
  "rootCause": "safety/policy.json:25 blockedConfigureSubcommands 缺少 \"import\"",
  "blockedReason": "",
  "version": "1.1.8-next.1"
}
>>>>>>> 4b89f0993 (test: CodeArtsSpace Windows 2026-10-06 daily test (141 cases, 136 PASS, 8 FAIL historical, 1 NOT_RUN))
