{
  "total": 4,
  "passed": 4,
  "failed": 0,
  "results": [
    {
      "id": "D1-69",
      "name": "help-exit0",
      "pass": true,
      "actual": "exit=0",
      "expected": "help 退出码 0"
    },
    {
      "id": "D1-69",
      "name": "help-has-usage",
      "pass": true,
      "actual": "\n╔══════════════════════════════════════════════╗\n║     HuaweiCloud DevKit v1.1.6                 ║\n║     https://github.com/huaweicloud   ║\n╚══════════════════",
      "expected": "输出帮助文本(命令列表/用法)"
    },
    {
      "id": "D1-67",
      "name": "skip-dsh-env",
      "pass": true,
      "actual": "\n╔══════════════════════════════════════════════╗\n║     HuaweiCloud DevKit v1.1.6                 ║\n║     https://github.com/huaweicloud   ║\n╚══════════════════════════════════════",
      "expected": "SKIP_DSH=1 → 跳过 DSH 插件安装"
    },
    {
      "id": "D1-67",
      "name": "toolkit-mode-inject",
      "pass": true,
      "actual": "env-key-verified",
      "expected": "AGENT_TOOLKIT_MODE 注入 agent env"
    }
  ]
}