{
  "total": 3,
  "passed": 3,
  "failed": 0,
  "results": [
    {
      "id": "D2-26",
      "name": "backup-creates-bak",
      "pass": true,
      "actual": "bak 存在且内容一致",
      "expected": "返回 .bak 路径且内容=原始"
    },
    {
      "id": "D2-26",
      "name": "tamper-effective",
      "pass": true,
      "actual": "已篡改",
      "expected": "伪造新内容生效"
    },
    {
      "id": "D2-26",
      "name": "restore-recovers",
      "pass": true,
      "actual": "restore=true content===原始",
      "expected": "restore=true 且内容=原始"
    }
  ]
}