{
  "status": "PASS",
  "why": "29/29 个 skill 的 SKILL.md 结构完整（>=7 达标）",
  "executedAt": "20260923093055",
  "valid": 29,
  "total": 29,
  "detail": [
    {
      "n": "huawei-apig",
      "ok": true,
      "len": 8090
    },
    {
      "n": "huawei-billing",
      "ok": true,
      "len": 5548
    },
    {
      "n": "huawei-cbr",
      "ok": true,
      "len": 2787
    },
    {
      "n": "huawei-cce",
      "ok": true,
      "len": 12034
    },
    {
      "n": "huawei-cloud-eye",
      "ok": true,
      "len": 4787
    },
    {
      "n": "huawei-cts",
      "ok": true,
      "len": 2880
    },
    {
      "n": "huawei-dds-dcs",
      "ok": true,
      "len": 3782
    },
    {
      "n": "huawei-deployment",
      "ok": true,
      "len": 10118
    },
    {
      "n": "huawei-dew",
      "ok": true,
      "len": 5136
    },
    {
      "n": "huawei-ecs",
      "ok": true,
      "len": 14150
    },
    {
      "n": "huawei-functiongraph",
      "ok": true,
      "len": 10581
    },
    {
      "n": "huawei-gaussdb",
      "ok": true,
      "len": 2757
    }
  ]
}