═══════════════════════════════════════════════════════════════
  D4-5: Write Operation Misjudgment Detection
═══════════════════════════════════════════════════════════════

✅ PASS | ECS DeleteServers
       command: hcloud ECS DeleteServers
       decision=deny  risk=write
       reason: Huawei Cloud write operation blocked until the agent presents a plan and receives explicit user approval.

✅ PASS | VPC DeleteVpc
       command: hcloud VPC DeleteVpc
       decision=deny  risk=write
       reason: Huawei Cloud write operation blocked until the agent presents a plan and receives explicit user approval.

✅ PASS | ECS CreateServers
       command: hcloud ECS CreateServers
       decision=deny  risk=write
       reason: Huawei Cloud write operation blocked until the agent presents a plan and receives explicit user approval.

✅ PASS | ECS UpdateServer
       command: hcloud ECS UpdateServer
       decision=deny  risk=write
       reason: Huawei Cloud write operation blocked until the agent presents a plan and receives explicit user approval.

✅ PASS | IAM CreatePolicy
       command: hcloud IAM CreatePolicy
       decision=deny  risk=write
       reason: Huawei Cloud write operation blocked until the agent presents a plan and receives explicit user approval.

✅ PASS | ECS BatchDeleteServers
       command: hcloud ECS BatchDeleteServers
       decision=deny  risk=write
       reason: Huawei Cloud write operation blocked until the agent presents a plan and receives explicit user approval.

✅ PASS | VPC DeleteSubnet
       command: hcloud VPC DeleteSubnet
       decision=deny  risk=write
       reason: Huawei Cloud write operation blocked until the agent presents a plan and receives explicit user approval.

✅ PASS | ECS AttachVolume
       command: hcloud ECS AttachVolume
       decision=deny  risk=write
       reason: Huawei Cloud write operation blocked until the agent presents a plan and receives explicit user approval.

✅ PASS | ECS DetachVolume
       command: hcloud ECS DetachVolume
       decision=deny  risk=write
       reason: Huawei Cloud write operation blocked until the agent presents a plan and receives explicit user approval.

✅ PASS | VPC ModifySecurityGroup
       command: hcloud VPC ModifySecurityGroup
       decision=deny  risk=write
       reason: Huawei Cloud write operation blocked until the agent presents a plan and receives explicit user approval.

✅ PASS | ECS RebootServers
       command: hcloud ECS RebootServers
       decision=deny  risk=execution
       reason: Huawei Cloud execution/trigger operation blocked until approved.

✅ PASS | ECS StopServers
       command: hcloud ECS StopServers
       decision=deny  risk=execution
       reason: Huawei Cloud execution/trigger operation blocked until approved.

✅ PASS | classifyHcloudArgs ECS DeleteServers
       command: ECS DeleteServers (args API)
       decision=deny  risk=write
       reason: Huawei Cloud write operation blocked until the agent presents a plan and receives explicit user approval.

✅ PASS | evaluateCommandRisk DeleteServers
       command: hcloud ECS DeleteServers (risk engine)
       decision=warn  risk=N/A
       findings: [{"id":"hwc-destructive-delete-operation","severity":"warn","category":"destructive"}]

✅ PASS | NEGATIVE: ECS ListServers (should be read_only)
       command: hcloud ECS ListServers
       decision=allow  risk=read_only
       reason: Command appears to be a read-only Huawei Cloud operation.

───────────────────────────────────────────────────────────────
  Summary: 15 PASS, 0 FAIL, 15 total
  Overall: ✅ PASS
───────────────────────────────────────────────────────────────
