{
  "caseId": "D4-16",
  "status": "PASS",
  "why": "bash -c wrap: deny/deny/deny/deny",
  "client": "CodeArtsSpace",
  "os": "Windows",
  "executedAt": "2026-10-01T21:08:36.950Z",
  "r1": {
    "decision": "deny",
    "risk": "write",
    "reason": "Huawei Cloud write operation blocked until the agent presents a plan and receives explicit user approval."
  },
  "r2": {
    "decision": "deny",
    "risk": "write",
    "reason": "Huawei Cloud write operation blocked until the agent presents a plan and receives explicit user approval."
  },
  "r3": {
    "decision": "deny",
    "risk": "write",
    "reason": "Huawei Cloud write operation blocked until the agent presents a plan and receives explicit user approval."
  },
  "r4": {
    "decision": "deny",
    "risk": "write",
    "reason": "Huawei Cloud write operation blocked until the agent presents a plan and receives explicit user approval."
  }
}
