{
  "status": "PASS",
  "why": "All sub-tests passed",
  "executedAt": "20260921025826",
  "subTests": [
    {
      "label": "Evidence redacted for credential command",
      "pass": true,
      "hasRedacted": true,
      "evidence": "[\"hcloud ECS DeleteServers --access_key=<redacted> --secret_key=<redacted>\"]"
    },
    {
      "label": "Evidence redacted for password",
      "pass": true,
      "evidence": "[]"
    },
    {
      "label": "Evidence redacted for AK/SK pattern",
      "pass": true,
      "evidence": "[\"hcloud ECS DeleteServers --AK=<redacted> --SK=<redacted>\"]"
    },
    {
      "label": "redactSecrets on findings evidence",
      "pass": true,
      "result": "[\"hcloud ECS DeleteServers --password=<redacted>\"]"
    }
  ]
}