{
  "total": 9,
  "passed": 9,
  "failed": 0,
  "results": [
    {
      "id": "D1-40",
      "name": "semver-gt",
      "pass": true,
      "actual": "1",
      "expected": ">0"
    },
    {
      "id": "D1-40",
      "name": "semver-lt",
      "pass": true,
      "actual": "-1",
      "expected": "<0"
    },
    {
      "id": "D1-40",
      "name": "semver-eq",
      "pass": true,
      "actual": "0",
      "expected": "==0"
    },
    {
      "id": "D1-40",
      "name": "semver-stable-gt-pre",
      "pass": true,
      "actual": "1",
      "expected": ">0"
    },
    {
      "id": "D1-40",
      "name": "mirror-lag-no-downgrade",
      "pass": true,
      "actual": "up_to_date",
      "expected": "up_to_date"
    },
    {
      "id": "D1-40",
      "name": "equal-no-hint",
      "pass": true,
      "actual": "up_to_date",
      "expected": "up_to_date"
    },
    {
      "id": "D1-40",
      "name": "newer-still-updates",
      "pass": true,
      "actual": "update_available",
      "expected": "update_available"
    },
    {
      "id": "D1-40",
      "name": "no-tags-check-failed",
      "pass": true,
      "actual": "check_failed",
      "expected": "check_failed"
    },
    {
      "id": "D1-40",
      "name": "installed-version-readable",
      "pass": true,
      "actual": "1.1.7-next.1",
      "expected": "string"
    }
  ]
}