{
  "case": "EXP-C4-17",
  "status": "PASS",
  "executedAt": "20260929050639",
  "total": 2,
  "passed": 2,
  "failed": 0,
  "results": [
    {
      "id": "EXP-C4-17",
      "name": "list-ops-ModelArts",
      "pass": true,
      "actual": "ok",
      "expected": "ok",
      "passMsg": "ModelArts list_operations OK",
      "failMsg": "ModelArts list_operations FAIL",
      "_source": "c4-service-matrix"
    },
    {
      "id": "EXP-C4-17",
      "name": "plan-ModelArts",
      "pass": true,
      "actual": "ok",
      "expected": "ok",
      "passMsg": "ModelArts plan OK",
      "failMsg": "ModelArts plan FAIL",
      "_source": "c4-service-matrix"
    }
  ],
  "source": "c4-service-matrix"
}