{
  "status": "PASS",
  "caseId": "D4-16",
  "source": "group:d4-security",
  "assertions": [
    {
      "id": "D4-16",
      "name": "wrap-powershell",
      "pass": true,
      "actual": "deny",
      "expected": "deny",
      "passMsg": "powershell wrap blocked",
      "failMsg": "powershell wrap not blocked"
    },
    {
      "id": "D4-16",
      "name": "wrap-sh",
      "pass": true,
      "actual": "deny",
      "expected": "deny",
      "passMsg": "sh wrap blocked",
      "failMsg": "sh wrap NOT blocked (defect)"
    }
  ],
  "passed": 2,
  "total": 2
}