{
  "caseId": "D1-42",
  "status": "PASS",
  "why": "dismiss closed loop, before=true after=false",
  "executedAt": "20260926051650",
  "client": "CodeArtsSpace",
  "os": "Windows",
  "r1": {
    "currentVersion": "1.1.7",
    "latestStable": "1.1.8",
    "latestNext": null,
    "targetVersion": "1.1.8",
    "updateAvailable": true,
    "dismissed": false,
    "dismissExpiresAt": null,
    "result": "update_available"
  },
  "r2": {
    "currentVersion": "1.1.7",
    "latestStable": "1.1.8",
    "latestNext": null,
    "targetVersion": "1.1.8",
    "updateAvailable": false,
    "dismissed": true,
    "dismissExpiresAt": 1790630212483,
    "result": "dismissed"
  }
}
