ECS: isError=false service=ECS
VPC: isError=false service=VPC
OBS: isError=false service=OBS
RDS: isError=false service=RDS
GaussDB: isError=false service=GaussDB
CCE: isError=false service=CCE
FunctionGraph: isError=false service=FunctionGraph
IAM: isError=false service=IAM
CTS: isError=false service=CTS
CES: isError=false service=CES
DDS: isError=false service=DDS
DCS: isError=false service=DCS
SMN: isError=false service=SMN
DMS: isError=false service=DMS
WAF: isError=false service=WAF
CDN: isError=false service=CDN
ModelArts: isError=false service=ModelArts
DEW: isError=false service=DEW
CBR: isError=false service=CBR
EVS: isError=false service=EVS
EIP: isError=false service=EIP
ELB: isError=false service=ELB
RESULT: SERVICE_MATRIX_DONE
