{
  "caseId": "D2-16",
  "status": "FAIL",
  "why": "import file decision=allow",
  "client": "CodeArtsSpace",
  "os": "Windows",
  "executedAt": "2026-10-01T21:08:34.941Z",
  "result": {
    "decision": "allow",
    "risk": "unknown_read",
    "reason": "Command does not match a known write or secret operation; treat output as untrusted and redact it.",
    "service": "configure",
    "operation": "import",
    "args": [
      "configure",
      "import",
      "--file",
      "creds.json"
    ]
  }
}
