Testing queryDistTagsSync...
queryDistTagsSync result: {"latest":"1.1.7","next":"1.1.8-next.1"}
Testing queryDistTagsFetch...
queryDistTagsFetch result: {"latest":"1.1.7","next":"1.1.8-next.1"}
STATUS: PASS
{
  "status": "PASS",
  "why": "",
  "executedAt": "20260930214835",
  "details": {
    "syncResult": "got result",
    "syncError": null,
    "hasEinval": null,
    "fetchResult": "got result",
    "fetchError": null,
    "syncWorks": {
      "latest": "1.1.7",
      "next": "1.1.8-next.1"
    },
    "fetchWorks": {
      "latest": "1.1.7",
      "next": "1.1.8-next.1"
    }
  }
}
