{
  "caseId": "D2-11",
  "status": "PASS",
  "why": "STS token handling: writeToken=deny, setCred=deny, tokenRedacted=true",
  "executedAt": "20260923094356",
  "writeToken": {
    "decision": "deny",
    "risk": "write",
    "reason": "Huawei Cloud write operation blocked until the agent presents a plan and receives explicit user approval."
  },
  "setCred": {
    "decision": "deny",
    "risk": "write",
    "reason": "Huawei Cloud write operation blocked until the agent presents a plan and receives explicit user approval."
  },
  "redacted": {
    "security_token": "<redacted>",
    "ak": "<redacted>",
    "sk": "<redacted>"
  },
  "authFiles": [
    "auth"
  ]
}