{
  "case": "D3-C3",
  "total": 5,
  "passed": 4,
  "failed": 1,
  "results": [
    {
      "name": "connect",
      "pass": true,
      "detail": "ws=8d898bc423"
    },
    {
      "name": "upload_project",
      "pass": true,
      "detail": "{\"ok\":true,\"localDir\":\"/tmp/d3c3-proj\",\"remotePath\":\"/workspace/d3c3-proj\",\"bytes\":208,\"md5\":\"6c1149bf04a145ef54f6a73a70"
    },
    {
      "name": "deploy_nginx",
      "pass": true,
      "detail": "static:8083"
    },
    {
      "name": "deploy_check",
      "pass": false,
      "detail": "FAIL"
    },
    {
      "name": "close_session",
      "pass": true,
      "detail": "\"ok\""
    }
  ]
}