{
  "status": "PASS",
  "why": "All sub-tests passed",
  "executedAt": "20260921025826",
  "subTests": [
    {
      "label": "Existing rules loaded",
      "pass": true,
      "ruleCount": 16
    },
    {
      "label": "Read op not false-positive",
      "pass": true,
      "decision": "allow",
      "findings": []
    },
    {
      "label": "Show op not false-positive",
      "pass": true,
      "decision": "allow"
    },
    {
      "label": "Get op not false-positive",
      "pass": true,
      "decision": "allow"
    },
    {
      "label": "Normal ls not flagged",
      "pass": true,
      "decision": "allow"
    }
  ]
}