D3-S3 => FAIL
check_user realname=true agreement=true
sandbox_connect status=connected wsId=8d898bc423
upload_project ok=true md5Verified=true
deploy_nginx ok=true type=static
deploy_check nginx_serving=PASS devbridge_tunnel=FAIL tunnel_url_accessible=FAIL publicUrl=undefined

=== STDERR ===
Waiting for connection 578348... (0s)
Connection 578348 established (0s).

Waiting for connection 578348... (0s)
Connection 578348 established (0s).
[2026-10-01T21:09:47.755Z] uploadProject: /tmp/d3s3-preview -> /workspace/d3s3-preview.tar.gz (archive=225 bytes, md5=ba24157dbcddd53f71622c60339b868d)
[2026-10-01T21:09:47.806Z] uploadViaHttpTunnel: start (archive=/tmp/sandbox-upload-1790888987744/d3s3-preview.tar.gz, size=225, remotePath=/workspace/d3s3-preview.tar.gz)
[2026-10-01T21:09:47.806Z] uploadViaHttpTunnel: deploying file server on sandbox port 8888
[2026-10-01T21:09:47.806Z] deployFileServer: killing old server (pidFile=/tmp/sandbox-file-server.pid)
[2026-10-01T21:09:47.856Z] deployFileServer: writing script (2456 b64 chars)
[2026-10-01T21:09:47.906Z] deployFileServer: starting server on port 8888
[2026-10-01T21:09:47.944Z] deployFileServer: start result exitCode=0 stdout="\u001b]133;C\u0007[1] 26501\r\n\u001b]133;C\u0007\r\n"
[2026-10-01T21:09:47.944Z] uploadViaHttpTunnel: creating dedicated tunnel session

Waiting for connection 578348... (0s)
Connection 578348 established (0s).
[2026-10-01T21:09:48.856Z] uploadViaHttpTunnel: creating tunnel channel (localPort=0, remotePort=8888)
[2026-10-01T21:09:48.858Z] uploadViaHttpTunnel: waiting for tunnel ready (timeout=30000ms)
[2026-10-01T21:09:48.859Z] uploadViaHttpTunnel: tunnel ready, localPort=34369
[2026-10-01T21:09:48.860Z] uploadViaHttpTunnel: waiting for server health on localhost:34369
[2026-10-01T21:09:48.860Z] waitForServerReady: attempt 1, checking http://localhost:34369/health
[2026-10-01T21:09:48.898Z] waitForServerReady: server ready on port 34369 after 0 retries
[2026-10-01T21:09:48.898Z] uploadViaHttpTunnel: sending POST with 225 bytes
[2026-10-01T21:09:48.937Z] uploadViaHttpTunnel: upload complete (bytes=225, md5=ba24157dbcddd53f71622c60339b868d)

Waiting for connection 578348... (0s)
Connection 578348 established (0s).

Waiting for connection 578348... (0s)
Connection 578348 established (0s).

Waiting for connection 578348... (0s)
Connection 578348 established (0s).

Waiting for connection 578348... (0s)
Connection 578348 established (0s).

Waiting for connection 578348... (0s)
Connection 578348 established (0s).

Waiting for connection 578348... (0s)
Connection 578348 established (0s).

Waiting for connection 578348... (0s)
Connection 578348 established (0s).

Waiting for connection 578348... (0s)
Connection 578348 established (0s).