{
  "status": "PASS",
  "why": "detectFramework(CRA: react+index.html)=Create React App/spa；detectFramework(vite.config.js)=Vite (React/Vue/Svelte)/spa",
  "executedAt": "20260923093452",
  "cra": {
    "type": "spa",
    "framework": "Create React App",
    "installCmd": "npm install",
    "buildCmd": "npm run build",
    "outputDir": "build",
    "port": 8080,
    "serveCmd": null,
    "checkUrl": "http://localhost:8080",
    "nginxType": "spa",
    "packageManager": "npm",
    "rootDir": "C:\\Users\\Administrator\\AppData\\Local\\Temp\\multica-task-2070167391\\hdk-detect2-sTUzoL"
  },
  "vite": {
    "type": "spa",
    "framework": "Vite (React/Vue/Svelte)",
    "installCmd": "npm install",
    "buildCmd": "npm run build",
    "outputDir": "dist",
    "port": 8080,
    "serveCmd": null,
    "checkUrl": "http://localhost:8080",
    "nginxType": "spa",
    "packageManager": "npm",
    "rootDir": "C:\\Users\\Administrator\\AppData\\Local\\Temp\\multica-task-2070167391\\hdk-detect3-89U8nE"
  }
}