{
  "total": 16,
  "passed": 16,
  "failed": 0,
  "results": [
    {
      "id": "D3-C13",
      "name": "obs-website-tool",
      "pass": true,
      "actual": "true",
      "expected": "true",
      "passMsg": "obs_set_website_config tool registered",
      "failMsg": "obs_set_website_config not registered"
    },
    {
      "id": "D3-C14",
      "name": "sandbox-connect-tool",
      "pass": true,
      "actual": "true",
      "expected": "true",
      "passMsg": "sandbox_connect tool registered",
      "failMsg": "sandbox_connect not registered"
    },
    {
      "id": "D3-C14",
      "name": "sandbox-cred-tool",
      "pass": true,
      "actual": "true",
      "expected": "true",
      "passMsg": "sandbox_credentials tool registered",
      "failMsg": "sandbox_credentials not registered"
    },
    {
      "id": "D3-C14",
      "name": "sandbox-dir",
      "pass": true,
      "actual": "true",
      "expected": "true",
      "passMsg": "sandbox dir exists",
      "failMsg": "sandbox dir missing"
    },
    {
      "id": "D3-S1",
      "name": "readonly-plan",
      "pass": true,
      "actual": "object",
      "expected": "object",
      "passMsg": "readonly ECS plan created",
      "failMsg": "readonly ECS plan failed"
    },
    {
      "id": "D3-S1",
      "name": "readonly-allow",
      "pass": true,
      "actual": "allow",
      "expected": "allow",
      "passMsg": "readonly ECS allowed",
      "failMsg": "readonly ECS denied"
    },
    {
      "id": "D3-S2",
      "name": "delete-vpc-confirm",
      "pass": true,
      "actual": "deny",
      "expected": "deny/confirm/write",
      "passMsg": "delete VPC needs confirm",
      "failMsg": "delete VPC allowed"
    },
    {
      "id": "D3-S3",
      "name": "sandbox-upload-tool",
      "pass": true,
      "actual": "true",
      "expected": "true",
      "passMsg": "sandbox_upload tool registered",
      "failMsg": "sandbox_upload not registered"
    },
    {
      "id": "D3-S4",
      "name": "voucher-status-tool",
      "pass": true,
      "actual": "true",
      "expected": "true",
      "passMsg": "voucher_status tool registered",
      "failMsg": "voucher_status not registered"
    },
    {
      "id": "D3-S4",
      "name": "voucher-claim-tool",
      "pass": true,
      "actual": "true",
      "expected": "true",
      "passMsg": "voucher_claim tool registered",
      "failMsg": "voucher_claim not registered"
    },
    {
      "id": "D3-S5",
      "name": "service-catalog-tool",
      "pass": true,
      "actual": "true",
      "expected": "true",
      "passMsg": "service_catalog tool registered",
      "failMsg": "service_catalog not registered"
    },
    {
      "id": "D3-S6",
      "name": "fg-plan",
      "pass": true,
      "actual": "object",
      "expected": "object",
      "passMsg": "FunctionGraph plan created",
      "failMsg": "FunctionGraph plan failed"
    },
    {
      "id": "D3-S7",
      "name": "rds-plan",
      "pass": true,
      "actual": "object",
      "expected": "object",
      "passMsg": "RDS plan created",
      "failMsg": "RDS plan failed"
    },
    {
      "id": "D3-S7",
      "name": "ecs-plan",
      "pass": true,
      "actual": "object",
      "expected": "object",
      "passMsg": "ECS plan created",
      "failMsg": "ECS plan failed"
    },
    {
      "id": "D3-S8",
      "name": "explain-error-tool",
      "pass": true,
      "actual": "true",
      "expected": "true",
      "passMsg": "explain_error tool registered",
      "failMsg": "explain_error not registered"
    },
    {
      "id": "D3-S8",
      "name": "run-readonly-tool",
      "pass": true,
      "actual": "true",
      "expected": "true",
      "passMsg": "run_readonly_command tool registered",
      "failMsg": "run_readonly_command not registered"
    }
  ]
}