{
  "case": "D3-C2",
  "status": "FAIL",
  "total": 4,
  "passed": 3,
  "failed": 1,
  "results": [
    {
      "name": "OBS建桶",
      "pass": false,
      "detail": "Start at 2026-10-06 21:19:41.745841388 +0000 UTC\n\nCreate bucket [testbot3-hermes-obs-1321581600] successfully, request id [000001A1131628C3440C6A8A0F799D29]\nNotice: If the configur"
    },
    {
      "name": "set静态站",
      "pass": true,
      "detail": "{\"ok\":true,\"status\":200,\"websiteUrl\":\"http://testbot3-hermes-obs-1321581600.obs-website.cn-north-4.myhuaweicloud.com\",\"message\":\"Static website hosting configured. Website URL: http://testbot3-hermes-obs-1321581600.obs-website.cn-north-4.myhuaweicloud.com (may take ~1 min to propagate)\"}"
    },
    {
      "name": "get静态站",
      "pass": true,
      "detail": "{\"ok\":true,\"status\":200,\"body\":\"<?xml version=\\\"1.0\\\" encoding=\\\"UTF-8\\\" standalone=\\\"yes\\\"?><WebsiteConfiguration xmlns=\\\"http://obs.myhwclouds.com/doc/2015-06-30/\\\"><IndexDocument><Suffix>index.html"
    },
    {
      "name": "删桶归零",
      "pass": true,
      "detail": "Start at 2026-10-06 21:19:43.008106838 +0000 UTC\n\nDelete bucket [testbot3-hermes-obs-1321581600] successfully!"
    }
  ]
}