{
  "status": "PASS",
  "why": "hooks.json 注册 Node hook=true, matcher 含 Bash/huaweicloud",
  "executedAt": "20260923093110",
  "hooks": {
    "hooks": {
      "PreToolUse": [
        {
          "matcher": "Bash",
          "hooks": [
            {
              "type": "command",
              "command": "node \"${CLAUDE_PLUGIN_ROOT}/hooks/huaweicloud-safety.mjs\"",
              "timeout": 5
            }
          ]
        },
        {
          "matcher": "mcp__.*huaweicloud.*|huaweicloud_.*",
          "hooks": [
            {
              "type": "command",
              "command": "node \"${CLAUDE_PLUGIN_ROOT}/hooks/huaweicloud-safety.mjs\"",
              "timeout": 5
            }
          ]
        }
      ]
    }
  }
}