{
  "case": "D3-C3",
  "status": "PASS",
  "total": 5,
  "passed": 5,
  "failed": 0,
  "results": [
    {
      "name": "connect",
      "pass": true,
      "detail": "ws=8d898bc423"
    },
    {
      "name": "upload_project",
      "pass": true,
      "detail": "{\"ok\":true,\"localDir\":\"/tmp/d3c3-proj\",\"remotePath\":\"/workspace/d3c3-proj\",\"bytes\":217,\"md5\":\"bfdde99d3cff33965024e0423e"
    },
    {
      "name": "deploy_nginx",
      "pass": true,
      "detail": "static:8085"
    },
    {
      "name": "deploy_check",
      "pass": true,
      "detail": "PASS"
    },
    {
      "name": "close_session",
      "pass": true,
      "detail": "\"ok\""
    }
  ]
}