=== D1-31: dismiss 冷却期 ===

Step 1: writeSkipState (dismiss version 1.1.2)
Skip state written: {
  "dismissedVersion": "1.1.2",
  "dismissedAt": "2026-09-20T03:56:42.517Z",
  "expireAt": "2026-09-23T03:56:42.517Z"
}

Skip file exists: true
File has dismissedVersion: true
File has dismissedAt: true
File has expireAt: true
expireAt - dismissedAt = 3 days (expected: 3)

Step 2: judgeUpdate within cooldown (now = dismissedAt + 1 hour)
Result: { "result": "dismissed", "dismissed": true, "dismissExpiresAt": "2026-09-23T03:56:42.517Z" }
result === 'dismissed': true
dismissed === true: true

Step 3: judgeUpdate after cooldown expires (now = dismissedAt + 4 days)
Result: { "result": "update_available", "updateAvailable": true }
result === 'update_available': true
updateAvailable === true: true

Step 4: New version 1.1.3 released, judgeUpdate with same skip state
Result: { "result": "update_available", "targetVersion": "1.1.3" }
result === 'update_available' (new version re-reminds): true

--- VERIFICATION ---
Cooldown period = 3 days: true
In-cooldown returns dismissed: true
After expiry returns update_available: true
New version re-reminds during cooldown: true
VERDICT D1-31: PASS
