{
  "status": "PASS",
  "why": "All sub-tests passed",
  "executedAt": "20260921025826",
  "subTests": [
    {
      "label": "allowWrites=true enables write approval",
      "pass": true,
      "decision": "allow",
      "risk": "write"
    },
    {
      "label": "allowWrites=false denies write",
      "pass": true,
      "decision": "deny",
      "risk": "write"
    },
    {
      "label": "allowWrites undefined denies write",
      "pass": true,
      "decision": "deny",
      "risk": "write"
    },
    {
      "label": "OBS write with approval",
      "pass": true,
      "decision": "allow",
      "risk": "write"
    },
    {
      "label": "OBS write without approval",
      "pass": true,
      "decision": "deny",
      "risk": "write"
    }
  ]
}