{
  "case": "D3-C1",
  "status": "FAIL",
  "total": 5,
  "passed": 4,
  "failed": 1,
  "results": [
    {
      "name": "CreateVpc",
      "pass": true,
      "detail": "{\n  \"vpc\": {\n    \"id\": \"8ffa9325-d47e-40fa-9dd5-f457e250858b\",\n    \"name\": \"testbot3-hermes-e2e-0803"
    },
    {
      "name": "CreateSubnet",
      "pass": true,
      "detail": "{\n  \"subnet\": {\n    \"id\": \"c1b99880-13a2-4c84-8fbc-f5ed851223c5\",\n    \"name\": \"testbot3-hermes-e2e-0"
    },
    {
      "name": "CreateServers(审批分类)",
      "pass": "allow",
      "detail": "allow"
    },
    {
      "name": "CreateServers(返回serverIds)",
      "pass": true,
      "detail": "{\n  \"job_id\": \"ff808081a0ed144001a0f42d80f70b28\",\n  \"serverIds\": [\n    \"5d21edd5-1a51-4dcb-9c65-ddc5c2cba40a\"\n  ]\n}"
    },
    {
      "name": "finally归零(校验真实删除)",
      "pass": false,
      "detail": "ECS:提交删除 ECS轮询:仍在/未确认 subnet:OK vpc:OK"
    }
  ]
}