D1-40 Probe Log - 镜像 lag 下检测正确性
OS: win32 / Node: v24.14.1
======================================================================
[2026-09-20T02:42:08.796Z] --- Test 1: 官方源 queryDistTagsFetch (基线) ---
[2026-09-20T02:42:09.096Z]   官方源 dist-tags: {"next":"1.1.6-next.0","latest":"1.1.5"}
[2026-09-20T02:42:09.097Z]   judgeUpdate(官方源): {"currentVersion":"1.1.5","latestStable":"1.1.5","latestNext":"1.1.6-next.0","targetVersion":"1.1.5","updateAvailable":false,"dismissed":false,"dismissExpiresAt":null,"result":"up_to_date"}
[2026-09-20T02:42:09.097Z] 
--- Test 2: 镜像源 queryDistTagsFetch (registry.npmmirror.com) ---
[2026-09-20T02:42:09.473Z]   镜像源 dist-tags: {"latest":"1.1.5","next":"1.1.6-next.0"}
[2026-09-20T02:42:09.474Z]   judgeUpdate(镜像源): {"currentVersion":"1.1.5","latestStable":"1.1.5","latestNext":"1.1.6-next.0","targetVersion":"1.1.5","updateAvailable":false,"dismissed":false,"dismissExpiresAt":null,"result":"up_to_date"}
[2026-09-20T02:42:09.475Z] 
--- Test 3: 模拟镜像 lag (镜像 latest=1.1.4 < 本地 1.1.5) ---
[2026-09-20T02:42:09.475Z]   模拟 lag dist-tags: {"latest":"1.1.4","next":null}
[2026-09-20T02:42:09.475Z]   judgeUpdate(lag): {"currentVersion":"1.1.5","latestStable":"1.1.4","latestNext":null,"targetVersion":"1.1.4","updateAvailable":false,"dismissed":false,"dismissExpiresAt":null,"result":"up_to_date"}
[2026-09-20T02:42:09.475Z]   result: up_to_date (预期: up_to_date, 不得提示倒退)
[2026-09-20T02:42:09.476Z]   updateAvailable: false (预期: false)
[2026-09-20T02:42:09.476Z] 
--- Test 4: 模拟镜像 lag + 本地 next 版本 (本地=1.1.6-next.0, 镜像 latest=1.1.5) ---
[2026-09-20T02:42:09.476Z]   judgeUpdate(lag+next): {"currentVersion":"1.1.6-next.0","latestStable":"1.1.5","latestNext":null,"targetVersion":"1.1.5","updateAvailable":false,"dismissed":false,"dismissExpiresAt":null,"result":"up_to_date"}
[2026-09-20T02:42:09.476Z]   result: up_to_date (预期: up_to_date, 远端<=本地不提示)
[2026-09-20T02:42:09.476Z] 
--- Test 5: 模拟镜像严重 lag (镜像 latest=1.1.2 < 本地 1.1.5) ---
[2026-09-20T02:42:09.476Z]   judgeUpdate(severeLag): {"currentVersion":"1.1.5","latestStable":"1.1.2","latestNext":null,"targetVersion":"1.1.2","updateAvailable":false,"dismissed":false,"dismissExpiresAt":null,"result":"up_to_date"}
[2026-09-20T02:42:09.476Z]   result: up_to_date (预期: up_to_date)
[2026-09-20T02:42:09.477Z]   updateAvailable: false (预期: false)
[2026-09-20T02:42:09.477Z] 
--- Test 6: 对照 官方源新版本 (latest=1.1.6 > 本地 1.1.5) ---
[2026-09-20T02:42:09.477Z]   judgeUpdate(newVersion): {"currentVersion":"1.1.5","latestStable":"1.1.6","latestNext":null,"targetVersion":"1.1.6","updateAvailable":true,"dismissed":false,"dismissExpiresAt":null,"result":"update_available"}
[2026-09-20T02:42:09.477Z]   result: update_available (预期: update_available)
[2026-09-20T02:42:09.477Z]   updateAvailable: true (预期: true)
[2026-09-20T02:42:09.478Z] 
--- Test 7: npm_config_registry=镜像 → npm view (shell:true 绕过 EINVAL) ---
[2026-09-20T02:42:10.456Z]   status: 0
[2026-09-20T02:42:10.456Z]   stdout: {
  "latest": "1.1.5",
  "next": "1.1.6-next.0"
}

[2026-09-20T02:42:10.456Z]   parsed: {"latest":"1.1.5","next":"1.1.6-next.0"}
[2026-09-20T02:42:10.457Z]   judgeUpdate(镜像 npm): {"currentVersion":"1.1.5","latestStable":"1.1.5","latestNext":"1.1.6-next.0","targetVersion":"1.1.5","updateAvailable":false,"dismissed":false,"dismissExpiresAt":null,"result":"up_to_date"}
[2026-09-20T02:42:10.457Z] 
--- Test 8: 官方源 npm view (shell:true) 对照 ---
[2026-09-20T02:42:11.083Z]   status: 0
[2026-09-20T02:42:11.084Z]   stdout: {
  "next": "1.1.6-next.0",
  "latest": "1.1.5"
}

[2026-09-20T02:42:11.084Z]   parsed: {"latest":"1.1.5","next":"1.1.6-next.0"}
[2026-09-20T02:42:11.084Z]   judgeUpdate(官方 npm): {"currentVersion":"1.1.5","latestStable":"1.1.5","latestNext":"1.1.6-next.0","targetVersion":"1.1.5","updateAvailable":false,"dismissed":false,"dismissExpiresAt":null,"result":"up_to_date"}
[2026-09-20T02:42:11.084Z] 
--- Test 9: queryDistTagsFetch 默认 registry 分析 ---
[2026-09-20T02:42:11.085Z]   HUAWEICLOUD_NPM_REGISTRY env: (未设置, 默认 https://registry.npmjs.org)
[2026-09-20T02:42:11.085Z]   npm_config_registry env: (未设置)
[2026-09-20T02:42:11.085Z]   → queryDistTagsFetch 使用 HUAWEICLOUD_NPM_REGISTRY 或默认官方源, 不受 npm_config_registry 影响
[2026-09-20T02:42:11.085Z]   → queryDistTagsSync/queryDistTags 使用 npm view, 受 npm_config_registry 影响
[2026-09-20T02:42:11.086Z] 
======================================================================
[2026-09-20T02:42:11.086Z] --- D1-40 判定 ---
[2026-09-20T02:42:11.086Z]   镜像 latest=1.1.5 vs 本地=1.1.5, compare=0
[2026-09-20T02:42:11.086Z]   镜像滞后, updateAvailable=false (预期 false)
[2026-09-20T02:42:11.087Z] 模拟 lag 不误报: true
[2026-09-20T02:42:11.087Z] 模拟严重 lag 不误报: true
[2026-09-20T02:42:11.087Z] 模拟 lag+next 不误报: true
[2026-09-20T02:42:11.087Z] 对照 新版本正确提示: true
[2026-09-20T02:42:11.087Z] 实际镜像源不误报: true
[2026-09-20T02:42:11.087Z] 判定: PASS - 镜像 lag 下检测正确，不提示版本倒退
[2026-09-20T02:42:11.088Z] 
最终判定: PASS
[2026-09-20T02:42:11.088Z] 证据已保存到 C:\Users\Administrator\devkit-test\OfficeAce\huaweicloud-devkit-test\results\OfficeAce\2026-09-20-188.239.14.150\Windows\evidence\D1-40
