{
  "status": "PASS",
  "caseId": "D5-3",
  "why": "tools/list returns 41 tools, all with name+schema+description, no duplicates.",
  "executedAt": "20261001103000",
  "toolCount": 41,
  "toolNames": [
    "huaweicloud_auth_confirm",
    "huaweicloud_auth_init",
    "huaweicloud_auth_status",
    "huaweicloud_auth_switch",
    "huaweicloud_auth_sync",
    "huaweicloud_check_cli",
    "huaweicloud_check_update",
    "huaweicloud_detect_framework",
    "huaweicloud_explain_error",
    "huaweicloud_get_regional_availability",
    "huaweicloud_get_service_icon",
    "huaweicloud_hook_check_artifacts",
    "huaweicloud_hook_check_command",
    "huaweicloud_hook_check_deploy_plan",
    "huaweicloud_list_operations",
    "huaweicloud_list_regions",
    "huaweicloud_obs_set_website_config",
    "huaweicloud_plan_cli_command",
    "huaweicloud_retrieve_skill",
    "huaweicloud_run_approved_command",
    "huaweicloud_run_readonly_command",
    "huaweicloud_sandbox_check_user",
    "huaweicloud_sandbox_close_session",
    "huaweicloud_sandbox_connect",
    "huaweicloud_sandbox_credentials",
    "huaweicloud_sandbox_deploy_check",
    "huaweicloud_sandbox_deploy_nginx",
    "huaweicloud_sandbox_exec_one_shot",
    "huaweicloud_sandbox_exec_with_session",
    "huaweicloud_sandbox_expose_tunnel",
    "huaweicloud_sandbox_sign_agreement",
    "huaweicloud_sandbox_upload_file",
    "huaweicloud_sandbox_upload_project",
    "huaweicloud_search_docs",
    "huaweicloud_search_marketplace",
    "huaweicloud_service_catalog",
    "huaweicloud_setup_obs_config",
    "huaweicloud_show_profile_redacted",
    "huaweicloud_upgrade",
    "huaweicloud_voucher_claim",
    "huaweicloud_voucher_status"
  ]
}
