{
  "case": "D1-33",
  "status": "PASS",
  "executedAt": "20260929050639",
  "total": 4,
  "passed": 4,
  "failed": 0,
  "results": [
    {
      "id": "D1-33",
      "name": "skipFilePath",
      "pass": true,
      "actual": "C:\\Users\\Administrator\\devkit-test\\testbot4-win-workbuddy\\hdk\\plugins\\huaweicloud-core\\.update-skip.json",
      "expected": "string",
      "passMsg": "skipFilePath: C:\\Users\\Administrator\\devkit-test\\testbot4-win-workbuddy\\hdk\\plugins\\huaweicloud-core\\.update-skip.json",
      "failMsg": "skipFilePath empty",
      "_source": "d1-upgrade"
    },
    {
      "id": "D1-33",
      "name": "fallbackSkipFilePath",
      "pass": true,
      "actual": "C:\\Users\\Administrator\\.config\\huaweicloud\\devkit-skip.json",
      "expected": "string",
      "passMsg": "fallback: C:\\Users\\Administrator\\.config\\huaweicloud\\devkit-skip.json",
      "failMsg": "fallback empty",
      "_source": "d1-upgrade"
    },
    {
      "id": "D1-33",
      "name": "resolveSkipFilePath",
      "pass": true,
      "actual": "C:\\Users\\Administrator\\.config\\huaweicloud\\devkit-skip.json.test",
      "expected": "string",
      "passMsg": "resolveSkipFilePath returns path",
      "failMsg": "resolveSkipFilePath error",
      "_source": "d1-upgrade"
    },
    {
      "id": "D1-33",
      "name": "skip-fields",
      "pass": true,
      "actual": "dismissedVersion,dismissedAt,expireAt",
      "expected": "all fields",
      "passMsg": "skip file fields complete",
      "failMsg": "skip file fields missing",
      "_source": "d1-upgrade"
    }
  ],
  "source": "d1-upgrade"
}