{
  "case": "D4-14",
  "status": "PASS",
  "executedAt": "20260929050639",
  "total": 2,
  "passed": 2,
  "failed": 0,
  "results": [
    {
      "id": "D4-14",
      "name": "audit",
      "pass": true,
      "actual": "allow",
      "expected": "string",
      "passMsg": "classify returns decision",
      "failMsg": "classify missing decision",
      "_source": "d2-auth"
    },
    {
      "id": "D4-14",
      "name": "audit-metadata",
      "pass": true,
      "actual": "allow",
      "expected": "string",
      "passMsg": "classify returns decision",
      "failMsg": "classify missing decision",
      "_source": "d4-security"
    }
  ],
  "source": "d2-auth, d4-security"
}