{
  "status": "PASS",
  "caseId": "D1-30",
  "executedAt": "20260924210000",
  "details": {
    "allPass": true,
    "results": [
      {
        "a": "1.1.7",
        "b": "1.1.6",
        "expected": 1,
        "actual": 1,
        "pass": true
      },
      {
        "a": "1.1.6",
        "b": "1.1.7",
        "expected": -1,
        "actual": -1,
        "pass": true
      },
      {
        "a": "1.1.7",
        "b": "1.1.7",
        "expected": 0,
        "actual": 0,
        "pass": true
      },
      {
        "a": "1.1.7-next.1",
        "b": "1.1.7",
        "expected": -1,
        "actual": -1,
        "pass": true
      },
      {
        "a": "1.1.8",
        "b": "1.1.7-next.1",
        "expected": 1,
        "actual": 1,
        "pass": true
      }
    ]
  },
  "why": "semverCompare: 5/5 correct"
}