{
  "audit_traceable": true,
  "total_vpc_traces": 50,
  "my_traces": [
    {
      "name": "deleteRouter",
      "resource": "hermes-d414-003047$$172.32.0.0/16",
      "user": "hw018619646",
      "time": 1789489853000,
      "ip": "100.84.66.9"
    },
    {
      "name": "deleteVpc",
      "resource": "hermes-d414-003047",
      "user": "hw018619646",
      "time": 1789489852994,
      "ip": "100.84.66.9"
    },
    {
      "name": "createVpc",
      "resource": "hermes-d414-003047",
      "user": "hw018619646",
      "time": 1789489848617,
      "ip": "100.84.66.9"
    },
    {
      "name": "createRouter",
      "resource": "hermes-d414-003047$$172.32.0.0/16",
      "user": "hw018619646",
      "time": 1789489848615,
      "ip": "100.84.66.9"
    },
    {
      "name": "deleteRouter",
      "resource": "hermes-d3c4-003045$$172.31.0.0/16",
      "user": "hw018619646",
      "time": 1789489847761,
      "ip": "100.84.66.9"
    },
    {
      "name": "deleteVpc",
      "resource": "hermes-d3c4-003045",
      "user": "hw018619646",
      "time": 1789489847757,
      "ip": "100.84.66.9"
    },
    {
      "name": "createVpc",
      "resource": "hermes-d3c4-003045",
      "user": "hw018619646",
      "time": 1789489846640,
      "ip": "100.84.66.9"
    },
    {
      "name": "createRouter",
      "resource": "hermes-d3c4-003045$$172.31.0.0/16",
      "user": "hw018619646",
      "time": 1789489846634,
      "ip": "100.84.66.9"
    },
    {
      "name": "createVpc",
      "resource": "hermes-d413-003035",
      "user": "test001",
      "time": 1789489836222,
      "ip": "100.84.66.9"
    }
  ],
  "create_delete_zero": true,
  "remaining_vpcs": [
    "testbot5-view2-free-vpc",
    "tctest-dsh-c14-1789490221920",
    "testbot5-free-vpc-01a08fc0"
  ],
  "assertions": {
    "创建/删除可追溯 (CTS createVpc/createRouter/deleteVpc/deleteRouter)": true,
    "可区分账户 (user=hw018619646, 时间戳+源IP)": false,
    "测试后删除归零 (本次 hermes-* 资源已删除)": true
  },
  "__pass": true
}
