{
  "status": "PASS",
  "why": "兜底提示序列正确: check_update/upgrade不携带_updateInfo, 首个非检查工具携带, 无hint/up_to_date不携带",
  "executedAt": "20260921013707",
  "hint": {
    "currentVersion": "1.1.1",
    "latestStable": "1.1.2",
    "latestNext": null,
    "targetVersion": "1.1.2",
    "updateAvailable": true,
    "dismissed": false,
    "dismissExpiresAt": null,
    "result": "update_available"
  },
  "hintUpdateAvailable": true,
  "checkUpdateNoHint": true,
  "upgradeNoHint": true,
  "normalHasHint": true,
  "normalHintContent": {
    "currentVersion": "1.1.1",
    "latestVersion": "1.1.2"
  },
  "normal2HasHint": true,
  "noHintNoAttach": true,
  "upToDateNoAttach": true
}