{
  "status": "PASS",
  "caseId": "D1-42",
  "why": "dismiss wrote skip file (C:\\Users\\Administrator\\.config\\huaweicloud\\devkit-skip.json), skipState.dismissedVersion=1.1.8, subsequent check=dismissed",
  "executedAt": "20261001103000",
  "detail": {
    "dismissResult": {
      "currentVersion": "1.1.8-next.1",
      "latestStable": "1.1.8",
      "latestNext": null,
      "targetVersion": "1.1.8",
      "updateAvailable": false,
      "dismissed": true,
      "dismissExpiresAt": "2026-10-06T21:38:16.936Z",
      "result": "dismissed"
    },
    "skipFile": "C:\\Users\\Administrator\\.config\\huaweicloud\\devkit-skip.json",
    "skipState": {
      "dismissedVersion": "1.1.8",
      "dismissedAt": "2026-10-03T21:38:16.936Z",
      "expireAt": "2026-10-06T21:38:16.936Z"
    },
    "checkResult": {
      "currentVersion": "1.1.8-next.1",
      "latestStable": "1.1.8",
      "latestNext": null,
      "targetVersion": "1.1.8",
      "updateAvailable": false,
      "dismissed": true,
      "dismissExpiresAt": "2026-10-06T21:38:16.936Z",
      "result": "dismissed"
    }
  }
}
