{
  "case": "D3-C4",
  "total": 5,
  "passed": 5,
  "failed": 0,
  "results": [
    {
      "cid": "D3-C4",
      "name": "list_operations 可用",
      "pass": true,
      "detail": "{\"service\":\"ECS\",\"command\":\"hcloud ECS --help\",\"selectionRule\":\"Use th"
    },
    {
      "cid": "D3-C4",
      "name": "创建 VPC 成功",
      "pass": true,
      "detail": "id=b744d455-4210-4347-8d39-70dadb79a2cd name=tctest-dsh-c4-0026339287"
    },
    {
      "cid": "D3-C4",
      "name": "创建后计数 +1",
      "pass": true,
      "detail": "0->1"
    },
    {
      "cid": "D3-C4",
      "name": "删除 VPC",
      "pass": true,
      "detail": "exit=0"
    },
    {
      "cid": "D3-C4",
      "name": "删除后计数归零",
      "pass": true,
      "detail": "c0=0 now=0"
    }
  ]
}