{
  "caseId": "EXP-NR3-23",
  "status": "PASS",
  "why": "prewarm race: null→check_failed, valid→up_to_date",
  "executedAt": "20260928221252",
  "r1": {
    "currentVersion": "1.1.7",
    "latestStable": null,
    "latestNext": null,
    "targetVersion": null,
    "updateAvailable": false,
    "dismissed": false,
    "dismissExpiresAt": null,
    "result": "check_failed",
    "note": "检测失败，不影响使用"
  },
  "r2": {
    "currentVersion": "1.1.7",
    "latestStable": "1.1.7",
    "latestNext": null,
    "targetVersion": "1.1.7",
    "updateAvailable": false,
    "dismissed": false,
    "dismissExpiresAt": null,
    "result": "up_to_date"
  }
}