=== D3-C4 / EXP-C4 22 服务只读规划冒烟探针结果 ===
PASS  EXP-C4-ECS  list_operations ECS 只读规划可路由  => true (expected true)
PASS  EXP-C4-ECS  plan_cli_command ECS ListCloudServers 归类 allow/read_only  => "allow/read_only" (expected "allow/read_only")
NOTE   EXP-C4-ECS  轻量创建→立即释放→归零验证(真云)  => "BLOCKED-真云"
PASS  EXP-C4-VPC  list_operations VPC 只读规划可路由  => true (expected true)
PASS  EXP-C4-VPC  plan_cli_command VPC ListAddressGroup 归类 allow/read_only  => "allow/read_only" (expected "allow/read_only")
PASS  EXP-C4-OBS  list_operations OBS 只读规划可路由  => true (expected true)
PASS  EXP-C4-OBS  plan_cli_command OBS ls 归类 allow/read_only  => "allow/read_only" (expected "allow/read_only")
PASS  EXP-C4-RDS  list_operations RDS 只读规划可路由  => true (expected true)
PASS  EXP-C4-RDS  plan_cli_command RDS GetAvailableVpcs 归类 allow/read_only  => "allow/read_only" (expected "allow/read_only")
NOTE   EXP-C4-RDS  轻量创建→立即释放→归零验证(真云)  => "BLOCKED-真云"
PASS  EXP-C4-GaussDB  list_operations GaussDB 只读规划可路由  => true (expected true)
PASS  EXP-C4-GaussDB  plan_cli_command GaussDB DescribeBackupEncryptStatus 归类 allow/read_only  => "allow/read_only" (expected "allow/read_only")
PASS  EXP-C4-CCE  list_operations CCE 只读规划可路由  => true (expected true)
PASS  EXP-C4-CCE  plan_cli_command CCE GetAccessPolicy 归类 allow/read_only  => "allow/read_only" (expected "allow/read_only")
NOTE   EXP-C4-CCE  轻量创建→立即释放→归零验证(真云)  => "BLOCKED-真云"
PASS  EXP-C4-FunctionGraph  list_operations FunctionGraph 只读规划可路由  => true (expected true)
PASS  EXP-C4-FunctionGraph  plan_cli_command FunctionGraph ListActiveAsyncInvocations 归类 allow/read_only  => "allow/read_only" (expected "allow/read_only")
PASS  EXP-C4-IAM  list_operations IAM 只读规划可路由  => true (expected true)
PASS  EXP-C4-IAM  plan_cli_command IAM GetAccountSummaryV5 归类 allow/read_only  => "allow/read_only" (expected "allow/read_only")
PASS  EXP-C4-CTS  list_operations CTS 只读规划可路由  => true (expected true)
PASS  EXP-C4-CTS  plan_cli_command CTS ListNotifications 归类 allow/read_only  => "allow/read_only" (expected "allow/read_only")
PASS  EXP-C4-CES  list_operations CES 只读规划可路由  => true (expected true)
PASS  EXP-C4-CES  plan_cli_command CES ListAgentDimensionInfo 归类 allow/read_only  => "allow/read_only" (expected "allow/read_only")
PASS  EXP-C4-DDS  list_operations DDS 只读规划可路由  => true (expected true)
PASS  EXP-C4-DDS  plan_cli_command DDS ListApiVersion 归类 allow/read_only  => "allow/read_only" (expected "allow/read_only")
PASS  EXP-C4-DCS  list_operations DCS 只读规划可路由  => true (expected true)
PASS  EXP-C4-DCS  plan_cli_command DCS ListAclAccounts 归类 allow/read_only  => "allow/read_only" (expected "allow/read_only")
PASS  EXP-C4-SMN  list_operations SMN 只读规划可路由  => true (expected true)
PASS  EXP-C4-SMN  plan_cli_command SMN ListApplicationAttributes 归类 allow/read_only  => "allow/read_only" (expected "allow/read_only")
NOTE   EXP-C4-DMS  list_operations DMS 伞名返回 Unsupported(产品正确)  => true
NOTE   EXP-C4-DMS  子服务名 Kafka/RocketMQ/RabbitMQ 可路由 3/3  => 3
PASS  EXP-C4-WAF  list_operations WAF 只读规划可路由  => true (expected true)
PASS  EXP-C4-WAF  plan_cli_command WAF ListAntiTamperPolicyRules 归类 allow/read_only  => "allow/read_only" (expected "allow/read_only")
NOTE   EXP-C4-WAF  轻量创建→立即释放→归零验证(真云)  => "BLOCKED-真云"
PASS  EXP-C4-CDN  list_operations CDN 只读规划可路由  => true (expected true)
PASS  EXP-C4-CDN  plan_cli_command CDN ListAccessControlTask 归类 allow/read_only  => "allow/read_only" (expected "allow/read_only")
PASS  EXP-C4-ModelArts  list_operations ModelArts 只读规划可路由  => true (expected true)
PASS  EXP-C4-ModelArts  plan_cli_command ModelArts GetAppAuthApiInfo 归类 allow/read_only  => "allow/read_only" (expected "allow/read_only")
NOTE   EXP-C4-DEW  list_operations DEW 伞名返回 Unsupported(产品正确)  => true
NOTE   EXP-C4-DEW  子服务名 KMS/CSMS 可路由 2/2  => 2
PASS  EXP-C4-CBR  list_operations CBR 只读规划可路由  => true (expected true)
PASS  EXP-C4-CBR  plan_cli_command CBR ListAgent 归类 allow/read_only  => "allow/read_only" (expected "allow/read_only")
PASS  EXP-C4-EVS  list_operations EVS 只读规划可路由  => true (expected true)
PASS  EXP-C4-EVS  plan_cli_command EVS ListSnapshots 归类 allow/read_only  => "allow/read_only" (expected "allow/read_only")
PASS  EXP-C4-EIP  list_operations EIP 只读规划可路由  => true (expected true)
PASS  EXP-C4-EIP  plan_cli_command EIP ListBandwidth 归类 allow/read_only  => "allow/read_only" (expected "allow/read_only")
PASS  EXP-C4-ELB  list_operations ELB 只读规划可路由  => true (expected true)
PASS  EXP-C4-ELB  plan_cli_command ELB ListAllL7Rules 归类 allow/read_only  => "allow/read_only" (expected "allow/read_only")

--- 伞名→子服务路由佐证 ---
  DMS 子服务 Kafka: 可路由
  DMS 子服务 RocketMQ: 可路由
  DMS 子服务 RabbitMQ: 可路由
  DEW 子服务 KMS: 可路由
  DEW 子服务 CSMS: 可路由

--- 环境/用例阻塞标注（不计入探针 PASS/FAIL）---
BLOCKED(真云create/release): ECS/RDS/CCE/WAF —— 只读规划已覆盖，真云轻量创建需最小权限 AK/SK
BLOCKED(改用例): DMS/DEW —— 母版枚举对象用伞名，KooCLI 顶级无此服务，应用子服务名

TOTAL pass=20 fail=0（note/blocked 不计入）
