{
  "case": "D1-45",
  "status": "PASS",
  "executedAt": "20260929050639",
  "total": 2,
  "passed": 2,
  "failed": 0,
  "results": [
    {
      "id": "D1-45",
      "name": "check_update-no-hint",
      "pass": true,
      "actual": "\"none\"",
      "expected": "none/preserved",
      "passMsg": "check_update no hint",
      "failMsg": "check_update wrong hint",
      "_source": "d1-upgrade"
    },
    {
      "id": "D1-45",
      "name": "upgrade-no-hint",
      "pass": true,
      "actual": "\"none\"",
      "expected": "none/preserved",
      "passMsg": "upgrade no hint",
      "failMsg": "upgrade wrong hint",
      "_source": "d1-upgrade"
    }
  ],
  "source": "d1-upgrade"
}