{
 "status": "PASS",
 "caseId": "D1-30",
 "total": 4,
 "passed": 4,
 "failed": 0,
 "source": "grouped:d1-upgrade",
 "executedAt": "20260925050900",
 "why": "",
 "assertions": [
  {
   "name": "semver-1.1.5-gt-1.1.4",
   "pass": true,
   "actual": "1",
   "expected": ">0",
   "failMsg": "semver error"
  },
  {
   "name": "semver-stable-gt-pre",
   "pass": true,
   "actual": "1",
   "expected": ">0",
   "failMsg": "semver error"
  },
  {
   "name": "semver-equal",
   "pass": true,
   "actual": "0",
   "expected": "0",
   "failMsg": "semver equal error"
  },
  {
   "name": "semver-reverse",
   "pass": true,
   "actual": "-1",
   "expected": "<0",
   "failMsg": "semver reverse error"
  }
 ]
}