{
  "caseId": "D4-21",
  "status": "PASS",
  "why": "Broad IAM policy artifact caught",
  "executedAt": "20260923093946",
  "result": {
    "decision": "deny",
    "risk": "invalid",
    "findings": [
      {
        "ruleId": "invalid-input",
        "title": "Invalid input for risk check",
        "category": "invalid",
        "severity": "deny",
        "message": "artifacts must be a non-empty array.",
        "remediation": "Provide a valid, non-empty input before re-running the check.",
        "source": "artifact",
        "evidence": ""
      }
    ]
  }
}