{
  "caseId": "D8-7",
  "status": "PASS",
  "why": "All 7 meta/general skills have SKILL.md with executable guidance (name + steps + no broken links); total skills available: 29; retrieve_skill tool functional",
  "executedAt": "20261001210418",
  "totalSkills": 29,
  "skillDirs": [
    "huawei-apig",
    "huawei-billing",
    "huawei-cbr",
    "huawei-cce",
    "huawei-cloud-eye",
    "huawei-cts",
    "huawei-dds-dcs",
    "huawei-deployment",
    "huawei-dew",
    "huawei-ecs",
    "huawei-functiongraph",
    "huawei-gaussdb",
    "huawei-getting-started",
    "huawei-iac",
    "huawei-iam",
    "huawei-modelarts",
    "huawei-obs",
    "huawei-rds",
    "huawei-sandbox",
    "huawei-smn-dms",
    "huawei-voucher",
    "huawei-vpc",
    "huawei-waf-aad",
    "huaweicloud-api-and-sdk",
    "huaweicloud-capability-discovery",
    "huaweicloud-cli-and-auth",
    "huaweicloud-core",
    "huaweicloud-safety",
    "huaweicloud-troubleshooting"
  ],
  "metaSkills": [
    {
      "skill": "huaweicloud-core",
      "exists": true,
      "contentLength": 17081,
      "hasName": true,
      "hasSteps": true,
      "noBrokenLinks": true,
      "executable": true
    },
    {
      "skill": "huaweicloud-cli-and-auth",
      "exists": true,
      "contentLength": 12746,
      "hasName": true,
      "hasSteps": true,
      "noBrokenLinks": true,
      "executable": true
    },
    {
      "skill": "huaweicloud-api-and-sdk",
      "exists": true,
      "contentLength": 3823,
      "hasName": true,
      "hasSteps": true,
      "noBrokenLinks": true,
      "executable": true
    },
    {
      "skill": "huaweicloud-capability-discovery",
      "exists": true,
      "contentLength": 6499,
      "hasName": true,
      "hasSteps": true,
      "noBrokenLinks": true,
      "executable": true
    },
    {
      "skill": "huaweicloud-safety",
      "exists": true,
      "contentLength": 3632,
      "hasName": true,
      "hasSteps": true,
      "noBrokenLinks": true,
      "executable": true
    },
    {
      "skill": "huaweicloud-troubleshooting",
      "exists": true,
      "contentLength": 10054,
      "hasName": true,
      "hasSteps": true,
      "noBrokenLinks": true,
      "executable": true
    },
    {
      "skill": "huawei-getting-started",
      "exists": true,
      "contentLength": 4883,
      "hasName": true,
      "hasSteps": true,
      "noBrokenLinks": true,
      "executable": true
    }
  ],
  "retrieveSkillResult": {
    "status": "ok",
    "hasContent": true
  }
}