{
  "caseId": "D8-7",
  "status": "PASS",
  "why": "技能指引均可机械执行（29 技能有 SKILL.md/README.md，抽检 7 个均含步骤）",
  "evidence": {
    "skillCount": 29,
    "skillsWithGuideCount": 29,
    "skillChecks": [
      {
        "skill": "huawei-apig",
        "ok": true,
        "contentLen": 8090,
        "hasSteps": true
      },
      {
        "skill": "huawei-billing",
        "ok": true,
        "contentLen": 6187,
        "hasSteps": true
      },
      {
        "skill": "huawei-cbr",
        "ok": true,
        "contentLen": 2787,
        "hasSteps": true
      },
      {
        "skill": "huawei-cce",
        "ok": true,
        "contentLen": 12034,
        "hasSteps": true
      },
      {
        "skill": "huawei-cloud-eye",
        "ok": true,
        "contentLen": 4787,
        "hasSteps": true
      },
      {
        "skill": "huawei-cts",
        "ok": true,
        "contentLen": 2880,
        "hasSteps": true
      },
      {
        "skill": "huawei-dds-dcs",
        "ok": true,
        "contentLen": 3782,
        "hasSteps": true
      }
    ]
  },
  "executedAt": "20261005050100"
}