{
  "status": "PASS",
  "caseId": "D4-3",
  "source": "group:d4-security",
  "assertions": [
    {
      "id": "D4-3",
      "name": "showsecretversion",
      "pass": true,
      "actual": "deny",
      "expected": "deny",
      "passMsg": "showsecretversion blocked",
      "failMsg": "showsecretversion not blocked"
    },
    {
      "id": "D4-3",
      "name": "getsecretvalue",
      "pass": true,
      "actual": "deny",
      "expected": "deny",
      "passMsg": "getsecretvalue blocked",
      "failMsg": "getsecretvalue not blocked"
    }
  ],
  "passed": 2,
  "total": 2
}