Probe: probe-d8-7.mjs
Return code: 0

[
  {
    "skill": "huaweicloud-getting-started",
    "hasContent": true,
    "contentLen": 579,
    "ok": false,
    "preview": "{\"ok\":false,\"error\":\"Skill \\\"huaweicloud-getting-started\\\" not found. Available: huawei-apig, huawei-billing, huawei-cbr, huawei-cce, huawei-cloud-eye"
  },
  {
    "skill": "huaweicloud-core",
    "hasContent": true,
    "contentLen": 20406,
    "ok": true,
    "preview": "{\"ok\":true,\"name\":\"huaweicloud-core\",\"version\":\"1\",\"description\":\"'Routes any task involving Huawei Cloud services - choosing, comparing, recommending"
  },
  {
    "skill": "huaweicloud-safety",
    "hasContent": true,
    "contentLen": 4063,
    "ok": true,
    "preview": "{\"ok\":true,\"name\":\"huaweicloud-safety\",\"version\":1,\"description\":\"Huawei Cloud safety policy for agents. Use when handling credentials, secrets, IAM, "
  },
  {
    "skill": "huaweicloud-cli-and-auth",
    "hasContent": true,
    "contentLen": 12103,
    "ok": true,
    "preview": "{\"ok\":true,\"name\":\"huaweicloud-cli-and-auth\",\"version\":1,\"description\":\"Safe Huawei Cloud KooCLI usage and authentication guidance. Use when working w"
  },
  {
    "skill": "huaweicloud-capability-discovery",
    "hasContent": true,
    "contentLen": 6311,
    "ok": true,
    "preview": "{\"ok\":true,\"name\":\"huaweicloud-capability-discovery\",\"version\":1,\"description\":\"Discover Huawei Cloud capabilities for an agent task. Use when the use"
  },
  {
    "skill": "huaweicloud-api-and-sdk",
    "hasContent": true,
    "contentLen": 4280,
    "ok": true,
    "preview": "{\"ok\":true,\"name\":\"huaweicloud-api-and-sdk\",\"version\":1,\"description\":\"Huawei Cloud API and SDK guidance for application development. Use when writing"
  },
  {
    "skill": "huaweicloud-troubleshooting",
    "hasContent": true,
    "contentLen": 10555,
    "ok": true,
    "preview": "{\"ok\":true,\"name\":\"huaweicloud-troubleshooting\",\"version\":1,\"description\":\"Troubleshoot Huawei Cloud CLI, API, SDK, deployment, permission, region, qu"
  }
]
