=== D1-26: 升级提醒工具注册与协议暴露 ===

Initialize result:
{
  "protocolVersion": "2024-11-05",
  "capabilities": { "tools": {} },
  "serverInfo": { "name": "huaweicloud-devkit", "version": "1.1.5" }
}

Total tools registered: 40

--- huaweicloud_check_update ---
Found: true
Has description: true
Has inputSchema: true
inputSchema.type: object
Has dismiss property: true
Has dismissVersion property: true
Description: 检查 huaweicloud-devkit 插件是否有新版本。结果含 currentVersion / latestStable / latestNext / targetVersion / updateAvailable / dismissExpiresAt / result。支持 dismiss:true 记录用户拒绝（3 天冷却，新版本会重新提醒）。

--- huaweicloud_upgrade ---
Found: true
Has description: true
Has inputSchema: true
inputSchema.type: object
Has version property: true
Has target property: true
Description: 升级 huaweicloud-devkit 到最新版本。执行前必须先征得用户同意。version 仅支持 "latest"。完成后需重启会话生效。

--- VERIFICATION ---
Both tools registered with description+inputSchema: true
VERDICT: PASS
