{
  "total": 12,
  "passed": 12,
  "failed": 0,
  "results": [
    {
      "id": "D10-4",
      "name": "rules-count",
      "pass": true,
      "actual": "16",
      "expected": "16",
      "passMsg": "16 rules loaded",
      "failMsg": "rules count 16 != 16"
    },
    {
      "id": "D10-4",
      "name": "deny-count",
      "pass": true,
      "actual": "9",
      "expected": "9",
      "passMsg": "9 deny rules",
      "failMsg": "deny rules 9 != 9"
    },
    {
      "id": "D10-4",
      "name": "warn-count",
      "pass": true,
      "actual": "7",
      "expected": "7",
      "passMsg": "7 warn rules",
      "failMsg": "warn rules 7 != 7"
    },
    {
      "id": "D10-4",
      "name": "cred-file-deny",
      "pass": true,
      "actual": "deny",
      "expected": "deny",
      "passMsg": "credential file read denied",
      "failMsg": "credential file not denied"
    },
    {
      "id": "D10-4",
      "name": "env-dump-deny",
      "pass": true,
      "actual": "deny",
      "expected": "deny",
      "passMsg": "env dump denied",
      "failMsg": "env dump not denied"
    },
    {
      "id": "D10-4",
      "name": "delete-deny",
      "pass": true,
      "actual": "deny",
      "expected": "deny/warn",
      "passMsg": "destructive delete detected",
      "failMsg": "destructive delete not detected"
    },
    {
      "id": "D10-4",
      "name": "list-allow",
      "pass": true,
      "actual": "allow",
      "expected": "allow",
      "passMsg": "readonly allowed",
      "failMsg": "readonly denied"
    },
    {
      "id": "D10-4",
      "name": "show-allow",
      "pass": true,
      "actual": "allow",
      "expected": "allow",
      "passMsg": "show readonly allowed",
      "failMsg": "show readonly denied"
    },
    {
      "id": "D10-4",
      "name": "no-token-leak",
      "pass": true,
      "actual": "clean",
      "expected": "clean",
      "passMsg": "no token in risk output",
      "failMsg": "token leaked in risk output"
    },
    {
      "id": "D10-4",
      "name": "three-state-warn",
      "pass": true,
      "actual": "warn",
      "expected": "deny/warn",
      "passMsg": "warn-level detected",
      "failMsg": "warn-level missed"
    },
    {
      "id": "D10-4",
      "name": "artifacts-eval",
      "pass": true,
      "actual": "object",
      "expected": "object",
      "passMsg": "artifacts evaluated",
      "failMsg": "artifacts eval failed"
    },
    {
      "id": "D10-4",
      "name": "deploy-plan-eval",
      "pass": true,
      "actual": "object",
      "expected": "object",
      "passMsg": "deploy plan evaluated",
      "failMsg": "deploy plan eval failed"
    }
  ]
}