{
  "status": "PASS",
  "caseId": "D4-27",
  "executedAt": "20260924210000",
  "details": {
    "noLeakObj": true,
    "noLeakStr": true,
    "redactedObj": {
      "data": {
        "ak": "<redacted>",
        "sk": "<redacted>",
        "servers": [
          {
            "name": "server1",
            "adminPass": "<redacted>"
          }
        ]
      }
    },
    "redactedStr": "access_key=<redacted> secret_key=<redacted> password=<redacted>"
  },
  "why": "dual-path redaction: obj=True, str=True"
}