{
  "status": "PASS",
  "caseId": "D10-3",
  "why": "All 9 dimensions have tool coverage. 41 tools available.",
  "executedAt": "20260930103000",
  "totalTools": 41,
  "results": {
    "D1-install-upgrade": {
      "expected": 3,
      "covered": 3,
      "missing": []
    },
    "D2-auth": {
      "expected": 5,
      "covered": 5,
      "missing": []
    },
    "D3-function": {
      "expected": 5,
      "covered": 5,
      "missing": []
    },
    "D4-security": {
      "expected": 6,
      "covered": 6,
      "missing": []
    },
    "D5-discovery": {
      "expected": 2,
      "covered": 2,
      "missing": []
    },
    "D6-performance": {
      "expected": 1,
      "covered": 1,
      "missing": []
    },
    "D8-config": {
      "expected": 2,
      "covered": 2,
      "missing": []
    },
    "D9-protocol": {
      "expected": 1,
      "covered": 1,
      "missing": []
    },
    "D10-eval": {
      "expected": 1,
      "covered": 1,
      "missing": []
    }
  }
}
