{
  "status": "PASS",
  "caseId": "D4-4",
  "why": "All 12 write/execution operations correctly denied by classifyHcloudArgs.",
  "executedAt": "20260930103000",
  "details": [
    {
      "command": "hcloud ECS CreateServers",
      "decision": "deny",
      "risk": "write",
      "reason": "Huawei Cloud write operation blocked until the agent presents a plan and receives explicit user approval.",
      "pass": true
    },
    {
      "command": "hcloud ECS DeleteServers",
      "decision": "deny",
      "risk": "write",
      "reason": "Huawei Cloud write operation blocked until the agent presents a plan and receives explicit user approval.",
      "pass": true
    },
    {
      "command": "hcloud ECS UpdateServer",
      "decision": "deny",
      "risk": "write",
      "reason": "Huawei Cloud write operation blocked until the agent presents a plan and receives explicit user approval.",
      "pass": true
    },
    {
      "command": "hcloud VPC CreateVpc",
      "decision": "deny",
      "risk": "write",
      "reason": "Huawei Cloud write operation blocked until the agent presents a plan and receives explicit user approval.",
      "pass": true
    },
    {
      "command": "hcloud VPC DeleteVpc",
      "decision": "deny",
      "risk": "write",
      "reason": "Huawei Cloud write operation blocked until the agent presents a plan and receives explicit user approval.",
      "pass": true
    },
    {
      "command": "hcloud RDS CreateInstance",
      "decision": "deny",
      "risk": "write",
      "reason": "Huawei Cloud write operation blocked until the agent presents a plan and receives explicit user approval.",
      "pass": true
    },
    {
      "command": "hcloud RDS DeleteInstance",
      "decision": "deny",
      "risk": "write",
      "reason": "Huawei Cloud write operation blocked until the agent presents a plan and receives explicit user approval.",
      "pass": true
    },
    {
      "command": "hcloud IAM CreateUser",
      "decision": "deny",
      "risk": "write",
      "reason": "Huawei Cloud write operation blocked until the agent presents a plan and receives explicit user approval.",
      "pass": true
    },
    {
      "command": "hcloud IAM DeleteUser",
      "decision": "deny",
      "risk": "write",
      "reason": "Huawei Cloud write operation blocked until the agent presents a plan and receives explicit user approval.",
      "pass": true
    },
    {
      "command": "hcloud ECS RebootServers",
      "decision": "deny",
      "risk": "execution",
      "reason": "Huawei Cloud execution/trigger operation blocked until approved.",
      "pass": true
    },
    {
      "command": "hcloud ECS StopServers",
      "decision": "deny",
      "risk": "execution",
      "reason": "Huawei Cloud execution/trigger operation blocked until approved.",
      "pass": true
    },
    {
      "command": "hcloud ECS StartServers",
      "decision": "deny",
      "risk": "execution",
      "reason": "Huawei Cloud execution/trigger operation blocked until approved.",
      "pass": true
    }
  ]
}
