{
  "caseId": "D4-19",
  "status": "PASS",
  "why": "decision=deny blockedByRiskRule=true",
  "executedAt": "20260925214254",
  "d": {
    "decision": "deny",
    "risk": "public_exposure",
    "reason": "The change appears to expose an administrative or database port to the public internet. Web ports (80/443) are allowed - this rule only covers admin/database ports.",
    "service": "VPC",
    "operation": "CreateSecurityGroupRule",
    "args": [
      "VPC",
      "CreateSecurityGroupRule",
      "--direction=ingress",
      "--port_range_min=22",
      "--protocol=tcp",
      "--remote_ip_prefix=0.0.0.0/0"
    ],
    "blockedByRiskRule": true,
    "findings": [
      {
        "ruleId": "hwc-network-public-admin-port",
        "title": "Public admin port exposure",
        "category": "public_exposure",
        "severity": "deny",
        "message": "The change appears to expose an administrative or database port to the public internet. Web ports (80/443) are allowed - this rule only covers admin/database ports.",
        "remediation": "Restrict the source CIDR to a trusted range, use a bastion or VPN, and keep public preview endpoints behind authenticated HTTP services.",
        "source": "command",
        "evidence": "hcloud VPC CreateSecurityGroupRule --direction=ingress --port_range_min=22 --protocol=tcp --remote_ip_prefix=0.0.0.0/0"
      }
    ]
  }
}