EXP-E02 测试证据
执行时间: 2026-10-03 05:15
客户端: CodeArtsSpace
OS: Windows
被测版本: 1.1.8-next.1
工具: probe-expanded.mjs
结果: FAIL
断言: serviceCatalog routes -> ECS matched
结论: FAIL - serviceCatalog 未命中 ECS (MISS), harness 实测路由至 'Run hcloud --help'
根因: eval/harness/run-eval.mjs: serviceCatalog 中文意图路由未命中 ECS, 返回通用 help 提示

=== 执行命令 ===
node eval/harness/run-eval.mjs
=== RC === 0
=== STDOUT ===
EXP-E01 | MISS  | 期望=ECS | 实际=Run hcloud --help to list available services. | 帮我查一下我账号在华北北京四有哪些云主机
EXP-E02 | MISS  | 期望=ECS | 实际=Run hcloud --help to list available services. | 创建一台 2C4G 的 Ubuntu 云服务器 
EXP-E03 | MISS  | 期望=OBS | 实际=Sandbox+DevStation | 把本地 dist 目录部署成一个公网静态网站
EXP-E04 | MISS  | 期望=EIP | 实际=Run hcloud --help to list available services. | 给这台服务器绑定一个弹性公网IP
EXP-E05 | MISS  | 期望=RDS | 实际=Run hcloud --help to list available services. | 看一下我的云数据库MySQL实例的状态
EXP-E06 | HIT   | 期望=DCS | 实际=DDS+DCS | 创建一个 Redis 缓存实例用于会话存储
EXP-E07 | MISS  | 期望=CBR | 实际=Run hcloud --help to list available services. | 给生产环境的服务器配置一个每日备份策略
EXP-E08 | N/A   | 期望=(诊断) | 实际=Run hcloud --help to list available services. | 我的ECS启动失败了 帮我分析原因
EXP-E09 | HIT   | 期望=CCE | 实际=CCE+SWR | 开设一个 Kubernetes 集群用于微服务部
EXP-E10 | MISS  | 期望=FunctionGraph | 实际=Run hcloud --help to list available services. | 部署一个函数处理图片自动压缩
EXP-E11 | MISS  | 期望=BSS | 实际=Run hcloud --help to list available services. | 查一下我账号这个月的费用情况
EXP-E12 | MISS  | 期望=CES | 实际=Run hcloud --help to list available services. | 把应用日志指标推送到云监控告警
EXP-E13 | MISS  | 期望=ELB | 实际=Run hcloud --help to list available services. | 申请HTTPS证书并配置到我的域名
EXP-E14 | MISS  | 期望=IAM | 实际=Run hcloud --help to list available services. | 我账号下的用户都有哪些权限 帮我审计一下
EXP-E15 | HIT   | 期望=Incentive Voucher | 实际=Incentive Voucher | 帮我领一下华为云的代金券

=== 路由准确率基线 ===
HIT=3 MISS=11 N/A=1 | 准确率=21.4% (分母=HIT+MISS=14)
结果落盘: C:\Users\Administrator\devkit-test\testbot5-win-CodeArtsSpace\huaweicloud-devkit-test\eval\results\eval-run-20261002211521.csv

