{
  "total": 9,
  "passed": 7,
  "failed": 2,
  "results": [
    {
      "id": "D8-7",
      "name": "skills-exist",
      "pass": true,
      "actual": "30 skills found",
      "expected": ">=1",
      "passMsg": "Skills directory found with 30 skills",
      "failMsg": "Skills directory not found"
    },
    {
      "id": "D8-7",
      "name": "skills-count",
      "pass": true,
      "actual": "30",
      "expected": ">=1",
      "passMsg": "Found 30 skills",
      "failMsg": "No skills found"
    },
    {
      "id": "D8-1",
      "name": "readme-exists",
      "pass": true,
      "actual": "exists",
      "expected": "exists",
      "passMsg": "README exists",
      "failMsg": "README missing"
    },
    {
      "id": "D8-1",
      "name": "readme-content",
      "pass": true,
      "actual": "15545 chars",
      "expected": ">100",
      "passMsg": "README has content",
      "failMsg": "README empty"
    },
    {
      "id": "D8-6",
      "name": "doc-bilingual",
      "pass": true,
      "actual": "CN:true EN:true",
      "expected": "both",
      "passMsg": "Documentation has both CN/EN",
      "failMsg": "Documentation missing CN or EN"
    },
    {
      "id": "D10-3",
      "name": "harness-exists",
      "pass": false,
      "actual": "missing",
      "expected": "exists",
      "passMsg": "Eval harness exists",
      "failMsg": "Eval harness missing"
    },
    {
      "id": "D10-3",
      "name": "prompts-exist",
      "pass": false,
      "actual": "missing",
      "expected": "exists",
      "passMsg": "Eval prompts exist",
      "failMsg": "Eval prompts missing"
    },
    {
      "id": "D10-4",
      "name": "safety-policy-exists",
      "pass": true,
      "actual": "exists",
      "expected": "exists",
      "passMsg": "Safety policy exists",
      "failMsg": "Safety policy missing"
    },
    {
      "id": "D10-4",
      "name": "safety-intervention",
      "pass": true,
      "actual": "classify:true redact:true",
      "expected": "both",
      "passMsg": "Safety intervention mechanism exists",
      "failMsg": "Safety intervention missing"
    }
  ]
}