{
  "total": 34,
  "passed": 34,
  "failed": 0,
  "results": [
    {
      "id": "D9-12",
      "name": "initialize-returns",
      "pass": true,
      "actual": "{\"protocolVersion\":\"2024-11-05\",\"capabilities\":{\"tools\":{}},\"serverInfo\":{\"name\"",
      "expected": "protocolVersion+capabilities+serverInfo",
      "passMsg": "initialize returns complete handshake",
      "failMsg": "initialize missing fields"
    },
    {
      "id": "D9-12",
      "name": "callTool-fn",
      "pass": true,
      "actual": "function",
      "expected": "function",
      "passMsg": "callTool is function",
      "failMsg": "callTool not function"
    },
    {
      "id": "D9-12",
      "name": "runVersionCheck-fn",
      "pass": true,
      "actual": "function",
      "expected": "function",
      "passMsg": "runVersionCheck is function",
      "failMsg": "runVersionCheck not function"
    },
    {
      "id": "D9-12",
      "name": "decorateResult-nothrow",
      "pass": true,
      "actual": "{\"ok\":true,\"data\":\"test\"}",
      "expected": "result",
      "passMsg": "_decorateResult no throw",
      "failMsg": "_decorateResult throws"
    },
    {
      "id": "D9-12",
      "name": "resetHintConsumption-fn",
      "pass": true,
      "actual": "function",
      "expected": "function",
      "passMsg": "_resetHintConsumption is function",
      "failMsg": "_resetHintConsumption not function"
    },
    {
      "id": "D9-12",
      "name": "isHintConsumed-fn",
      "pass": true,
      "actual": "function",
      "expected": "function",
      "passMsg": "_isHintConsumed is function",
      "failMsg": "_isHintConsumed not function"
    },
    {
      "id": "D9-12",
      "name": "listSkillDirs-fn",
      "pass": true,
      "actual": "function",
      "expected": "function",
      "passMsg": "listSkillDirs is function",
      "failMsg": "listSkillDirs not function"
    },
    {
      "id": "D9-12",
      "name": "findSkillsRoot-fn",
      "pass": true,
      "actual": "function",
      "expected": "function",
      "passMsg": "findSkillsRoot is function",
      "failMsg": "findSkillsRoot not function"
    },
    {
      "id": "D9-12",
      "name": "skill-dirs-valid",
      "pass": true,
      "actual": "[\"huawei-apig\",\"huawei-billing\",\"huawei-cbr\",\"huawei-cce\",\"h",
      "expected": "array",
      "passMsg": "skill dirs: 30",
      "failMsg": "skill dirs not array"
    },
    {
      "id": "D9-12",
      "name": "unknown-method-code",
      "pass": true,
      "actual": "-32601",
      "expected": "-32601",
      "passMsg": "unknown method returns -32601",
      "failMsg": "unknown method wrong code"
    },
    {
      "id": "D9-12",
      "name": "tools-list",
      "pass": true,
      "actual": "40",
      "expected": ">0",
      "passMsg": "tools: 40",
      "failMsg": "tools/list failed"
    },
    {
      "id": "D9-13",
      "name": "hasRuntimeCredentials",
      "pass": true,
      "actual": "true",
      "expected": "true",
      "passMsg": "runtime credentials set",
      "failMsg": "runtime credentials not set"
    },
    {
      "id": "D9-13",
      "name": "resolveRuntimeCreds",
      "pass": true,
      "actual": "object",
      "expected": "object",
      "passMsg": "runtime creds resolved",
      "failMsg": "runtime creds resolve failed"
    },
    {
      "id": "D9-13",
      "name": "clearRuntimeCredentials",
      "pass": true,
      "actual": "false",
      "expected": "false",
      "passMsg": "runtime cleared",
      "failMsg": "runtime not cleared"
    },
    {
      "id": "D9-13",
      "name": "loadPolicy",
      "pass": true,
      "actual": "object",
      "expected": "object",
      "passMsg": "policy loaded",
      "failMsg": "policy not loaded"
    },
    {
      "id": "D9-13",
      "name": "classifyHcloudArgs",
      "pass": true,
      "actual": "deny",
      "expected": "string",
      "passMsg": "decision: deny",
      "failMsg": "classifyHcloudArgs failed"
    },
    {
      "id": "D9-13",
      "name": "evaluateArtifacts",
      "pass": true,
      "actual": "object",
      "expected": "object",
      "passMsg": "evaluateArtifacts returns result",
      "failMsg": "evaluateArtifacts error"
    },
    {
      "id": "D9-13",
      "name": "evaluateDeployPlan",
      "pass": true,
      "actual": "object",
      "expected": "object",
      "passMsg": "evaluateDeployPlan returns result",
      "failMsg": "evaluateDeployPlan error"
    },
    {
      "id": "D9-13",
      "name": "mergeRiskDecision",
      "pass": true,
      "actual": "object",
      "expected": "object",
      "passMsg": "mergeRiskDecision returns result",
      "failMsg": "mergeRiskDecision error"
    },
    {
      "id": "D9-13",
      "name": "hashArgs",
      "pass": true,
      "actual": "43d7886db8933d90",
      "expected": "string",
      "passMsg": "hash: 43d7886db8933d90",
      "failMsg": "hashArgs failed"
    },
    {
      "id": "D9-13",
      "name": "createApprovalToken",
      "pass": true,
      "actual": "27b13efc-c262-47",
      "expected": "string",
      "passMsg": "token created",
      "failMsg": "token not created"
    },
    {
      "id": "D9-13",
      "name": "consumeApprovalToken-first",
      "pass": true,
      "actual": "object",
      "expected": "object",
      "passMsg": "token consumed",
      "failMsg": "token not consumed"
    },
    {
      "id": "D9-13",
      "name": "token-no-replay",
      "pass": true,
      "actual": "null",
      "expected": "null",
      "passMsg": "token non-replayable",
      "failMsg": "token replayable (defect)"
    },
    {
      "id": "D9-13",
      "name": "readServiceCatalogs",
      "pass": true,
      "actual": "object",
      "expected": "object",
      "passMsg": "catalogs read",
      "failMsg": "catalogs read failed"
    },
    {
      "id": "D9-13",
      "name": "classifyUnsupported",
      "pass": true,
      "actual": "unknown",
      "expected": "string",
      "passMsg": "classification: unknown",
      "failMsg": "classifyUnsupported failed"
    },
    {
      "id": "D9-13",
      "name": "planHcloudCommand",
      "pass": true,
      "actual": "object",
      "expected": "object",
      "passMsg": "planHcloudCommand returns",
      "failMsg": "planHcloudCommand failed"
    },
    {
      "id": "D9-13",
      "name": "no-plaintext-leak",
      "pass": true,
      "actual": "clean",
      "expected": "clean",
      "passMsg": "no AK/SK plaintext in response",
      "failMsg": "AK/SK plaintext leaked"
    },
    {
      "id": "D9-13",
      "name": "globalCredentialsPath",
      "pass": true,
      "actual": "C:\\Users\\Administrator\\.config\\huaweicloud\\credentials.json",
      "expected": "string",
      "passMsg": "path: C:\\Users\\Administrator\\.config\\huaweicloud\\credentials.json",
      "failMsg": "no credentials path"
    },
    {
      "id": "D9-13",
      "name": "readGlobalCredentials",
      "pass": true,
      "actual": "object",
      "expected": "object",
      "passMsg": "creds readable",
      "failMsg": "creds not readable"
    },
    {
      "id": "D9-13",
      "name": "isPlaceholder-empty",
      "pass": true,
      "actual": "false",
      "expected": "false",
      "passMsg": "empty not placeholder",
      "failMsg": "empty marked placeholder"
    },
    {
      "id": "D9-13",
      "name": "isPlaceholder-template",
      "pass": true,
      "actual": "true",
      "expected": "true",
      "passMsg": "template is placeholder",
      "failMsg": "template not placeholder"
    },
    {
      "id": "D9-13",
      "name": "isPlaceholder-real",
      "pass": true,
      "actual": "false",
      "expected": "false",
      "passMsg": "real AK not placeholder",
      "failMsg": "real AK marked placeholder"
    },
    {
      "id": "D9-13",
      "name": "three-state-deny",
      "pass": true,
      "actual": "deny",
      "expected": "deny/confirm",
      "passMsg": "write denied",
      "failMsg": "write allowed"
    },
    {
      "id": "D9-13",
      "name": "three-state-allow",
      "pass": true,
      "actual": "allow",
      "expected": "allow",
      "passMsg": "read allowed",
      "failMsg": "read denied"
    }
  ]
}