{
  "total": 3,
  "passed": 3,
  "failed": 0,
  "results": [
    {
      "id": "D6-9",
      "name": "invalidateUpdateCache",
      "pass": true,
      "actual": "callable=true idem=true",
      "expected": "清理函数可调用且幂等"
    },
    {
      "id": "D6-9",
      "name": "clearMarketCache",
      "pass": true,
      "actual": "callable=true",
      "expected": "市场缓存清理可调用"
    },
    {
      "id": "D6-9",
      "name": "clearIconCache-reload",
      "pass": true,
      "actual": "src=snapshot then snapshot",
      "expected": "clear 后重新拉取快照"
    }
  ]
}