{
  "total": 3,
  "passed": 3,
  "failed": 0,
  "results": [
    {
      "id": "D9-11",
      "name": "attach-registers",
      "pass": true,
      "actual": "registered=1",
      "expected": "attach 注册到 mux"
    },
    {
      "id": "D9-11",
      "name": "ready-resolve-on-open",
      "pass": true,
      "actual": "opened=true localServer=true",
      "expected": "onopen 启动 localServer 且 ready 就绪"
    },
    {
      "id": "D9-11",
      "name": "close-lifecycle",
      "pass": true,
      "actual": "closed=true localServer=null subs=0 onClose=true unreg=1",
      "expected": "close 后 localServer 关闭、subConnections 清空、onClose 触发、mux 注销"
    }
  ]
}