{
  "caseId": "D4-17",
  "status": "PASS",
  "why": "decision=deny risk=invalid",
  "executedAt": "20260928220655",
  "r": {
    "decision": "deny",
    "risk": "invalid",
    "findings": [
      {
        "ruleId": "invalid-input",
        "title": "Invalid input for risk check",
        "category": "invalid",
        "severity": "deny",
        "message": "command must be a non-empty string.",
        "remediation": "Provide a valid, non-empty input before re-running the check.",
        "source": "command",
        "evidence": ""
      }
    ]
  }
}