{
  "total": 39,
  "passed": 39,
  "failed": 0,
  "results": [
    {
      "id": "D8-7",
      "name": "huaweicloud-core-exists",
      "pass": true,
      "actual": "true",
      "expected": "true",
      "passMsg": "huaweicloud-core SKILL.md exists",
      "failMsg": "huaweicloud-core SKILL.md missing"
    },
    {
      "id": "D8-7",
      "name": "huaweicloud-core-frontmatter",
      "pass": true,
      "actual": "true",
      "expected": "true",
      "passMsg": "huaweicloud-core has frontmatter",
      "failMsg": "huaweicloud-core missing frontmatter"
    },
    {
      "id": "D8-7",
      "name": "huaweicloud-core-sections",
      "pass": true,
      "actual": "true",
      "expected": "true",
      "passMsg": "huaweicloud-core has actionable sections",
      "failMsg": "huaweicloud-core missing sections"
    },
    {
      "id": "D8-7",
      "name": "huaweicloud-core-no-broken-links",
      "pass": true,
      "actual": "0",
      "expected": "0",
      "passMsg": "huaweicloud-core no broken links",
      "failMsg": "huaweicloud-core has 0 broken links"
    },
    {
      "id": "D8-7",
      "name": "huaweicloud-core-no-placeholders",
      "pass": true,
      "actual": "false",
      "expected": "false",
      "passMsg": "huaweicloud-core no placeholders",
      "failMsg": "huaweicloud-core has placeholders"
    },
    {
      "id": "D8-7",
      "name": "huaweicloud-api-and-sdk-exists",
      "pass": true,
      "actual": "true",
      "expected": "true",
      "passMsg": "huaweicloud-api-and-sdk SKILL.md exists",
      "failMsg": "huaweicloud-api-and-sdk SKILL.md missing"
    },
    {
      "id": "D8-7",
      "name": "huaweicloud-api-and-sdk-frontmatter",
      "pass": true,
      "actual": "true",
      "expected": "true",
      "passMsg": "huaweicloud-api-and-sdk has frontmatter",
      "failMsg": "huaweicloud-api-and-sdk missing frontmatter"
    },
    {
      "id": "D8-7",
      "name": "huaweicloud-api-and-sdk-sections",
      "pass": true,
      "actual": "true",
      "expected": "true",
      "passMsg": "huaweicloud-api-and-sdk has actionable sections",
      "failMsg": "huaweicloud-api-and-sdk missing sections"
    },
    {
      "id": "D8-7",
      "name": "huaweicloud-api-and-sdk-no-broken-links",
      "pass": true,
      "actual": "0",
      "expected": "0",
      "passMsg": "huaweicloud-api-and-sdk no broken links",
      "failMsg": "huaweicloud-api-and-sdk has 0 broken links"
    },
    {
      "id": "D8-7",
      "name": "huaweicloud-api-and-sdk-no-placeholders",
      "pass": true,
      "actual": "false",
      "expected": "false",
      "passMsg": "huaweicloud-api-and-sdk no placeholders",
      "failMsg": "huaweicloud-api-and-sdk has placeholders"
    },
    {
      "id": "D8-7",
      "name": "huaweicloud-capability-discovery-exists",
      "pass": true,
      "actual": "true",
      "expected": "true",
      "passMsg": "huaweicloud-capability-discovery SKILL.md exists",
      "failMsg": "huaweicloud-capability-discovery SKILL.md missing"
    },
    {
      "id": "D8-7",
      "name": "huaweicloud-capability-discovery-frontmatter",
      "pass": true,
      "actual": "true",
      "expected": "true",
      "passMsg": "huaweicloud-capability-discovery has frontmatter",
      "failMsg": "huaweicloud-capability-discovery missing frontmatter"
    },
    {
      "id": "D8-7",
      "name": "huaweicloud-capability-discovery-sections",
      "pass": true,
      "actual": "true",
      "expected": "true",
      "passMsg": "huaweicloud-capability-discovery has actionable sections",
      "failMsg": "huaweicloud-capability-discovery missing sections"
    },
    {
      "id": "D8-7",
      "name": "huaweicloud-capability-discovery-no-broken-links",
      "pass": true,
      "actual": "0",
      "expected": "0",
      "passMsg": "huaweicloud-capability-discovery no broken links",
      "failMsg": "huaweicloud-capability-discovery has 0 broken links"
    },
    {
      "id": "D8-7",
      "name": "huaweicloud-capability-discovery-no-placeholders",
      "pass": true,
      "actual": "false",
      "expected": "false",
      "passMsg": "huaweicloud-capability-discovery no placeholders",
      "failMsg": "huaweicloud-capability-discovery has placeholders"
    },
    {
      "id": "D8-7",
      "name": "huaweicloud-cli-and-auth-exists",
      "pass": true,
      "actual": "true",
      "expected": "true",
      "passMsg": "huaweicloud-cli-and-auth SKILL.md exists",
      "failMsg": "huaweicloud-cli-and-auth SKILL.md missing"
    },
    {
      "id": "D8-7",
      "name": "huaweicloud-cli-and-auth-frontmatter",
      "pass": true,
      "actual": "true",
      "expected": "true",
      "passMsg": "huaweicloud-cli-and-auth has frontmatter",
      "failMsg": "huaweicloud-cli-and-auth missing frontmatter"
    },
    {
      "id": "D8-7",
      "name": "huaweicloud-cli-and-auth-sections",
      "pass": true,
      "actual": "true",
      "expected": "true",
      "passMsg": "huaweicloud-cli-and-auth has actionable sections",
      "failMsg": "huaweicloud-cli-and-auth missing sections"
    },
    {
      "id": "D8-7",
      "name": "huaweicloud-cli-and-auth-no-broken-links",
      "pass": true,
      "actual": "0",
      "expected": "0",
      "passMsg": "huaweicloud-cli-and-auth no broken links",
      "failMsg": "huaweicloud-cli-and-auth has 0 broken links"
    },
    {
      "id": "D8-7",
      "name": "huaweicloud-cli-and-auth-no-placeholders",
      "pass": true,
      "actual": "false",
      "expected": "false",
      "passMsg": "huaweicloud-cli-and-auth no placeholders",
      "failMsg": "huaweicloud-cli-and-auth has placeholders"
    },
    {
      "id": "D8-7",
      "name": "huaweicloud-safety-exists",
      "pass": true,
      "actual": "true",
      "expected": "true",
      "passMsg": "huaweicloud-safety SKILL.md exists",
      "failMsg": "huaweicloud-safety SKILL.md missing"
    },
    {
      "id": "D8-7",
      "name": "huaweicloud-safety-frontmatter",
      "pass": true,
      "actual": "true",
      "expected": "true",
      "passMsg": "huaweicloud-safety has frontmatter",
      "failMsg": "huaweicloud-safety missing frontmatter"
    },
    {
      "id": "D8-7",
      "name": "huaweicloud-safety-sections",
      "pass": true,
      "actual": "true",
      "expected": "true",
      "passMsg": "huaweicloud-safety has actionable sections",
      "failMsg": "huaweicloud-safety missing sections"
    },
    {
      "id": "D8-7",
      "name": "huaweicloud-safety-no-broken-links",
      "pass": true,
      "actual": "0",
      "expected": "0",
      "passMsg": "huaweicloud-safety no broken links",
      "failMsg": "huaweicloud-safety has 0 broken links"
    },
    {
      "id": "D8-7",
      "name": "huaweicloud-safety-no-placeholders",
      "pass": true,
      "actual": "false",
      "expected": "false",
      "passMsg": "huaweicloud-safety no placeholders",
      "failMsg": "huaweicloud-safety has placeholders"
    },
    {
      "id": "D8-7",
      "name": "huaweicloud-troubleshooting-exists",
      "pass": true,
      "actual": "true",
      "expected": "true",
      "passMsg": "huaweicloud-troubleshooting SKILL.md exists",
      "failMsg": "huaweicloud-troubleshooting SKILL.md missing"
    },
    {
      "id": "D8-7",
      "name": "huaweicloud-troubleshooting-frontmatter",
      "pass": true,
      "actual": "true",
      "expected": "true",
      "passMsg": "huaweicloud-troubleshooting has frontmatter",
      "failMsg": "huaweicloud-troubleshooting missing frontmatter"
    },
    {
      "id": "D8-7",
      "name": "huaweicloud-troubleshooting-sections",
      "pass": true,
      "actual": "true",
      "expected": "true",
      "passMsg": "huaweicloud-troubleshooting has actionable sections",
      "failMsg": "huaweicloud-troubleshooting missing sections"
    },
    {
      "id": "D8-7",
      "name": "huaweicloud-troubleshooting-no-broken-links",
      "pass": true,
      "actual": "0",
      "expected": "0",
      "passMsg": "huaweicloud-troubleshooting no broken links",
      "failMsg": "huaweicloud-troubleshooting has 0 broken links"
    },
    {
      "id": "D8-7",
      "name": "huaweicloud-troubleshooting-no-placeholders",
      "pass": true,
      "actual": "false",
      "expected": "false",
      "passMsg": "huaweicloud-troubleshooting no placeholders",
      "failMsg": "huaweicloud-troubleshooting has placeholders"
    },
    {
      "id": "D8-7",
      "name": "huawei-getting-started-exists",
      "pass": true,
      "actual": "true",
      "expected": "true",
      "passMsg": "huawei-getting-started SKILL.md exists",
      "failMsg": "huawei-getting-started SKILL.md missing"
    },
    {
      "id": "D8-7",
      "name": "huawei-getting-started-frontmatter",
      "pass": true,
      "actual": "true",
      "expected": "true",
      "passMsg": "huawei-getting-started has frontmatter",
      "failMsg": "huawei-getting-started missing frontmatter"
    },
    {
      "id": "D8-7",
      "name": "huawei-getting-started-sections",
      "pass": true,
      "actual": "true",
      "expected": "true",
      "passMsg": "huawei-getting-started has actionable sections",
      "failMsg": "huawei-getting-started missing sections"
    },
    {
      "id": "D8-7",
      "name": "huawei-getting-started-no-broken-links",
      "pass": true,
      "actual": "0",
      "expected": "0",
      "passMsg": "huawei-getting-started no broken links",
      "failMsg": "huawei-getting-started has 0 broken links"
    },
    {
      "id": "D8-7",
      "name": "huawei-getting-started-no-placeholders",
      "pass": true,
      "actual": "false",
      "expected": "false",
      "passMsg": "huawei-getting-started no placeholders",
      "failMsg": "huawei-getting-started has placeholders"
    },
    {
      "id": "D8-7",
      "name": "retrieve-skill-registered",
      "pass": true,
      "actual": "true",
      "expected": "true",
      "passMsg": "retrieve_skill tool registered",
      "failMsg": "retrieve_skill not registered"
    },
    {
      "id": "D8-7",
      "name": "retrieve-skill-loads",
      "pass": true,
      "actual": "object",
      "expected": "object",
      "passMsg": "retrieve_skill loads skill",
      "failMsg": "retrieve_skill failed to load"
    },
    {
      "id": "D8-7",
      "name": "search-docs-registered",
      "pass": true,
      "actual": "true",
      "expected": "true",
      "passMsg": "search_docs tool registered",
      "failMsg": "search_docs not registered"
    },
    {
      "id": "D8-7",
      "name": "skill-dirs-discovered",
      "pass": true,
      "actual": "29",
      "expected": ">=7",
      "passMsg": "29 skills discovered",
      "failMsg": "only 29 skills"
    }
  ]
}