{
  "status": "PASS",
  "why": "工具冒烟: 4/4 tools passed",
  "executedAt": "20260921024153",
  "check_cli": {
    "ok": true,
    "data": "{\"installed\":true,\"authenticated\":true,\"status\":\"ok\",\"output\":\"当前KooCLI版本:7.2.12\",\"kooCliVersion\":\"7.2.12\",\"installedVersion\":\"7.2.12\",\"versionMismatch\":false,\"nextStep\":\"Use huaweicloud_show_profile_"
  },
  "list_operations": {
    "ok": true
  },
  "plan": {
    "ok": true,
    "hasCommand": true
  },
  "explain_error": {
    "ok": true,
    "hasData": true
  }
}