{
  "case": "D9-1",
  "status": "PASS",
  "total": 3,
  "passed": 3,
  "results": [
    {
      "id": "D9-1",
      "name": "tools-have-name",
      "pass": true,
      "actual": "all",
      "expected": "true",
      "passMsg": "all tools have name",
      "failMsg": "some tools missing name"
    },
    {
      "id": "D9-1",
      "name": "tools-have-desc",
      "pass": true,
      "actual": "all",
      "expected": "true",
      "passMsg": "all tools have desc",
      "failMsg": "some tools missing desc"
    },
    {
      "id": "D9-1",
      "name": "tools-have-schema",
      "pass": true,
      "actual": "all",
      "expected": "true",
      "passMsg": "all tools have schema",
      "failMsg": "some tools missing schema"
    }
  ],
  "source": "d1-upgrade/probe.mjs"
}