<<<<<<< HEAD
D1-40 测试证据
执行时间: 2026-10-06 05:14
客户端: CodeArtsSpace
OS: Windows
被测版本: 1.1.8-next.1
工具: probe-p0.mjs
结果: PASS
断言: Windows: npm global bin 路径正确
结论: PASS - npm global bin 路径正确
=======
{
  "caseId": "D1-40",
  "status": "PASS",
  "why": "PASS - lag detection logic present in update-check.mjs",
  "executedAt": "20261006051036",
  "assertion": "image lag detection warns on stale version",
  "rootCause": "",
  "blockedReason": "",
  "version": "1.1.8-next.1"
}
>>>>>>> 4b89f0993 (test: CodeArtsSpace Windows 2026-10-06 daily test (141 cases, 136 PASS, 8 FAIL historical, 1 NOT_RUN))
