{
  "status": "PASS",
  "why": "dismiss 冷却内 dismissed=true；过期后 updateAvailable=true",
  "executedAt": "20260923093055",
  "r1": {
    "currentVersion": "1.1.6",
    "latestStable": "1.1.7",
    "latestNext": null,
    "targetVersion": "1.1.7",
    "updateAvailable": false,
    "dismissed": true,
    "dismissExpiresAt": 1790328655226,
    "result": "dismissed"
  },
  "expired": {
    "currentVersion": "1.1.6",
    "latestStable": "1.1.7",
    "latestNext": null,
    "targetVersion": "1.1.7",
    "updateAvailable": true,
    "dismissed": false,
    "dismissExpiresAt": null,
    "result": "update_available"
  }
}