{
  "status": "PASS",
  "why": "All sub-tests passed",
  "executedAt": "20260921025826",
  "subTests": [
    {
      "label": "hcloud CSMS ShowSecretVersion",
      "pass": true,
      "decision": "deny",
      "risk": "secret"
    },
    {
      "label": "hcloud KMS GetSecretValue",
      "pass": true,
      "decision": "deny",
      "risk": "secret"
    },
    {
      "label": "hcloud CSMS DownloadSecret",
      "pass": true,
      "decision": "deny",
      "risk": "secret"
    },
    {
      "label": "secret_string in command",
      "pass": true,
      "decision": "deny",
      "risk": "secret"
    },
    {
      "label": "secret_binary in command",
      "pass": true,
      "decision": "deny",
      "risk": "secret"
    },
    {
      "label": "ShowSecretVersion (no hcloud prefix)",
      "pass": true,
      "decision": "deny",
      "risk": "secret"
    },
    {
      "label": "risk rule: secret value read",
      "pass": true,
      "decision": "deny",
      "findings": [
        "hwc-command-secret-value-read"
      ]
    }
  ]
}