{
  "case": "EXP-C4-15",
  "status": "PASS",
  "executedAt": "20260929050639",
  "total": 2,
  "passed": 2,
  "failed": 0,
  "results": [
    {
      "id": "EXP-C4-15",
      "name": "list-ops-WAF",
      "pass": true,
      "actual": "ok",
      "expected": "ok",
      "passMsg": "WAF list_operations OK",
      "failMsg": "WAF list_operations FAIL",
      "_source": "c4-service-matrix"
    },
    {
      "id": "EXP-C4-15",
      "name": "plan-WAF",
      "pass": true,
      "actual": "ok",
      "expected": "ok",
      "passMsg": "WAF plan OK",
      "failMsg": "WAF plan FAIL",
      "_source": "c4-service-matrix"
    }
  ],
  "source": "c4-service-matrix"
}