{
 "status": "PASS",
 "caseId": "D1-26",
 "total": 6,
 "passed": 6,
 "failed": 0,
 "source": "grouped:d1-upgrade",
 "executedAt": "20260925050900",
 "why": "",
 "assertions": [
  {
   "name": "check_update-registered",
   "pass": true,
   "actual": "true",
   "expected": "true",
   "failMsg": "check_update not registered"
  },
  {
   "name": "upgrade-registered",
   "pass": true,
   "actual": "true",
   "expected": "true",
   "failMsg": "upgrade not registered"
  },
  {
   "name": "check_update-desc",
   "pass": true,
   "actual": "179",
   "expected": ">0",
   "failMsg": "check_update missing desc"
  },
  {
   "name": "check_update-schema",
   "pass": true,
   "actual": "present",
   "expected": "present",
   "failMsg": "check_update missing schema"
  },
  {
   "name": "upgrade-desc",
   "pass": true,
   "actual": "73",
   "expected": ">0",
   "failMsg": "upgrade missing desc"
  },
  {
   "name": "upgrade-schema",
   "pass": true,
   "actual": "present",
   "expected": "present",
   "failMsg": "upgrade missing schema"
  }
 ]
}