{
  "caseId": "D4-4",
  "status": "PASS",
  "why": "Write op approval gate: decision=deny, risk=write",
  "executedAt": "20260923094935",
  "plan": {
    "executable": "hcloud",
    "args": [
      "ECS",
      "CreateServer",
      "--name=test"
    ],
    "command": "hcloud ECS CreateServer --name=test",
    "executableBlock": "hcloud ECS CreateServer --name=test",
    "warnings": [],
    "classification": {
      "decision": "deny",
      "risk": "write",
      "reason": "Huawei Cloud write operation blocked until the agent presents a plan and receives explicit user approval."
    },
    "sgFindings": [],
    "approvalToken": "67739ef3-a319-4b80-84fd-740623817d93",
    "safeToRun": false
  },
  "classification": {
    "decision": "deny",
    "risk": "write",
    "reason": "Huawei Cloud write operation blocked until the agent presents a plan and receives explicit user approval."
  }
}