{
  "case": "EXP-C4-09",
  "status": "PASS",
  "executedAt": "20260929050639",
  "total": 2,
  "passed": 2,
  "failed": 0,
  "results": [
    {
      "id": "EXP-C4-09",
      "name": "list-ops-CTS",
      "pass": true,
      "actual": "ok",
      "expected": "ok",
      "passMsg": "CTS list_operations OK",
      "failMsg": "CTS list_operations FAIL",
      "_source": "c4-service-matrix"
    },
    {
      "id": "EXP-C4-09",
      "name": "plan-CTS",
      "pass": true,
      "actual": "ok",
      "expected": "ok",
      "passMsg": "CTS plan OK",
      "failMsg": "CTS plan FAIL",
      "_source": "c4-service-matrix"
    }
  ],
  "source": "c4-service-matrix"
}