{
  "caseId": "D4-19",
  "status": "PASS",
  "why": "Preflight risk check active",
  "executedAt": "20260923093946",
  "risk": {
    "decision": "deny",
    "risk": "invalid",
    "findings": [
      {
        "ruleId": "invalid-input",
        "title": "Invalid input for risk check",
        "category": "invalid",
        "severity": "deny",
        "message": "command must be a non-empty string.",
        "remediation": "Provide a valid, non-empty input before re-running the check.",
        "source": "command",
        "evidence": ""
      }
    ]
  }
}