{
  "status": "PASS",
  "caseId": "D3-S4",
  "why": "Voucher loop verified: skill exists with status→claim flow, tools (voucher_status + voucher_claim) defined, API functions present, trigger words for first-use detection.",
  "executedAt": "20260930103000",
  "details": [
    {
      "step": "voucher_skill_exists",
      "exists": true,
      "skillSize": 2499,
      "pass": true
    },
    {
      "step": "voucher_tools_defined",
      "hasVoucherStatus": true,
      "hasVoucherClaim": true,
      "pass": true
    },
    {
      "step": "voucher_api_functions",
      "apiExists": true,
      "hasVoucherStatusFn": true,
      "hasVoucherClaimFn": true,
      "pass": true
    },
    {
      "step": "skill_describes_flow",
      "hasStatus": true,
      "hasClaim": true,
      "pass": true
    },
    {
      "step": "skill_has_triggers",
      "pass": true
    }
  ]
}
