
=== OpenClaw Linux D9-13 tools/call 凭证不泄露与权限校验 探针结果 (2026-09-25) ===
PASS  D9-13  setRuntimeCredentials 后 hasRuntimeCredentials=true  => true (expected true)
PASS  D9-13  resolveCredentialsWithRuntime 返回运行时 ak  => true (expected true)
PASS  D9-13  resolveCredentialsWithRuntime 返回运行时 sk  => true (expected true)
PASS  D9-13  resolveCredentialsWithRuntime 返回 securityToken  => true (expected true)
PASS  D9-13  clearRuntimeCredentials 后 hasRuntimeCredentials=false  => false (expected false)
PASS  D9-13  loadPolicy 返回对象含 secretKeyNamePatterns  => true (expected true)
NOTE   D9-13 classify readOnly=allow write=deny force=deny
PASS  D9-13  classifyHcloudArgs 只读 → allow  => "allow" (expected "allow")
PASS  D9-13  classifyHcloudArgs 写(无审批) → deny  => true (expected true)
PASS  D9-13  classifyHcloudArgs 破坏性(--force) → deny  => true (expected true)
PASS  D9-13  evaluateArtifacts 返回 findings 数组  => true (expected true)
PASS  D9-13  evaluateDeployPlan 返回 findings 数组  => true (expected true)
NOTE   D9-13 mergeRiskDecision=deny
PASS  D9-13  mergeRiskDecision 合并为 deny(高优先级)  => "deny" (expected "deny")
PASS  D9-13  hashArgs 同参数确定性(相同哈希)  => true (expected true)
PASS  D9-13  hashArgs 不同参数哈希不同  => true (expected true)
PASS  D9-13  createApprovalToken 返回非空 token  => true (expected true)
PASS  D9-13  consumeApprovalToken 首次消费返回 entry(含 argsHash)  => true (expected true)
PASS  D9-13  consumeApprovalToken 二次消费返回 null(不可重放)  => true (expected true)
NOTE   D9-13 readServiceCatalogs => dir=有 cn=Set(0) en=Set(148)
PASS  D9-13  readServiceCatalogs 返回目录缓存(cn/en 为 Set)  => true (expected true)
NOTE   D9-13 classifyUnsupported(NoSuchService)="unknown"
PASS  D9-13  classifyUnsupported 返回字符串分类(unknown/other 等)  => true (expected true)
NOTE   D9-13 planHcloudCommand(DescribeInstances) keys=executable,args,command,executableBlock,warnings,classification,sgFindings,approvalToken,safeToRun
PASS  D9-13  planHcloudCommand 返回 classification 分类(safeToRun 布尔)  => true (expected true)
NOTE   D9-13 tools/call 输出含AK=false 含SK=false 含token=false
PASS  D9-13  tools/call 返回不含 AK 明文  => false (expected false)
PASS  D9-13  tools/call 返回不含 SK 明文  => false (expected false)
PASS  D9-13  tools/call 返回不含 token 明文  => false (expected false)
PASS  D9-13  globalCredentialsPath 指向隔离 HOME  => true (expected true)
PASS  D9-13  writeGlobalCredentials 后 readGlobalCredentials 读回一致  => true (expected true)
PASS  D9-13  写盘文件权限私有(0600)  => true (expected true)
PASS  D9-13  isPlaceholder("<HW_ACCESS_KEY>")=true  => true (expected true)
PASS  D9-13  isPlaceholder("${SECRET_KEY}")=true  => true (expected true)
PASS  D9-13  isPlaceholder("YOUR_AK")=true  => true (expected true)
PASS  D9-13  isPlaceholder("ab12cd****")=true(掩码)  => true (expected true)
PASS  D9-13  isPlaceholder("")=false  => false (expected false)
PASS  D9-13  isPlaceholder("真实22位AK")=false  => false (expected false)
PASS  D9-13  obsConfigPath 尊重 HCLOUD_OBS_CONFIG_PATH 注入  => true (expected true)
PASS  D9-13  writeObsConfig 写 endpoint/ak/sk  => true (expected true)
PASS  D9-13  writeObsConfig 缺 region/ak/sk 抛错  => true (expected true)

TOTAL pass=35 fail=0
