{
 "status": "PASS",
 "caseId": "D9-1",
 "total": 3,
 "passed": 3,
 "failed": 0,
 "source": "grouped:d1-upgrade",
 "executedAt": "20260926051622",
 "why": "",
 "assertions": [
  {
   "name": "tools-have-name",
   "pass": true,
   "actual": "all",
   "expected": "true",
   "failMsg": "some tools missing name"
  },
  {
   "name": "tools-have-desc",
   "pass": true,
   "actual": "all",
   "expected": "true",
   "failMsg": "some tools missing desc"
  },
  {
   "name": "tools-have-schema",
   "pass": true,
   "actual": "all",
   "expected": "true",
   "failMsg": "some tools missing schema"
  }
 ]
}