
=== OpenClaw Linux D3-S7 跨服务交付 探针结果 (2026-09-20) ===
NOTE   D3-S7 复合意图 => ["RDS","Sandbox","DevStation"]
PASS  D3-S7  复合意图命中 RDS  => true (expected true)
PASS  D3-S7  复合意图命中部署目标(sandbox)  => true (expected true)
PASS  D3-S7  创建 VPC  => true (expected true)
PASS  D3-S7  创建 Subnet  => true (expected true)
NOTE   D3-S7 default SG id=8c32c37c-646d-4938-b498-ebe38952469b
NOTE   D3-S7 RDS create rc=undefined id=5fdf43e20a60456c99d5627cf233620din01
PASS  D3-S7  postPaid RDS 创建受理(id 非空)  => true (expected true)
NOTE   D3-S7 RDS status=BUILD (1/90)
NOTE   D3-S7 RDS status=BUILD (2/90)
NOTE   D3-S7 RDS status=BUILD (3/90)
NOTE   D3-S7 RDS status=BUILD (4/90)
NOTE   D3-S7 RDS status=BUILD (5/90)
NOTE   D3-S7 RDS status=BUILD (6/90)
NOTE   D3-S7 RDS status=BUILD (7/90)
NOTE   D3-S7 RDS status=BUILD (8/90)
NOTE   D3-S7 RDS status=BUILD (9/90)
NOTE   D3-S7 RDS status=BUILD (10/90)
NOTE   D3-S7 RDS status=BUILD (11/90)
NOTE   D3-S7 RDS status=BUILD (12/90)
NOTE   D3-S7 RDS status=BUILD (13/90)
NOTE   D3-S7 RDS status=BUILD (14/90)
NOTE   D3-S7 RDS status=BUILD (15/90)
NOTE   D3-S7 RDS status=BUILD (16/90)
NOTE   D3-S7 RDS status=BUILD (17/90)
NOTE   D3-S7 RDS status=BUILD (18/90)
NOTE   D3-S7 RDS status=BUILD (19/90)
NOTE   D3-S7 RDS status=BUILD (20/90)
NOTE   D3-S7 RDS status=BUILD (21/90)
NOTE   D3-S7 RDS status=BUILD (22/90)
NOTE   D3-S7 RDS status=BUILD (23/90)
NOTE   D3-S7 RDS status=BUILD (24/90)
NOTE   D3-S7 RDS status=BUILD (25/90)
NOTE   D3-S7 RDS status=BUILD (26/90)
NOTE   D3-S7 RDS status=BUILD (27/90)
NOTE   D3-S7 RDS status=BUILD (28/90)
NOTE   D3-S7 RDS status=BUILD (29/90)
NOTE   D3-S7 RDS status=BUILD (30/90)
NOTE   D3-S7 RDS status=BUILD (31/90)
NOTE   D3-S7 RDS status=ACTIVE (32/90)
PASS  D3-S7  RDS 实例到达 ACTIVE  => true (expected true)
PASS  D3-S7  连接串字段(ip/port)存在  => true (expected true)
NOTE   D3-S7 连接串注入: mysql://10.210.1.219:3306
NOTE   D3-S7 DeleteInstance rc=0 job=82bef855-1a82-4d8f-a1bc-4bb2c515d8c0
PASS  D3-S7  删除本次 RDS 受理(job_id)  => true (expected true)
NOTE   D3-S7 RDS 删除完成=true
NOTE   D3-S7 subnet 删除=false
PASS  D3-S7  测后 tctest-s7- 资源归零  => true (expected true)

TOTAL pass=9 fail=0
