{
  "total": 4,
  "passed": 0,
  "failed": 4,
  "results": [
    {
      "id": "D4-5",
      "name": "ECS-ChangeServerOsWithoutCloudInit",
      "pass": false,
      "actual": "decision=allow risk=unknown_read",
      "expected": "decision=deny risk=write",
      "passMsg": "写操作被拦截",
      "failMsg": "Change* 误判为只读(allow)"
    },
    {
      "id": "D4-5",
      "name": "ECS-ChangeServerOsWithCloudInit",
      "pass": false,
      "actual": "decision=allow risk=unknown_read",
      "expected": "decision=deny risk=write",
      "passMsg": "写操作被拦截",
      "failMsg": "Change* 误判为只读(allow)"
    },
    {
      "id": "D4-5",
      "name": "VPC-ChangeVpc",
      "pass": false,
      "actual": "decision=allow risk=unknown_read",
      "expected": "decision=deny risk=write",
      "passMsg": "写操作被拦截",
      "failMsg": "Change* 误判为只读(allow)"
    },
    {
      "id": "D4-5",
      "name": "RDS-ChangeInstanceConfiguration",
      "pass": false,
      "actual": "decision=allow risk=unknown_read",
      "expected": "decision=deny risk=write",
      "passMsg": "写操作被拦截",
      "failMsg": "Change* 误判为只读(allow)"
    }
  ]
}