{
  "status": "PASS",
  "caseId": "D4-21",
  "why": "OBS write operations correctly blocked, reads allowed",
  "executedAt": "20260930103000",
  "checks": [
    {
      "name": "obs-cp-denied",
      "pass": true,
      "detail": "decision=deny, risk=write"
    },
    {
      "name": "obs-cp-write-risk",
      "pass": true,
      "detail": "risk=write"
    },
    {
      "name": "obs-rm-denied",
      "pass": true,
      "detail": "decision=deny, risk=write"
    },
    {
      "name": "obs-rm-write-risk",
      "pass": true,
      "detail": "risk=write"
    },
    {
      "name": "obs-mb-denied",
      "pass": true,
      "detail": "decision=deny, risk=write"
    },
    {
      "name": "obs-mb-write-risk",
      "pass": true,
      "detail": "risk=write"
    },
    {
      "name": "obs-mv-denied",
      "pass": true,
      "detail": "decision=deny, risk=write"
    },
    {
      "name": "obs-mv-write-risk",
      "pass": true,
      "detail": "risk=write"
    },
    {
      "name": "obs-sync-denied",
      "pass": true,
      "detail": "decision=deny, risk=write"
    },
    {
      "name": "obs-sync-write-risk",
      "pass": true,
      "detail": "risk=write"
    },
    {
      "name": "obs-delete-denied",
      "pass": true,
      "detail": "decision=deny, risk=write"
    },
    {
      "name": "obs-delete-write-risk",
      "pass": true,
      "detail": "risk=write"
    },
    {
      "name": "obs-mkdir-denied",
      "pass": true,
      "detail": "decision=deny, risk=write"
    },
    {
      "name": "obs-mkdir-write-risk",
      "pass": true,
      "detail": "risk=write"
    },
    {
      "name": "obs-restore-denied",
      "pass": true,
      "detail": "decision=deny, risk=write"
    },
    {
      "name": "obs-restore-write-risk",
      "pass": true,
      "detail": "risk=write"
    },
    {
      "name": "obs-ls-allowed",
      "pass": true,
      "detail": "decision=allow, risk=read_only"
    },
    {
      "name": "obs-stat-allowed",
      "pass": true,
      "detail": "decision=allow, risk=read_only"
    },
    {
      "name": "obs-cat-allowed",
      "pass": true,
      "detail": "decision=allow, risk=read_only"
    },
    {
      "name": "obs-help-allowed",
      "pass": true,
      "detail": "decision=allow, risk=local_metadata"
    },
    {
      "name": "obs-version-allowed",
      "pass": true,
      "detail": "decision=allow, risk=local_metadata"
    },
    {
      "name": "obs-cp-approved",
      "pass": true,
      "detail": "decision=allow"
    }
  ]
}