{
  "caseId": "D2-4",
  "status": "PASS",
  "why": "All credential fields properly redacted",
  "executedAt": "20260923093946",
  "r": {
    "access_key": "<redacted>",
    "secret_key": "<redacted>",
    "security_token": "<redacted>",
    "password": "<redacted>",
    "adminPass": "<redacted>",
    "authorization": "<redacted>",
    "normal_field": "normal_value",
    "nested": {
      "access_key": "<redacted>",
      "password": "<redacted>"
    }
  },
  "strOut": "AK=<redacted> SK=<redacted> password=<redacted>"
}