(node:4960) [DEP0190] DeprecationWarning: Passing args to a child process with shell option true can lead to security vulnerabilities, as the arguments are not escaped, only concatenated.
(Use `node --trace-deprecation ...` to show where the warning was created)
{
  "testCase": "D1-40",
  "description": "镜像 lag 下检测正确性 - mirror lag should not suggest version downgrade",
  "platform": "win32",
  "nodeVersion": "v24.14.1",
  "checks": {
    "mirror_query": {
      "status": 0,
      "distTags": {
        "latest": "1.1.3",
        "next": "1.1.4-next.3"
      }
    },
    "official_query": {
      "status": 0,
      "distTags": {
        "latest": "1.1.3",
        "next": "1.1.4-next.3"
      }
    },
    "local_version": "1.1.3",
    "mirror_judgeUpdate": {
      "result": "up_to_date",
      "updateAvailable": false,
      "targetVersion": "1.1.3",
      "currentVersion": "1.1.3"
    },
    "official_judgeUpdate": {
      "result": "up_to_date",
      "updateAvailable": false,
      "targetVersion": "1.1.3",
      "currentVersion": "1.1.3"
    },
    "lagging_mirror_simulation": {
      "scenario": "mirror latest=1.1.2, local=1.1.3 (mirror lags behind local)",
      "result": "up_to_date",
      "updateAvailable": false,
      "targetVersion": "1.1.2",
      "shouldNotSuggestUpdate": true
    },
    "same_version_simulation": {
      "scenario": "mirror latest=1.1.3, local=1.1.3 (same version)",
      "result": "up_to_date",
      "updateAvailable": false,
      "shouldNotSuggestUpdate": true
    }
  },
  "verdict": "PASS",
  "summary": "PASS: When mirror version <= local version, judgeUpdate correctly returns up_to_date and does not suggest update/downgrade. Mirror lag scenario handled correctly."
}
