{
  "status": "PASS",
  "caseId": "D4-2",
  "why": "Read-only operations correctly allowed",
  "executedAt": "20261001103000",
  "checks": [
    {
      "name": "ECS-ListServers-allowed",
      "pass": true,
      "detail": "decision=allow, risk=read_only"
    },
    {
      "name": "ECS-ListServers-read-risk",
      "pass": true,
      "detail": "risk=read_only"
    },
    {
      "name": "VPC-ListVpcs-allowed",
      "pass": true,
      "detail": "decision=allow, risk=read_only"
    },
    {
      "name": "VPC-ListVpcs-read-risk",
      "pass": true,
      "detail": "risk=read_only"
    },
    {
      "name": "EVS-ListVolumes-allowed",
      "pass": true,
      "detail": "decision=allow, risk=read_only"
    },
    {
      "name": "EVS-ListVolumes-read-risk",
      "pass": true,
      "detail": "risk=read_only"
    },
    {
      "name": "RDS-ListInstances-allowed",
      "pass": true,
      "detail": "decision=allow, risk=read_only"
    },
    {
      "name": "RDS-ListInstances-read-risk",
      "pass": true,
      "detail": "risk=read_only"
    },
    {
      "name": "IAM-ListUsers-allowed",
      "pass": true,
      "detail": "decision=allow, risk=read_only"
    },
    {
      "name": "IAM-ListUsers-read-risk",
      "pass": true,
      "detail": "risk=read_only"
    },
    {
      "name": "CES-ListMetrics-allowed",
      "pass": true,
      "detail": "decision=allow, risk=read_only"
    },
    {
      "name": "CES-ListMetrics-read-risk",
      "pass": true,
      "detail": "risk=read_only"
    },
    {
      "name": "help-allowed",
      "pass": true,
      "detail": "help allowed"
    },
    {
      "name": "version-allowed",
      "pass": true,
      "detail": "version allowed"
    }
  ]
}
