{
  "caseId": "EXP-C4-20",
  "status": "PASS",
  "why": "EVS: ListServers decision=allow/read_only, CreateServer=deny/write",
  "executedAt": "20260923095618",
  "listResult": {
    "decision": "allow",
    "risk": "read_only",
    "reason": "Command appears to be a read-only Huawei Cloud operation.",
    "service": "EVS",
    "operation": "ListServers",
    "args": [
      "EVS",
      "ListServers"
    ]
  },
  "createResult": {
    "decision": "deny",
    "risk": "write",
    "reason": "Huawei Cloud write operation blocked until the agent presents a plan and receives explicit user approval."
  }
}