{
  "status": "PASS",
  "why": "DeleteServers risk=write/dec=deny；ListServersDetails risk=read_only/dec=allow",
  "executedAt": "20260923093110",
  "del": {
    "decision": "deny",
    "risk": "write",
    "reason": "Huawei Cloud write operation blocked until the agent presents a plan and receives explicit user approval."
  },
  "list": {
    "decision": "allow",
    "risk": "read_only",
    "reason": "Command appears to be a read-only Huawei Cloud operation.",
    "service": "ECS",
    "operation": "ListServersDetails",
    "args": [
      "ECS",
      "ListServersDetails"
    ]
  }
}