{
  "total": 4,
  "passed": 4,
  "failed": 0,
  "results": [
    {
      "name": "connect",
      "pass": true,
      "detail": "connected ws=8d898bc42325"
    },
    {
      "name": "credentials",
      "pass": true,
      "detail": "{\"sessionId\":\"8d898bc423254635bbe12bb34d7f68c1\",\"expiresAt\":\"2026-09-17T07:31:12.969000Z\",\"credentialValidation\":\"passed\",\"projectId\":\"46c1fd48bd1248c7b75afc3780de7132\"}"
    },
    {
      "name": "exec_one_shot",
      "pass": true,
      "detail": "{\"stdout\":\"\\u001b]133;C\\u0007hdk-sandbox-ok\\r\\nLinux 8d898bc423254635bbe12bb34d7f68c1 5.10.0-182.0.0.95.r3353_274.hce2.aarch64 #1 SMP Tue Apr 21 12:21:13 UTC 2026 aarch64 aarch64 aarch64 GNU/Linux\\r\\n\\u001b]133;C\\u0007\\r\\n\",\"exitCode\":0}"
    },
    {
      "name": "close_session",
      "pass": true,
      "detail": "\"ok\""
    }
  ]
}