{
  "status": "PASS",
  "caseId": "D1-31",
  "executedAt": "20260924210000",
  "details": {
    "cooldownExpired": true,
    "cooldownActive": true,
    "state1": {
      "dismissedVersion": "1.1.6",
      "dismissedAt": "2026-09-15T21:42:34.980Z",
      "expireAt": "2026-09-18T21:42:34.980Z"
    },
    "state2": {
      "dismissedVersion": "1.1.7",
      "dismissedAt": "2026-09-23T21:42:34.982Z",
      "expireAt": "2026-09-26T21:42:34.982Z"
    },
    "now": 1790199754982
  },
  "why": "dismiss cooldown: expired=True, active=True"
}