isError: false
content (first 500): {
  "ok": true,
  "exitCode": 0,
  "signal": null,
  "stdout": "{\n  \"servers\": []\n}",
  "stderr": "",
  "plan": {
    "executable": "hcloud",
    "args": [
      "ECS",
      "NovaListServers"
    ],
    "command": "hcloud ECS NovaListServers",
    "executableBlock": "hcloud ECS NovaListServers",
    "warnings": [],
    "classification": {
      "decision": "allow",
      "risk": "read_only",
      "reason": "Command appears to be a read-only Huawei Cloud operation.",
      "service": "ECS",
Has full AK: false Has full SK: false
RESULT: READONLY_OK
