{
 "status": "PASS",
 "caseId": "D1-41",
 "total": 2,
 "passed": 2,
 "failed": 0,
 "source": "grouped:d1-upgrade",
 "executedAt": "20260925050900",
 "why": "",
 "assertions": [
  {
   "name": "hint-up-to-date",
   "pass": true,
   "actual": "\"none\"",
   "expected": "up_to_date/none",
   "failMsg": "up_to_date hint error"
  },
  {
   "name": "hint-update-available",
   "pass": true,
   "actual": "{\"latestVersion\":\"1.1.5\"}",
   "expected": "present",
   "failMsg": "update_available no hint"
  }
 ]
}