{
  "status": "PASS",
  "caseId": "D4-21",
  "executedAt": "20260924210000",
  "details": {
    "result": {
      "decision": "deny",
      "risk": "invalid",
      "findings": [
        {
          "ruleId": "invalid-input",
          "title": "Invalid input for risk check",
          "category": "invalid",
          "severity": "deny",
          "message": "artifacts must be a non-empty array.",
          "remediation": "Provide a valid, non-empty input before re-running the check.",
          "source": "artifact",
          "evidence": ""
        }
      ]
    }
  },
  "why": "Broad IAM artifacts detected"
}