{
  "case": "EXP-C4-04",
  "status": "PASS",
  "executedAt": "20260929050639",
  "total": 2,
  "passed": 2,
  "failed": 0,
  "results": [
    {
      "id": "EXP-C4-04",
      "name": "list-ops-RDS",
      "pass": true,
      "actual": "ok",
      "expected": "ok",
      "passMsg": "RDS list_operations OK",
      "failMsg": "RDS list_operations FAIL",
      "_source": "c4-service-matrix"
    },
    {
      "id": "EXP-C4-04",
      "name": "plan-RDS",
      "pass": true,
      "actual": "ok",
      "expected": "ok",
      "passMsg": "RDS plan OK",
      "failMsg": "RDS plan FAIL",
      "_source": "c4-service-matrix"
    }
  ],
  "source": "c4-service-matrix"
}