{
  "caseId": "D4-16",
  "status": "PASS",
  "why": "decision=warn findings=1",
  "executedAt": "20260925214254",
  "r": {
    "decision": "warn",
    "findings": [
      {
        "ruleId": "hwc-destructive-delete-operation",
        "title": "Destructive cloud resource operation",
        "category": "destructive",
        "severity": "warn",
        "message": "This hcloud command will delete, detach, or remove cloud resources. The operation may be irreversible.",
        "remediation": "List the resources to be affected first, confirm with the user, and require explicit approval before executing any destructive operation.",
        "source": "command",
        "evidence": "hcloud ECS DeleteServer --server_id=test; cat /etc/passwd"
      }
    ]
  }
}