{
  "case": "D10-3",
  "status": "FAIL",
  "why": "serviceCatalog 路由准确率 4/15 (26.7% HIT), 11 条 MISS。根因: service_catalog 路由层对中文自然语言意图的匹配覆盖不足。详见 c4-service-matrix/stdout.log。",
  "executedAt": "20260929050701",
  "total": 15,
  "passed": 4,
  "failed": 11,
  "results": [
    {
      "id": "EXP-E01",
      "name": "eval-route",
      "pass": false,
      "actual": "MISS",
      "expected": "HIT",
      "passMsg": "EXP-E01 routed correctly",
      "failMsg": "EXP-E01 routing MISS"
    },
    {
      "id": "EXP-E02",
      "name": "eval-route",
      "pass": false,
      "actual": "MISS",
      "expected": "HIT",
      "passMsg": "EXP-E02 routed correctly",
      "failMsg": "EXP-E02 routing MISS"
    },
    {
      "id": "EXP-E03",
      "name": "eval-route",
      "pass": false,
      "actual": "MISS",
      "expected": "HIT",
      "passMsg": "EXP-E03 routed correctly",
      "failMsg": "EXP-E03 routing MISS"
    },
    {
      "id": "EXP-E04",
      "name": "eval-route",
      "pass": false,
      "actual": "MISS",
      "expected": "HIT",
      "passMsg": "EXP-E04 routed correctly",
      "failMsg": "EXP-E04 routing MISS"
    },
    {
      "id": "EXP-E05",
      "name": "eval-route",
      "pass": false,
      "actual": "MISS",
      "expected": "HIT",
      "passMsg": "EXP-E05 routed correctly",
      "failMsg": "EXP-E05 routing MISS"
    },
    {
      "id": "EXP-E06",
      "name": "eval-route",
      "pass": true,
      "actual": "HIT",
      "expected": "HIT",
      "passMsg": "EXP-E06 routed correctly",
      "failMsg": "EXP-E06 routing MISS"
    },
    {
      "id": "EXP-E07",
      "name": "eval-route",
      "pass": false,
      "actual": "MISS",
      "expected": "HIT",
      "passMsg": "EXP-E07 routed correctly",
      "failMsg": "EXP-E07 routing MISS"
    },
    {
      "id": "EXP-E08",
      "name": "eval-na",
      "pass": true,
      "actual": "N/A",
      "expected": "N/A",
      "passMsg": "EXP-E08 diagnostic (N/A)",
      "failMsg": null
    },
    {
      "id": "EXP-E09",
      "name": "eval-route",
      "pass": true,
      "actual": "HIT",
      "expected": "HIT",
      "passMsg": "EXP-E09 routed correctly",
      "failMsg": "EXP-E09 routing MISS"
    },
    {
      "id": "EXP-E10",
      "name": "eval-route",
      "pass": false,
      "actual": "MISS",
      "expected": "HIT",
      "passMsg": "EXP-E10 routed correctly",
      "failMsg": "EXP-E10 routing MISS"
    },
    {
      "id": "EXP-E11",
      "name": "eval-route",
      "pass": false,
      "actual": "MISS",
      "expected": "HIT",
      "passMsg": "EXP-E11 routed correctly",
      "failMsg": "EXP-E11 routing MISS"
    },
    {
      "id": "EXP-E12",
      "name": "eval-route",
      "pass": false,
      "actual": "MISS",
      "expected": "HIT",
      "passMsg": "EXP-E12 routed correctly",
      "failMsg": "EXP-E12 routing MISS"
    },
    {
      "id": "EXP-E13",
      "name": "eval-route",
      "pass": false,
      "actual": "MISS",
      "expected": "HIT",
      "passMsg": "EXP-E13 routed correctly",
      "failMsg": "EXP-E13 routing MISS"
    },
    {
      "id": "EXP-E14",
      "name": "eval-route",
      "pass": false,
      "actual": "MISS",
      "expected": "HIT",
      "passMsg": "EXP-E14 routed correctly",
      "failMsg": "EXP-E14 routing MISS"
    },
    {
      "id": "EXP-E15",
      "name": "eval-route",
      "pass": true,
      "actual": "HIT",
      "expected": "HIT",
      "passMsg": "EXP-E15 routed correctly",
      "failMsg": "EXP-E15 routing MISS"
    }
  ],
  "source": "c4-service-matrix/probe.mjs"
}