{
  "status": "PASS",
  "why": "All sub-tests passed",
  "executedAt": "20260921025826",
  "subTests": [
    {
      "label": "hooks.json exists",
      "pass": true,
      "path": "C:\\Users\\Administrator\\devkit-test\\OfficeAce\\hdk\\plugins\\huaweicloud-core\\hooks\\hooks.json"
    },
    {
      "label": "huaweicloud-safety.mjs exists",
      "pass": true,
      "path": "C:\\Users\\Administrator\\devkit-test\\OfficeAce\\hdk\\plugins\\huaweicloud-core\\hooks\\huaweicloud-safety.mjs"
    },
    {
      "label": "policy.json exists",
      "pass": true,
      "path": "C:\\Users\\Administrator\\devkit-test\\OfficeAce\\hdk\\plugins\\huaweicloud-core\\safety\\policy.json"
    },
    {
      "label": "cloud-risk-rules.json exists",
      "pass": true,
      "path": "C:\\Users\\Administrator\\devkit-test\\OfficeAce\\hdk\\plugins\\huaweicloud-core\\safety\\rules\\cloud-risk-rules.json"
    },
    {
      "label": "safety-policy.mjs exists",
      "pass": true,
      "path": "C:\\Users\\Administrator\\devkit-test\\OfficeAce\\hdk\\plugins\\huaweicloud-core\\src\\safety-policy.mjs"
    },
    {
      "label": "risk-rule-engine.mjs exists",
      "pass": true,
      "path": "C:\\Users\\Administrator\\devkit-test\\OfficeAce\\hdk\\plugins\\huaweicloud-core\\src\\risk-rule-engine.mjs"
    }
  ]
}