{
  "status": "PASS",
  "caseId": "D2-27",
  "why": "KooCLI 版本管理夹具全部通过：base-url 下载基址正确、getKooCliVersion 返回 semver 版本号(7.2.12)、parseHcloudVersion 解析多格式版本输出正确、compareVersion 三向比较正确、downloadBase 组合基址+版本正确且含版本号",
  "executedAt": "20261009084229",
  "summary": "6 pass / 0 fail",
  "details": [
    {
      "result": "PASS",
      "name": "D2-27-base-url",
      "desc": "KOO_CLI_BASE 下载基址正确",
      "actual": "https://cn-north-4-hdn-koocli.obs.cn-north-4.myhuaweicloud.com/cli",
      "expected": "https://cn-north-4-hdn-koocli.obs.cn-north-4.myhuaweicloud.com/cli"
    },
    {
      "result": "PASS",
      "name": "D2-27-get-version",
      "desc": "getKooCliVersion 返回版本号",
      "actual": "string semver",
      "expected": "actual=7.2.12"
    },
    {
      "result": "PASS",
      "name": "D2-27-parse-version",
      "desc": "parseHcloudVersion 解析多格式版本输出",
      "actual": true,
      "expected": true
    },
    {
      "result": "PASS",
      "name": "D2-27-compare-version",
      "desc": "compareVersion 三向比较正确",
      "actual": true,
      "expected": true
    },
    {
      "result": "PASS",
      "name": "D2-27-download-base",
      "desc": "kooCliDownloadBase 组合基址+版本",
      "actual": "https://cn-north-4-hdn-koocli.obs.cn-north-4.myhuaweicloud.com/cli/7.2.12",
      "expected": "https://cn-north-4-hdn-koocli.obs.cn-north-4.myhuaweicloud.com/cli/7.2.12"
    },
    {
      "result": "PASS",
      "name": "D2-27-download-base-contains-version",
      "desc": "downloadBase 含版本号",
      "actual": true,
      "expected": "base=https://cn-north-4-hdn-koocli.obs.cn-north-4.myhuaweicloud.com/cli/7.2.12"
    }
  ]
}