{
  "status": "PASS",
  "caseId": "D4-3",
  "why": "Secret operations correctly denied",
  "executedAt": "20260930103000",
  "checks": [
    {
      "name": "DEW-ShowSecret-denied",
      "pass": true,
      "detail": "decision=deny, risk=secret"
    },
    {
      "name": "DEW-ShowSecret-secret-risk",
      "pass": true,
      "detail": "risk=secret"
    },
    {
      "name": "DEW-ShowSecretVersion-denied",
      "pass": true,
      "detail": "decision=deny, risk=secret"
    },
    {
      "name": "DEW-ShowSecretVersion-secret-risk",
      "pass": true,
      "detail": "risk=secret"
    },
    {
      "name": "DEW-GetSecretValue-denied",
      "pass": true,
      "detail": "decision=deny, risk=secret"
    },
    {
      "name": "DEW-GetSecretValue-secret-risk",
      "pass": true,
      "detail": "risk=secret"
    },
    {
      "name": "CSMS-ShowSecret-denied",
      "pass": true,
      "detail": "decision=deny, risk=secret"
    },
    {
      "name": "CSMS-ShowSecret-secret-risk",
      "pass": true,
      "detail": "risk=secret"
    },
    {
      "name": "secret-string-pattern",
      "pass": true,
      "detail": "decision=deny"
    }
  ]
}