{
  "case": "D3-C1",
  "status": "FAIL",
  "total": 5,
  "passed": 4,
  "failed": 1,
  "results": [
    {
      "name": "CreateVpc",
      "pass": true,
      "detail": "{\n  \"vpc\": {\n    \"id\": \"2371b915-d563-4aed-ac5a-26c7d313fa9f\",\n    \"name\": \"testbot3-hermes-e2e-1148"
    },
    {
      "name": "CreateSubnet",
      "pass": true,
      "detail": "{\n  \"subnet\": {\n    \"id\": \"55d36e35-fa29-4fe7-ab0a-17438e9cd357\",\n    \"name\": \"testbot3-hermes-e2e-1"
    },
    {
      "name": "CreateServers(审批分类)",
      "pass": "allow",
      "detail": "allow"
    },
    {
      "name": "CreateServers(返回serverIds)",
      "pass": true,
      "detail": "{\n  \"job_id\": \"ff808081a0ed144001a108cb67d57d6f\",\n  \"serverIds\": [\n    \"7c286539-aacc-4746-9b51-c73ddb86a919\"\n  ]\n}"
    },
    {
      "name": "finally归零(校验真实删除)",
      "pass": false,
      "detail": "ECS:提交删除 ECS轮询:仍在/未确认 subnet:OK vpc:OK"
    }
  ]
}