{
  "results": [
    {
      "id": "D1-65",
      "pass": true,
      "actual": "HUAWEICLOUD_DEVKIT_DEBUG found",
      "expected": "debug env var referenced",
      "why": ""
    },
    {
      "id": "D1-66",
      "pass": true,
      "actual": "telemetry env found",
      "expected": "telemetry env var",
      "why": ""
    },
    {
      "id": "D1-67",
      "pass": true,
      "actual": "toolkit env found",
      "expected": "toolkit/skip env",
      "why": ""
    },
    {
      "id": "D1-68",
      "pass": true,
      "actual": "icon=true, region=true",
      "expected": "icon offline/region env",
      "why": ""
    },
    {
      "id": "D1-69",
      "pass": true,
      "actual": "help subcommand found",
      "expected": "help subcommand",
      "why": ""
    },
    {
      "id": "D1-70",
      "pass": true,
      "actual": "proxy=true, wsProxy=false, wsDir=true",
      "expected": "proxy config support",
      "why": ""
    },
    {
      "id": "D2-27",
      "pass": true,
      "actual": "koocli version module found",
      "expected": "koocli version mgmt",
      "why": ""
    },
    {
      "id": "D3-C13",
      "pass": true,
      "actual": "OBS tools found",
      "expected": "OBS static website tool",
      "why": ""
    },
    {
      "id": "D3-C14",
      "pass": true,
      "actual": "sandbox module exists",
      "expected": "sandbox/hwlink support",
      "why": ""
    },
    {
      "id": "D3-S1",
      "pass": true,
      "actual": "ECS list tool found",
      "expected": "ECS read-only scenario",
      "why": ""
    },
    {
      "id": "D3-S2",
      "pass": true,
      "actual": "deny",
      "expected": "deny/confirm",
      "why": "VPC delete requires confirm"
    },
    {
      "id": "D3-S3",
      "pass": true,
      "actual": "sandbox URL feature found",
      "expected": "sandbox preview URL",
      "why": ""
    },
    {
      "id": "D3-S4",
      "pass": true,
      "actual": "coupon tool found",
      "expected": "coupon scenario",
      "why": ""
    },
    {
      "id": "D3-S5",
      "pass": true,
      "actual": "routing layer found",
      "expected": "layered routing",
      "why": ""
    },
    {
      "id": "D3-S6",
      "pass": true,
      "actual": "FG tools found",
      "expected": "FunctionGraph tool",
      "why": ""
    },
    {
      "id": "D3-S7",
      "pass": true,
      "actual": "RDS tools found",
      "expected": "cross-service RDS",
      "why": ""
    },
    {
      "id": "D3-S8",
      "pass": true,
      "actual": "troubleshoot feature found",
      "expected": "troubleshoot guidance",
      "why": ""
    },
    {
      "id": "D4-25",
      "pass": true,
      "actual": "rule=false, tel=true",
      "expected": "python hook telemetry",
      "why": ""
    },
    {
      "id": "D4-26",
      "pass": false,
      "actual": "SK not redacted (defect)",
      "expected": "findings redacted",
      "why": "lowercase ak/sk not redacted by redactString regex"
    },
    {
      "id": "D4-28",
      "pass": true,
      "actual": "safety=false, rule=true",
      "expected": "Node hook chain",
      "why": ""
    },
    {
      "id": "D4-29",
      "pass": true,
      "actual": "text=allow, args=allow",
      "expected": "classify entries",
      "why": ""
    },
    {
      "id": "D6-9",
      "pass": true,
      "actual": "cache clean found",
      "expected": "cache clean entries",
      "why": ""
    },
    {
      "id": "D8-9",
      "pass": true,
      "actual": "install ID redact found",
      "expected": "install ID redaction",
      "why": ""
    },
    {
      "id": "D8-10",
      "pass": true,
      "actual": "backup=true, merge=true",
      "expected": "config backup+merge",
      "why": ""
    },
    {
      "id": "D9-10",
      "pass": true,
      "actual": "remote transport found",
      "expected": "remote transport",
      "why": ""
    },
    {
      "id": "D9-11",
      "pass": true,
      "actual": "ws-exec module exists",
      "expected": "WS tunnel lifecycle",
      "why": ""
    },
    {
      "id": "D9-12",
      "pass": true,
      "actual": "server=true, proto=true, cap=true",
      "expected": "initialize handshake OK",
      "why": ""
    },
    {
      "id": "D9-13",
      "pass": true,
      "actual": "code=-32602",
      "expected": "-32602 for unknown tool",
      "why": ""
    },
    {
      "id": "D9-13",
      "pass": true,
      "actual": "valid call succeeded",
      "expected": "permission check OK",
      "why": ""
    },
    {
      "id": "EXP-D5-5-1",
      "pass": true,
      "actual": "tools=40",
      "expected": "plugin manifest loadable",
      "why": ""
    },
    {
      "id": "EXP-D5-5-3",
      "pass": true,
      "actual": "tool count=40",
      "expected": ">=40 tools",
      "why": ""
    }
  ]
}