{
  "status": "PASS",
  "details": {
    "skillDirs": [
      "huawei-apig",
      "huawei-billing",
      "huawei-cbr",
      "huawei-cce",
      "huawei-cloud-eye",
      "huawei-cts",
      "huawei-dds-dcs",
      "huawei-deployment",
      "huawei-dew",
      "huawei-ecs",
      "huawei-functiongraph",
      "huawei-gaussdb",
      "huawei-getting-started",
      "huawei-iac",
      "huawei-iam",
      "huawei-modelarts",
      "huawei-obs",
      "huawei-rds",
      "huawei-sandbox",
      "huawei-smn-dms",
      "huawei-voucher",
      "huawei-vpc",
      "huawei-waf-aad",
      "huaweicloud-api-and-sdk",
      "huaweicloud-capability-discovery",
      "huaweicloud-cli-and-auth",
      "huaweicloud-core",
      "huaweicloud-safety",
      "huaweicloud-troubleshooting"
    ],
    "metaSkillsExpected": [
      "core",
      "safety",
      "api-and-sdk",
      "capability-discovery",
      "cli-and-auth",
      "troubleshooting",
      "getting-started"
    ],
    "metaSkillsFound": [
      "core",
      "safety",
      "api-and-sdk",
      "capability-discovery",
      "cli-and-auth",
      "troubleshooting",
      "getting-started"
    ],
    "foundCount": 7
  },
  "why": "7/7 meta skills found",
  "caseId": "D8-7",
  "executedAt": "20260928213636"
}
