SPEC  SETUP  SUT installed-pkg src = C:\Users\Administrator\.workbuddy\binaries\node\versions\22.22.2-2\node_modules\huaweicloud-devkit\plugins\huaweicloud-core\src\
SPEC  SETUP  SUT repo src        = C:\Users\Administrator\WorkBuddy\devkit-test\hdk\plugins\huaweicloud-core\src\
PASS  D2-2  auth_status tool registered (huaweicloud_auth_status) with a description that never returns credentials
PASS  D2-5  missing-credential error carries actionable guidance (run auth init / set HW_ACCESS_KEY/HW_SECRET_KEY), not a bare stack trace
PASS  D2-10  R7: credential propagation follows the KooCLI current profile (resolveManagedProfile + --cli-profile)
PASS  D2-11  R3: temporary STS securityToken is rejected from persistence ("cannot be persisted (R3)")
PASS  D2-12  R10: syncAuth is suppressed when runtime credentials are active (runtimeActive reported to status)
PASS  D2-13  R9: configuredBySession flag is set and prioritized over env-injected credentials (with env fallback preserved)
PASS  D2-16  auth_switch mode=import reads creds-import.json and erases it afterwards (SK never enters the conversation)
PASS  D3-A1  skill catalog completeness: 29 SKILL.md files found under plugins/huaweicloud-core/skills/
       skills: huawei-apig, huawei-billing, huawei-cbr, huawei-cce, huawei-cloud-eye, huawei-cts, huawei-dds-dcs, huawei-deployment, huawei-dew, huawei-ecs, huawei-functiongraph, huawei-gaussdb, huawei-getting-started, huawei-iac, huawei-iam, huawei-modelarts, huawei-obs, huawei-rds, huawei-sandbox, huawei-smn-dms, huawei-voucher, huawei-vpc, huawei-waf-aad, huaweicloud-api-and-sdk, huaweicloud-capability-discovery, huaweicloud-cli-and-auth, huaweicloud-core, huaweicloud-safety, huaweicloud-troubleshooting
PASS  D3-B1  list_operations tool registered (huaweicloud_list_operations)
PASS  D3-B3  run_readonly_command registered and promises output redaction through the safety policy
PASS  D3-B5  detect_framework module imports and exports detectFramework()
PASS  D3-B5  recognizes Next.js project (got: Next.js)
PASS  D3-B5  recognizes Vite/React/Vue project (got: Vite (React/Vue/Svelte))
PASS  D3-B5  returns null for an unrecognized/empty project directory
PASS  D3-C5  tool smoke: all required tools registered
PASS  D1-3  doctor self-check command present (case doctor -> cmdDoctor)
PASS  D1-4  status and update commands present (idempotent install targets)
PASS  D1-6  install-hcloud command present (case install-hcloud -> cmdInstallHcloud)

────────────────────────────────────────────────────────────
RESULT: 20 passed, 0 failed
────────────────────────────────────────────────────────────
