{
  "status": "PASS",
  "details": {
    "results": [
      {
        "cmd": "hcloud VPC CreateSecurityGroupRule --direction=ingress --port_range_min=22 --protocol=tcp --remote_ip_prefix=0.0.0.0/0",
        "decision": "deny",
        "risk": "write"
      },
      {
        "cmd": "hcloud ECS DeleteServer --server_id=test",
        "decision": "deny",
        "risk": "write"
      },
      {
        "cmd": "hcloud RDS DeleteInstance --instance_id=test",
        "decision": "deny",
        "risk": "write"
      }
    ]
  },
  "why": "All dangerous ops blocked/warned",
  "caseId": "D4-9",
  "executedAt": "20260928213448"
}
