{
  "status": "PASS",
  "why": "All sub-tests passed",
  "executedAt": "20260921025826",
  "subTests": [
    {
      "label": "Empty string",
      "pass": true,
      "decision": "allow",
      "risk": "not_huaweicloud",
      "note": "Empty cmd is not_huaweicloud, not a crash"
    },
    {
      "label": "Null input",
      "pass": true,
      "decision": "allow",
      "risk": "not_huaweicloud"
    },
    {
      "label": "Undefined input",
      "pass": true,
      "decision": "allow",
      "risk": "not_huaweicloud"
    },
    {
      "label": "Very long string",
      "pass": true,
      "decision": "allow",
      "note": "Should not crash"
    },
    {
      "label": "Unicode: hcloud ECS 删除服务器",
      "pass": true,
      "decision": "allow",
      "risk": "unknown_read"
    },
    {
      "label": "Binary-like: hcloud ECS \\x00\\x01Delete",
      "pass": true,
      "decision": "allow",
      "risk": "unknown_read"
    },
    {
      "label": "evaluateArtifacts with empty",
      "pass": true,
      "decision": "allow"
    },
    {
      "label": "evaluateArtifacts with null content",
      "pass": true,
      "decision": "allow"
    },
    {
      "label": "evaluateDeployPlan with empty",
      "pass": true,
      "decision": "allow"
    },
    {
      "label": "evaluateDeployPlan with null",
      "pass": true,
      "decision": "allow"
    }
  ]
}