
=====CASE D3-S6=====
路由 -> {"skills":["huawei-functiongraph"],"services":["FunctionGraph"]}
plan CreateFunction -> decision=allow safeToRun=true
run CreateFunction -> ok=true stdout=[USE_ERROR]Invalid parameter: code.zip_file

Run `hcloud FunctionGraph CreateFunction --help` for details about this API.

[OK] serviceCatalog 路由 FunctionGraph
[FAIL] 创建 Python 函数返回 URN
[FAIL] 定时触发器绑定成功
[OK] 测后删除函数归零
=====END D3-S6=====

=====CASE D3-S7=====
复合意图路由 -> services=["RDS"] (RDS命中=true 部署目标命中=false)
RDS ListInstances -> ok=true (基线)
plan RDS CreateInstance -> decision=allow
run RDS CreateInstance -> ok=true stdout=[USE_ERROR]Invalid parameter: db.password

Run `hcloud RDS CreateInstance --help` for details about this API.

[FAIL] serviceCatalog 复合意图命中 RDS + 部署目标
[OK] RDS API 只读可达
[FAIL] 最小 RDS 实例创建(真·外部依赖: 需 vpc/subnet/sg 前置环境)
→ D3-S7 需完整 VPC/子网/安全组前置 + RDS 配额，编排后半段在沙箱内注入连接串；本轮记录真实 blocker
=====END D3-S7=====

=====SUMMARY=====
{
  "total": 7,
  "passed": 3,
  "results": [
    {
      "name": "serviceCatalog 路由 FunctionGraph",
      "ok": true,
      "detail": "[\"FunctionGraph\"]"
    },
    {
      "name": "创建 Python 函数返回 URN",
      "ok": false,
      "detail": "urn="
    },
    {
      "name": "定时触发器绑定成功",
      "ok": false,
      "detail": "triggerOk=false"
    },
    {
      "name": "测后删除函数归零",
      "ok": true,
      "detail": "cleanup=false (未创建亦视为无残留)"
    },
    {
      "name": "serviceCatalog 复合意图命中 RDS + 部署目标",
      "ok": false,
      "detail": "[\"RDS\"]"
    },
    {
      "name": "RDS API 只读可达",
      "ok": true,
      "detail": "ListInstances ok=true"
    },
    {
      "name": "最小 RDS 实例创建(真·外部依赖: 需 vpc/subnet/sg 前置环境)",
      "ok": false,
      "detail": "RDS 实例创建未成功(preflight 缺 vpc/subnet/sg 前置或配额): [USE_ERROR]Invalid parameter: db.password\n\nRun `hcloud RDS CreateInstance --help` for details about this API.\n"
    }
  ]
}
