{
  "case": "D4-13",
  "status": "PASS",
  "executedAt": "20260929050639",
  "total": 2,
  "passed": 2,
  "failed": 0,
  "results": [
    {
      "id": "D4-13",
      "name": "readonly-ok",
      "pass": true,
      "actual": "allow",
      "expected": "allow",
      "passMsg": "readonly allowed",
      "failMsg": "readonly denied",
      "_source": "d2-auth"
    },
    {
      "id": "D4-13",
      "name": "readonly-allowed",
      "pass": true,
      "actual": "allow",
      "expected": "allow",
      "passMsg": "readonly allowed",
      "failMsg": "readonly denied",
      "_source": "d4-security"
    }
  ],
  "source": "d2-auth, d4-security"
}