ECS: list=true, plan=true → PASS
VPC: list=true, plan=true → PASS
OBS: list=true, plan=true → PASS
RDS: list=true, plan=true → PASS
GaussDB: list=true, plan=true → PASS
CCE: list=true, plan=true → PASS
FunctionGraph: list=true, plan=true → PASS
IAM: list=true, plan=true → PASS
CTS: list=true, plan=true → PASS
CES: list=true, plan=true → PASS
DDS: list=true, plan=true → PASS
DCS: list=true, plan=true → PASS
SMN: list=true, plan=true → PASS
DMS: list=true, plan=true → PASS
WAF: list=true, plan=true → PASS
CDN: list=true, plan=true → PASS
ModelArts: list=true, plan=true → PASS
DEW: list=true, plan=true → PASS
CBR: list=true, plan=true → PASS
EVS: list=true, plan=true → PASS
EIP: list=true, plan=true → PASS
ELB: list=true, plan=true → PASS

=== SUMMARY ===
PASS: 22, FAIL: 0, Total: 22
