{
 "status": "PASS",
 "caseId": "D2-5",
 "total": 3,
 "passed": 3,
 "failed": 0,
 "source": "grouped:d2-auth",
 "executedAt": "20260925050900",
 "why": "",
 "assertions": [
  {
   "name": "placeholder-fn",
   "pass": true,
   "actual": "function",
   "expected": "function",
   "failMsg": "placeholder detection missing"
  },
  {
   "name": "placeholder-angled",
   "pass": true,
   "actual": "true",
   "expected": "true",
   "failMsg": "angled placeholder not detected"
  },
  {
   "name": "placeholder-template",
   "pass": true,
   "actual": "true",
   "expected": "true",
   "failMsg": "template placeholder not detected"
  }
 ]
}