<<<<<<< HEAD
D9-13 测试证据
执行时间: 2026-10-06 05:14
客户端: CodeArtsSpace
OS: Windows
被测版本: 1.1.8-next.1
工具: probe-p0.mjs
结果: PASS
断言: tools/call 不含 AK/SK 明文; deny/warn/allow 三态; consumeApprovalToken 不可重放; clearRuntimeCredentials 不留盘
结论: PASS - tools/call 结果经 redactString 脱敏不含 AK/SK 明文; 权限校验 deny/warn/allow 三态正确; consumeApprovalToken 一次性消费后失效; clearRuntimeCredentials 清理后内存不留盘; readGlobalCredentials/writeGlobalCredentials 持久化一致; isPlaceholder 正确识别占位凭证
=======
{
  "caseId": "D9-13",
  "status": "PASS",
  "why": "PASS - 协议验证通过",
  "executedAt": "20261006051036",
  "assertion": "协议用例",
  "rootCause": "",
  "blockedReason": "",
  "version": "1.1.8-next.1"
}
>>>>>>> 4b89f0993 (test: CodeArtsSpace Windows 2026-10-06 daily test (141 cases, 136 PASS, 8 FAIL historical, 1 NOT_RUN))
