{
  "status": "PASS",
  "why": "ECS只读规划冒烟通过: 服务可发现, 含只读操作, serviceCatalog已注册",
  "executedAt": "20260922144311",
  "testCase": "EXP-C4-01",
  "designCaseId": "D3-C4",
  "service": "ECS",
  "hcloudService": "ECS",
  "checks": [
    {
      "label": "T1 hcloud服务可发现",
      "pass": true,
      "detail": "ECS --help OK"
    },
    {
      "label": "T2 含只读操作(list/show)",
      "pass": true,
      "detail": "readonly ops found"
    },
    {
      "label": "T4 serviceCatalog含此服务",
      "pass": true,
      "detail": "found in routeMap"
    },
    {
      "label": "T5 hcloud凭证已配置",
      "pass": true,
      "detail": "credentials OK"
    }
  ]
}