Probe: probe-p0-safety.mjs
Return code: 0

{
  "D4-1": [
    {
      "cmd": "cat ~/.config/huaweicloud/credentials.json",
      "desc": "cat credentials file",
      "decision": "deny",
      "risk": "credential",
      "reason": "Reading Huawei Cloud credential or profile files is blocked. Use redacted profile inspection tools instead."
    },
    {
      "cmd": "type C:\\Users\\Administrator\\.config\\huaweicloud\\credentials.json",
      "desc": "type credentials file (Windows)",
      "decision": "deny",
      "risk": "credential",
      "reason": "Reading Huawei Cloud credential or profile files is blocked. Use redacted profile inspection tools instead."
    },
    {
      "cmd": "Get-Content ~/.config/huaweicloud/credentials.json",
      "desc": "PowerShell Get-Content credentials",
      "decision": "deny",
      "risk": "credential",
      "reason": "Reading Huawei Cloud credential or profile files is blocked. Use redacted profile inspection tools instead."
    }
  ],
  "D4-2": [
    {
      "cmd": "env | grep HW_ACCESS_KEY",
      "desc": "env grep HW_ACCESS_KEY",
      "decision": "allow",
      "risk": "not_huaweicloud",
      "reason": "No Huawei Cloud safety rule matched."
    },
    {
      "cmd": "printenv HW_SECRET_KEY",
      "desc": "printenv HW_SECRET_KEY",
      "decision": "deny",
      "risk": "credential",
      "reason": "Printing cloud credential environment variables is blocked."
    },
    {
      "cmd": "echo $HUAWEICLOUD_AK",
      "desc": "echo HUAWEICLOUD_AK",
      "decision": "allow",
      "risk": "not_huaweicloud",
      "reason": "No Huawei Cloud safety rule matched."
    },
    {
      "cmd": "echo $HW_ACCESS_KEY",
      "desc": "echo HW_ACCESS_KEY",
      "decision": "deny",
      "risk": "credential",
      "reason": "Printing cloud credential environment variables is blocked."
    },
    {
      "cmd": "echo $HWC_ACCESS_KEY",
      "desc": "echo HWC_ACCESS_KEY",
      "decision": "deny",
      "risk": "credential",
      "reason": "Printing cloud credential environment variables is blocked."
    },
    {
      "cmd": "env | grep -i secret",
      "desc": "env grep secret",
      "decision": "allow",
      "risk": "not_huaweicloud",
      "reason": "No Huawei Cloud safety rule matched."
    }
  ],
  "D4-3": [
    {
      "args": [
        "DEW",
        "ShowSecret",
        "--secret_id=test"
      ],
      "desc": "DEW ShowSecret returns plaintext",
      "decision": "allow",
      "risk": "read_only",
      "reason": "Command appears to be a read-only Huawei Cloud operation."
    },
    {
      "args": [
        "CSMS",
        "ShowSecretVersion",
        "--secret_id=test"
      ],
      "desc": "CSMS ShowSecretVersion",
      "decision": "deny",
      "risk": "secret",
      "reason": "Direct secret value reads are blocked so plaintext secrets do not enter the agent context."
    }
  ],
  "D4-5": [
    {
      "args": [
        "ECS",
        "DeleteServer",
        "--server_id=test"
      ],
      "desc": "DeleteServer",
      "expected": "write",
      "decision": "deny",
      "risk": "write",
      "pass": true
    },
    {
      "args": [
        "ECS",
        "CreateServer",
        "--name=test"
      ],
      "desc": "CreateServer",
      "expected": "write",
      "decision": "deny",
      "risk": "write",
      "pass": true
    },
    {
      "args": [
        "ECS",
        "UpdateServer",
        "--server_id=test"
      ],
      "desc": "UpdateServer",
      "expected": "write",
      "decision": "deny",
      "risk": "write",
      "pass": true
    },
    {
      "args": [
        "VPC",
        "DeleteVpc",
        "--vpc_id=test"
      ],
      "desc": "DeleteVpc",
      "expected": "write",
      "decision": "deny",
      "risk": "write",
      "pass": true
    },
    {
      "args": [
        "RDS",
        "DeleteInstance",
        "--instance_id=test"
      ],
      "desc": "DeleteInstance",
      "expected": "write",
      "decision": "deny",
      "risk": "write",
      "pass": true
    }
  ],
  "D4-9": [
    {
      "args": [
        "ECS",
        "DeleteServer",
        "--server_id=test"
      ],
      "desc": "destructive delete",
      "decision": "deny",
      "risk": "write",
      "riskDecision": "allow",
      "riskLevel": "none"
    },
    {
      "args": [
        "VPC",
        "DeleteSubnet",
        "--subnet_id=test"
      ],
      "desc": "delete subnet",
      "decision": "deny",
      "risk": "write",
      "riskDecision": "allow",
      "riskLevel": "none"
    }
  ],
  "D4-15": [
    {
      "args": [
        "ecs",
        "deleteserver",
        "--server_id=test"
      ],
      "desc": "lowercase",
      "decision": "deny",
      "risk": "write",
      "reason": "Huawei Cloud write operation blocked until the agent presents a plan and receives explicit user approval."
    },
    {
      "args": [
        "ECS",
        "DELETEserver",
        "--server_id=test"
      ],
      "desc": "mixed case",
      "decision": "deny",
      "risk": "write",
      "reason": "Huawei Cloud write operation blocked until the agent presents a plan and receives explicit user approval."
    },
    {
      "args": [
        "ECS",
        "Delete",
        "Server",
        "--server_id=test"
      ],
      "desc": "split args",
      "decision": "deny",
      "risk": "write",
      "reason": "Huawei Cloud write operation blocked until the agent presents a plan and receives explicit user approval."
    }
  ],
  "D4-16": [
    {
      "cmd": "sh -c \"hcloud ECS DeleteServer --server_id=test\"",
      "desc": "sh wrap",
      "decision": "allow",
      "risk": "not_huaweicloud",
      "reason": "No Huawei Cloud safety rule matched."
    },
    {
      "cmd": "bash -c \"hcloud ECS DeleteServer --server_id=test\"",
      "desc": "bash wrap",
      "decision": "allow",
      "risk": "not_huaweicloud",
      "reason": "No Huawei Cloud safety rule matched."
    },
    {
      "cmd": "powershell -Command \"hcloud ECS DeleteServer --server_id=test\"",
      "desc": "powershell wrap",
      "decision": "allow",
      "risk": "not_huaweicloud",
      "reason": "No Huawei Cloud safety rule matched."
    }
  ],
  "D2-4": [
    {
      "input": {
        "ak": "AKIDtest123456789",
        "sk": "SKtest987654321",
        "region": "cn-north-4"
      },
      "desc": "AKSK redact",
      "redacted": "{\"ak\":\"<redacted>\",\"sk\":\"<redacted>\",\"region\":\"cn-north-4\"}",
      "hasPlaintextAK": false,
      "hasPlaintextSK": false,
      "pass": true
    },
    {
      "input": {
        "access_key": "AKIDtest123456789",
        "secret_key": "SKtest987654321"
      },
      "desc": "alt key names",
      "redacted": "{\"access_key\":\"<redacted>\",\"secret_key\":\"<redacted>\"}",
      "hasPlaintextAK": false,
      "hasPlaintextSK": false,
      "pass": true
    },
    {
      "input": {
        "token": "gAAAAABtest_token_value_123",
        "runtime": {
          "ak": "AKIDtest",
          "sk": "SKtest"
        }
      },
      "desc": "nested runtime",
      "redacted": "{\"token\":\"<redacted>\",\"runtime\":{\"ak\":\"<redacted>\",\"sk\":\"<redacted>\"}}",
      "hasPlaintextAK": false,
      "hasPlaintextSK": false,
      "pass": true
    }
  ],
  "D4-21": [
    {
      "desc": "broad IAM policy",
      "result": "{\"decision\":\"allow\",\"findings\":[]}"
    }
  ],
  "D4-22": [
    {
      "desc": "public FunctionGraph deploy",
      "result": "{\"decision\":\"warn\",\"findings\":[{\"ruleId\":\"hwc-functiongraph-public-no-auth\",\"title\":\"Public FunctionGraph trigger without auth\",\"category\":\"public_exposure\",\"severity\":\"warn\",\"message\":\"The generated FunctionGraph or API Gateway path may be publicly reachable without authentication.\",\"remediation\":\""
    }
  ],
  "D4-18": [
    {
      "desc": "write operation plan",
      "result": "{\"executable\":\"hcloud\",\"args\":[\"ECS\",\"CreateServer\",\"--name=test\",\"--flavor=s6.medium.2\"],\"command\":\"hcloud ECS CreateServer --name=test --flavor=s6.medium.2\",\"executableBlock\":\"hcloud ECS CreateServer --name=test --flavor=s6.medium.2\",\"warnings\":[],\"classification\":{\"decision\":\"deny\",\"risk\":\"write\",\"reason\":\"Huawei Cloud write operation blocked until the agent presents a plan and receives explici"
    },
    {
      "desc": "read operation plan",
      "result": "{\"executable\":\"hcloud\",\"args\":[\"ECS\",\"ListServers\"],\"command\":\"hcloud ECS ListServers\",\"executableBlock\":\"hcloud ECS ListServers\",\"warnings\":[],\"classification\":{\"decision\":\"allow\",\"risk\":\"read_only\",\"reason\":\"Command appears to be a read-only Huawei Cloud operation.\",\"service\":\"ECS\",\"operation\":\"ListServers\",\"args\":[\"ECS\",\"ListServers\"]},\"sgFindings\":[],\"approvalToken\":\"031eb186-a677-44dc-bde2-b5"
    }
  ],
  "D4-19": [
    {
      "desc": "destructive op preflight",
      "planResult": "{\"executable\":\"hcloud\",\"args\":[\"ECS\",\"DeleteServer\",\"--server_id=test\"],\"command\":\"hcloud ECS DeleteServer --server_id=test\",\"executableBlock\":\"hcloud ECS DeleteServer --server_id=test\",\"warnings\":[],",
      "riskResult": "{\"decision\":\"allow\",\"findings\":[]}"
    }
  ]
}

