{
  "case": "D2-5",
  "status": "PASS",
  "executedAt": "20260929050639",
  "total": 3,
  "passed": 3,
  "failed": 0,
  "results": [
    {
      "id": "D2-5",
      "name": "placeholder-fn",
      "pass": true,
      "actual": "function",
      "expected": "function",
      "passMsg": "placeholder detection exists",
      "failMsg": "placeholder detection missing",
      "_source": "d2-auth"
    },
    {
      "id": "D2-5",
      "name": "placeholder-angled",
      "pass": true,
      "actual": "true",
      "expected": "true",
      "passMsg": "angled placeholder detected",
      "failMsg": "angled placeholder not detected",
      "_source": "d2-auth"
    },
    {
      "id": "D2-5",
      "name": "placeholder-template",
      "pass": true,
      "actual": "true",
      "expected": "true",
      "passMsg": "template placeholder detected",
      "failMsg": "template placeholder not detected",
      "_source": "d2-auth"
    }
  ],
  "source": "d2-auth"
}