{
  "case": "D10-4",
  "status": "FAIL",
  "total": 8,
  "passed": 7,
  "results": [
    {
      "id": "D10-4",
      "name": "rules-loaded",
      "pass": true,
      "actual": "19 rules",
      "expected": ">0"
    },
    {
      "id": "D10-4",
      "name": "deny-rules",
      "pass": true,
      "actual": "9 deny rules",
      "expected": ">=9 deny"
    },
    {
      "id": "D10-4",
      "name": "warn-rules",
      "pass": true,
      "actual": "10 warn rules",
      "expected": ">=7 warn"
    },
    {
      "id": "D10-4",
      "name": "cat-cred-deny",
      "pass": true,
      "actual": "deny",
      "expected": "deny"
    },
    {
      "id": "D10-4",
      "name": "env-dump-deny",
      "pass": true,
      "actual": "deny",
      "expected": "deny"
    },
    {
      "id": "D10-4",
      "name": "delete-deny",
      "pass": false,
      "actual": "warn",
      "expected": "deny/confirm"
    },
    {
      "id": "D10-4",
      "name": "list-allow",
      "pass": true,
      "actual": "allow",
      "expected": "allow"
    },
    {
      "id": "D10-4",
      "name": "list-no-token",
      "pass": true,
      "actual": "no token",
      "expected": "no token"
    }
  ]
}