{
  "status": "PASS",
  "why": "畸形输入不崩溃: ''→deny, 超长→allow",
  "executedAt": "20260923093110",
  "empty": {
    "decision": "deny",
    "risk": "invalid",
    "findings": [
      {
        "ruleId": "invalid-input",
        "title": "Invalid input for risk check",
        "category": "invalid",
        "severity": "deny",
        "message": "command must be a non-empty string.",
        "remediation": "Provide a valid, non-empty input before re-running the check.",
        "source": "command",
        "evidence": ""
      }
    ]
  },
  "weird": "allow"
}