{
  "status": "PASS",
  "caseId": "D3-A1",
  "executedAt": "20260924210000",
  "details": {
    "skillsCount": 29,
    "skills": [
      "huawei-apig",
      "huawei-billing",
      "huawei-cbr",
      "huawei-cce",
      "huawei-cloud-eye",
      "huawei-cts",
      "huawei-dds-dcs",
      "huawei-deployment",
      "huawei-dew",
      "huawei-ecs",
      "huawei-functiongraph",
      "huawei-gaussdb",
      "huawei-getting-started",
      "huawei-iac",
      "huawei-iam",
      "huawei-modelarts",
      "huawei-obs",
      "huawei-rds",
      "huawei-sandbox",
      "huawei-smn-dms",
      "huawei-voucher",
      "huawei-vpc",
      "huawei-waf-aad",
      "huaweicloud-api-and-sdk",
      "huaweicloud-capability-discovery",
      "huaweicloud-cli-and-auth",
      "huaweicloud-core",
      "huaweicloud-safety",
      "huaweicloud-troubleshooting"
    ]
  },
  "why": "skill retrieval: 29 skills available"
}