{
  "caseId": "D10-4",
  "status": "PASS",
  "why": "Rules: 16 (9 deny, 7 warn), highRiskCaught=true, deleteWarned=true, readOk=true",
  "executedAt": "20260923094239",
  "rulesCount": 16,
  "denyCount": 9,
  "warnCount": 7,
  "catRisk": {
    "decision": "deny",
    "findings": [
      {
        "ruleId": "hwc-command-credential-file",
        "title": "Credential file read",
        "category": "credential",
        "severity": "deny",
        "message": "The command may read local Huawei Cloud credential or profile files into the agent context.",
        "remediation": "Use huaweicloud_show_profile_redacted or user-side credential configuration instead of reading credential files.",
        "source": "command",
        "evidence": "cat ~/.hcloud/credentials.json"
      }
    ]
  },
  "envRisk": {
    "decision": "deny",
    "findings": [
      {
        "ruleId": "hwc-command-env-dump",
        "title": "Cloud credential environment dump",
        "category": "credential",
        "severity": "deny",
        "message": "The command may print cloud credential environment variables.",
        "remediation": "Inspect only required non-secret settings and redact secret-like values before returning output.",
        "source": "command",
        "evidence": "env | grep HUAWEICLOUD"
      }
    ]
  },
  "delRisk": {
    "decision": "warn",
    "findings": [
      {
        "ruleId": "hwc-destructive-delete-operation",
        "title": "Destructive cloud resource operation",
        "category": "destructive",
        "severity": "warn",
        "message": "This hcloud command will delete, detach, or remove cloud resources. The operation may be irreversible.",
        "remediation": "List the resources to be affected first, confirm with the user, and require explicit approval before executing any destructive operation.",
        "source": "command",
        "evidence": "hcloud ECS DeleteServer --server_id=test"
      }
    ]
  },
  "encRisk": {
    "decision": "deny",
    "findings": [
      {
        "ruleId": "hwc-command-encoded-shell-exec",
        "title": "Encoded payload piped to shell",
        "category": "execution",
        "severity": "deny",
        "message": "The command decodes an encoded payload and pipes it into an interpreter.",
        "remediation": "Decode payloads into a reviewable file first, inspect the content, then execute only explicit reviewed commands.",
        "source": "command",
        "evidence": "echo base64 | base64 -d | bash"
      }
    ]
  },
  "lstRisk": {
    "decision": "allow",
    "findings": []
  },
  "shoRisk": {
    "decision": "allow",
    "findings": []
  }
}