[PASS] D4-1a: cat credentials.json → deny (credential)
[PASS] D4-1b: type credentials.json → deny (credential)
[PASS] D4-1c: cat huaweicloud config → deny (credential)
[PASS] D4-2a: env|grep HUAWEICLOUD → deny (credential)
[PASS] D4-2b: printenv HW_ACCESS_KEY_ID → deny (credential)
[SPEC-MISMATCH] D4-2c: printenv HW_ACCESS_KEY → allow (regex may not cover HW_ prefix without HUAWEICLOUD/HWC_/HCLOUD_)
[SPEC-MISMATCH] D4-2d: echo $HUAWEICLOUD_ACCESS_KEY_ID → allow (echo not in env-dump detection)
[PASS] D4-3a: ShowSecretVersion → deny (secret)
[PASS] D4-3b: GetSecretValue → deny (secret)
[PASS] D4-3c: secret_string → deny (secret)
[PASS] D4-9a: DeleteServers → deny (write)
[PASS] D4-9b: DeleteSecurityGroup → deny (write)
[PASS] D4-9c: DeleteInstance → deny (write)
[FAIL] D4-15a: Deleteserver (case variant) → allow (not_huaweicloud)
[PASS] D4-15b: DELETEserver case variant → deny (write)
[PASS] D4-15c: echo|base64|sh → deny
[SPEC-MISMATCH] D4-16a: sh -c "env|grep HUAWEICLOUD" → allow (wrapper inner command not extracted for 2nd-pass detection)
[PASS] D4-16b: bash -c cat credentials → deny (credential)
[SPEC-MISMATCH] D4-16c: eval "hcloud DeleteServer" → allow (eval wrapper not unwrapped)
[PASS] D4-18a: CreateServer → deny (write) [should require approval]
[PASS] D4-18b: CreateVpc → deny (write) [should require approval]
[PASS] D4-18c: CreateServer(allowWrites) → allow (write) [approved path works]
[PASS] D4-19a: ShowSecretVersion(allowWrites) → deny (secret) [preflight still blocks]
[FAIL] D4-19b: DeleteSecret(allowWrites) → allow (write) [preflight still blocks]
[PASS] D4-20a: DeleteServer(no approval) → deny (write) [rejected = no execution]
[PASS] D4-20b: DeleteSubnet(no approval) → deny (write) [rejected = no execution]
[PASS] D4-21a: broad IAM policy → 1 findings
[PASS] D4-22a: public deploy plan → 2 findings
[PASS] D2-4a: AK redacted → <redacted>
[PASS] D2-4b: SK redacted → <redacted>
[PASS] D2-4c: securityToken redacted → <redacted>
[PASS] D2-4d: password redacted → <redacted>
[PASS] D2-4e: non-secret preserved → normal text
[PASS] D4-5a: DeleteServer → deny/write [not misclassified as read]
[PASS] D4-5b: DeleteInstance → deny/write [not misclassified as read]
[PASS] D4-5c: CreateSecurityGroup → deny/write [not misclassified as read]
[PASS] D4-7a: hook_check_command: cat credentials → deny
[PASS] D4-7b: hook_check_artifacts returned findings array (findings.length=1)
[PASS] D4-7c: hook_check_deploy_plan returned findings array (findings.length=0)
[PASS] D4-8a: Node classifyTextCommand deny → Python hook uses same policy.json → consistent
[PASS] D4-17a: empty string → allow (no match = allow, but risk=not_huaweicloud)
[PASS] D4-17b: null → allow (no crash, defaults to allow)
[PASS] D4-17c: malformed input → allow (no crash, defaults to allow)
[PASS] D4-17d: super long input → allow (no crash)
[SPEC-MISMATCH] D4-23a: setup-cli.mjs has WorkBuddy but no agent-rules reference — rules may not be injected for WorkBuddy

=== SUMMARY ===
PASS: 38, FAIL: 2, SPEC-MISMATCH: 5
[
  {
    "caseId": "D4-1a",
    "status": "PASS",
    "detail": "cat credentials.json → deny (credential)"
  },
  {
    "caseId": "D4-1b",
    "status": "PASS",
    "detail": "type credentials.json → deny (credential)"
  },
  {
    "caseId": "D4-1c",
    "status": "PASS",
    "detail": "cat huaweicloud config → deny (credential)"
  },
  {
    "caseId": "D4-2a",
    "status": "PASS",
    "detail": "env|grep HUAWEICLOUD → deny (credential)"
  },
  {
    "caseId": "D4-2b",
    "status": "PASS",
    "detail": "printenv HW_ACCESS_KEY_ID → deny (credential)"
  },
  {
    "caseId": "D4-2c",
    "status": "SPEC-MISMATCH",
    "detail": "printenv HW_ACCESS_KEY → allow (regex may not cover HW_ prefix without HUAWEICLOUD/HWC_/HCLOUD_)"
  },
  {
    "caseId": "D4-2d",
    "status": "SPEC-MISMATCH",
    "detail": "echo $HUAWEICLOUD_ACCESS_KEY_ID → allow (echo not in env-dump detection)"
  },
  {
    "caseId": "D4-3a",
    "status": "PASS",
    "detail": "ShowSecretVersion → deny (secret)"
  },
  {
    "caseId": "D4-3b",
    "status": "PASS",
    "detail": "GetSecretValue → deny (secret)"
  },
  {
    "caseId": "D4-3c",
    "status": "PASS",
    "detail": "secret_string → deny (secret)"
  },
  {
    "caseId": "D4-9a",
    "status": "PASS",
    "detail": "DeleteServers → deny (write)"
  },
  {
    "caseId": "D4-9b",
    "status": "PASS",
    "detail": "DeleteSecurityGroup → deny (write)"
  },
  {
    "caseId": "D4-9c",
    "status": "PASS",
    "detail": "DeleteInstance → deny (write)"
  },
  {
    "caseId": "D4-15a",
    "status": "FAIL",
    "detail": "Deleteserver (case variant) → allow (not_huaweicloud)"
  },
  {
    "caseId": "D4-15b",
    "status": "PASS",
    "detail": "DELETEserver case variant → deny (write)"
  },
  {
    "caseId": "D4-15c",
    "status": "PASS",
    "detail": "echo|base64|sh → deny"
  },
  {
    "caseId": "D4-16a",
    "status": "SPEC-MISMATCH",
    "detail": "sh -c \"env|grep HUAWEICLOUD\" → allow (wrapper inner command not extracted for 2nd-pass detection)"
  },
  {
    "caseId": "D4-16b",
    "status": "PASS",
    "detail": "bash -c cat credentials → deny (credential)"
  },
  {
    "caseId": "D4-16c",
    "status": "SPEC-MISMATCH",
    "detail": "eval \"hcloud DeleteServer\" → allow (eval wrapper not unwrapped)"
  },
  {
    "caseId": "D4-18a",
    "status": "PASS",
    "detail": "CreateServer → deny (write) [should require approval]"
  },
  {
    "caseId": "D4-18b",
    "status": "PASS",
    "detail": "CreateVpc → deny (write) [should require approval]"
  },
  {
    "caseId": "D4-18c",
    "status": "PASS",
    "detail": "CreateServer(allowWrites) → allow (write) [approved path works]"
  },
  {
    "caseId": "D4-19a",
    "status": "PASS",
    "detail": "ShowSecretVersion(allowWrites) → deny (secret) [preflight still blocks]"
  },
  {
    "caseId": "D4-19b",
    "status": "FAIL",
    "detail": "DeleteSecret(allowWrites) → allow (write) [preflight still blocks]"
  },
  {
    "caseId": "D4-20a",
    "status": "PASS",
    "detail": "DeleteServer(no approval) → deny (write) [rejected = no execution]"
  },
  {
    "caseId": "D4-20b",
    "status": "PASS",
    "detail": "DeleteSubnet(no approval) → deny (write) [rejected = no execution]"
  },
  {
    "caseId": "D4-21a",
    "status": "PASS",
    "detail": "broad IAM policy → 1 findings"
  },
  {
    "caseId": "D4-22a",
    "status": "PASS",
    "detail": "public deploy plan → 2 findings"
  },
  {
    "caseId": "D2-4a",
    "status": "PASS",
    "detail": "AK redacted → <redacted>"
  },
  {
    "caseId": "D2-4b",
    "status": "PASS",
    "detail": "SK redacted → <redacted>"
  },
  {
    "caseId": "D2-4c",
    "status": "PASS",
    "detail": "securityToken redacted → <redacted>"
  },
  {
    "caseId": "D2-4d",
    "status": "PASS",
    "detail": "password redacted → <redacted>"
  },
  {
    "caseId": "D2-4e",
    "status": "PASS",
    "detail": "non-secret preserved → normal text"
  },
  {
    "caseId": "D4-5a",
    "status": "PASS",
    "detail": "DeleteServer → deny/write [not misclassified as read]"
  },
  {
    "caseId": "D4-5b",
    "status": "PASS",
    "detail": "DeleteInstance → deny/write [not misclassified as read]"
  },
  {
    "caseId": "D4-5c",
    "status": "PASS",
    "detail": "CreateSecurityGroup → deny/write [not misclassified as read]"
  },
  {
    "caseId": "D4-7a",
    "status": "PASS",
    "detail": "hook_check_command: cat credentials → deny"
  },
  {
    "caseId": "D4-7b",
    "status": "PASS",
    "detail": "hook_check_artifacts returned findings array (findings.length=1)"
  },
  {
    "caseId": "D4-7c",
    "status": "PASS",
    "detail": "hook_check_deploy_plan returned findings array (findings.length=0)"
  },
  {
    "caseId": "D4-8a",
    "status": "PASS",
    "detail": "Node classifyTextCommand deny → Python hook uses same policy.json → consistent"
  },
  {
    "caseId": "D4-17a",
    "status": "PASS",
    "detail": "empty string → allow (no match = allow, but risk=not_huaweicloud)"
  },
  {
    "caseId": "D4-17b",
    "status": "PASS",
    "detail": "null → allow (no crash, defaults to allow)"
  },
  {
    "caseId": "D4-17c",
    "status": "PASS",
    "detail": "malformed input → allow (no crash, defaults to allow)"
  },
  {
    "caseId": "D4-17d",
    "status": "PASS",
    "detail": "super long input → allow (no crash)"
  },
  {
    "caseId": "D4-23a",
    "status": "SPEC-MISMATCH",
    "detail": "setup-cli.mjs has WorkBuddy but no agent-rules reference — rules may not be injected for WorkBuddy"
  }
]
