{
  "caseId": "D4-3",
  "status": "PASS",
  "why": "明文 secret API/参数命令被 deny（deny=3, warn=2/6）",
  "evidence": {
    "results": [
      {
        "cmd": "hcloud csms ShowSecret --secret-id my-secret",
        "result": {
          "decision": "deny",
          "findings": [
            {
              "ruleId": "hwc-command-secret-value-read",
              "title": "Plaintext secret read",
              "category": "secret",
              "severity": "deny",
              "message": "The command appears to retrieve plaintext secret values.",
              "remediation": "Use runtime secret references, user-side inspection, or redacted metadata checks instead of returning secret values to the agent.",
              "source": "command",
              "evidence": "hcloud csms ShowSecret --secret-id my-secret"
            }
          ]
        }
      },
      {
        "cmd": "hcloud csms ShowSecretVersion --secret-id my-secret --version-id v1",
        "result": {
          "decision": "deny",
          "findings": [
            {
              "ruleId": "hwc-command-secret-value-read",
              "title": "Plaintext secret read",
              "category": "secret",
              "severity": "deny",
              "message": "The command appears to retrieve plaintext secret values.",
              "remediation": "Use runtime secret references, user-side inspection, or redacted metadata checks instead of returning secret values to the agent.",
              "source": "command",
              "evidence": "hcloud csms ShowSecretVersion --secret-id my-secret --version-id v1"
            }
          ]
        }
      },
      {
        "cmd": "hcloud csms GetSecretValue --secret-id my-secret",
        "result": {
          "decision": "deny",
          "findings": [
            {
              "ruleId": "hwc-command-secret-value-read",
              "title": "Plaintext secret read",
              "category": "secret",
              "severity": "deny",
              "message": "The command appears to retrieve plaintext secret values.",
              "remediation": "Use runtime secret references, user-side inspection, or redacted metadata checks instead of returning secret values to the agent.",
              "source": "command",
              "evidence": "hcloud csms GetSecretValue --secret-id my-secret"
            }
          ]
        }
      },
      {
        "cmd": "hcloud csms secret-show --secret-id my-secret --adminPass=p@ssw0rd",
        "result": {
          "decision": "warn",
          "findings": [
            {
              "ruleId": "hwc-command-secret-in-arg",
              "title": "Plaintext secret in command argument",
              "category": "secret",
              "severity": "warn",
              "message": "The command passes a plaintext password or secret as a direct CLI argument, which may leak into shell history, logs, or process listings.",
              "remediation": "Use environment variables, DEW secret references, or interactive prompts instead of passing secrets as command-line arguments.",
              "source": "command",
              "evidence": "hcloud csms secret-show --secret-id my-secret --adminPass=<redacted>"
            }
          ]
        }
      },
      {
        "cmd": "hcloud RDS create-instance --adminPass PlainTextPwd123",
        "result": {
          "decision": "allow",
          "findings": []
        }
      },
      {
        "cmd": "hcloud csms secret-show --secret-id my-secret --token=abc123 --password=xyz",
        "result": {
          "decision": "warn",
          "findings": [
            {
              "ruleId": "hwc-command-secret-in-arg",
              "title": "Plaintext secret in command argument",
              "category": "secret",
              "severity": "warn",
              "message": "The command passes a plaintext password or secret as a direct CLI argument, which may leak into shell history, logs, or process listings.",
              "remediation": "Use environment variables, DEW secret references, or interactive prompts instead of passing secrets as command-line arguments.",
              "source": "command",
              "evidence": "hcloud csms secret-show --secret-id my-secret --token=<redacted> --password=<redacted>"
            }
          ]
        }
      }
    ]
  },
  "executedAt": "20261005050100"
}