$ node supplement/probe-supplement.mjs
$ executed at (BJ) 2026-09-25

PASS  D2-27  getKooCliVersion 返回字符串  => "string" (expected "string")
PASS  D2-27  parseHcloudVersion 提取首个 x.y.z  => "7.2.12" (expected "7.2.12")
PASS  D2-27  compareVersion 7.2.12 > 7.2.9  => true (expected true)
PASS  D2-27  compareVersion 相同  => 0 (expected 0)
PASS  D2-27  downloadBase = KOO_CLI_BASE/<v>  => "https://cn-north-4-hdn-koocli.obs.cn-north-4.myhuaweicloud.com/cli/7.2.12" (expected "https://cn-north-4-hdn-koocli.obs.cn-north-4.myhuaweicloud.com/cli/7.2.12")
PASS  D4-29  classifyRawCommand 返回决策对象  => "string" (expected "string")
PASS  D4-29  classifyRawCommand 与 classifyTextCommand 一致  => "deny" (expected "deny")
PASS  D4-29  DENY 决策 assertAllowed 抛拒绝  => true (expected true)
PASS  D4-29  allow 决策 assertAllowed 通过  => true (expected true)
PASS  D4-26  findings 证据不含明文密码/含 <redacted>  => true (expected true)
PASS  D6-9  三缓存清理入口可调用(幂等不抛错)  => true (expected true)
PASS  D8-9  installId 生成且二次调用稳定  => true (expected true)
PASS  D8-9  sanitizeValue 折叠空白/控制字符  => true (expected true)
NOTE  D8-9  sanitizeValue('AK=ABC123DEF456GHI') => "AK=ABC123DEF456GHI"  (设计预期移除敏感值, 实测不脱敏)
PASS  D8-10  mergeCommandStyle 修正 command[1]=新 mcpPath  => true (expected true)
PASS  D8-10  mergeCommandStyle 保留 userArgs(--flag)  => true (expected true)
PASS  D8-10  mergeArgsStyle 修正 args[0]=新 mcpPath  => true (expected true)
PASS  D8-10  mergeArgsStyle 保留 userArgs(--extra)  => true (expected true)
PASS  D8-10  extractUserDelta 捕获 userArgs  => true (expected true)
PASS  D8-10  saveAgentDelta 持久化(返回 true)  => true (expected true)
PASS  D8-10  takeAgentDelta 取走后可读  => true (expected true)
PASS  D8-10  takeAgentDelta 取走后读空(null)  => null (expected null)
PASS  D1-70  writeProxyConfig→readProxyConfig 往返一致(http_proxy)  => "http://127.0.0.1:8080" (expected "http://127.0.0.1:8080")
PASS  D1-70  no_proxy 命中 getProxySettings 返回 null  => true (expected true)
PASS  D1-70  getProxySettings 非 no_proxy 命中返回代理配置(proxyUrl)  => true (expected true)
PASS  D1-70  clearProxyConfig 后 readProxyConfig 返回 null  => null (expected null)
PASS  D1-70  getWebSocketImpl 为函数(无代理回退 globalThis.WebSocket)  => "function" (expected "function")
PASS  D1-66  HUAWEICLOUD_DEVKIT_TELEMETRY=off 时 isTelemetryEnabled()=false  => false (expected false)
PASS  D1-66  默认(isTelemetryEnabled 为布尔 true)  => true (expected true)
PASS  D1-68  getServiceIcon 可调用(不崩溃)  => true (expected true)
PASS  D9-10  DEFAULT_PORT = 9528  => 9528 (expected 9528)
PASS  D9-10  DEFAULT_HOST = 127.0.0.1  => "127.0.0.1" (expected "127.0.0.1")
PASS  D9-10  startRemoteServer 为导出函数  => "function" (expected "function")
PASS  D9-11  HwlinkTunnelChannel 可实例化  => true (expected true)
PASS  D9-11  HwlinkTunnelChannel 存在 close 生命周期  => true
PASS  D3-C14  hdkitCredentials 缺 sessionId+devStageId 报错  => true (expected true)
PASS  D3-C14  hwlink getCredentials 返回含 ak/sk 对象  => true (expected true)
PASS  D3-C14  hdkitConnect 为导出函数(透传可选参数)  => "function" (expected "function")
PASS  D3-C13  set 缺失 indexDocument 报错  => true (expected true)
      D3-C13 error msg: indexDocument is required for action=set
PASS  D3-S1  serviceCatalog 查云主机 路由命中 ecs/ECS  => true (expected true)
PASS  D3-S2  serviceCatalog 删VPC 路由命中 vpc/VPC  => true (expected true)
PASS  D3-S3  serviceCatalog 沙箱预览 路由命中 sandbox/Sandbox  => true (expected true)
PASS  D3-S4  serviceCatalog 领券 路由命中 voucher/优惠  => true (expected true)
PASS  D3-S5  serviceCatalog 复合意图(存储DDS+托管OBS) | 命中存储/数据库 关键词  => true (expected true)
PASS  D3-S6  serviceCatalog FunctionGraph定时 | 命中 functiongraph/函数  => true (expected true)
FAIL  D3-S8  serviceCatalog 排障 | 命中 troubleshooting/诊断 关键词  => false (expected true)
PASS  D4-28  hooks.json 注册 Node(.mjs) 实现  => true (expected true)
PASS  D4-28  高危写命令 hook 输出 permissionDecision=deny  => true (expected true)

TOTAL pass=46 fail=1

[exit=1]
