{
  "caseId": "D8-7",
  "status": "PASS",
  "why": "7/7 meta skills found, total=30",
  "executedAt": "20260928221200",
  "details": {
    "skillDirs": [
      "huawei-apig",
      "huawei-billing",
      "huawei-cbr",
      "huawei-cce",
      "huawei-cloud-eye",
      "huawei-cts",
      "huawei-dds-dcs",
      "huawei-deployment",
      "huawei-dew",
      "huawei-ecs",
      "huawei-functiongraph",
      "huawei-gaussdb",
      "huawei-getting-started",
      "huawei-iac",
      "huawei-iam",
      "huawei-modelarts",
      "huawei-obs",
      "huawei-rds",
      "huawei-sandbox",
      "huawei-smn-dms",
      "huawei-voucher",
      "huawei-vpc",
      "huawei-waf-aad",
      "huaweicloud-api-and-sdk",
      "huaweicloud-capability-discovery",
      "huaweicloud-cli-and-auth",
      "huaweicloud-core",
      "huaweicloud-safety",
      "huaweicloud-troubleshooting"
    ],
    "metaFound": 7
  }
}