{
  "case": "D1-45",
  "status": "PASS",
  "total": 2,
  "passed": 2,
  "results": [
    {
      "id": "D1-45",
      "name": "check_update-no-hint",
      "pass": true,
      "actual": "\"none\"",
      "expected": "none/preserved",
      "passMsg": "check_update no hint",
      "failMsg": "check_update wrong hint"
    },
    {
      "id": "D1-45",
      "name": "upgrade-no-hint",
      "pass": true,
      "actual": "\"none\"",
      "expected": "none/preserved",
      "passMsg": "upgrade no hint",
      "failMsg": "upgrade wrong hint"
    }
  ],
  "source": "d1-upgrade/probe.mjs"
}