<<<<<<< HEAD
D2-11 测试证据
执行时间: 2026-10-06 05:14
客户端: CodeArtsSpace
OS: Windows
被测版本: 1.1.8-next.1
工具: probe-p0.mjs
结果: FAIL
断言: STS get-token 应返回 decision:deny
结论: FAIL - sts get-token 返回 decision=allow, risk=read_only, 未拦截临时凭证获取
根因: safety/rules/cloud-risk-rules.json:94 正则未覆盖 sts get-token, severity 为 warn 而非 deny
=======
{
  "caseId": "D2-11",
  "status": "FAIL",
  "why": "FAIL - sts get-token 返回 decision=allow, risk=read_only, 未拦截临时凭证获取",
  "executedAt": "20261006051036",
  "assertion": "sts get-token 应返回 decision=deny",
  "rootCause": "safety/rules/cloud-risk-rules.json:94 正则未覆盖 sts get-token; severity 为 warn 而非 deny",
  "blockedReason": "",
  "version": "1.1.8-next.1"
}
>>>>>>> 4b89f0993 (test: CodeArtsSpace Windows 2026-10-06 daily test (141 cases, 136 PASS, 8 FAIL historical, 1 NOT_RUN))
