{
  "caseId": "D1-39",
  "status": "PASS",
  "why": "Windows=true, syncResult=ok(no error), asyncResult=ok(no error), judge={\"currentVersion\":\"1.1.6\",\"latestStable\":null,\"latestNext\":null,\"targetVersion\":",
  "executedAt": "20260923094356",
  "installedVersion": "1.1.6",
  "platform": "win32",
  "syncResult": {
    "latest": "1.1.6",
    "next": "1.1.7-next.0"
  },
  "syncError": null,
  "asyncResult": {
    "latest": "1.1.6",
    "next": "1.1.7-next.0"
  },
  "asyncError": null,
  "judgeResult": {
    "currentVersion": "1.1.6",
    "latestStable": null,
    "latestNext": null,
    "targetVersion": null,
    "updateAvailable": false,
    "dismissed": false,
    "dismissExpiresAt": null,
    "result": "check_failed",
    "note": "检测失败，不影响使用"
  },
  "judgeError": null
}