{
  "status": "PASS",
  "why": "镜像lag下不提示版本倒退。official=1.1.5, mirror=1.1.5, laggingTest(1.0.0)=up_to_date",
  "executedAt": "20260921012832",
  "officialTags": {
    "next": "1.1.6-next.0",
    "latest": "1.1.5"
  },
  "mirrorTags": {
    "latest": "1.1.5",
    "next": "1.1.6-next.0"
  },
  "officialLatest": "1.1.5",
  "mirrorLatest": "1.1.5",
  "lagTestResult": {
    "currentVersion": "1.1.5",
    "latestStable": "1.1.5",
    "latestNext": null,
    "targetVersion": "1.1.5",
    "updateAvailable": false,
    "dismissed": false,
    "dismissExpiresAt": null,
    "result": "up_to_date"
  },
  "noDowngradeSuggested": true,
  "laggingResult": {
    "currentVersion": "1.1.5",
    "latestStable": "1.0.0",
    "latestNext": null,
    "targetVersion": "1.0.0",
    "updateAvailable": false,
    "dismissed": false,
    "dismissExpiresAt": null,
    "result": "up_to_date"
  },
  "laggingNoDowngrade": true,
  "envRegistryResult": "1.1.5"
}