{
  "caseId": "D1-30",
  "status": "PASS",
  "why": "update-check.mjs loaded, exports=21",
  "executedAt": "20260927051241",
  "client": "CodeArtsSpace",
  "os": "Windows",
  "exports": [
    "applyUpdateHint",
    "determineTarget",
    "fallbackSkipFilePath",
    "getCachedUpdateInfo",
    "getUpdateDistTags",
    "hasPrerelease",
    "invalidateUpdateCache",
    "judgeUpdate",
    "parseDistTagsOutput",
    "peekCachedUpdateInfo",
    "queryDistTags",
    "queryDistTagsFetch",
    "queryDistTagsSync",
    "readInstalledVersion",
    "readSkipState",
    "resolveSkipFilePath",
    "semverCompare",
    "semverParse",
    "skipFilePath",
    "upgradePackage",
    "writeSkipState"
  ]
}
