{
  "total": 6,
  "passed": 3,
  "failed": 3,
  "results": [
    {
      "id": "D2-4",
      "name": "ak-redacted",
      "pass": false,
      "actual": "AK leaked",
      "expected": "redacted",
      "passMsg": "AK redacted in output",
      "failMsg": "AK leaked in output (defect)"
    },
    {
      "id": "D2-4",
      "name": "sk-redacted",
      "pass": false,
      "actual": "SK leaked",
      "expected": "redacted",
      "passMsg": "SK redacted in output",
      "failMsg": "SK leaked in output (defect)"
    },
    {
      "id": "D2-4",
      "name": "adminpass-redacted",
      "pass": true,
      "actual": "adminPass: <redacted>",
      "expected": "redacted",
      "passMsg": "adminPass redacted",
      "failMsg": "adminPass leaked"
    },
    {
      "id": "D2-11",
      "name": "no-sts-token-persisted",
      "pass": true,
      "actual": "no token in creds",
      "expected": "no token",
      "passMsg": "STS token not persisted",
      "failMsg": "STS token found in credentials (defect)"
    },
    {
      "id": "D2-2",
      "name": "auth-status",
      "pass": true,
      "actual": "0",
      "expected": "defined exit",
      "passMsg": "Auth status check ran",
      "failMsg": "Auth status check failed"
    },
    {
      "id": "D2-4",
      "name": "multi-secret-redacted",
      "pass": false,
      "actual": "some leaked",
      "expected": "all redacted",
      "passMsg": "Multiple secrets redacted",
      "failMsg": "Some secrets leaked"
    }
  ]
}