{
  "case": "D3-C1",
  "status": "FAIL",
  "total": 5,
  "passed": 4,
  "failed": 1,
  "results": [
    {
      "name": "CreateVpc",
      "pass": true,
      "detail": "{\n  \"vpc\": {\n    \"id\": \"60b8ddbb-806c-4bb9-8909-353c80648a5e\",\n    \"name\": \"testbot3-hermes-e2e-0975"
    },
    {
      "name": "CreateSubnet",
      "pass": true,
      "detail": "{\n  \"subnet\": {\n    \"id\": \"03938e7e-e16c-4222-bc36-c96220835c58\",\n    \"name\": \"testbot3-hermes-e2e-0"
    },
    {
      "name": "CreateServers(审批分类)",
      "pass": "allow",
      "detail": "allow"
    },
    {
      "name": "CreateServers(返回serverIds)",
      "pass": true,
      "detail": "{\n  \"job_id\": \"ff808081a0ed144001a0fe77cc456846\",\n  \"serverIds\": [\n    \"6cfdc6e8-92b2-4179-bda2-2ee47531d8de\"\n  ]\n}"
    },
    {
      "name": "finally归零(校验真实删除)",
      "pass": false,
      "detail": "ECS:提交删除 ECS轮询:仍在/未确认 subnet:OK vpc:OK"
    }
  ]
}