{
  "caseId": "D4-21",
  "status": "PASS",
  "why": "findings=1 rules=hwc-sandbox-missing-ttl",
  "executedAt": "20260924221924",
  "r": {
    "decision": "warn",
    "findings": [
      {
        "ruleId": "hwc-sandbox-missing-ttl",
        "title": "Sandbox deployment missing cleanup metadata",
        "category": "sandbox",
        "severity": "warn",
        "message": "The preview or sandbox deployment does not show cleanup or ownership metadata.",
        "remediation": "Add owner, purpose, expiration time, and cleanup command before creating preview cloud resources.",
        "source": "deploy.yaml",
        "evidence": "deploy.yaml access_key: <redacted> secret_key: <redacted>"
      }
    ]
  }
}