{
  "case": "D1-30",
  "status": "PASS",
  "total": 4,
  "passed": 4,
  "results": [
    {
      "id": "D1-30",
      "name": "semver-1.1.5-gt-1.1.4",
      "pass": true,
      "actual": "1",
      "expected": ">0",
      "passMsg": "1.1.5>1.1.4",
      "failMsg": "semver error"
    },
    {
      "id": "D1-30",
      "name": "semver-stable-gt-pre",
      "pass": true,
      "actual": "1",
      "expected": ">0",
      "passMsg": "stable>prerelease",
      "failMsg": "semver error"
    },
    {
      "id": "D1-30",
      "name": "semver-equal",
      "pass": true,
      "actual": "0",
      "expected": "0",
      "passMsg": "equal=0",
      "failMsg": "semver equal error"
    },
    {
      "id": "D1-30",
      "name": "semver-reverse",
      "pass": true,
      "actual": "-1",
      "expected": "<0",
      "passMsg": "1.1.4<1.1.5",
      "failMsg": "semver reverse error"
    }
  ],
  "source": "d1-upgrade/probe.mjs"
}