<<<<<<< HEAD
D4-2 测试证据
执行时间: 2026-10-06 05:14
客户端: CodeArtsSpace
OS: Windows
被测版本: 1.1.8-next.1
工具: probe-p0.mjs
结果: FAIL
断言: echo $HW_SECRET_KEY 应被阻断(decision:deny)
结论: FAIL - 第三条命令返回 decision=allow, risk=not_huaweicloud, 非华为云前缀凭证env打印未拦截
根因: safety-policy.mjs 凭证env打印规则仅匹配 HUAWEICLOUD_/HW_ 前缀, 未覆盖非标准前缀

=== 执行命令 ===
node probe_safety.mjs (classifyTextCommand)
=== RC === 0
=== STDOUT ===
D4-2 | echo $HW_SECRET_KEY => {"decision":"deny","risk":"credential","reason":"Printing cloud credential environment variables is blocked."}
D4-2b | printenv HW_ACCESS_KEY => {"decision":"deny","risk":"credential","reason":"Dumping cloud credential environment variables is blocked."}
D4-3 | hcloud ECS CreateServers --adminPass MySecret123 => {"decision":"deny","risk":"write","reason":"Huawei Cloud write operation blocked until the agent presents a plan and receives explicit user approval."}
D4-3b | hcloud ECS CreateServers --adminPass=MySecret123 => {"decision":"deny","risk":"write","reason":"Huawei Cloud write operation blocked until the agent presents a plan and receives explicit user approval."}
D4-5 | rm -rf / => {"decision":"deny","risk":"destructive","reason":"The sandbox terminal command is destructively dangerous and could destroy the workspace.","blockedByRiskRule":true,"findings":[{"ruleId":"hwc-sandbox-destructive-command","title":"Destructiv
D4-9 | hcloud ECS DeleteServers => {"decision":"deny","risk":"write","reason":"Huawei Cloud write operation blocked until the agent presents a plan and receives explicit user approval."}

=======
{
  "caseId": "D4-2",
  "status": "FAIL",
  "why": "FAIL - 非华为云前缀 env 打印返回 decision=allow, risk=not_huaweicloud",
  "executedAt": "20261006051036",
  "assertion": "所有打印凭证环境变量的命令应返回 decision=deny",
  "rootCause": "safety-policy.mjs 凭证 env 打印规则仅匹配 HUAWEICLOUD_/HW_ 前缀, 未覆盖非标准前缀",
  "blockedReason": "",
  "version": "1.1.8-next.1"
}
>>>>>>> 4b89f0993 (test: CodeArtsSpace Windows 2026-10-06 daily test (141 cases, 136 PASS, 8 FAIL historical, 1 NOT_RUN))
