{
  "case": "EXP-C4-19",
  "status": "PASS",
  "total": 2,
  "passed": 2,
  "results": [
    {
      "id": "EXP-C4-19",
      "name": "list-ops-CBR",
      "pass": true,
      "actual": "ok",
      "expected": "ok",
      "passMsg": "CBR list_operations OK",
      "failMsg": "CBR list_operations FAIL"
    },
    {
      "id": "EXP-C4-19",
      "name": "plan-CBR",
      "pass": true,
      "actual": "ok",
      "expected": "ok",
      "passMsg": "CBR plan OK",
      "failMsg": "CBR plan FAIL"
    }
  ],
  "source": "c4-service-matrix/probe.mjs"
}