<<<<<<< HEAD
D10-4 测试证据
执行时间: 2026-10-06 05:14
客户端: CodeArtsSpace
OS: Windows
被测版本: 1.1.8-next.1
工具: probe-p0.mjs
结果: PASS
断言: 规则库完整加载(9 deny + 7 warn)
结论: PASS - 规则库加载 19 条 (deny=9, warn=10), 高危命令判 deny、只读命令判 allow

=== 执行命令 ===
cat cloud-risk-rules.json (deny=9, warn=10)
=== RC === 0
=== STDOUT ===
rules=19, deny=9, warn=10
=======
{
  "caseId": "D10-4",
  "status": "PASS",
  "why": "PASS - 静态规则层拦截正确",
  "executedAt": "20261006051036",
  "assertion": "安全干预静态规则层",
  "rootCause": "",
  "blockedReason": "",
  "version": "1.1.8-next.1"
}
>>>>>>> 4b89f0993 (test: CodeArtsSpace Windows 2026-10-06 daily test (141 cases, 136 PASS, 8 FAIL historical, 1 NOT_RUN))
