{
  "case": "D3-S2",
  "total": 6,
  "passed": 6,
  "failed": 0,
  "results": [
    {
      "cid": "D3-S2",
      "name": "创建 VPC(供删除确认)",
      "pass": true,
      "detail": "id=722a08d2-190c-4f53-a724-5a9d09f90de8"
    },
    {
      "cid": "D3-S2",
      "name": "plan 生成命令块等待确认(deny/safeToRun=false)",
      "pass": true,
      "detail": "decision=deny safe=false"
    },
    {
      "cid": "D3-S2",
      "name": "hook 预检识别破坏性删除",
      "pass": true,
      "detail": "{\"ok\":true,\"decision\":\"warn\",\"findings\":[{\"ruleId\":\"hwc-destructive-delete-operation\",\"title\":\"Destructive clo"
    },
    {
      "cid": "D3-S2",
      "name": "确认前零执行(VPC 仍存在)",
      "pass": true,
      "detail": "still exists"
    },
    {
      "cid": "D3-S2",
      "name": "确认后删除成功",
      "pass": true,
      "detail": "exit=0"
    },
    {
      "cid": "D3-S2",
      "name": "确认后归零",
      "pass": true,
      "detail": "残留=false"
    }
  ]
}