=== D2-27: KooCLI版本管理 ===
[PASS] T0.1 koocli-version.mjs 存在 :: path: C:\Users\Administrator\devkit-test\OfficeAce\hdk\plugins\huaweicloud-core\src\koocli-version.mjs
getKooCliVersion(): 7.2.12
[PASS] T1.1 getKooCliVersion 返回版本串 :: version=7.2.12
[PASS] T1.2 版本格式 x.y.z :: format check: 7.2.12
[PASS] T2. parseHcloudVersion("hcloud 7.2.12") = "7.2.12" :: actual="7.2.12"
[PASS] T2. parseHcloudVersion("hcloud 7.2.12 (latest)") = "7.2.12" :: actual="7.2.12"
[PASS] T2. parseHcloudVersion("HuaweiCloud CLI: 7.2.12") = "7.2.12" :: actual="7.2.12"
[PASS] T2. parseHcloudVersion("hcloud 7.2.9") = "7.2.9" :: actual="7.2.9"
[PASS] T3. compareVersion(7.2.12 > 7.2.9) :: actual=1, expected sign=1
[PASS] T3. compareVersion(7.2.9 < 7.2.12) :: actual=-1, expected sign=-1
[PASS] T3. compareVersion(7.2.12 == 7.2.12) :: actual=0, expected sign=0
[PASS] T3. compareVersion(8.0.0 > 7.2.12) :: actual=1, expected sign=1
kooCliDownloadBase(): https://cn-north-4-hdn-koocli.obs.cn-north-4.myhuaweicloud.com/cli/7.2.12
[PASS] T4.1 kooCliDownloadBase 返回 URL :: base=https://cn-north-4-hdn-koocli.obs.cn-north-4.myhuaweicloud.com/cli/7.2.12
[PASS] T4.2 URL 含 KOO_CLI_BASE 或 http :: base contains URL pattern
[PASS] T5.1 KOO_CLI_BASE 常量存在 :: KOO_CLI_BASE=https://cn-north-4-hdn-koocli.obs.cn-north-4.myhuaweicloud.com/cli

=== 汇总 ===
Total: 14, PASS: 14, FAIL: 0
Overall: PASS

=== RESULT ===
{"testCase":"D2-27","result":"PASS","checks":[{"label":"T0.1 koocli-version.mjs 存在","pass":true,"detail":"path: C:\\Users\\Administrator\\devkit-test\\OfficeAce\\hdk\\plugins\\huaweicloud-core\\src\\koocli-version.mjs"},{"label":"T1.1 getKooCliVersion 返回版本串","pass":true,"detail":"version=7.2.12"},{"label":"T1.2 版本格式 x.y.z","pass":true,"detail":"format check: 7.2.12"},{"label":"T2. parseHcloudVersion(\"hcloud 7.2.12\") = \"7.2.12\"","pass":true,"detail":"actual=\"7.2.12\""},{"label":"T2. parseHcloudVersion(\"hcloud 7.2.12 (latest)\") = \"7.2.12\"","pass":true,"detail":"actual=\"7.2.12\""},{"label":"T2. parseHcloudVersion(\"HuaweiCloud CLI: 7.2.12\") = \"7.2.12\"","pass":true,"detail":"actual=\"7.2.12\""},{"label":"T2. parseHcloudVersion(\"hcloud 7.2.9\") = \"7.2.9\"","pass":true,"detail":"actual=\"7.2.9\""},{"label":"T3. compareVersion(7.2.12 > 7.2.9)","pass":true,"detail":"actual=1, expected sign=1"},{"label":"T3. compareVersion(7.2.9 < 7.2.12)","pass":true,"detail":"actual=-1, expected sign=-1"},{"label":"T3. compareVersion(7.2.12 == 7.2.12)","pass":true,"detail":"actual=0, expected sign=0"},{"label":"T3. compareVersion(8.0.0 > 7.2.12)","pass":true,"detail":"actual=1, expected sign=1"},{"label":"T4.1 kooCliDownloadBase 返回 URL","pass":true,"detail":"base=https://cn-north-4-hdn-koocli.obs.cn-north-4.myhuaweicloud.com/cli/7.2.12"},{"label":"T4.2 URL 含 KOO_CLI_BASE 或 http","pass":true,"detail":"base contains URL pattern"},{"label":"T5.1 KOO_CLI_BASE 常量存在","pass":true,"detail":"KOO_CLI_BASE=https://cn-north-4-hdn-koocli.obs.cn-north-4.myhuaweicloud.com/cli"}],"timestamp":"2026-09-21T02:07:38.238Z"}
