{
  "case": "D3-C2",
  "status": "FAIL",
  "total": 4,
  "passed": 3,
  "failed": 1,
  "results": [
    {
      "name": "OBS建桶",
      "pass": false,
      "detail": "Start at 2026-09-30 21:16:24.761374837 +0000 UTC\n\nCreate bucket [testbot3-hermes-obs-0802984615] successfully, request id [000001A0F42CFF4A47D1216A4B32BC29]\nNotice: If the configur"
    },
    {
      "name": "set静态站",
      "pass": true,
      "detail": "{\"ok\":true,\"status\":200,\"websiteUrl\":\"http://testbot3-hermes-obs-0802984615.obs-website.cn-north-4.myhuaweicloud.com\",\"message\":\"Static website hosting configured. Website URL: http://testbot3-hermes-obs-0802984615.obs-website.cn-north-4.myhuaweicloud.com (may take ~1 min to propagate)\"}"
    },
    {
      "name": "get静态站",
      "pass": true,
      "detail": "{\"ok\":true,\"status\":200,\"body\":\"<?xml version=\\\"1.0\\\" encoding=\\\"UTF-8\\\" standalone=\\\"yes\\\"?><WebsiteConfiguration xmlns=\\\"http://obs.myhwclouds.com/doc/2015-06-30/\\\"><IndexDocument><Suffix>index.html"
    },
    {
      "name": "删桶归零",
      "pass": true,
      "detail": "Start at 2026-09-30 21:16:25.991676867 +0000 UTC\n\nDelete bucket [testbot3-hermes-obs-0802984615] successfully!"
    }
  ]
}