
╔══════════════════════════════════════════════╗
║     HuaweiCloud DevKit v1.1.4                 ║
║     https://github.com/huaweicloud   ║
╚══════════════════════════════════════════════╝

Installing KooCLI (hcloud)...

[Linux] Auto-installing to /home/testbot3/.local/bin...
  Downloading https://cn-north-4-hdn-koocli.obs.cn-north-4.myhuaweicloud.com/cli/7.2.12/huaweicloud-cli-linux-arm64.tar.gz...
  % Total    % Received % Xferd  Average Speed   Time    Time     Time  Current
                                 Dload  Upload   Total   Spent    Left  Speed
  0     0    0     0    0     0      0      0 --:--:-- --:--:-- --:--:--     0100 11.9M  100 11.9M    0     0  22.1M      0 --:--:-- --:--:-- --:--:-- 22.1M
  Extracting...
  Installing...

[32mInstall complete.[0m
  Verify: /home/testbot3/.local/bin/hcloud version
  [33m非交互会话：请稍后在终端运行 hcloud version 并按提示接受隐私协议[0m

After install, set HCLOUD_BIN if hcloud is not on PATH.

[1m[33m=== Configure credentials SAFELY ===[0m
  Unified credentials (recommended): npx huaweicloud-devkit auth init
  NEVER: hcloud configure set --cli-access-key=xxx  (AK/SK in shell history!)

Then run: npx huaweicloud-devkit doctor
(node:3439348) ExperimentalWarning: SQLite is an experimental feature and might change at any time
(Use `node --trace-warnings ...` to show where the warning was created)
