  credential object with ak/sk keys: AK=false SK=false token=false pw=false
    Redacted: {"ak":"<redacted>","sk":"<redacted>","region":"cn-north-4"}
  credential object with access_key/secret_key: AK=false SK=false token=false pw=false
    Redacted: {"access_key":"<redacted>","secret_key":"<redacted>","security_token":"<redacted>"}
  hcloud configure output: AK=false SK=false token=false pw=false
    Redacted: access_key: <redacted>
secret_key: <redacted>
security_token: <redacted>
  env vars: AK=false SK=false token=false pw=false
    Redacted: HW_ACCESS_KEY=<redacted>
HW_SECRET_KEY=<redacted>
  password field: AK=false SK=false token=false pw=false
    Redacted: {"password":"<redacted>","name":"test-user"}
  token field: AK=false SK=false token=false pw=false
    Redacted: {"authorization":"<redacted>","token":"<redacted>"}
STATUS: PASS
{
  "status": "PASS",
  "why": "",
  "executedAt": "20260930214916",
  "details": {
    "testResults": [
      {
        "name": "credential object with ak/sk keys",
        "inputStr": "{\"ak\":\"AKID1234567890ABC\",\"sk\":\"SK1234567890abcdef\",\"region\":\"cn-north-4\"}",
        "redactedStr": "{\"ak\":\"<redacted>\",\"sk\":\"<redacted>\",\"region\":\"cn-north-4\"}",
        "hasAK": false,
        "hasSK": false,
        "hasToken": false,
        "hasPassword": false
      },
      {
        "name": "credential object with access_key/secret_key",
        "inputStr": "{\"access_key\":\"AKID1234567890ABC\",\"secret_key\":\"SK1234567890abcdef\",\"security_to",
        "redactedStr": "{\"access_key\":\"<redacted>\",\"secret_key\":\"<redacted>\",\"security_token\":\"<redacted",
        "hasAK": false,
        "hasSK": false,
        "hasToken": false,
        "hasPassword": false
      },
      {
        "name": "hcloud configure output",
        "inputStr": "access_key: AKID1234567890ABC\nsecret_key: SK1234567890abcdef\nsecurity_token: ST1",
        "redactedStr": "access_key: <redacted>\nsecret_key: <redacted>\nsecurity_token: <redacted>",
        "hasAK": false,
        "hasSK": false,
        "hasToken": false,
        "hasPassword": false
      },
      {
        "name": "env vars",
        "inputStr": "HW_ACCESS_KEY=AKID1234567890ABC\nHW_SECRET_KEY=SK1234567890abcdef",
        "redactedStr": "HW_ACCESS_KEY=<redacted>\nHW_SECRET_KEY=<redacted>",
        "hasAK": false,
        "hasSK": false,
        "hasToken": false,
        "hasPassword": false
      },
      {
        "name": "password field",
        "inputStr": "{\"password\":\"MySecretPass123!\",\"name\":\"test-user\"}",
        "redactedStr": "{\"password\":\"<redacted>\",\"name\":\"test-user\"}",
        "hasAK": false,
        "hasSK": false,
        "hasToken": false,
        "hasPassword": false
      },
      {
        "name": "token field",
        "inputStr": "{\"authorization\":\"Bearer abc123xyz\",\"token\":\"STtoken123\"}",
        "redactedStr": "{\"authorization\":\"<redacted>\",\"token\":\"<redacted>\"}",
        "hasAK": false,
        "hasSK": false,
        "hasToken": false,
        "hasPassword": false
      }
    ],
    "structuredRedacted": true,
    "shortKeyRedacted": true
  }
}
