================================================================================
D4-2: 凭证env打印拦截测试 (Credential Env Print Interception)
================================================================================
测试时间: 2026-09-20T02:48:01.920Z
测试函数: classifyTextCommand()
预期结果: decision=deny, risk=credential

[PASS] printenv HUAWEICLOUD_ACCESS_KEY_ID
  命令: printenv HUAWEICLOUD_ACCESS_KEY_ID
  decision=deny, risk=credential
  reason: Dumping cloud credential environment variables is blocked.

[PASS] printenv HUAWEICLOUD_SECRET_ACCESS_KEY
  命令: printenv HUAWEICLOUD_SECRET_ACCESS_KEY
  decision=deny, risk=credential
  reason: Dumping cloud credential environment variables is blocked.

[PASS] printenv HUAWEICLOUD_SECURITY_TOKEN
  命令: printenv HUAWEICLOUD_SECURITY_TOKEN
  decision=deny, risk=credential
  reason: Dumping cloud credential environment variables is blocked.

[PASS] printenv HWC_ACCESS_KEY_ID
  命令: printenv HWC_ACCESS_KEY_ID
  decision=deny, risk=credential
  reason: Dumping cloud credential environment variables is blocked.

[PASS] printenv HWC_SECRET_ACCESS_KEY
  命令: printenv HWC_SECRET_ACCESS_KEY
  decision=deny, risk=credential
  reason: Dumping cloud credential environment variables is blocked.

[PASS] printenv HW_ACCESS_KEY
  命令: printenv HW_ACCESS_KEY
  decision=deny, risk=credential
  reason: Printing cloud credential environment variables is blocked.

[PASS] printenv HW_SECRET_KEY
  命令: printenv HW_SECRET_KEY
  decision=deny, risk=credential
  reason: Printing cloud credential environment variables is blocked.

[PASS] printenv HW_SECURITY_TOKEN
  命令: printenv HW_SECURITY_TOKEN
  decision=deny, risk=credential
  reason: Printing cloud credential environment variables is blocked.

[PASS] printenv OS_ACCESS_KEY_ID (OpenStack compat)
  命令: printenv OS_ACCESS_KEY_ID
  decision=deny, risk=credential
  reason: Dumping cloud credential environment variables is blocked.

[PASS] printenv OS_SECRET_ACCESS_KEY
  命令: printenv OS_SECRET_ACCESS_KEY
  decision=deny, risk=credential
  reason: Dumping cloud credential environment variables is blocked.

[PASS] env | grep HUAWEICLOUD
  命令: env | grep HUAWEICLOUD
  decision=deny, risk=credential
  reason: Dumping cloud credential environment variables is blocked.

[PASS] env | grep HWC_
  命令: env | grep HWC_
  decision=deny, risk=credential
  reason: Dumping cloud credential environment variables is blocked.

[FAIL] env | grep -i hua (partial match)
  命令: env | grep -i hua
  decision=allow, risk=not_huaweicloud
  reason: No Huawei Cloud safety rule matched.

[PASS] env | grep HCLOUD
  命令: env | grep HCLOUD
  decision=deny, risk=credential
  reason: Dumping cloud credential environment variables is blocked.

[PASS] env | grep OS_
  命令: env | grep OS_
  decision=deny, risk=credential
  reason: Dumping cloud credential environment variables is blocked.

[PASS] echo $HUAWEICLOUD_ACCESS_KEY_ID
  命令: echo $HUAWEICLOUD_ACCESS_KEY_ID
  decision=deny, risk=credential
  reason: Printing cloud credential environment variables is blocked.

[FAIL] echo $HUAWEICLOUD_SECRET_ACCESS_KEY
  命令: echo $HUAWEICLOUD_SECRET_ACCESS_KEY
  decision=allow, risk=not_huaweicloud
  reason: No Huawei Cloud safety rule matched.

[PASS] echo $HWC_ACCESS_KEY_ID
  命令: echo $HWC_ACCESS_KEY_ID
  decision=deny, risk=credential
  reason: Printing cloud credential environment variables is blocked.

[PASS] echo $HW_SECRET_KEY
  命令: echo $HW_SECRET_KEY
  decision=deny, risk=credential
  reason: Printing cloud credential environment variables is blocked.

[PASS] echo $HW_SECURITY_TOKEN
  命令: echo $HW_SECURITY_TOKEN
  decision=deny, risk=credential
  reason: Printing cloud credential environment variables is blocked.

[PASS] echo $OS_ACCESS_KEY_ID
  命令: echo $OS_ACCESS_KEY_ID
  decision=deny, risk=credential
  reason: Printing cloud credential environment variables is blocked.

[PASS] echo ${HUAWEICLOUD_ACCESS_KEY_ID} (braced)
  命令: echo ${HUAWEICLOUD_ACCESS_KEY_ID}
  decision=deny, risk=credential
  reason: Printing cloud credential environment variables is blocked.

[PASS] echo ${HW_SECRET_KEY} (braced)
  命令: echo ${HW_SECRET_KEY}
  decision=deny, risk=credential
  reason: Printing cloud credential environment variables is blocked.

[PASS] PowerShell Get-ChildItem Env: HUAWEICLOUD
  命令: Get-ChildItem Env: | Where-Object { $_.Name -match "HUAWEICLOUD" }
  decision=deny, risk=credential
  reason: Dumping cloud credential environment variables is blocked.

[PASS] PowerShell gci Env: HWC_
  命令: gci Env: | Where-Object { $_.Name -match "HWC_" }
  decision=deny, risk=credential
  reason: Dumping cloud credential environment variables is blocked.

[PASS] dir Env: findstr HUAWEICLOUD
  命令: dir Env: | findstr HUAWEICLOUD
  decision=deny, risk=credential
  reason: Dumping cloud credential environment variables is blocked.

[PASS] env sorted grep multiple cloud prefixes
  命令: env | sort | grep -E "HUAWEICLOUD|HWC_|HCLOUD"
  decision=deny, risk=credential
  reason: Dumping cloud credential environment variables is blocked.

[PASS] printenv piped grep cloud prefixes
  命令: printenv | grep -E "HUAWEICLOUD|HWC_"
  decision=deny, risk=credential
  reason: Dumping cloud credential environment variables is blocked.

================================================================================
汇总: 26/28 PASS, 2/28 FAIL
总体结果: FAIL
================================================================================

---JSON_SUMMARY---
{
  "testCase": "D4-2",
  "title": "凭证env打印拦截",
  "total": 28,
  "passed": 26,
  "failed": 2,
  "result": "FAIL",
  "details": [
    {
      "cmd": "printenv HUAWEICLOUD_ACCESS_KEY_ID",
      "desc": "printenv HUAWEICLOUD_ACCESS_KEY_ID",
      "decision": "deny",
      "risk": "credential",
      "reason": "Dumping cloud credential environment variables is blocked.",
      "passed": true,
      "blockedByRiskRule": false,
      "ruleId": null
    },
    {
      "cmd": "printenv HUAWEICLOUD_SECRET_ACCESS_KEY",
      "desc": "printenv HUAWEICLOUD_SECRET_ACCESS_KEY",
      "decision": "deny",
      "risk": "credential",
      "reason": "Dumping cloud credential environment variables is blocked.",
      "passed": true,
      "blockedByRiskRule": false,
      "ruleId": null
    },
    {
      "cmd": "printenv HUAWEICLOUD_SECURITY_TOKEN",
      "desc": "printenv HUAWEICLOUD_SECURITY_TOKEN",
      "decision": "deny",
      "risk": "credential",
      "reason": "Dumping cloud credential environment variables is blocked.",
      "passed": true,
      "blockedByRiskRule": false,
      "ruleId": null
    },
    {
      "cmd": "printenv HWC_ACCESS_KEY_ID",
      "desc": "printenv HWC_ACCESS_KEY_ID",
      "decision": "deny",
      "risk": "credential",
      "reason": "Dumping cloud credential environment variables is blocked.",
      "passed": true,
      "blockedByRiskRule": false,
      "ruleId": null
    },
    {
      "cmd": "printenv HWC_SECRET_ACCESS_KEY",
      "desc": "printenv HWC_SECRET_ACCESS_KEY",
      "decision": "deny",
      "risk": "credential",
      "reason": "Dumping cloud credential environment variables is blocked.",
      "passed": true,
      "blockedByRiskRule": false,
      "ruleId": null
    },
    {
      "cmd": "printenv HW_ACCESS_KEY",
      "desc": "printenv HW_ACCESS_KEY",
      "decision": "deny",
      "risk": "credential",
      "reason": "Printing cloud credential environment variables is blocked.",
      "passed": true,
      "blockedByRiskRule": false,
      "ruleId": null
    },
    {
      "cmd": "printenv HW_SECRET_KEY",
      "desc": "printenv HW_SECRET_KEY",
      "decision": "deny",
      "risk": "credential",
      "reason": "Printing cloud credential environment variables is blocked.",
      "passed": true,
      "blockedByRiskRule": false,
      "ruleId": null
    },
    {
      "cmd": "printenv HW_SECURITY_TOKEN",
      "desc": "printenv HW_SECURITY_TOKEN",
      "decision": "deny",
      "risk": "credential",
      "reason": "Printing cloud credential environment variables is blocked.",
      "passed": true,
      "blockedByRiskRule": false,
      "ruleId": null
    },
    {
      "cmd": "printenv OS_ACCESS_KEY_ID",
      "desc": "printenv OS_ACCESS_KEY_ID (OpenStack compat)",
      "decision": "deny",
      "risk": "credential",
      "reason": "Dumping cloud credential environment variables is blocked.",
      "passed": true,
      "blockedByRiskRule": false,
      "ruleId": null
    },
    {
      "cmd": "printenv OS_SECRET_ACCESS_KEY",
      "desc": "printenv OS_SECRET_ACCESS_KEY",
      "decision": "deny",
      "risk": "credential",
      "reason": "Dumping cloud credential environment variables is blocked.",
      "passed": true,
      "blockedByRiskRule": false,
      "ruleId": null
    },
    {
      "cmd": "env | grep HUAWEICLOUD",
      "desc": "env | grep HUAWEICLOUD",
      "decision": "deny",
      "risk": "credential",
      "reason": "Dumping cloud credential environment variables is blocked.",
      "passed": true,
      "blockedByRiskRule": false,
      "ruleId": null
    },
    {
      "cmd": "env | grep HWC_",
      "desc": "env | grep HWC_",
      "decision": "deny",
      "risk": "credential",
      "reason": "Dumping cloud credential environment variables is blocked.",
      "passed": true,
      "blockedByRiskRule": false,
      "ruleId": null
    },
    {
      "cmd": "env | grep -i hua",
      "desc": "env | grep -i hua (partial match)",
      "decision": "allow",
      "risk": "not_huaweicloud",
      "reason": "No Huawei Cloud safety rule matched.",
      "passed": false,
      "blockedByRiskRule": false,
      "ruleId": null
    },
    {
      "cmd": "env | grep HCLOUD",
      "desc": "env | grep HCLOUD",
      "decision": "deny",
      "risk": "credential",
      "reason": "Dumping cloud credential environment variables is blocked.",
      "passed": true,
      "blockedByRiskRule": false,
      "ruleId": null
    },
    {
      "cmd": "env | grep OS_",
      "desc": "env | grep OS_",
      "decision": "deny",
      "risk": "credential",
      "reason": "Dumping cloud credential environment variables is blocked.",
      "passed": true,
      "blockedByRiskRule": false,
      "ruleId": null
    },
    {
      "cmd": "echo $HUAWEICLOUD_ACCESS_KEY_ID",
      "desc": "echo $HUAWEICLOUD_ACCESS_KEY_ID",
      "decision": "deny",
      "risk": "credential",
      "reason": "Printing cloud credential environment variables is blocked.",
      "passed": true,
      "blockedByRiskRule": false,
      "ruleId": null
    },
    {
      "cmd": "echo $HUAWEICLOUD_SECRET_ACCESS_KEY",
      "desc": "echo $HUAWEICLOUD_SECRET_ACCESS_KEY",
      "decision": "allow",
      "risk": "not_huaweicloud",
      "reason": "No Huawei Cloud safety rule matched.",
      "passed": false,
      "blockedByRiskRule": false,
      "ruleId": null
    },
    {
      "cmd": "echo $HWC_ACCESS_KEY_ID",
      "desc": "echo $HWC_ACCESS_KEY_ID",
      "decision": "deny",
      "risk": "credential",
      "reason": "Printing cloud credential environment variables is blocked.",
      "passed": true,
      "blockedByRiskRule": false,
      "ruleId": null
    },
    {
      "cmd": "echo $HW_SECRET_KEY",
      "desc": "echo $HW_SECRET_KEY",
      "decision": "deny",
      "risk": "credential",
      "reason": "Printing cloud credential environment variables is blocked.",
      "passed": true,
      "blockedByRiskRule": false,
      "ruleId": null
    },
    {
      "cmd": "echo $HW_SECURITY_TOKEN",
      "desc": "echo $HW_SECURITY_TOKEN",
      "decision": "deny",
      "risk": "credential",
      "reason": "Printing cloud credential environment variables is blocked.",
      "passed": true,
      "blockedByRiskRule": false,
      "ruleId": null
    },
    {
      "cmd": "echo $OS_ACCESS_KEY_ID",
      "desc": "echo $OS_ACCESS_KEY_ID",
      "decision": "deny",
      "risk": "credential",
      "reason": "Printing cloud credential environment variables is blocked.",
      "passed": true,
      "blockedByRiskRule": false,
      "ruleId": null
    },
    {
      "cmd": "echo ${HUAWEICLOUD_ACCESS_KEY_ID}",
      "desc": "echo ${HUAWEICLOUD_ACCESS_KEY_ID} (braced)",
      "decision": "deny",
      "risk": "credential",
      "reason": "Printing cloud credential environment variables is blocked.",
      "passed": true,
      "blockedByRiskRule": false,
      "ruleId": null
    },
    {
      "cmd": "echo ${HW_SECRET_KEY}",
      "desc": "echo ${HW_SECRET_KEY} (braced)",
      "decision": "deny",
      "risk": "credential",
      "reason": "Printing cloud credential environment variables is blocked.",
      "passed": true,
      "blockedByRiskRule": false,
      "ruleId": null
    },
    {
      "cmd": "Get-ChildItem Env: | Where-Object { $_.Name -match \"HUAWEICLOUD\" }",
      "desc": "PowerShell Get-ChildItem Env: HUAWEICLOUD",
      "decision": "deny",
      "risk": "credential",
      "reason": "Dumping cloud credential environment variables is blocked.",
      "passed": true,
      "blockedByRiskRule": false,
      "ruleId": null
    },
    {
      "cmd": "gci Env: | Where-Object { $_.Name -match \"HWC_\" }",
      "desc": "PowerShell gci Env: HWC_",
      "decision": "deny",
      "risk": "credential",
      "reason": "Dumping cloud credential environment variables is blocked.",
      "passed": true,
      "blockedByRiskRule": false,
      "ruleId": null
    },
    {
      "cmd": "dir Env: | findstr HUAWEICLOUD",
      "desc": "dir Env: findstr HUAWEICLOUD",
      "decision": "deny",
      "risk": "credential",
      "reason": "Dumping cloud credential environment variables is blocked.",
      "passed": true,
      "blockedByRiskRule": false,
      "ruleId": null
    },
    {
      "cmd": "env | sort | grep -E \"HUAWEICLOUD|HWC_|HCLOUD\"",
      "desc": "env sorted grep multiple cloud prefixes",
      "decision": "deny",
      "risk": "credential",
      "reason": "Dumping cloud credential environment variables is blocked.",
      "passed": true,
      "blockedByRiskRule": false,
      "ruleId": null
    },
    {
      "cmd": "printenv | grep -E \"HUAWEICLOUD|HWC_\"",
      "desc": "printenv piped grep cloud prefixes",
      "decision": "deny",
      "risk": "credential",
      "reason": "Dumping cloud credential environment variables is blocked.",
      "passed": true,
      "blockedByRiskRule": false,
      "ruleId": null
    }
  ]
}
