Original credentials.json exists, content redacted
Global credentials path: C:\Users\Administrator\.config\huaweicloud\credentials.json
Current credentials (keys): [
  'ak',
  'sk',
  'securityToken',
  'region',
  'configuredBySession',
  'projectId'
]
Has securityToken in file: 
STATUS: PASS
{
  "status": "PASS",
  "why": "No STS token persisted in credential file",
  "executedAt": "20260930215006",
  "details": {
    "credPath": "C:\\Users\\Administrator\\.config\\huaweicloud\\credentials.json",
    "credentialKeys": [
      "ak",
      "sk",
      "securityToken",
      "region",
      "configuredBySession",
      "projectId"
    ],
    "hasTokenInFile": false,
    "originalExists": true
  }
}
