{
  "status": "PASS",
  "caseId": "D4-16",
  "why": "Shell-wrapped and concatenated write commands correctly denied",
  "executedAt": "20261001103000",
  "checks": [
    {
      "name": "concat-read-write-denied",
      "pass": true,
      "detail": "decision=deny, risk=write"
    },
    {
      "name": "semicolon-write-denied",
      "pass": true,
      "detail": "decision=deny, risk=write"
    },
    {
      "name": "pipe-write-denied",
      "pass": true,
      "detail": "decision=deny, risk=write"
    },
    {
      "name": "eval-write-denied",
      "pass": true,
      "detail": "decision=deny, risk=write"
    },
    {
      "name": "cmdsubst-write-denied",
      "pass": true,
      "detail": "decision=deny, risk=write"
    },
    {
      "name": "backtick-write-denied",
      "pass": true,
      "detail": "decision=deny, risk=write"
    }
  ]
}