{
  "case": "EXP-C4-05",
  "status": "PASS",
  "executedAt": "20260929050639",
  "total": 2,
  "passed": 2,
  "failed": 0,
  "results": [
    {
      "id": "EXP-C4-05",
      "name": "list-ops-GaussDB",
      "pass": true,
      "actual": "ok",
      "expected": "ok",
      "passMsg": "GaussDB list_operations OK",
      "failMsg": "GaussDB list_operations FAIL",
      "_source": "c4-service-matrix"
    },
    {
      "id": "EXP-C4-05",
      "name": "plan-GaussDB",
      "pass": true,
      "actual": "ok",
      "expected": "ok",
      "passMsg": "GaussDB plan OK",
      "failMsg": "GaussDB plan FAIL",
      "_source": "c4-service-matrix"
    }
  ],
  "source": "c4-service-matrix"
}