Has runtime credentials after set: true
Resolved credentials keys: [ 'ak', 'sk', 'securityToken', 'region' ]
Plaintext AK in resolved: true
Plaintext SK in resolved: true
Has runtime credentials after clear: false
Token consumed first: true replay blocked: true
Delete classify: deny write
List classify: allow read_only
Placeholder detection: false false
STATUS: PASS
{
  "status": "PASS",
  "why": "",
  "executedAt": "20260930215010",
  "details": {
    "hasCreds": true,
    "hasCredsAfterClear": false,
    "credsCleanedUp": true,
    "tokenNonReplayable": true,
    "classifyCorrect": true,
    "denyDecision": "deny",
    "allowDecision": "allow",
    "placeholderResult": false,
    "realResult": false
  }
}
