{
  "case": "EXP-C4-20",
  "status": "PASS",
  "executedAt": "20260929050639",
  "total": 2,
  "passed": 2,
  "failed": 0,
  "results": [
    {
      "id": "EXP-C4-20",
      "name": "list-ops-EVS",
      "pass": true,
      "actual": "ok",
      "expected": "ok",
      "passMsg": "EVS list_operations OK",
      "failMsg": "EVS list_operations FAIL",
      "_source": "c4-service-matrix"
    },
    {
      "id": "EXP-C4-20",
      "name": "plan-EVS",
      "pass": true,
      "actual": "ok",
      "expected": "ok",
      "passMsg": "EVS plan OK",
      "failMsg": "EVS plan FAIL",
      "_source": "c4-service-matrix"
    }
  ],
  "source": "c4-service-matrix"
}