PASS  D4-1  classifyTextCommand "cat ~/.hcloud/config"  => "deny" (expected "deny")
PASS  D4-1  classifyTextCommand "cat ~/.huaweicloud/credentials"  => "deny" (expected "deny")
PASS  D4-2  env dump HUAWEICLOUD_ACCESS_KEY  => "deny" (expected "deny")
FAIL  D4-2  printenv HW_ACCESS_KEY (HW_ 前缀)  => "allow" (expected "deny")
FAIL  D4-2  env dump HW_SECRET_KEY (HW_ 前缀)  => "allow" (expected "deny")
PASS  D4-3  hcloud csms ShowSecretVersion  => "deny" (expected "deny")
PASS  D4-3  hcloud csms GetSecretValue  => "deny" (expected "deny")
PASS  D4-4  hcloud ecs CreateServers (未审批)  => "deny" (expected "deny")
PASS  D4-4  hcloud ecs CreateServers (已审批)  => "allow" (expected "allow")
PASS  D4-5  hcloud ecs ListServersDetails (只读)  => "allow" (expected "allow")
PASS  D4-5  hcloud ecs DeleteServers (写,未审批)  => "deny" (expected "deny")
PASS  D4-9  公网 0.0.0.0/0 开放 22 端口  => "deny" (expected "deny")
PASS  D4-9  强制删除 + --force  => "deny" (expected "deny")
PASS  D4-15  base64 -d | sh 编码执行  => "deny" (expected "deny")
FAIL  D4-16  sh -c 包裹 env dump  => "allow" (expected "deny")
PASS  D4-16  bash -c 包裹凭证文件读取  => "deny" (expected "deny")
PASS  D4-20  assertAllowed(deny) 抛错拦截  => true (expected true)
PASS  D4-21  制品预检返回 findings 数组  => true (expected true)
PASS  D4-21  broad IAM (Action=*) 检出 deny  => "deny" (expected "deny")
PASS  D4-22  部署计划预检返回 findings  => true (expected true)
PASS  D4-22  公网暴露 FunctionGraph 被拦截/告警  => true (expected true)
PASS  D2-4  ak 脱敏  => "<redacted>" (expected "<redacted>")
PASS  D2-4  sk 脱敏  => "<redacted>" (expected "<redacted>")
PASS  D2-4  access_key 脱敏  => "<redacted>" (expected "<redacted>")
PASS  D2-4  adminPass 字符串脱敏  => "adminPass=<redacted>" (expected "adminPass=<redacted>")
TOTAL pass=22 fail=3
