{
  "case": "D3-C1",
  "status": "FAIL",
  "total": 5,
  "passed": 4,
  "failed": 1,
  "results": [
    {
      "name": "CreateVpc",
      "pass": true,
      "detail": "{\n  \"vpc\": {\n    \"id\": \"f747cfa3-19d1-4ba6-837c-0ecc8670b626\",\n    \"name\": \"testbot3-hermes-e2e-0889"
    },
    {
      "name": "CreateSubnet",
      "pass": true,
      "detail": "{\n  \"subnet\": {\n    \"id\": \"f742e887-bffb-4c62-af3a-4b288a7a0252\",\n    \"name\": \"testbot3-hermes-e2e-0"
    },
    {
      "name": "CreateServers(审批分类)",
      "pass": "allow",
      "detail": "allow"
    },
    {
      "name": "CreateServers(返回serverIds)",
      "pass": true,
      "detail": "{\n  \"job_id\": \"ff808081a0ed1f4501a0f95803ea65d7\",\n  \"serverIds\": [\n    \"e0aaac42-8000-447d-a09b-38cda4b565bb\"\n  ]\n}"
    },
    {
      "name": "finally归零(校验真实删除)",
      "pass": false,
      "detail": "ECS:提交删除 ECS轮询:仍在/未确认 subnet:OK vpc:OK"
    }
  ]
}