{
  "status": "PASS",
  "why": "All sub-tests passed",
  "executedAt": "20260921025826",
  "subTests": [
    {
      "label": "Denied write op has clear reason",
      "pass": true,
      "decision": "deny",
      "reason": "Huawei Cloud write operation blocked until the agent presents a plan and receives explicit user approval."
    },
    {
      "label": "assertAllowed throws on deny",
      "pass": true
    },
    {
      "label": "assertAllowed passes on allow",
      "pass": true
    },
    {
      "label": "Denied op has risk classification",
      "pass": true,
      "decision": "deny",
      "risk": "write"
    }
  ]
}