Probe: probe-p0-batch3.mjs
Return code: 0

{
  "D8-7": [
    {
      "skill": "huaweicloud-getting-started",
      "hasContent": false,
      "contentLen": 46,
      "preview": "{\"ok\":false,\"error\":\"Skill name is required.\"}"
    },
    {
      "skill": "huaweicloud-core",
      "hasContent": false,
      "contentLen": 46,
      "preview": "{\"ok\":false,\"error\":\"Skill name is required.\"}"
    },
    {
      "skill": "huaweicloud-safety",
      "hasContent": false,
      "contentLen": 46,
      "preview": "{\"ok\":false,\"error\":\"Skill name is required.\"}"
    },
    {
      "skill": "huaweicloud-cli-and-auth",
      "hasContent": false,
      "contentLen": 46,
      "preview": "{\"ok\":false,\"error\":\"Skill name is required.\"}"
    },
    {
      "skill": "huaweicloud-capability-discovery",
      "hasContent": false,
      "contentLen": 46,
      "preview": "{\"ok\":false,\"error\":\"Skill name is required.\"}"
    },
    {
      "skill": "huaweicloud-api-and-sdk",
      "hasContent": false,
      "contentLen": 46,
      "preview": "{\"ok\":false,\"error\":\"Skill name is required.\"}"
    },
    {
      "skill": "huaweicloud-troubleshooting",
      "hasContent": false,
      "contentLen": 46,
      "preview": "{\"ok\":false,\"error\":\"Skill name is required.\"}"
    }
  ],
  "D9-3": [
    {
      "desc": "tools/call check_cli",
      "hasContent": true,
      "hasIsError": true,
      "result": "{\"content\":[{\"type\":\"text\",\"text\":\"{\\n  \\\"installed\\\": true,\\n  \\\"authenticated\\\": true,\\n  \\\"status\\\": \\\"ok\\\",\\n  \\\"output\\\": \\\"当前KooCLI版本:7.2.12\\\",\\n  \\\"kooCliVersion\\\": \\\"7.2.12\\\",\\n  \\\"installedVersion\\\": \\\"7.2.12\\\",\\n  \\\"versionMismatch\\\": false,\\n  \\\"nextStep\\\": \\\"Use huaweicloud_show_profile_"
    }
  ],
  "D9-4": [
    {
      "desc": "initialize",
      "result": "{\"protocolVersion\":\"2024-11-05\",\"capabilities\":{\"tools\":{}},\"serverInfo\":{\"name\":\"huaweicloud-devkit\",\"version\":\"1.1.5\"}}"
    }
  ],
  "D9-5": [
    {
      "desc": "3 sequential tools/list",
      "calls": [
        {
          "hasTools": true,
          "count": 40
        },
        {
          "hasTools": true,
          "count": 40
        },
        {
          "hasTools": true,
          "count": 40
        }
      ],
      "consistent": true
    }
  ],
  "D9-6": [
    {
      "desc": "tools/list cross-client",
      "count": 40,
      "hasCoreTools": true
    }
  ],
  "D9-9": [
    {
      "desc": "list_operations ECS",
      "hasContent": true,
      "result": "{\"content\":[{\"type\":\"text\",\"text\":\"{\\n  \\\"service\\\": \\\"ECS\\\",\\n  \\\"command\\\": \\\"hcloud ECS --help\\\",\\n  \\\"selectionRule\\\": \\\"Use this help text to select the exact KooCLI operation name before planning any service command.\\\",\\n  \\\"examples\\\": {\\n    \\\"list\\\": \\\"ECS ListServersDetails\\\",\\n    \\\"creat"
    }
  ],
  "D9-7": [
    {
      "desc": "version 2024-11-05",
      "negotiatedVersion": "2024-11-05",
      "result": "{\"protocolVersion\":\"2024-11-05\",\"capabilities\":{\"tools\":{}},\"serverInfo\":{\"name\":\"huaweicloud-devkit\",\"version\":\"1.1.5\"}}"
    },
    {
      "desc": "version 2024-09-01",
      "negotiatedVersion": "2024-09-01",
      "result": "{\"protocolVersion\":\"2024-09-01\",\"capabilities\":{\"tools\":{}},\"serverInfo\":{\"name\":\"huaweicloud-devkit\",\"version\":\"1.1.5\"}}"
    }
  ],
  "D9-8": [
    {
      "desc": "inputSchema compliance",
      "total": 40,
      "allHaveSchema": true,
      "missingSchema": [],
      "pass": true
    }
  ]
}
