{
  "status": "FAIL",
  "why": "OBS只读规划冒烟失败: T2 含只读操作(list/show)",
  "executedAt": "20260922144311",
  "testCase": "EXP-C4-03",
  "designCaseId": "D3-C4",
  "service": "OBS",
  "hcloudService": "OBS",
  "checks": [
    {
      "label": "T1 hcloud服务可发现",
      "pass": true,
      "detail": "OBS --help OK"
    },
    {
      "label": "T2 含只读操作(list/show)",
      "pass": false,
      "detail": "no readonly ops"
    },
    {
      "label": "T4 serviceCatalog含此服务",
      "pass": true,
      "detail": "found in routeMap"
    }
  ]
}