{
  "caseId": "D4-5",
  "status": "PASS",
  "why": "Write ops correctly classified",
  "executedAt": "20260923093946",
  "del": {
    "decision": "deny",
    "risk": "write",
    "reason": "Huawei Cloud write operation blocked until the agent presents a plan and receives explicit user approval."
  },
  "cre": {
    "decision": "deny",
    "risk": "write",
    "reason": "Huawei Cloud write operation blocked until the agent presents a plan and receives explicit user approval."
  },
  "upd": {
    "decision": "deny",
    "risk": "write",
    "reason": "Huawei Cloud write operation blocked until the agent presents a plan and receives explicit user approval."
  },
  "lst": {
    "decision": "allow",
    "risk": "read_only",
    "reason": "Command appears to be a read-only Huawei Cloud operation.",
    "service": "ECS",
    "operation": "ListServers",
    "args": [
      "ECS",
      "ListServers"
    ]
  },
  "sho": {
    "decision": "allow",
    "risk": "read_only",
    "reason": "Command appears to be a read-only Huawei Cloud operation.",
    "service": "ECS",
    "operation": "ShowServer",
    "args": [
      "ECS",
      "ShowServer",
      "--server_id=test"
    ]
  }
}