{
  "case": "EXP-C4-01",
  "status": "PASS",
  "total": 2,
  "passed": 2,
  "results": [
    {
      "id": "EXP-C4-01",
      "name": "list-ops-ECS",
      "pass": true,
      "actual": "ok",
      "expected": "ok",
      "passMsg": "ECS list_operations OK",
      "failMsg": "ECS list_operations FAIL"
    },
    {
      "id": "EXP-C4-01",
      "name": "plan-ECS",
      "pass": true,
      "actual": "ok",
      "expected": "ok",
      "passMsg": "ECS plan OK",
      "failMsg": "ECS plan FAIL"
    }
  ],
  "source": "c4-service-matrix/probe.mjs"
}