{
  "status": "PASS",
  "why": "1.1.7vs1.1.8=-1(ok) 1.1.8vs1.1.7=1(ok) 1.1.7vs1.1.7=0(ok) 1.1.7vs1.1.7-next.1=1(ok)",
  "detail": {
    "results": [
      {
        "a": "1.1.7",
        "b": "1.1.8",
        "expected": -1,
        "actual": -1,
        "pass": true
      },
      {
        "a": "1.1.8",
        "b": "1.1.7",
        "expected": 1,
        "actual": 1,
        "pass": true
      },
      {
        "a": "1.1.7",
        "b": "1.1.7",
        "expected": 0,
        "actual": 0,
        "pass": true
      },
      {
        "a": "1.1.7",
        "b": "1.1.7-next.1",
        "expected": 1,
        "actual": 1,
        "pass": true
      }
    ]
  }
}