{
  "case": "EXP-C4-21",
  "status": "PASS",
  "total": 2,
  "passed": 2,
  "results": [
    {
      "id": "EXP-C4-21",
      "name": "list-ops-EIP",
      "pass": true,
      "actual": "ok",
      "expected": "ok",
      "passMsg": "EIP list_operations OK",
      "failMsg": "EIP list_operations FAIL"
    },
    {
      "id": "EXP-C4-21",
      "name": "plan-EIP",
      "pass": true,
      "actual": "ok",
      "expected": "ok",
      "passMsg": "EIP plan OK",
      "failMsg": "EIP plan FAIL"
    }
  ],
  "source": "c4-service-matrix/probe.mjs"
}