{
  "status": "FAIL",
  "why": "路由未命中(MISS): 中文意图\"创建一台 2C4G 的 Ubuntu 云服务器, 规格通用型\"未匹配任何serviceCatalog关键词, 期望ECS. 根因: serviceCatalog缺少中文关键词(如'云主机','云服务器','弹性公网','备份','监控','证书','权限'等)",
  "executedAt": "20260922144254",
  "testCase": "EXP-E02",
  "designCaseId": "D10-3",
  "intent": "创建一台 2C4G 的 Ubuntu 云服务器, 规格通用型",
  "expectedService": "ECS",
  "expectedAction": "plan/approve",
  "routedServices": [],
  "tokens": [
    "创建一台",
    "2c4g",
    "的",
    "ubuntu",
    "云服务器",
    "规格通用型"
  ],
  "isHit": false,
  "description": "ECS创建→plan/approve"
}