{
  "caseId": "D9-1",
  "status": "PASS",
  "why": "40 tools, allHaveName=true, allHaveSchema=true",
  "executedAt": "20260923095416",
  "toolsCount": 40,
  "toolNames": [
    "huaweicloud_check_cli",
    "huaweicloud_plan_cli_command",
    "huaweicloud_run_readonly_command",
    "huaweicloud_list_operations",
    "huaweicloud_run_approved_command",
    "huaweicloud_show_profile_redacted",
    "huaweicloud_hook_check_command",
    "huaweicloud_hook_check_artifacts",
    "huaweicloud_hook_check_deploy_plan",
    "huaweicloud_service_catalog",
    "huaweicloud_explain_error",
    "huaweicloud_search_docs",
    "huaweicloud_retrieve_skill",
    "huaweicloud_list_regions",
    "huaweicloud_get_regional_availability",
    "huaweicloud_search_marketplace",
    "huaweicloud_get_service_icon",
    "huaweicloud_detect_framework",
    "huaweicloud_setup_obs_config",
    "huaweicloud_auth_status"
  ]
}