{
  "caseId": "D4-9",
  "status": "PASS",
  "why": "破坏性/公开暴露操作被拦截（3/5 deny|warn）",
  "evidence": {
    "results": [
      {
        "cmd": "hcloud ECS create-servers --name public-test --public-ip eip",
        "result": {
          "decision": "allow",
          "findings": []
        }
      },
      {
        "cmd": "hcloud EIP create --public-ip --bandwidth-size 100",
        "result": {
          "decision": "allow",
          "findings": []
        }
      },
      {
        "cmd": "hcloud IAM createUser --name backdoor --password P@ssw0rd",
        "result": {
          "decision": "warn",
          "findings": [
            {
              "ruleId": "hwc-iam-highrisk-write",
              "title": "High-risk IAM write operation",
              "category": "iam",
              "severity": "warn",
              "message": "This hcloud command creates or modifies IAM principals (users, policies, roles, or agencies). These operations can grant elevated privileges.",
              "remediation": "Confirm the principal name, scope, and attached permissions with the user before creating IAM users, policies, roles, or agencies.",
              "source": "command",
              "evidence": "hcloud IAM createUser --name backdoor --password P@ssw0rd"
            }
          ]
        }
      },
      {
        "cmd": "hcloud ECS delete-servers --instance-ids i-xxxx --force",
        "result": {
          "decision": "deny",
          "findings": [
            {
              "ruleId": "hwc-destructive-delete-force",
              "title": "Forced destructive operation",
              "category": "destructive",
              "severity": "deny",
              "message": "The command combines deletion with force, recursive, or cascading deletion behavior.",
              "remediation": "Show the exact resources to be deleted, confirm backups or recovery path, and require explicit user approval for the exact command.",
              "source": "command",
              "evidence": "hcloud ECS delete-servers --instance-ids i-xxxx --force"
            },
            {
              "ruleId": "hwc-destructive-delete-operation",
              "title": "Destructive cloud resource operation",
              "category": "destructive",
              "severity": "warn",
              "message": "This hcloud command will delete, detach, or remove cloud resources. The operation may be irreversible.",
              "remediation": "List the resources to be affected first, confirm with the user, and require explicit approval before executing any destructive operation.",
              "source": "command",
              "evidence": "hcloud ECS delete-servers --instance-ids i-xxxx --force"
            }
          ]
        }
      },
      {
        "cmd": "rm -rf /var/lib/mysql",
        "result": {
          "decision": "deny",
          "findings": [
            {
              "ruleId": "hwc-sandbox-destructive-command",
              "title": "Destructive command in sandbox terminal",
              "category": "destructive",
              "severity": "deny",
              "message": "The sandbox terminal command is destructively dangerous and could destroy the workspace.",
              "remediation": "Use targeted deletions instead of recursive root removal. Avoid disk format, fork bombs, and system shutdown commands in sandbox terminals.",
              "source": "command",
              "evidence": "rm -rf /var/lib/mysql"
            }
          ]
        }
      }
    ]
  },
  "executedAt": "20261005050100"
}