{
  "status": "PASS",
  "caseId": "D4-6",
  "why": "All 14 read-only operations correctly allowed by classifyHcloudArgs.",
  "executedAt": "20261001103000",
  "details": [
    {
      "command": "hcloud ECS ListServers",
      "decision": "allow",
      "risk": "read_only",
      "reason": "Command appears to be a read-only Huawei Cloud operation.",
      "pass": true
    },
    {
      "command": "hcloud ECS ShowServer",
      "decision": "allow",
      "risk": "read_only",
      "reason": "Command appears to be a read-only Huawei Cloud operation.",
      "pass": true
    },
    {
      "command": "hcloud ECS NovaListServers",
      "decision": "allow",
      "risk": "read_only",
      "reason": "Command appears to be a read-only Huawei Cloud operation.",
      "pass": true
    },
    {
      "command": "hcloud ECS NovaShowServer",
      "decision": "allow",
      "risk": "read_only",
      "reason": "Command appears to be a read-only Huawei Cloud operation.",
      "pass": true
    },
    {
      "command": "hcloud VPC ListVpcs",
      "decision": "allow",
      "risk": "read_only",
      "reason": "Command appears to be a read-only Huawei Cloud operation.",
      "pass": true
    },
    {
      "command": "hcloud VPC ShowVpc",
      "decision": "allow",
      "risk": "read_only",
      "reason": "Command appears to be a read-only Huawei Cloud operation.",
      "pass": true
    },
    {
      "command": "hcloud RDS ListInstances",
      "decision": "allow",
      "risk": "read_only",
      "reason": "Command appears to be a read-only Huawei Cloud operation.",
      "pass": true
    },
    {
      "command": "hcloud RDS ShowInstance",
      "decision": "allow",
      "risk": "read_only",
      "reason": "Command appears to be a read-only Huawei Cloud operation.",
      "pass": true
    },
    {
      "command": "hcloud IAM ListUsers",
      "decision": "allow",
      "risk": "read_only",
      "reason": "Command appears to be a read-only Huawei Cloud operation.",
      "pass": true
    },
    {
      "command": "hcloud IAM ShowUser",
      "decision": "allow",
      "risk": "read_only",
      "reason": "Command appears to be a read-only Huawei Cloud operation.",
      "pass": true
    },
    {
      "command": "hcloud OBS ls",
      "decision": "allow",
      "risk": "read_only",
      "reason": "OBS read-only operation.",
      "pass": true
    },
    {
      "command": "hcloud OBS stat",
      "decision": "allow",
      "risk": "read_only",
      "reason": "OBS read-only operation.",
      "pass": true
    },
    {
      "command": "hcloud ECS DescribeInstances",
      "decision": "allow",
      "risk": "read_only",
      "reason": "Command appears to be a read-only Huawei Cloud operation.",
      "pass": true
    },
    {
      "command": "hcloud VPC GetVpc",
      "decision": "allow",
      "risk": "read_only",
      "reason": "Command appears to be a read-only Huawei Cloud operation.",
      "pass": true
    }
  ]
}
