PASS	D3-C13	mb obs://hdk1-c13-47721288 code=6 Start at 2026-10-04 21:02:01.436596223 +0000 UTC

Create bucket [hdk1-c13-47721288] successfully, re | get0={"ok":false,"status":404,"body":"<?xml version=\"1.0\" encoding=\"UTF-8\" standa set=true get1含index=true 缺indexDocument报错=true delete=true
PASS	D3-S3	route=["Run hcloud --help to list available services."] serving=true publicUrl=https://devstation.connect.huaweicloud.com/space/devbridge/apikey, urlHTTP200=true expose={"ok":false,"error":"DevBridge authentication failed: the release build requires an API Key that has not been injected.","authMode":"NO_API_KEY","hint":"Create 
FAIL	D3-S6	createOut= 创建=false urn=no 删除=(未创建) 归零=true
NOT_RUN	D3-S7	NOT_RUN：跨服务复合编排(RDS+沙箱+连接串注入+归零)超出每日单服务真云探针范围，未执行
NOT_RUN	D1-39	NOT_RUN：D1-39 为 Windows 专属 P0 用例，当前 OS=Linux 不适用；Linux 侧由 EXP-NR3-10 代表覆盖
probe_cloud2.mjs DONE

[stderr]

Waiting for connection 578348... (0s)
Connection 578348 established (0s).

Waiting for connection 578348... (0s)
Connection 578348 established (0s).
[2026-10-04T21:02:09.699Z] uploadProject: /tmp/hdk-s3-site -> /workspace/hdk-s3-site.tar.gz (archive=207 bytes, md5=26d8b836f07e0b7561b115bb6f731355)
[2026-10-04T21:02:09.750Z] uploadViaHttpTunnel: start (archive=/tmp/multica-task-3593726922/sandbox-upload-1791147729687/hdk-s3-site.tar.gz, size=207, remotePath=/workspace/hdk-s3-site.tar.gz)
[2026-10-04T21:02:09.750Z] uploadViaHttpTunnel: deploying file server on sandbox port 8888
[2026-10-04T21:02:09.751Z] deployFileServer: killing old server (pidFile=/tmp/sandbox-file-server.pid)
[2026-10-04T21:02:09.798Z] deployFileServer: writing script (2456 b64 chars)
[2026-10-04T21:02:09.848Z] deployFileServer: starting server on port 8888
[2026-10-04T21:02:09.885Z] deployFileServer: start result exitCode=0 stdout="\u001b]133;C\u0007[1] 6146\r\n\u001b]133;C\u0007\r\n"
[2026-10-04T21:02:09.885Z] uploadViaHttpTunnel: creating dedicated tunnel session

Waiting for connection 578348... (0s)
Connection 578348 established (0s).
[2026-10-04T21:02:10.789Z] uploadViaHttpTunnel: creating tunnel channel (localPort=0, remotePort=8888)
[2026-10-04T21:02:10.791Z] uploadViaHttpTunnel: waiting for tunnel ready (timeout=30000ms)
[2026-10-04T21:02:10.792Z] uploadViaHttpTunnel: tunnel ready, localPort=33339
[2026-10-04T21:02:10.792Z] uploadViaHttpTunnel: waiting for server health on localhost:33339
[2026-10-04T21:02:10.793Z] waitForServerReady: attempt 1, checking http://localhost:33339/health
[2026-10-04T21:02:10.831Z] waitForServerReady: server ready on port 33339 after 0 retries
[2026-10-04T21:02:10.832Z] uploadViaHttpTunnel: sending POST with 207 bytes
[2026-10-04T21:02:10.871Z] uploadViaHttpTunnel: upload complete (bytes=207, md5=26d8b836f07e0b7561b115bb6f731355)

Waiting for connection 578348... (0s)
Connection 578348 established (0s).

Waiting for connection 578348... (0s)
Connection 578348 established (0s).

Waiting for connection 578348... (0s)
Connection 578348 established (0s).

Waiting for connection 578348... (0s)
Connection 578348 established (0s).

Waiting for connection 578348... (0s)
Connection 578348 established (0s).

Waiting for connection 578348... (0s)
Connection 578348 established (0s).

Waiting for connection 578348... (0s)
Connection 578348 established (0s).
