{
  "status": "PASS",
  "caseId": "D4-17",
  "why": "allDenied=true, allowWithFlag=allow",
  "executedAt": "20260930103000",
  "details": [
    {
      "op": "ECS StartServers",
      "d": "deny",
      "r": "execution"
    },
    {
      "op": "ECS RebootServers",
      "d": "deny",
      "r": "execution"
    },
    {
      "op": "ECS StopServers",
      "d": "deny",
      "r": "execution"
    },
    {
      "op": "FunctionGraph InvokeFunction",
      "d": "deny",
      "r": "execution"
    },
    {
      "op": "DDS RestartInstance",
      "d": "deny",
      "r": "execution"
    },
    {
      "op": "CCE StartCluster",
      "d": "deny",
      "r": "execution"
    }
  ]
}
