{
  "case": "D1-26",
  "status": "PASS",
  "total": 6,
  "passed": 6,
  "results": [
    {
      "id": "D1-26",
      "name": "check_update-registered",
      "pass": true,
      "actual": "true",
      "expected": "true",
      "passMsg": "check_update registered",
      "failMsg": "check_update not registered"
    },
    {
      "id": "D1-26",
      "name": "upgrade-registered",
      "pass": true,
      "actual": "true",
      "expected": "true",
      "passMsg": "upgrade registered",
      "failMsg": "upgrade not registered"
    },
    {
      "id": "D1-26",
      "name": "check_update-desc",
      "pass": true,
      "actual": "179",
      "expected": ">0",
      "passMsg": "check_update has desc",
      "failMsg": "check_update missing desc"
    },
    {
      "id": "D1-26",
      "name": "check_update-schema",
      "pass": true,
      "actual": "present",
      "expected": "present",
      "passMsg": "check_update has schema",
      "failMsg": "check_update missing schema"
    },
    {
      "id": "D1-26",
      "name": "upgrade-desc",
      "pass": true,
      "actual": "73",
      "expected": ">0",
      "passMsg": "upgrade has desc",
      "failMsg": "upgrade missing desc"
    },
    {
      "id": "D1-26",
      "name": "upgrade-schema",
      "pass": true,
      "actual": "present",
      "expected": "present",
      "passMsg": "upgrade has schema",
      "failMsg": "upgrade missing schema"
    }
  ],
  "source": "d1-upgrade/probe.mjs"
}