{
  "status": "PASS",
  "why": "反向提醒防护: current>remote updateAvailable=false（应为 false），相等=false",
  "executedAt": "20260923093055",
  "r1": {
    "currentVersion": "1.1.7",
    "latestStable": "1.1.6",
    "latestNext": null,
    "targetVersion": "1.1.6",
    "updateAvailable": false,
    "dismissed": false,
    "dismissExpiresAt": null,
    "result": "up_to_date"
  },
  "r2": {
    "currentVersion": "1.1.6",
    "latestStable": "1.1.6",
    "latestNext": null,
    "targetVersion": "1.1.6",
    "updateAvailable": false,
    "dismissed": false,
    "dismissExpiresAt": null,
    "result": "up_to_date"
  }
}