{
  "total": 4,
  "passed": 4,
  "failed": 0,
  "results": [
    {
      "id": "D9-10",
      "name": "default-port-host",
      "pass": true,
      "actual": "127.0.0.1:9528",
      "expected": "默认 9528/127.0.0.1"
    },
    {
      "id": "D9-10",
      "name": "server-listen",
      "pass": true,
      "actual": "port=34953",
      "expected": "HTTP 服务监听"
    },
    {
      "id": "D9-10",
      "name": "initialize-ok",
      "pass": true,
      "actual": "{\"jsonrpc\":\"2.0\",\"id\":1,\"result\":{\"protocolVersion\":\"2024-11-05\",\"capabilities\":{\"tools\":{}},\"server",
      "expected": "initialize 返回 protocolVersion"
    },
    {
      "id": "D9-10",
      "name": "tools-list-count",
      "pass": true,
      "actual": "tools=40",
      "expected": "tools/list 返回非空数组（与 stdio 一致）"
    }
  ]
}