{
  "case": "EXP-C4-18",
  "status": "PASS",
  "executedAt": "20260929050639",
  "total": 2,
  "passed": 2,
  "failed": 0,
  "results": [
    {
      "id": "EXP-C4-18",
      "name": "list-ops-DEW",
      "pass": true,
      "actual": "ok",
      "expected": "ok",
      "passMsg": "DEW list_operations OK",
      "failMsg": "DEW list_operations FAIL",
      "_source": "c4-service-matrix"
    },
    {
      "id": "EXP-C4-18",
      "name": "plan-DEW",
      "pass": true,
      "actual": "ok",
      "expected": "ok",
      "passMsg": "DEW plan OK",
      "failMsg": "DEW plan FAIL",
      "_source": "c4-service-matrix"
    }
  ],
  "source": "c4-service-matrix"
}