{
  "status": "FAIL",
  "why": "serviceCatalog 中文意图路由准确率 21.4%（HIT=3 MISS=11 N/A=1）",
  "executedAt": "20260923093153",
  "accuracy": "21.4%",
  "hit": 3,
  "miss": 11,
  "na": 1,
  "per": {
    "EXP-E01": {
      "prompt": "帮我查一下我账号在华北北京四有哪些云主机",
      "expected": "ECS",
      "got": "Run hcloud --help to list available services.",
      "verdict": "MISS"
    },
    "EXP-E02": {
      "prompt": "创建一台 2C4G 的 Ubuntu 云服务器 规格通用型",
      "expected": "ECS",
      "got": "Run hcloud --help to list available services.",
      "verdict": "MISS"
    },
    "EXP-E03": {
      "prompt": "把本地 dist 目录部署成一个公网静态网站",
      "expected": "OBS",
      "got": "Sandbox+DevStation",
      "verdict": "MISS"
    },
    "EXP-E04": {
      "prompt": "给这台服务器绑定一个弹性公网IP",
      "expected": "EIP",
      "got": "Run hcloud --help to list available services.",
      "verdict": "MISS"
    },
    "EXP-E05": {
      "prompt": "看一下我的云数据库MySQL实例的状态",
      "expected": "RDS",
      "got": "Run hcloud --help to list available services.",
      "verdict": "MISS"
    },
    "EXP-E06": {
      "prompt": "创建一个 Redis 缓存实例用于会话存储",
      "expected": "DCS",
      "got": "DDS+DCS",
      "verdict": "HIT"
    },
    "EXP-E07": {
      "prompt": "给生产环境的服务器配置一个每日备份策略",
      "expected": "CBR",
      "got": "Run hcloud --help to list available services.",
      "verdict": "MISS"
    },
    "EXP-E08": {
      "prompt": "我的ECS启动失败了 帮我分析原因",
      "expected": null,
      "got": "Run hcloud --help to list available services.",
      "verdict": "N/A"
    },
    "EXP-E09": {
      "prompt": "开设一个 Kubernetes 集群用于微服务部署",
      "expected": "CCE",
      "got": "CCE+SWR",
      "verdict": "HIT"
    },
    "EXP-E10": {
      "prompt": "部署一个函数处理图片自动压缩",
      "expected": "FunctionGraph",
      "got": "Run hcloud --help to list available services.",
      "verdict": "MISS"
    },
    "EXP-E11": {
      "prompt": "查一下我账号这个月的费用情况",
      "expected": "BSS",
      "got": "Run hcloud --help to list available services.",
      "verdict": "MISS"
    },
    "EXP-E12": {
      "prompt": "把应用日志指标推送到云监控告警",
      "expected": "CES",
      "got": "Run hcloud --help to list available services.",
      "verdict": "MISS"
    },
    "EXP-E13": {
      "prompt": "申请HTTPS证书并配置到我的域名",
      "expected": "ELB",
      "got": "Run hcloud --help to list available services.",
      "verdict": "MISS"
    },
    "EXP-E14": {
      "prompt": "我账号下的用户都有哪些权限 帮我审计一下",
      "expected": "IAM",
      "got": "Run hcloud --help to list available services.",
      "verdict": "MISS"
    },
    "EXP-E15": {
      "prompt": "帮我领一下华为云的代金券",
      "expected": "Incentive Voucher",
      "got": "Incentive Voucher",
      "verdict": "HIT"
    }
  }
}