{
  "caseId": "D8-7",
  "status": "PASS",
  "why": "Found 7/7 meta skills, all executable: true",
  "executedAt": "20260923094709",
  "allFound": true,
  "allExecutable": true,
  "skillDetails": [
    {
      "expected": "core",
      "actual": "huaweicloud-core",
      "exists": true,
      "size": 17081,
      "hasHeaders": true,
      "hasSteps": true,
      "hasNoTodo": true,
      "executable": true,
      "preview": "---\r\nname: huaweicloud-core\r\ndescription: 'Routes any task involving Huawei Cloud services - choosing, comparing, recommending, getting started with, or operating a service - to the correct service-sp"
    },
    {
      "expected": "safety",
      "actual": "huaweicloud-safety",
      "exists": true,
      "size": 3632,
      "hasHeaders": true,
      "hasSteps": true,
      "hasNoTodo": true,
      "executable": true,
      "preview": "---\r\nname: huaweicloud-safety\r\ndescription: Huawei Cloud safety policy for agents. Use when handling credentials, secrets, IAM, public exposure, billing, destructive actions, scaling, write operations"
    },
    {
      "expected": "api-and-sdk",
      "actual": "huaweicloud-api-and-sdk",
      "exists": true,
      "size": 3823,
      "hasHeaders": true,
      "hasSteps": true,
      "hasNoTodo": true,
      "executable": true,
      "preview": "---\r\nname: huaweicloud-api-and-sdk\r\ndescription: Huawei Cloud API and SDK guidance for application development. Use when writing code that calls Huawei Cloud services, choosing SDKs, building API requ"
    },
    {
      "expected": "capability-discovery",
      "actual": "huaweicloud-capability-discovery",
      "exists": true,
      "size": 5792,
      "hasHeaders": true,
      "hasSteps": true,
      "hasNoTodo": true,
      "executable": true,
      "preview": "---\r\nname: huaweicloud-capability-discovery\r\ndescription: Discover Huawei Cloud capabilities for an agent task. Use when the user asks what Huawei Cloud service, Skill, CLI command, API, SDK, or docum"
    },
    {
      "expected": "cli-and-auth",
      "actual": "huaweicloud-cli-and-auth",
      "exists": true,
      "size": 11412,
      "hasHeaders": true,
      "hasSteps": true,
      "hasNoTodo": true,
      "executable": true,
      "preview": "---\r\nname: huaweicloud-cli-and-auth\r\ndescription: Safe Huawei Cloud KooCLI usage and authentication guidance. Use when working with hcloud, KooCLI, profiles, AK/SK, regions, projects, endpoints, CLI o"
    },
    {
      "expected": "troubleshooting",
      "actual": "huaweicloud-troubleshooting",
      "exists": true,
      "size": 10054,
      "hasHeaders": true,
      "hasSteps": true,
      "hasNoTodo": true,
      "executable": true,
      "preview": "---\r\nname: huaweicloud-troubleshooting\r\ndescription: Troubleshoot Huawei Cloud CLI, API, SDK, deployment, permission, region, quota, endpoint, and resource errors. Use when commands fail, APIs return "
    },
    {
      "expected": "getting-started",
      "actual": "huawei-getting-started",
      "exists": true,
      "size": 4883,
      "hasHeaders": true,
      "hasSteps": true,
      "hasNoTodo": true,
      "executable": true,
      "preview": "---\r\nname: huawei-getting-started\r\ndescription: 'Use when starting fresh with Huawei Cloud or KooCLI, installing prerequisites, setting up authentication, or exploring what is possible. Triggers: gett"
    }
  ]
}