{
  "case": "EXP-C4-20",
  "status": "PASS",
  "total": 2,
  "passed": 2,
  "results": [
    {
      "id": "EXP-C4-20",
      "name": "list-ops-EVS",
      "pass": true,
      "actual": "ok",
      "expected": "ok",
      "passMsg": "EVS list_operations OK",
      "failMsg": "EVS list_operations FAIL"
    },
    {
      "id": "EXP-C4-20",
      "name": "plan-EVS",
      "pass": true,
      "actual": "ok",
      "expected": "ok",
      "passMsg": "EVS plan OK",
      "failMsg": "EVS plan FAIL"
    }
  ],
  "source": "c4-service-matrix/probe.mjs"
}