{
  "status": "PASS",
  "why": "All sub-tests passed",
  "executedAt": "20260921025826",
  "subTests": [
    {
      "label": "Read op classified as read_only",
      "pass": true,
      "risk": "read_only"
    },
    {
      "label": "Write op classified as write",
      "pass": true,
      "risk": "write"
    },
    {
      "label": "Execution op classified as execution",
      "pass": true,
      "risk": "execution"
    },
    {
      "label": "Non-hcloud classified as not_huaweicloud",
      "pass": true,
      "risk": "not_huaweicloud"
    },
    {
      "label": "Credential classified as credential",
      "pass": true,
      "risk": "credential"
    },
    {
      "label": "Secret classified as secret",
      "pass": true,
      "risk": "secret"
    }
  ]
}