{
  "case": "D9-1",
  "status": "PASS",
  "executedAt": "20260929050639",
  "total": 3,
  "passed": 3,
  "failed": 0,
  "results": [
    {
      "id": "D9-1",
      "name": "tools-have-name",
      "pass": true,
      "actual": "all",
      "expected": "true",
      "passMsg": "all tools have name",
      "failMsg": "some tools missing name",
      "_source": "d1-upgrade"
    },
    {
      "id": "D9-1",
      "name": "tools-have-desc",
      "pass": true,
      "actual": "all",
      "expected": "true",
      "passMsg": "all tools have desc",
      "failMsg": "some tools missing desc",
      "_source": "d1-upgrade"
    },
    {
      "id": "D9-1",
      "name": "tools-have-schema",
      "pass": true,
      "actual": "all",
      "expected": "true",
      "passMsg": "all tools have schema",
      "failMsg": "some tools missing schema",
      "_source": "d1-upgrade"
    }
  ],
  "source": "d1-upgrade"
}