{
  "total": 3,
  "passed": 2,
  "failed": 1,
  "results": [
    {
      "id": "D8-4",
      "name": "src-has-installmd",
      "pass": true,
      "actual": "源码 hdk/INSTALL.md 存在",
      "expected": "存在"
    },
    {
      "id": "D8-4",
      "name": "pkg-has-installmd",
      "pass": false,
      "actual": "已装包 INSTALL.md 缺失",
      "expected": "随 npm 包发布（存在）"
    },
    {
      "id": "D8-4",
      "name": "pkg-has-readme",
      "pass": true,
      "actual": "已装包 README.md 存在",
      "expected": "存在"
    }
  ]
}