{
  "D1-39": {
    "no_shell": {"error": "EINVAL", "status": null, "stdout": ""},
    "with_shell": {"error": null, "status": 0, "stdout": "\"1.1.5\""},
    "distTagsSync": {"success": true, "tags": null},
    "judgeUpdate_result": {"result": "up_to_date", "updateAvailable": false, "targetVersion": "1.1.5"},
    "pass": true
  },
  "EXP-NR3-09": {
    "no_shell": {"error": "EINVAL", "status": null, "stdout": ""},
    "with_shell": {"error": null, "status": 0, "stdout": "\"1.1.5\""},
    "pass": true
  },
  "D1-40": {
    "current_version": "1.1.5",
    "registry_latest": "1.1.4",
    "result": "up_to_date",
    "updateAvailable": false,
    "pass": true,
    "update_available_case": {"result": "update_available", "updateAvailable": true, "targetVersion": "1.1.5"},
    "up_to_date_case": {"result": "up_to_date", "updateAvailable": false}
  }
}