{
  "status": "PASS",
  "caseId": "D6-4",
  "executedAt": "20260924210000",
  "details": {
    "c1": {
      "argsHash": "b59ee64ef75721443321b6be77f259731a7ad60cf73158d932a5d2b67618065a",
      "argsRedacted": [
        "ECS",
        "ListServers"
      ],
      "createdAt": 1790199827651
    },
    "c2": null,
    "c3": {
      "argsHash": "7400c965b30e4662271c6f38ccd7d16ebdedec1626ffdc4c7a33273563b39198",
      "argsRedacted": [
        "VPC",
        "ListVpcs"
      ],
      "createdAt": 1790199827655
    },
    "tokensDifferent": true
  },
  "why": "concurrent scheduling: one-time tokens work correctly={'argsHash': '7400c965b30e4662271c6f38ccd7d16ebdedec1626ffdc4c7a33273563b39198', 'argsRedacted': ['VPC', 'ListVpcs'], 'createdAt': 1790199827655}"
}