[
  {
    "case": "D1-30",
    "name": "1.1.3 < 1.1.4",
    "pass": true,
    "actual": "-1",
    "expected": "<0",
    "note": ""
  },
  {
    "case": "D1-30",
    "name": "1.1.4 == 1.1.4",
    "pass": true,
    "actual": "0",
    "expected": "0",
    "note": ""
  },
  {
    "case": "D1-30",
    "name": "1.1.4 > 1.1.3",
    "pass": true,
    "actual": "1",
    "expected": ">0",
    "note": ""
  },
  {
    "case": "D1-30",
    "name": "1.1.4-next.3 vs 1.1.4 预发布语义",
    "pass": true,
    "actual": "-1",
    "expected": "<0(预发布<正式)",
    "note": ""
  },
  {
    "case": "D1-30",
    "name": "semverParse(\"1.2.3\") 有效",
    "pass": true,
    "actual": "{\"major\":1,\"minor\":2,\"patch\":3,\"pre\":null,\"raw\":\"1.2.3\"}",
    "expected": "含 major/minor/patch",
    "note": ""
  },
  {
    "case": "D1-27",
    "name": "已是最新 → up_to_date",
    "pass": true,
    "actual": "up_to_date",
    "expected": "up_to_date",
    "note": "{\"currentVersion\":\"1.1.4-next.6\",\"latestStable\":\"1.1.4-next.6\",\"latestNext\":\"1.1.4-next.6\",\"targetVersion\":\"1.1.4-next.6"
  },
  {
    "case": "D1-28",
    "name": "有新版 → update_available",
    "pass": true,
    "actual": "update_available",
    "expected": "update_available",
    "note": "{\"currentVersion\":\"1.1.4-next.6\",\"latestStable\":\"1.1.4-next.6\",\"latestNext\":\"1.1.5-next.1\",\"targetVersion\":\"1.1.5-next.1\",\"updateAvailable\":true,\"dismissed\":fal"
  },
  {
    "case": "D1-31",
    "name": "冷却期内同版本 → dismissed",
    "pass": true,
    "actual": "dismissed",
    "expected": "dismissed",
    "note": "{\"currentVersion\":\"1.1.4-next.6\",\"latestStable\":\"1.1.4-next.6\",\"latestNext\":\"1.1.5-next.1\",\"targetVersion\":\"1.1.5-next.1\",\"updateAvailable\":"
  },
  {
    "case": "D1-31",
    "name": "冷却期过 → update_available",
    "pass": true,
    "actual": "update_available",
    "expected": "update_available",
    "note": ""
  },
  {
    "case": "D1-31",
    "name": "更新版本>已忽略版本 → 重新提醒",
    "pass": true,
    "actual": "update_available",
    "expected": "update_available",
    "note": ""
  },
  {
    "case": "D1-31",
    "name": "观察: 已忽略更高版本时低版本 target 静默(设计语义)",
    "pass": null,
    "actual": "dismissed",
    "expected": "-",
    "note": "inCooldown 条件 target<=dismissedVersion, 属设计"
  },
  {
    "case": "D1-40",
    "name": "镜像 lag(latest<current) → 不反向提醒",
    "pass": true,
    "actual": "up_to_date",
    "expected": "非 update_available",
    "note": "{\"currentVersion\":\"1.1.4-next.6\",\"latestStable\":\"1.1.3\",\"latestNext\":\"1.1.3\",\"targetVersion\":\"1.1.3\",\"updateAvailable\":false,\"dismissed\":fal"
  },
  {
    "case": "D1-40",
    "name": "dist-tags 输出解析",
    "pass": null,
    "actual": "null",
    "expected": "next=1.1.5-next.1",
    "note": ""
  },
  {
    "case": "D1-33",
    "name": "写 skip 文件字段完整",
    "pass": true,
    "actual": "{\"dismissedVersion\":\"1.1.5-next.1\",\"dismissedAt\":\"2026-09-14T14:12:04.612Z\",\"expireAt\":\"2026-09-17T14:12:04.612Z\"}",
    "expected": "三字段齐",
    "note": ""
  },
  {
    "case": "D1-33",
    "name": "读回一致",
    "pass": true,
    "actual": "{\"dismissedVersion\":\"1.1.5-next.1\",\"dismissedAt\":\"2026-09-14T14:12:04.612Z\",\"expireAt\":\"2026-09-17T14:12:04.612Z\"}",
    "expected": "roundtrip",
    "note": ""
  },
  {
    "case": "D1-33",
    "name": "expireAt = dismissedAt + 3 天",
    "pass": true,
    "actual": "3天",
    "expected": "3天",
    "note": ""
  },
  {
    "case": "D1-33",
    "name": "fallback 路径含 .config/huaweicloud",
    "pass": true,
    "actual": "C:\\Users\\Administrator\\.config\\huaweicloud\\devkit-skip.json",
    "expected": "含 huaweicloud/devkit-skip",
    "note": ""
  },
  {
    "case": "D1-33",
    "name": "原子写无 tmp 残留",
    "pass": true,
    "actual": "false",
    "expected": "false",
    "note": ""
  },
  {
    "case": "D1-33",
    "name": "会话隔离路径不同",
    "pass": true,
    "actual": "g\\huaweicloud\\devkit-skip.json.session-A | g\\huaweicloud\\devkit-skip.json.session-B",
    "expected": "A≠B",
    "note": ""
  },
  {
    "case": "D1-33",
    "name": "危险 session 值过滤(无 ../ 与 .)",
    "pass": true,
    "actual": "\"\\\\.config\\\\huaweicloud\\\\devkit-skip.json.___evil___id\"",
    "expected": "无路径穿越",
    "note": ""
  },
  {
    "case": "D1-39",
    "name": "真实安装版本读取",
    "pass": true,
    "actual": "1.1.4-next.6",
    "expected": "非空",
    "note": ""
  },
  {
    "case": "D1-39",
    "name": "真实 npm dist-tags 查询成功",
    "pass": true,
    "actual": "{\"latest\":\"1.1.4\",\"next\":\"1.1.4-next.6\"}",
    "expected": "latest+next",
    "note": ""
  },
  {
    "case": "D1-39",
    "name": "真实判定闭环",
    "pass": true,
    "actual": "undefined (installed=1.1.4-next.6)",
    "expected": "合法状态",
    "note": ""
  },
  {
    "case": "D1-26",
    "name": "判定结果含目标版本信息",
    "pass": true,
    "actual": "{\"currentVersion\":\"1.1.4-next.6\",\"latestStable\":\"1.1.4\",\"latestNext\":\"1.1.5-next.1\",\"targetVersion\":\"1.1.5-next.1\",\"upda",
    "expected": "结构化结果",
    "note": ""
  },
  {
    "case": "D1-26",
    "name": "determineTarget 选 next 通道",
    "pass": true,
    "actual": "\"1.1.5-next.1\"",
    "expected": "定义 target",
    "note": ""
  }
]

=== D1 升级链: 23 PASS / 0 FAIL / 2 INFO / 25 TOTAL ===
