p 输出含 BANNER => true (期望 true)
    stdout len=2039
PASS  D1-69-help-commands  help 输出含 Commands 列表 => true (期望 true)
PASS  D1-69-dash-help-exit0  --help 退出码 0 => 0 (期望 0)
PASS  D1-69-dash-help-content  --help 输出含 Usage => true (期望 true)
    len=2039
PASS  D1-69-short-h-exit0  -h 退出码 0 => 0 (期望 0)
PASS  D1-69-no-arg-default-help  无参数默认 help 退出码 0 => 0 (期望 0)
    stdout len=2039
PASS  D1-69-version-exit0  --version 退出码 0 => 0 (期望 0)
PASS  D1-69-version-output  --version 输出含版本号 => true (期望 true)
    stdout=HuaweiCloud DevKit CLI: 1.1.8-next.2

Installed agent plugins:
CodeArts: 1.1.5
DSH: 1.1.5

Run `npx huaweicloud-devkit update --target <agent>` to refresh installed agent plugins.

PASS  D1-69-unknown-cmd-no-crash  未知子命令不 crash（落入 help） => 0 (期望 0)
    stdout len=2039
PASS  D1-69-unknown-cmd-help  未知子命令输出 help 内容 => true (期望 true)

=== D1-69 CLI help 子命令夹具 ===  pass=11 fail=0
RESULT: PASS
