{
  "total": 4,
  "passed": 4,
  "failed": 0,
  "results": [
    {
      "name": "OBS建桶(mb)",
      "pass": true,
      "detail": "Start at 2026-09-16 07:16:49.778304035 +0000 UTC\n\nCreate bucket [testbot3-hermes-obs-9543009677] successfully, request id [000001A0A9134E0444C97A1820CEBD06]\nNotice: If the configured endpoint is a glo"
    },
    {
      "name": "set静态站",
      "pass": true,
      "detail": "{\"ok\":true,\"status\":200,\"websiteUrl\":\"http://testbot3-hermes-obs-9543009677.obs-website.cn-north-4.myhuaweicloud.com\",\"message\":\"Static website hosting configured. Website URL: http://testbot3-hermes-obs-9543009677.obs-website.cn-north-4.myhuaweicloud.com (may take ~1 min to prop"
    },
    {
      "name": "get静态站",
      "pass": true,
      "detail": "{\"ok\":true,\"status\":200,\"body\":\"<?xml version=\\\"1.0\\\" encoding=\\\"UTF-8\\\" standalone=\\\"yes\\\"?><WebsiteConfiguration xmlns=\\\"http://obs.myhwclouds.com/doc/2015-06-30/\\\"><IndexDocument><Suffix>index.html</Suffix><Type>0</Type></IndexDocument><SignatureVerification>false</SignatureVe"
    },
    {
      "name": "删桶(rm)",
      "pass": true,
      "detail": "Start at 2026-09-16 07:16:51.086167565 +0000 UTC\n\nWarn: No task to run\n"
    }
  ]
}