{
  "status": "PASS",
  "caseId": "D4-9",
  "why": "Shell wrappers correctly unwrapped and classified",
  "executedAt": "20261001103000",
  "checks": [
    {
      "name": "bash-c-write-denied",
      "pass": true,
      "detail": "decision=deny, risk=write"
    },
    {
      "name": "cmd-c-write-denied",
      "pass": true,
      "detail": "decision=deny, risk=write"
    },
    {
      "name": "ps-write-denied",
      "pass": true,
      "detail": "decision=deny, risk=write"
    },
    {
      "name": "sudo-write-denied",
      "pass": true,
      "detail": "decision=deny, risk=write"
    },
    {
      "name": "bash-c-read-allowed",
      "pass": true,
      "detail": "decision=allow, risk=read_only"
    },
    {
      "name": "direct-bash-c-denied",
      "pass": true,
      "detail": "decision=deny, risk=write"
    }
  ]
}
