=== D2-4: 凭证脱敏正确性测试 (v2) ===
时间: 2026-09-21T01:53:09.339Z
模拟 AK (不泄露真实凭证): HWAK**** (len=20)
模拟 SK (不泄露真实凭证): **** (len=30)

── 测试组 1: 字符串内 AK=/SK= 模式脱敏 (核心) ──
  输入: config: AK=HWAKMOCKTEST12345678 SK=HWSKMOCKTEST87654321abcdefghij region=cn-north-4
  输出: config: AK=<redacted> SK=<redacted> region=cn-north-4
[PASS] 1a. AK 值被 <redacted> 替换 :: 输出含 "AK=<redacted>"
[PASS] 1b. SK 值被 <redacted> 替换 :: 输出含 "SK=<redacted>"
[PASS] 1c. 明文 AK 不在输出中 :: 输出不含 "HWAK..."
[PASS] 1d. 明文 SK 不在输出中 :: 输出不含明文 SK
[PASS] 1e. region 字段保留 :: 非敏感字段未被误脱敏

── 测试组 2: 对象键名匹配 secret pattern (核心) ──
  输入键: access_key, secret_key, security_token, region, project_id
  输出: {"access_key":"<redacted>","secret_key":"<redacted>","security_token":"<redacted>","region":"cn-north-4","project_id":"mock-project-123"}
[PASS] 2a. access_key 值替换为 <redacted> :: 实际: "<redacted>"
[PASS] 2b. secret_key 值替换为 <redacted> :: 实际: "<redacted>"
[PASS] 2c. security_token 值替换为 <redacted> :: 实际: "<redacted>"
[PASS] 2d. 明文 AK 不在输出对象中 :: 对象 JSON 不含明文 AK
[PASS] 2e. 明文 SK 不在输出对象中 :: 对象 JSON 不含明文 SK
[PASS] 2f. region 字段保留 :: 非敏感字段未被误脱敏
[PASS] 2g. project_id 字段保留 :: 非敏感字段未被误脱敏

── 测试组 3: 多格式凭证键值对 (核心) ──
[PASS] 3. access_key=xxx -> 含 <redacted> 且无明文 :: 输出: "access_key=<redacted>"
[PASS] 3. secret_key=xxx -> 含 <redacted> 且无明文 :: 输出: "secret_key=<redacted>"
[PASS] 3. access_key:xxx (冒号) -> 含 <redacted> 且无明文 :: 输出: "access_key: <redacted>"
[PASS] 3. secret_key:xxx (冒号) -> 含 <redacted> 且无明文 :: 输出: "secret_key: <redacted>"
[PASS] 3. password=xxx -> 含 <redacted> 且无明文 :: 输出: "password=<redacted>"
[PASS] 3. credential=xxx -> 含 <redacted> 且无明文 :: 输出: "credential=<redacted>"
[PASS] 3. AK:xxx (冒号格式) -> 含 <redacted> 且无明文 :: 输出: "AK=<redacted>"
[PASS] 3. SK:xxx (冒号格式) -> 含 <redacted> 且无明文 :: 输出: "SK=<redacted>"

── 测试组 4: 嵌套对象与数组递归脱敏 (核心) ──
  输出: {"profiles":[{"name":"default","access_key":"<redacted>","secret_key":"<redacted>"},{"name":"prod","access_key":"<redacted>","secret_key":"<redacted>"}],"config":{"region":"cn-north-4","endpoint":"https://ecs.cn-north-4.myhuaweicloud.com"}}
[PASS] 4a. 嵌套数组 access_key 脱敏 :: 所有层级的 access_key 均被脱敏
[PASS] 4b. 嵌套数组 secret_key 脱敏 :: 所有层级的 secret_key 均被脱敏
[PASS] 4c. 嵌套非敏感字段保留 :: config.region 和 profiles[0].name 未被误脱敏

── 测试组 5: 边界情况 (核心) ──
[PASS] 5a. 空字符串不崩溃 :: 空字符串原样返回
[PASS] 5b. 空对象不崩溃 :: 空对象原样返回
[PASS] 5c. 无凭证字符串不误脱敏 :: 普通命令字符串原样返回
[PASS] 5d. 数字类型不崩溃 :: 数字原样返回
[PASS] 5e. 布尔类型不崩溃 :: 布尔原样返回
[PASS] 5f. null 不崩溃 :: null 原样返回

── 测试组 6: SK 永不完整展示 — 核心格式 (核心) ──
[PASS] 6a. SK核心格式1 无明文泄露 :: 已脱敏: "SK=<redacted>"
[PASS] 6b. SK核心格式2 无明文泄露 :: 已脱敏: "SK=<redacted>"
[PASS] 6c. SK核心格式3 无明文泄露 :: 已脱敏: "secret_key=<redacted>"
[PASS] 6d. SK核心格式4 无明文泄露 :: 已脱敏: "secret_key: <redacted>"

── 测试组 7: 边界格式发现 (edgeFindings, 不影响核心判定) ──
  注: 以下格式超出 redactString 设计的 key=value / key:value 模式范围
[EDGE] 7a. JSON字符串 {"secret_key":"xxx"} 脱敏 :: 边界发现: redactString 正则不匹配 JSON 引号格式，需先解析对象再脱敏
[EDGE] 7b. 自然语言 "SK is xxx" 脱敏 :: 边界发现: redactString 正则要求 AK|SK 后跟 [:=]，自然语言不匹配
[OK] 7c. metadata 键被视为敏感 (设计行为) :: isSecretKeyName 正则含 metadata，值替换为 "<redacted>" — 符合设计(metadata可含引导脚本)

=== 汇总 ===
核心判定: PASS=33  FAIL=0  TOTAL=33
边界发现: 2 个 (不影响核心判定)
最终判定: PASS
边界发现详情:
  7a: JSON字符串格式需先 JSON.parse 再调 redactSecrets (调用方责任)
  7b: 自然语言 "SK is xxx" 超出 key=value 设计模式
  7c: metadata 键被设计为敏感键 (符合安全策略)
