{
  "case": "D3-C2",
  "total": 7,
  "passed": 6,
  "failed": 1,
  "results": [
    {
      "name": "plan分类只读allow",
      "pass": true,
      "detail": "allow"
    },
    {
      "name": "run_approved执行",
      "pass": false,
      "detail": "undefined/undefined"
    },
    {
      "name": "voucher_status",
      "pass": true,
      "detail": "{\"claimed\":true,\"message\":\"已领取\",\"code\":null}"
    },
    {
      "name": "OBS建桶",
      "pass": true,
      "detail": "Start at 2026-09-19 21:32:19.20243092 +0000 UTC\n\nCreate bucket [testbot3-hermes-obs-9853538286] successfully, request id [000001A0BB959B9A47D1215A9CE823A2]\nNotice: If the configure"
    },
    {
      "name": "set静态站",
      "pass": true,
      "detail": "{\"ok\":true,\"status\":200,\"websiteUrl\":\"http://testbot3-hermes-obs-9853538286.obs-website.cn-north-4.myhuaweicloud.com\",\"message\":\"Static website hosting configured. Website URL: http://testbot3-hermes-obs-9853538286.obs-website.cn-north-4.myhuaweicloud.com (may take ~1 min to propagate)\"}"
    },
    {
      "name": "get静态站",
      "pass": true,
      "detail": "{\"ok\":true,\"status\":200,\"body\":\"<?xml version=\\\"1.0\\\" encoding=\\\"UTF-8\\\" standalone=\\\"yes\\\"?><WebsiteConfiguration xmlns=\\\"http://obs.myhwclouds.com/doc/2015-06-30/\\\"><IndexDocument><Suffix>index.html"
    },
    {
      "name": "删桶归零",
      "pass": true,
      "detail": "Start at 2026-09-19 21:32:19.776832209 +0000 UTC\n\nDelete bucket [testbot3-hermes-obs-9853538286] successfully!\n"
    }
  ]
}