{
 "status": "PASS",
 "caseId": "D2-11",
 "total": 3,
 "passed": 3,
 "failed": 0,
 "source": "grouped:d2-auth",
 "executedAt": "20260925050900",
 "why": "",
 "assertions": [
  {
   "name": "writeGlobalCredentials-fn",
   "pass": true,
   "actual": "function",
   "expected": "function",
   "failMsg": "writeGlobalCredentials missing"
  },
  {
   "name": "resolve-safe",
   "pass": true,
   "actual": "safe",
   "expected": "safe",
   "failMsg": ""
  },
  {
   "name": "write-planned",
   "pass": true,
   "actual": "ok",
   "expected": "ok",
   "failMsg": "write cmd planned FAIL"
  }
 ]
}