{
  "status": "PASS",
  "detail": "All 4 variants blocked: true",
  "executedAt": "20260920210622",
  "variants": [
    {
      "variant": "Deleteserver",
      "blocked": true,
      "snippet": "{\n  \"ok\": true,\n  \"decision\": \"warn\",\n  \"findings\": [\n    {\n      \"ruleId\": \"hwc-destructive-delete-"
    },
    {
      "variant": "DELETE SERVER",
      "blocked": true,
      "snippet": "{\n  \"ok\": true,\n  \"decision\": \"warn\",\n  \"findings\": [\n    {\n      \"ruleId\": \"hwc-destructive-delete-"
    },
    {
      "variant": "delete\u0000server",
      "blocked": true,
      "snippet": "{\n  \"ok\": true,\n  \"decision\": \"warn\",\n  \"findings\": [\n    {\n      \"ruleId\": \"hwc-destructive-delete-"
    },
    {
      "variant": "delete;server",
      "blocked": true,
      "snippet": "{\n  \"ok\": true,\n  \"decision\": \"warn\",\n  \"findings\": [\n    {\n      \"ruleId\": \"hwc-destructive-delete-"
    }
  ]
}