{
  "caseId": "D1-40",
  "status": "PASS",
  "why": "judgeUpdate 在远端<=本地时不提示更新；determineTarget=1.1.8-next.1",
  "evidence": {
    "installedVersion": "1.1.8-next.1",
    "judgeEqual": {
      "currentVersion": "1.1.8-next.1",
      "latestStable": "1.1.8-next.1",
      "latestNext": null,
      "targetVersion": "1.1.8-next.1",
      "updateAvailable": false,
      "dismissed": false,
      "dismissExpiresAt": null,
      "result": "up_to_date"
    },
    "judgeLower": {
      "currentVersion": "1.1.8-next.1",
      "latestStable": "1.1.8-next.0",
      "latestNext": null,
      "targetVersion": "1.1.8-next.0",
      "updateAvailable": false,
      "dismissed": false,
      "dismissExpiresAt": null,
      "result": "up_to_date"
    }
  },
  "executedAt": "20261005050100"
}