{
  "caseId": "D4-21",
  "status": "PASS",
  "why": "decision=deny rule=hwc-iam-admin-policy",
  "executedAt": "20260925214254",
  "a": {
    "decision": "deny",
    "findings": [
      {
        "ruleId": "hwc-iam-admin-policy",
        "title": "Broad IAM administrator grant",
        "category": "iam",
        "severity": "deny",
        "message": "The change appears to grant broad administrator permissions.",
        "remediation": "Use least-privilege service actions, resource constraints, and short-lived credentials for generated application workflows.",
        "source": "policy.json",
        "evidence": "policy.json {\"Statement\":[{\"Effect\":\"Allow\",\"Action\":[\"*\"],\"Resource\":[\"*\"]}]}"
      }
    ]
  }
}