{
  "status": "PASS",
  "why": "All sub-tests passed",
  "executedAt": "20260921025826",
  "subTests": [
    {
      "label": "Lowercase: hcloud ecs deleteservers",
      "pass": true,
      "classify": "deny",
      "risk": "warn"
    },
    {
      "label": "ALL CAPS: HCLOUD ECS DELETESERVERS",
      "pass": true,
      "classify": "deny",
      "risk": "warn"
    },
    {
      "label": "Mixed: hClOuD eCs DeLeTeSeRvErS",
      "pass": true,
      "classify": "deny",
      "risk": "warn"
    },
    {
      "label": "Snake: hcloud ECS delete_servers",
      "pass": true,
      "classify": "deny",
      "risk": "warn"
    },
    {
      "label": "URL encoded: hcloud%20ECS%20DeleteServers",
      "pass": true,
      "classify": "allow",
      "risk": "not_huaweicloud"
    },
    {
      "label": "Tab separated: hcloud\\tECS\\tDeleteServers",
      "pass": true,
      "classify": "deny",
      "risk": "warn"
    },
    {
      "label": "Extra spaces: hcloud  ECS  DeleteServers",
      "pass": true,
      "classify": "deny",
      "risk": "write"
    },
    {
      "label": "hcloud.exe ECS DeleteServers",
      "pass": true,
      "classify": "deny",
      "risk": "write"
    },
    {
      "label": "Full path: /usr/bin/hcloud ECS DeleteServers",
      "pass": true,
      "classify": "allow",
      "risk": "not_huaweicloud"
    },
    {
      "label": "Win path: C:\\tools\\hcloud ECS DeleteServers",
      "pass": true,
      "classify": "allow",
      "risk": "not_huaweicloud"
    },
    {
      "label": "Lowercase vpc deletevpc",
      "pass": true,
      "classify": "deny",
      "risk": "warn"
    },
    {
      "label": "DeleteVpc with flags",
      "pass": true,
      "classify": "deny",
      "risk": "write"
    }
  ]
}