=====CASE D4-5=====
hcloud ecs DeleteServer --server_id x
   decision=deny risk=write safeToRun=false
hcloud ecs ListServers
   decision=allow risk=read_only safeToRun=true
hcloud ecs BatchDeleteServers --force
   decision=deny risk=write safeToRun=false
hcloud vpc DeleteSecurityGroup --force
   decision=deny risk=write safeToRun=false
=====END D4-5=====
=====CASE D4-7=====
--- huaweicloud_hook_check_command ok=false decision=deny findings=hwc-sandbox-destructive-command
--- huaweicloud_hook_check_command ok=false decision=deny findings=hwc-destructive-delete-force,hwc-destructive-delete-operation
--- huaweicloud_hook_check_artifacts ok=true decision=warn findings=hwc-command-adminpass-exposure,hwc-sandbox-missing-ttl
--- huaweicloud_hook_check_deploy_plan ok=true decision=allow findings=
=====END D4-7=====
=====CASE D4-9=====
--- huaweicloud_hook_check_command ok=false decision=deny findings=hwc-network-public-admin-port
--- huaweicloud_hook_check_command ok=false decision=deny findings=hwc-destructive-delete-force,hwc-destructive-delete-operation
--- huaweicloud_hook_check_artifacts ok=false decision=deny findings=hwc-obs-anonymous-write
=====END D4-9=====
=====CASE D4-21=====
--- [broad-iam] ok=false decision=deny
    deny hwc-iam-admin-policy: The change appears to grant broad administrator permissions.
--- [admin-full] ok=true decision=allow
--- [scoped-iam] ok=true decision=warn
    warn hwc-sandbox-missing-ttl: The preview or sandbox deployment does not show cleanup or ownership metadata.
=====END D4-21=====
=====CASE D4-22=====
--- [fg-public] ok=true decision=warn
    warn hwc-functiongraph-public-no-auth: The generated FunctionGraph or API Gateway path may be publicly reachable without authentication.
    warn hwc-sandbox-missing-ttl: The preview or sandbox deployment does not show cleanup or ownership metadata.
--- [fg-private] ok=true decision=warn
    warn hwc-sandbox-missing-ttl: The preview or sandbox deployment does not show cleanup or ownership metadata.
--- [sandbox-no-ttl] ok=true decision=warn
    warn hwc-sandbox-missing-ttl: The preview or sandbox deployment does not show cleanup or ownership metadata.
--- [sandbox-ttl] ok=true decision=allow
=====END D4-22=====
=== DONE ===
