Initialize result: {"protocolVersion":"2024-11-05","capabilities":{"tools":{}},"serverInfo":{"name":"huaweicloud-devkit","version":"1.1.8-next.1"}}
Has protocolVersion: true
Has capabilities: true
Has serverInfo: true
Dev skills dir: C:\Users\Administrator\devkit-test\hermes\hdk\plugins\huaweicloud-core\skills exists: true
Skill dirs from dev path: 29 [
  'huawei-apig',
  'huawei-billing',
  'huawei-cbr',
  'huawei-cce',
  'huawei-cloud-eye'
]
Skills root: C:\Users\Administrator\devkit-test\hermes\hdk\plugins\huaweicloud-core\skills
Illegal sequence result: {"content":[{"type":"text","text":"{\n  \"installed\": true,\n  \"authenticated\": true,\n  \"status\": \"ok\",\n  \"output\": \"\\u001b[1;92m当前KooCLI版本:7.2.12\\u001b[0m\",\n  \"kooCliVersion\": \"7.2
STATUS: PASS
{
  "status": "PASS",
  "why": "",
  "executedAt": "20260930215106",
  "details": {
    "hasProtocolVersion": true,
    "hasCapabilities": true,
    "hasServerInfo": true,
    "initCorrect": true,
    "skillDirsValid": true,
    "skillDirsCount": 29,
    "protocolVersion": "2024-11-05",
    "serverName": "huaweicloud-devkit",
    "serverVersion": "1.1.8-next.1"
  }
}
