=====CASE D9-4=====
initialize.result.protocolVersion = 2024-11-05
initialize.result.capabilities = {"tools":{}}
initialize.result.serverInfo = {"name":"huaweicloud-devkit","version":"1.1.8-next.1"}
=====END D9-4=====
=====CASE D5-3=====
tools/list 返回工具数 = 41
工具名: huaweicloud_check_cli, huaweicloud_plan_cli_command, huaweicloud_run_readonly_command, huaweicloud_list_operations, huaweicloud_run_approved_command, huaweicloud_show_profile_redacted, huaweicloud_hook_check_command, huaweicloud_hook_check_artifacts, huaweicloud_hook_check_deploy_plan, huaweicloud_service_catalog, huaweicloud_explain_error, huaweicloud_search_docs, huaweicloud_retrieve_skill, huaweicloud_list_regions, huaweicloud_get_regional_availability, huaweicloud_search_marketplace, huaweicloud_get_service_icon, huaweicloud_detect_framework, huaweicloud_setup_obs_config, huaweicloud_auth_status, huaweicloud_auth_sync, huaweicloud_auth_init, huaweicloud_auth_switch, huaweicloud_auth_confirm, huaweicloud_sandbox_exec_with_session, huaweicloud_sandbox_exec_one_shot, huaweicloud_sandbox_close_session, huaweicloud_sandbox_upload_file, huaweicloud_sandbox_upload_project, huaweicloud_sandbox_deploy_nginx, huaweicloud_sandbox_deploy_check, huaweicloud_sandbox_expose_tunnel, huaweicloud_sandbox_check_user, huaweicloud_sandbox_sign_agreement, huaweicloud_sandbox_connect, huaweicloud_sandbox_credentials, huaweicloud_voucher_status, huaweicloud_voucher_claim, huaweicloud_check_update, huaweicloud_upgrade, huaweicloud_obs_set_website_config
非法 inputSchema(非 type=object) 数 = 0
hash/schema 字段统计: 0 个缺 inputSchema
=====END D5-3=====
=====CASE D9-1=====
type=object: 41, 其他: 0, 带 $schema/schemaVersion 标注: 0
=====END D9-1=====
=====CASE D9-8=====
出现的 $schema 取值集合: (空——未标注 schema 版本)
draft 版本集合: (无)
additionalProperties 取值一致性(未见混用对象/布尔): true
=====END D9-8=====
=====CASE D9-2=====
unknown method      => {"code":-32601,"message":"Method not found: __no_such_method__"}
tools/call unknown  => {"code":-32602,"message":"Unknown tool: __no_such_tool__"}
=====END D9-2=====
=====CASE D9-3=====
result.content 是数组: true
result.isError: false
content[0].type: text
=====END D9-3=====
=====CASE D9-7=====
old protocol ver => {"result":"1999-01-01"}
2025-06-18 ver    => {"result":"2025-06-18"}
=====END D9-7=====
=====CASE D9-5=====
并发20 tools/list 工具数: 41 ; 全部返回数组: true
大payload(10KB query) tools/call 返回正常: true
=====END D9-5=====
=== stderr(应无协议污染) ===
(空)
=== DONE ===
