{
  "status": "PASS",
  "caseId": "D4-1",
  "why": "Write operations correctly denied without approval, allowed with allowWrites",
  "executedAt": "20261001103000",
  "checks": [
    {
      "name": "ECS-CreateServer-denied",
      "pass": true,
      "detail": "decision=deny, risk=write"
    },
    {
      "name": "ECS-CreateServer-write-risk",
      "pass": true,
      "detail": "risk=write"
    },
    {
      "name": "VPC-CreateVpc-denied",
      "pass": true,
      "detail": "decision=deny, risk=write"
    },
    {
      "name": "VPC-CreateVpc-write-risk",
      "pass": true,
      "detail": "risk=write"
    },
    {
      "name": "ECS-UpdateServer-denied",
      "pass": true,
      "detail": "decision=deny, risk=write"
    },
    {
      "name": "ECS-UpdateServer-write-risk",
      "pass": true,
      "detail": "risk=write"
    },
    {
      "name": "EVS-CreateVolume-denied",
      "pass": true,
      "detail": "decision=deny, risk=write"
    },
    {
      "name": "EVS-CreateVolume-write-risk",
      "pass": true,
      "detail": "risk=write"
    },
    {
      "name": "VPC-CreateSubnet-denied",
      "pass": true,
      "detail": "decision=deny, risk=write"
    },
    {
      "name": "VPC-CreateSubnet-write-risk",
      "pass": true,
      "detail": "risk=write"
    },
    {
      "name": "RDS-CreateInstance-denied",
      "pass": true,
      "detail": "decision=deny, risk=write"
    },
    {
      "name": "RDS-CreateInstance-write-risk",
      "pass": true,
      "detail": "risk=write"
    },
    {
      "name": "approved-when-allowWrites",
      "pass": true,
      "detail": "decision=allow"
    }
  ]
}