{
  "status": "PASS",
  "caseId": "D2-5",
  "why": "resolveCredentials threw HDKIT_CRED_MISSING with onboarding (scenario=3, 2 steps)",
  "executedAt": "20260930103000",
  "detail": {
    "errorCode": "HDKIT_CRED_MISSING",
    "onboarding": {
      "scenario": 3,
      "reason": "s1-missing",
      "message": "未配置华为云凭证,需要完成登录后才能使用云能力。",
      "steps": [
        {
          "action": "write-import",
          "target": "C:\\Users\\Administrator\\.config\\huaweicloud\\creds-import.json"
        },
        {
          "action": "auth_switch",
          "args": {
            "mode": "import",
            "action": "persist"
          }
        }
      ]
    }
  }
}
