{
  "caseId": "D3-S6",
  "status": "PASS",
  "why": "plan_cli_command handles FunctionGraph create (decision=n/a, status=n/a)",
  "planResult": {
    "executable": "hcloud",
    "args": [
      "FunctionGraph",
      "CreateFunction",
      "--name",
      "test"
    ],
    "command": "hcloud FunctionGraph CreateFunction --name test",
    "executableBlock": "hcloud FunctionGraph CreateFunction --name test",
    "warnings": [
      "Missing required parameters: func_name, runtime, handler, memory_size, package, timeout",
      "Find valid values: Function name must be unique within project; Run `hcloud FunctionGraph ListRuntimes` to see available runtimes"
    ],
    "classification": {
      "decision": "deny",
      "risk": "write",
      "reason": "Huawei Cloud write operation blocked until the agent presents a plan and receives explicit user approval."
    },
    "sgFindings": [],
    "approvalToken": "f51a9911-f8cd-46d9-80c7-929d6c76c590",
    "safeToRun": false
  },
  "executedAt": "20261003210444"
}