{
  "status": "PASS",
  "detail": "7/7 skills retrievable",
  "executedAt": "20260920210622",
  "skills": [
    {
      "skill": "huaweicloud-core",
      "ok": true,
      "length": 20112
    },
    {
      "skill": "huaweicloud-safety",
      "ok": true,
      "length": 3970
    },
    {
      "skill": "huaweicloud-api-and-sdk",
      "ok": true,
      "length": 4193
    },
    {
      "skill": "huaweicloud-capability-discovery",
      "ok": true,
      "length": 6196
    },
    {
      "skill": "huaweicloud-cli-and-auth",
      "ok": true,
      "length": 11772
    },
    {
      "skill": "huaweicloud-troubleshooting",
      "ok": true,
      "length": 10408
    },
    {
      "skill": "huaweicloud-getting-started",
      "ok": true,
      "length": 588
    }
  ]
}