{
  "case": "D3-C6",
  "total": 5,
  "passed": 5,
  "failed": 0,
  "results": [
    {
      "name": "check_user",
      "pass": true,
      "detail": "{\"realnameVerified\":true,\"agreementSigned\":true}"
    },
    {
      "name": "connect",
      "pass": true,
      "detail": "connected ws=8d898bc423"
    },
    {
      "name": "credentials",
      "pass": true,
      "detail": "passed"
    },
    {
      "name": "exec_one_shot",
      "pass": true,
      "detail": "\u001b]133;C\u0007hdk-sandbox-ok\r\nLinux 8d898bc423254635bbe12bb34d7f68c1 5.10.0-182.0.0.95.r3353_274.hce2.aarc"
    },
    {
      "name": "close_session",
      "pass": true,
      "detail": "\"ok\""
    }
  ]
}