{
  "status": "PASS",
  "why": "Windows检测链可用。sync=false, async=false, fetch=true",
  "executedAt": "20260921013133",
  "platform": "win32",
  "rootCause": null,
  "issue": "#554",
  "syncResult": null,
  "syncHasEinval": false,
  "syncSilentNull": true,
  "asyncResult": null,
  "asyncHasEinval": false,
  "asyncSilentNull": true,
  "fetchResult": {
    "next": "1.1.6-next.0",
    "latest": "1.1.5"
  },
  "fetchHasResult": true,
  "shellTrueResult": {
    "next": "1.1.6-next.0",
    "latest": "1.1.5"
  },
  "directSpawnResult": null,
  "directSpawnError": {
    "message": "spawnSync npm.cmd EINVAL",
    "code": "EINVAL"
  },
  "shellSpawnResult": {
    "next": "1.1.6-next.0",
    "latest": "1.1.5"
  }
}