{
  "caseId": "D1-31",
  "status": "PASS",
  "why": "Skip write=2026-09-26T09:49:35.651Z, expiry check=true, activeSkip=dismissed, expiredSkip=update_available",
  "executedAt": "20260923094935",
  "state": {
    "dismissedVersion": "1.1.6",
    "dismissedAt": "2026-09-23T09:49:35.651Z",
    "expireAt": "2026-09-26T09:49:35.651Z"
  },
  "expiredState": {
    "dismissedVersion": "1.1.6",
    "dismissedAt": "2026-09-19T09:49:35.652Z",
    "expireAt": "2026-09-22T09:49:35.652Z"
  },
  "r1": {
    "currentVersion": "1.0.0",
    "latestStable": "1.1.6",
    "latestNext": null,
    "targetVersion": "1.1.6",
    "updateAvailable": false,
    "dismissed": true,
    "dismissExpiresAt": "2026-09-26T09:49:35.651Z",
    "result": "dismissed"
  },
  "r2": {
    "currentVersion": "1.0.0",
    "latestStable": "1.1.6",
    "latestNext": null,
    "targetVersion": "1.1.6",
    "updateAvailable": true,
    "dismissed": false,
    "dismissExpiresAt": null,
    "result": "update_available"
  }
}