{
  "case": "EXP-C4-12",
  "status": "PASS",
  "total": 2,
  "passed": 2,
  "results": [
    {
      "id": "EXP-C4-12",
      "name": "list-ops-DCS",
      "pass": true,
      "actual": "ok",
      "expected": "ok",
      "passMsg": "DCS list_operations OK",
      "failMsg": "DCS list_operations FAIL"
    },
    {
      "id": "EXP-C4-12",
      "name": "plan-DCS",
      "pass": true,
      "actual": "ok",
      "expected": "ok",
      "passMsg": "DCS plan OK",
      "failMsg": "DCS plan FAIL"
    }
  ],
  "source": "c4-service-matrix/probe.mjs"
}