
=== D10-3 路由准确率+混淆矩阵（源码级 serviceCatalog）探针结果 ===
FAIL  D10-3  EXP-E01 中文意图命中期望服务 ECS  => "MISS" (expected "HIT")
FAIL  D10-3  EXP-E02 中文意图命中期望服务 ECS  => "MISS" (expected "HIT")
FAIL  D10-3  EXP-E03 中文意图命中期望服务 OBS  => "MISS" (expected "HIT")
FAIL  D10-3  EXP-E04 中文意图命中期望服务 EIP  => "MISS" (expected "HIT")
FAIL  D10-3  EXP-E05 中文意图命中期望服务 RDS  => "MISS" (expected "HIT")
PASS  D10-3  EXP-E06 中文意图命中期望服务 DCS  => "HIT" (expected "HIT")
FAIL  D10-3  EXP-E07 中文意图命中期望服务 CBR  => "MISS" (expected "HIT")
PASS  D10-3  EXP-E08 中文意图命中期望服务 (诊断)  => "N/A" (expected "N/A")
PASS  D10-3  EXP-E09 中文意图命中期望服务 CCE  => "HIT" (expected "HIT")
FAIL  D10-3  EXP-E10 中文意图命中期望服务 FunctionGraph  => "MISS" (expected "HIT")
FAIL  D10-3  EXP-E11 中文意图命中期望服务 BSS  => "MISS" (expected "HIT")
FAIL  D10-3  EXP-E12 中文意图命中期望服务 CES  => "MISS" (expected "HIT")
FAIL  D10-3  EXP-E13 中文意图命中期望服务 ELB  => "MISS" (expected "HIT")
FAIL  D10-3  EXP-E14 中文意图命中期望服务 IAM  => "MISS" (expected "HIT")
PASS  D10-3  EXP-E15 中文意图命中期望服务 Incentive Voucher  => "HIT" (expected "HIT")
PASS  D10-3  en-ecs 英文意图命中期望服务 ECS  => true (expected true)
PASS  D10-3  en-rds 英文意图命中期望服务 RDS  => true (expected true)
PASS  D10-3  en-obs 英文意图命中期望服务 OBS  => true (expected true)
FAIL  D10-3  中文意图路由准确率 ≥ 90%  => false (expected true)

中文意图 HIT=3 MISS=11 N/A=1 | 准确率=21.4% (设计断言≥90%)
TOTAL pass=7 fail=12
