{
  "status": "PASS",
  "why": "telemetry.mjs 导出 13 函数: cacheUserHash,clearUserHash,enqueueEvent,generateOrRecoverInstallId,ingestHookEvents,initTelemetry,isTelemetryEnabled,sanitizeValue；含 TELEMETRY 开关=true",
  "executedAt": "20260923093055",
  "exports": [
    "cacheUserHash",
    "clearUserHash",
    "enqueueEvent",
    "generateOrRecoverInstallId",
    "ingestHookEvents",
    "initTelemetry",
    "isTelemetryEnabled",
    "sanitizeValue",
    "trackInstall",
    "trackSandboxConnect",
    "trackSandboxDisconnect",
    "trackSkillRetrieve",
    "trackToolInvoke"
  ]
}