{
  "status": "PASS",
  "caseId": "D4-23",
  "why": "Secret string/binary operations correctly blocked",
  "executedAt": "20261001103000",
  "checks": [
    {
      "name": "ShowSecret-denied",
      "pass": true,
      "detail": "decision=deny, risk=secret"
    },
    {
      "name": "ShowSecretVersion-denied",
      "pass": true,
      "detail": "decision=deny, risk=secret"
    },
    {
      "name": "GetSecretValue-denied",
      "pass": true,
      "detail": "decision=deny, risk=secret"
    },
    {
      "name": "showsecret-denied",
      "pass": true,
      "detail": "decision=deny, risk=secret"
    },
    {
      "name": "showsecretversion-denied",
      "pass": true,
      "detail": "decision=deny, risk=secret"
    },
    {
      "name": "secret-string-pattern",
      "pass": true,
      "detail": "decision=deny, risk=secret"
    },
    {
      "name": "secret-binary-pattern",
      "pass": true,
      "detail": "decision=deny, risk=secret"
    },
    {
      "name": "text-secret-denied",
      "pass": true,
      "detail": "decision=deny, risk=secret"
    },
    {
      "name": "text-getsecret-denied",
      "pass": true,
      "detail": "decision=deny, risk=secret"
    }
  ]
}
