{
  "status": "PASS",
  "caseId": "D4-19",
  "why": "mergeRiskDecision correctly merges risk evaluation results; deny overrides allow",
  "executedAt": "20260930103000",
  "checks": [
    {
      "name": "eval-rmrf-deny",
      "pass": true,
      "detail": "decision=deny"
    },
    {
      "name": "eval-rmrf-findings",
      "pass": true,
      "detail": "findings=1"
    },
    {
      "name": "deny-overrides-allow",
      "pass": true,
      "detail": "decision=deny"
    },
    {
      "name": "allow-preserved-no-risk",
      "pass": true,
      "detail": "decision=allow"
    },
    {
      "name": "deny-sticky",
      "pass": true,
      "detail": "decision=deny"
    },
    {
      "name": "null-risk-preserves",
      "pass": true,
      "detail": "decision=allow"
    },
    {
      "name": "integration-destructive",
      "pass": true,
      "detail": "decision=deny, risk=destructive"
    },
    {
      "name": "integration-clean-read",
      "pass": true,
      "detail": "decision=allow"
    }
  ]
}