{
  "status": "FAIL",
  "caseId": "D4-16",
  "executedAt": "20260924210000",
  "details": {
    "results": [
      {
        "cmd": "bash -c \"hcloud ECS DeleteServer --server_id=test\"",
        "decision": "allow",
        "risk": "not_huaweicloud",
        "reason": "No Huawei Cloud safety rule matched."
      },
      {
        "cmd": "sh -c \"hcloud ECS DeleteServer --server_id=test\"",
        "decision": "allow",
        "risk": "not_huaweicloud",
        "reason": "No Huawei Cloud safety rule matched."
      },
      {
        "cmd": "cmd /c \"hcloud ECS DeleteServer --server_id=test\"",
        "decision": "allow",
        "risk": "not_huaweicloud",
        "reason": "No Huawei Cloud safety rule matched."
      },
      {
        "cmd": "powershell -Command \"hcloud ECS DeleteServer --server_id=test\"",
        "decision": "allow",
        "risk": "not_huaweicloud",
        "reason": "No Huawei Cloud safety rule matched."
      }
    ],
    "gaps": [
      "bash -c \"hcloud ECS DeleteServer --server_id=test\"",
      "sh -c \"hcloud ECS DeleteServer --server_id=test\"",
      "cmd /c \"hcloud ECS DeleteServer --server_id=test\"",
      "powershell -Command \"hcloud ECS DeleteServer --server_id=test\""
    ]
  },
  "why": "CODE DEFECT: Shell-wrapped hcloud commands with quotes not detected (4/4 bypass)"
}