{
  "caseId": "D4-16",
  "status": "FAIL",
  "why": "Wrapper penetration: bash -c \"hcloud CSMS show-secr=allow",
  "details": [
    {
      "cmd": "bash -c \"cat ~/.huaweicloud/credentials.json\"",
      "decision": "deny",
      "risk": "credential",
      "reason": "Reading Huawei Cloud credential or profile files is blocked. Use redacted profile inspection tools instead."
    },
    {
      "cmd": "sh -c \"printenv HW_SECRET_KEY\"",
      "decision": "deny",
      "risk": "credential",
      "reason": "Dumping cloud credential environment variables is blocked."
    },
    {
      "cmd": "eval \"hcloud ECS delete-servers\"",
      "decision": "deny",
      "risk": "write",
      "reason": "Huawei Cloud write operation blocked until the agent presents a plan and receives explicit user approval."
    },
    {
      "cmd": "bash -c \"hcloud CSMS show-secret --secret-id test\"",
      "decision": "allow",
      "risk": "read_only",
      "reason": "Command appears to be a read-only Huawei Cloud operation.",
      "service": "CSMS",
      "operation": "show-secret",
      "args": [
        "CSMS",
        "show-secret",
        "--secret-id",
        "test"
      ]
    },
    {
      "cmd": "sh -c \"env | grep HUAWEICLOUD\"",
      "decision": "deny",
      "risk": "credential",
      "reason": "Dumping cloud credential environment variables is blocked."
    },
    {
      "cmd": "$(hcloud ECS delete-servers)",
      "decision": "deny",
      "risk": "write",
      "reason": "Huawei Cloud write operation blocked until the agent presents a plan and receives explicit user approval."
    },
    {
      "cmd": "bash -c \"hcloud VPC delete-vpc\"",
      "decision": "deny",
      "risk": "write",
      "reason": "Huawei Cloud write operation blocked until the agent presents a plan and receives explicit user approval."
    }
  ],
  "executedAt": "20261001210312"
}