{
  "status": "PASS",
  "why": "RDS只读规划冒烟通过: 服务可发现, 含只读操作, serviceCatalog已注册",
  "executedAt": "20260922144311",
  "testCase": "EXP-C4-04",
  "designCaseId": "D3-C4",
  "service": "RDS",
  "hcloudService": "RDS",
  "checks": [
    {
      "label": "T1 hcloud服务可发现",
      "pass": true,
      "detail": "RDS --help OK"
    },
    {
      "label": "T2 含只读操作(list/show)",
      "pass": true,
      "detail": "readonly ops found"
    },
    {
      "label": "T4 serviceCatalog含此服务",
      "pass": true,
      "detail": "found in routeMap"
    }
  ]
}