{
  "case": "EXP-C4-14",
  "status": "PASS",
  "executedAt": "20260929050639",
  "total": 2,
  "passed": 2,
  "failed": 0,
  "results": [
    {
      "id": "EXP-C4-14",
      "name": "list-ops-DMS",
      "pass": true,
      "actual": "ok",
      "expected": "ok",
      "passMsg": "DMS list_operations OK",
      "failMsg": "DMS list_operations FAIL",
      "_source": "c4-service-matrix"
    },
    {
      "id": "EXP-C4-14",
      "name": "plan-DMS",
      "pass": true,
      "actual": "ok",
      "expected": "ok",
      "passMsg": "DMS plan OK",
      "failMsg": "DMS plan FAIL",
      "_source": "c4-service-matrix"
    }
  ],
  "source": "c4-service-matrix"
}