0 verbose cli /home/testbot1/nodejs/bin/node /home/testbot1/nodejs/bin/npm
1 info using npm@10.9.2
2 info using node@v22.13.0
3 silly config load:file:/home/testbot1/nodejs/lib/node_modules/npm/npmrc
4 silly config load:file:/home/testbot1/devkit-test/OpenClaw/huaweicloud-devkit-test/results/OpenClaw/2026-10-10-120.46.222.180/Linux/iso-home-20261009/.hermes/huaweicloud-plugins/.npmrc
5 silly config load:file:/home/testbot1/devkit-test/OpenClaw/huaweicloud-devkit-test/results/OpenClaw/2026-10-10-120.46.222.180/Linux/iso-home-20261009/.npmrc
6 silly config load:file:/home/testbot1/nodejs/etc/npmrc
7 verbose title npm install
8 verbose argv "install" "--omit" "dev" "--no-audit" "--no-fund"
9 verbose logfile logs-max:10 dir:/home/testbot1/devkit-test/OpenClaw/huaweicloud-devkit-test/results/OpenClaw/2026-10-10-120.46.222.180/Linux/iso-home-20261009/.npm/_logs/2026-10-09T21_16_34_655Z-
10 verbose logfile /home/testbot1/devkit-test/OpenClaw/huaweicloud-devkit-test/results/OpenClaw/2026-10-10-120.46.222.180/Linux/iso-home-20261009/.npm/_logs/2026-10-09T21_16_34_655Z-debug-0.log
11 silly logfile done cleaning log files
12 silly packumentCache heap:2197815296 maxSize:549453824 maxEntrySize:274726912
13 silly idealTree buildDeps
14 warn EBADENGINE Unsupported engine {
14 warn EBADENGINE   package: 'undici@8.11.2',
14 warn EBADENGINE   required: { node: '>=22.19.0' },
14 warn EBADENGINE   current: { node: 'v22.13.0', npm: '10.9.2' }
14 warn EBADENGINE }
15 silly reify moves {}
16 verbose cwd /home/testbot1/devkit-test/OpenClaw/huaweicloud-devkit-test/results/OpenClaw/2026-10-10-120.46.222.180/Linux/iso-home-20261009/.hermes/huaweicloud-plugins
17 verbose os Linux 6.8.0-106-generic
18 verbose node v22.13.0
19 verbose npm  v10.9.2
20 verbose exit 0
21 info ok
