0 verbose cli /home/testbot1/nodejs/bin/node /home/testbot1/nodejs/bin/npm
1 info using npm@10.9.2
2 info using node@v22.13.0
3 silly config load:file:/home/testbot1/nodejs/lib/node_modules/npm/npmrc
4 silly config load:file:/home/testbot1/devkit-test/OpenClaw/huaweicloud-devkit-test/results/OpenClaw/2026-10-10-120.46.222.180/Linux/iso-home-20261009/.hermes/huaweicloud-plugins/.npmrc
5 silly config load:file:/home/testbot1/devkit-test/OpenClaw/huaweicloud-devkit-test/results/OpenClaw/2026-10-10-120.46.222.180/Linux/iso-home-20261009/.npmrc
6 silly config load:file:/home/testbot1/nodejs/etc/npmrc
7 verbose title npm install
8 verbose argv "install" "--omit" "dev" "--no-audit" "--no-fund"
9 verbose logfile logs-max:10 dir:/home/testbot1/devkit-test/OpenClaw/huaweicloud-devkit-test/results/OpenClaw/2026-10-10-120.46.222.180/Linux/iso-home-20261009/.npm/_logs/2026-10-09T21_06_14_749Z-
10 verbose logfile /home/testbot1/devkit-test/OpenClaw/huaweicloud-devkit-test/results/OpenClaw/2026-10-10-120.46.222.180/Linux/iso-home-20261009/.npm/_logs/2026-10-09T21_06_14_749Z-debug-0.log
11 silly logfile done cleaning log files
12 silly packumentCache heap:2197815296 maxSize:549453824 maxEntrySize:274726912
13 silly idealTree buildDeps
14 silly fetch manifest undici@^8.10.0
15 silly packumentCache full:https://registry.npmjs.org/undici cache-miss
16 http fetch GET 200 https://registry.npmjs.org/undici 1272ms (cache miss)
17 silly packumentCache full:https://registry.npmjs.org/undici set size:undefined disposed:false
18 silly placeDep ROOT undici@8.11.2 OK for: huaweicloud-devkit@1.1.7 want: ^8.10.0
19 warn EBADENGINE Unsupported engine {
19 warn EBADENGINE   package: 'undici@8.11.2',
19 warn EBADENGINE   required: { node: '>=22.19.0' },
19 warn EBADENGINE   current: { node: 'v22.13.0', npm: '10.9.2' }
19 warn EBADENGINE }
20 silly reify moves {}
21 http cache undici@https://registry.npmjs.org/undici/-/undici-8.11.2.tgz 1ms (cache hit)
22 silly tarball no local data for undici@https://registry.npmjs.org/undici/-/undici-8.11.2.tgz. Extracting by manifest.
23 http fetch GET 200 https://registry.npmjs.org/npm 1440ms
24 http fetch GET 200 https://registry.npmjs.org/undici/-/undici-8.11.2.tgz 624ms (cache miss)
25 silly ADD node_modules/undici
26 verbose cwd /home/testbot1/devkit-test/OpenClaw/huaweicloud-devkit-test/results/OpenClaw/2026-10-10-120.46.222.180/Linux/iso-home-20261009/.hermes/huaweicloud-plugins
27 verbose os Linux 6.8.0-106-generic
28 verbose node v22.13.0
29 verbose npm  v10.9.2
30 notice
30 notice New major version of npm available! 10.9.2 -> 12.2.0
30 notice Changelog: https://github.com/npm/cli/releases/tag/v12.2.0
30 notice To update run: npm install -g npm@12.2.0
30 notice  { force: true, [Symbol(proc-log.meta)]: true }
31 verbose exit 0
32 info ok
