[PASS] D4-1: credential file read blocked
  -> decision=deny, findings=1
[PASS] D4-2: credential env print blocked
  -> decisions=["deny","deny","deny","deny"]
[PASS] D4-3: plaintext secret API blocked
  -> decisions=["deny","deny","deny"]
[PASS] D4-4: write operation needs approval
  -> decision=deny, risk=write
[PASS] D4-5: write false-positive detection (read-only not write)
[PASS] D4-6: adminPass redaction
  -> adminPass=<redacted>
[PASS] D4-7: hook three tools valid
  -> risk=deny
[PASS] D4-8: Python/Node policy consistency
  -> risk=deny, text=deny
[PASS] D4-9: public exposure / destructive precheck
  -> decision=deny, blockedByRiskRule=true
[PASS] D4-11: prompt injection protection
  -> decision=warn, findings=1
[PASS] D4-15: hook bypass attempt (nested command)
  -> decision=warn, findings=1
[PASS] D4-16: command wrapping penetration (subshell)
  -> decision=warn, findings=1
[PASS] D4-17: hook fuzzy fail-closed (undefined input)
  -> no crash on null/empty/undefined
[PASS] D4-18: confirm-not-deny approval semantics
  -> without=deny, with=allow
[PASS] D4-19: precheck still active under approval
  -> decision=deny, blockedByRiskRule=true
[PASS] D4-20: zero operation after deny (safeToRun=false)
  -> safeToRun=false, decision=deny
[PASS] D4-21: hook_check_artifacts (broad IAM policy)
  -> decision=deny, rules=["hwc-iam-admin-policy"]
[PASS] D4-22: hook_check_deploy_plan (public FunctionGraph)
  -> decision=warn, rules=["hwc-functiongraph-public-no-auth"]
[PASS] D4-24: approval token single-use
  -> first=true, second=false
[PASS] D2-4: credential redaction correctness
  -> ak=<redacted>, sk=<redacted>, region=cn-north-4, srv=srv-001
[PASS] D2-11: R3 STS token deny persist
  -> security_token=<redacted>

=== SUMMARY ===
PASS: 21, FAIL: 0, ERROR: 0, Total: 21
