{
  "case": "D4-27",
  "status": "FAIL",
  "executedAt": "20260929050639",
  "total": 1,
  "passed": 0,
  "failed": 1,
  "results": [
    {
      "id": "D4-27",
      "name": "redact-dual",
      "pass": false,
      "actual": "{\"ak\":\"AKID123\",\"sk\":\"SK1234567890abcdef\",\"token\":\"STSTOKEN1",
      "expected": "redacted",
      "passMsg": "dual path redaction complete",
      "failMsg": "dual path redaction incomplete",
      "_source": "d2-auth"
    }
  ],
  "source": "d2-auth"
}