{
  "caseId": "D4-19",
  "status": "PASS",
  "why": "High-risk write operations still blocked by preflight in confirm flow (deny maintained) — preflight effective during confirmation",
  "details": [
    {
      "cmd": "hcloud ECS delete-servers --server-ids xxx",
      "decision": "deny",
      "risk": "write",
      "reason": "Huawei Cloud write operation blocked until the agent presents a plan and receives explicit user approval."
    },
    {
      "cmd": "hcloud VPC delete-vpc --vpc-id xxx",
      "decision": "deny",
      "risk": "write",
      "reason": "Huawei Cloud write operation blocked until the agent presents a plan and receives explicit user approval."
    },
    {
      "cmd": "hcloud RDS delete-instance --instance-id xxx",
      "decision": "deny",
      "risk": "write",
      "reason": "Huawei Cloud write operation blocked until the agent presents a plan and receives explicit user approval."
    }
  ],
  "executedAt": "20260930211315"
}