<<<<<<< HEAD
D4-7 测试证据
执行时间: 2026-10-06 05:14
客户端: CodeArtsSpace
OS: Windows
被测版本: 1.1.8-next.1
工具: probe-p1.mjs
结果: PASS
断言: hook 插件加载
结论: PASS - hook 插件加载正常
=======
{
  "caseId": "D4-7",
  "status": "PASS",
  "why": "PASS - 危险操作 deny",
  "executedAt": "20261006051036",
  "assertion": "危险操作 deny",
  "rootCause": "",
  "blockedReason": "",
  "version": "1.1.8-next.1"
}
>>>>>>> 4b89f0993 (test: CodeArtsSpace Windows 2026-10-06 daily test (141 cases, 136 PASS, 8 FAIL historical, 1 NOT_RUN))
