{
  "case": "D3-C1",
  "total": 5,
  "passed": 5,
  "failed": 0,
  "results": [
    {
      "name": "CreateVpc",
      "pass": true,
      "detail": "{\n  \"vpc\": {\n    \"id\": \"53a04f15-2c65-4017-b405-5cbed8c5b88c\",\n    \"name\": \"testbot3-hermes-e2e-9939"
    },
    {
      "name": "CreateSubnet",
      "pass": true,
      "detail": "{\n  \"subnet\": {\n    \"id\": \"0f230858-b040-4d78-a30b-d9a978e456a1\",\n    \"name\": \"testbot3-hermes-e2e-9"
    },
    {
      "name": "CreateServers(审批分类)",
      "pass": "allow",
      "detail": "allow"
    },
    {
      "name": "CreateServers(返回serverIds)",
      "pass": true,
      "detail": "{\n  \"job_id\": \"ff8080819f8ed3fd01a0c0b3f2623161\",\n  \"serverIds\": [\n    \"c820999b-d730-4137-9e05-ab17fcd25245\"\n  ]\n}"
    },
    {
      "name": "finally归零(已提交删除请求)",
      "pass": true,
      "detail": "ECS✓ subnet✓ vpc✓"
    }
  ]
}