{
  "case": "EXP-C4-10",
  "status": "PASS",
  "executedAt": "20260929050639",
  "total": 2,
  "passed": 2,
  "failed": 0,
  "results": [
    {
      "id": "EXP-C4-10",
      "name": "list-ops-CES",
      "pass": true,
      "actual": "ok",
      "expected": "ok",
      "passMsg": "CES list_operations OK",
      "failMsg": "CES list_operations FAIL",
      "_source": "c4-service-matrix"
    },
    {
      "id": "EXP-C4-10",
      "name": "plan-CES",
      "pass": true,
      "actual": "ok",
      "expected": "ok",
      "passMsg": "CES plan OK",
      "failMsg": "CES plan FAIL",
      "_source": "c4-service-matrix"
    }
  ],
  "source": "c4-service-matrix"
}