{
  "caseId": "D2-5",
  "status": "PASS",
  "why": "{\"executable\":\"hcloud\",\"args\":[\"ECS\",\"ShowServer\",\"--server_id=test\"],\"command\":\"hcloud ECS ShowServer --server_id=test\",\"executableBlock\":\"hcloud ECS ShowServer --server_id=test\",\"warnings\":[],\"class",
  "executedAt": "20260928220643",
  "p": {
    "executable": "hcloud",
    "args": [
      "ECS",
      "ShowServer",
      "--server_id=test"
    ],
    "command": "hcloud ECS ShowServer --server_id=test",
    "executableBlock": "hcloud ECS ShowServer --server_id=test",
    "warnings": [],
    "classification": {
      "decision": "allow",
      "risk": "read_only",
      "reason": "Command appears to be a read-only Huawei Cloud operation.",
      "service": "ECS",
      "operation": "ShowServer",
      "args": [
        "ECS",
        "ShowServer",
        "--server_id=test"
      ]
    },
    "sgFindings": [],
    "approvalToken": "fc8f2070-2cdb-4cda-841d-ab7652106078",
    "safeToRun": true
  }
}