{
  "status": "PASS",
  "why": "detect_framework: 13/13 frameworks detected",
  "executedAt": "20260921024014",
  "results": [
    {
      "project": "nextjs",
      "framework": "Next.js",
      "ok": true
    },
    {
      "project": "nuxt",
      "framework": "Nuxt",
      "ok": true
    },
    {
      "project": "angular",
      "framework": "Angular",
      "ok": true
    },
    {
      "project": "vite",
      "framework": "Vite (React/Vue/Svelte)",
      "ok": true
    },
    {
      "project": "vue-cli",
      "framework": "Vue CLI",
      "ok": true
    },
    {
      "project": "cra",
      "framework": "Create React App",
      "ok": true
    },
    {
      "project": "vitepress",
      "framework": "VitePress",
      "ok": true
    },
    {
      "project": "docusaurus",
      "framework": "Docusaurus",
      "ok": true
    },
    {
      "project": "hugo",
      "framework": "Hugo",
      "ok": true
    },
    {
      "project": "hexo",
      "framework": "Hexo",
      "ok": true
    },
    {
      "project": "taro",
      "framework": "Taro",
      "ok": true
    },
    {
      "project": "monorepo",
      "framework": "Monorepo",
      "ok": true
    },
    {
      "project": "static",
      "framework": "Static Site",
      "ok": true
    }
  ]
}