{
  "status": "PASS",
  "caseId": "D9-3",
  "executedAt": "20260924210000",
  "details": {
    "count": 40,
    "names": [
      "huaweicloud_check_cli",
      "huaweicloud_plan_cli_command",
      "huaweicloud_run_readonly_command",
      "huaweicloud_list_operations",
      "huaweicloud_run_approved_command",
      "huaweicloud_show_profile_redacted",
      "huaweicloud_hook_check_command",
      "huaweicloud_hook_check_artifacts",
      "huaweicloud_hook_check_deploy_plan",
      "huaweicloud_service_catalog",
      "huaweicloud_explain_error",
      "huaweicloud_search_docs",
      "huaweicloud_retrieve_skill",
      "huaweicloud_list_regions",
      "huaweicloud_get_regional_availability"
    ]
  },
  "why": "response format: valid tools array"
}