{
  "total": 63,
  "passed": 52,
  "failed": 11,
  "results": [
    {
      "id": "EXP-C4-01",
      "name": "list-ops-ECS",
      "pass": true,
      "actual": "ok",
      "expected": "ok",
      "passMsg": "ECS list_operations OK",
      "failMsg": "ECS list_operations FAIL"
    },
    {
      "id": "EXP-C4-01",
      "name": "plan-ECS",
      "pass": true,
      "actual": "ok",
      "expected": "ok",
      "passMsg": "ECS plan OK",
      "failMsg": "ECS plan FAIL"
    },
    {
      "id": "EXP-C4-02",
      "name": "list-ops-VPC",
      "pass": true,
      "actual": "ok",
      "expected": "ok",
      "passMsg": "VPC list_operations OK",
      "failMsg": "VPC list_operations FAIL"
    },
    {
      "id": "EXP-C4-02",
      "name": "plan-VPC",
      "pass": true,
      "actual": "ok",
      "expected": "ok",
      "passMsg": "VPC plan OK",
      "failMsg": "VPC plan FAIL"
    },
    {
      "id": "EXP-C4-03",
      "name": "list-ops-OBS",
      "pass": true,
      "actual": "ok",
      "expected": "ok",
      "passMsg": "OBS list_operations OK",
      "failMsg": "OBS list_operations FAIL"
    },
    {
      "id": "EXP-C4-03",
      "name": "plan-OBS",
      "pass": true,
      "actual": "ok",
      "expected": "ok",
      "passMsg": "OBS plan OK",
      "failMsg": "OBS plan FAIL"
    },
    {
      "id": "EXP-C4-04",
      "name": "list-ops-RDS",
      "pass": true,
      "actual": "ok",
      "expected": "ok",
      "passMsg": "RDS list_operations OK",
      "failMsg": "RDS list_operations FAIL"
    },
    {
      "id": "EXP-C4-04",
      "name": "plan-RDS",
      "pass": true,
      "actual": "ok",
      "expected": "ok",
      "passMsg": "RDS plan OK",
      "failMsg": "RDS plan FAIL"
    },
    {
      "id": "EXP-C4-05",
      "name": "list-ops-GaussDB",
      "pass": true,
      "actual": "ok",
      "expected": "ok",
      "passMsg": "GaussDB list_operations OK",
      "failMsg": "GaussDB list_operations FAIL"
    },
    {
      "id": "EXP-C4-05",
      "name": "plan-GaussDB",
      "pass": true,
      "actual": "ok",
      "expected": "ok",
      "passMsg": "GaussDB plan OK",
      "failMsg": "GaussDB plan FAIL"
    },
    {
      "id": "EXP-C4-06",
      "name": "list-ops-CCE",
      "pass": true,
      "actual": "ok",
      "expected": "ok",
      "passMsg": "CCE list_operations OK",
      "failMsg": "CCE list_operations FAIL"
    },
    {
      "id": "EXP-C4-06",
      "name": "plan-CCE",
      "pass": true,
      "actual": "ok",
      "expected": "ok",
      "passMsg": "CCE plan OK",
      "failMsg": "CCE plan FAIL"
    },
    {
      "id": "EXP-C4-07",
      "name": "list-ops-FunctionGraph",
      "pass": true,
      "actual": "ok",
      "expected": "ok",
      "passMsg": "FunctionGraph list_operations OK",
      "failMsg": "FunctionGraph list_operations FAIL"
    },
    {
      "id": "EXP-C4-07",
      "name": "plan-FunctionGraph",
      "pass": true,
      "actual": "ok",
      "expected": "ok",
      "passMsg": "FunctionGraph plan OK",
      "failMsg": "FunctionGraph plan FAIL"
    },
    {
      "id": "EXP-C4-08",
      "name": "list-ops-IAM",
      "pass": true,
      "actual": "ok",
      "expected": "ok",
      "passMsg": "IAM list_operations OK",
      "failMsg": "IAM list_operations FAIL"
    },
    {
      "id": "EXP-C4-08",
      "name": "plan-IAM",
      "pass": true,
      "actual": "ok",
      "expected": "ok",
      "passMsg": "IAM plan OK",
      "failMsg": "IAM plan FAIL"
    },
    {
      "id": "EXP-C4-09",
      "name": "list-ops-CTS",
      "pass": true,
      "actual": "ok",
      "expected": "ok",
      "passMsg": "CTS list_operations OK",
      "failMsg": "CTS list_operations FAIL"
    },
    {
      "id": "EXP-C4-09",
      "name": "plan-CTS",
      "pass": true,
      "actual": "ok",
      "expected": "ok",
      "passMsg": "CTS plan OK",
      "failMsg": "CTS plan FAIL"
    },
    {
      "id": "EXP-C4-10",
      "name": "list-ops-CES",
      "pass": true,
      "actual": "ok",
      "expected": "ok",
      "passMsg": "CES list_operations OK",
      "failMsg": "CES list_operations FAIL"
    },
    {
      "id": "EXP-C4-10",
      "name": "plan-CES",
      "pass": true,
      "actual": "ok",
      "expected": "ok",
      "passMsg": "CES plan OK",
      "failMsg": "CES plan FAIL"
    },
    {
      "id": "EXP-C4-11",
      "name": "list-ops-DDS",
      "pass": true,
      "actual": "ok",
      "expected": "ok",
      "passMsg": "DDS list_operations OK",
      "failMsg": "DDS list_operations FAIL"
    },
    {
      "id": "EXP-C4-11",
      "name": "plan-DDS",
      "pass": true,
      "actual": "ok",
      "expected": "ok",
      "passMsg": "DDS plan OK",
      "failMsg": "DDS plan FAIL"
    },
    {
      "id": "EXP-C4-12",
      "name": "list-ops-DCS",
      "pass": true,
      "actual": "ok",
      "expected": "ok",
      "passMsg": "DCS list_operations OK",
      "failMsg": "DCS list_operations FAIL"
    },
    {
      "id": "EXP-C4-12",
      "name": "plan-DCS",
      "pass": true,
      "actual": "ok",
      "expected": "ok",
      "passMsg": "DCS plan OK",
      "failMsg": "DCS plan FAIL"
    },
    {
      "id": "EXP-C4-13",
      "name": "list-ops-SMN",
      "pass": true,
      "actual": "ok",
      "expected": "ok",
      "passMsg": "SMN list_operations OK",
      "failMsg": "SMN list_operations FAIL"
    },
    {
      "id": "EXP-C4-13",
      "name": "plan-SMN",
      "pass": true,
      "actual": "ok",
      "expected": "ok",
      "passMsg": "SMN plan OK",
      "failMsg": "SMN plan FAIL"
    },
    {
      "id": "EXP-C4-14",
      "name": "list-ops-DMS",
      "pass": true,
      "actual": "ok",
      "expected": "ok",
      "passMsg": "DMS list_operations OK",
      "failMsg": "DMS list_operations FAIL"
    },
    {
      "id": "EXP-C4-14",
      "name": "plan-DMS",
      "pass": true,
      "actual": "ok",
      "expected": "ok",
      "passMsg": "DMS plan OK",
      "failMsg": "DMS plan FAIL"
    },
    {
      "id": "EXP-C4-15",
      "name": "list-ops-WAF",
      "pass": true,
      "actual": "ok",
      "expected": "ok",
      "passMsg": "WAF list_operations OK",
      "failMsg": "WAF list_operations FAIL"
    },
    {
      "id": "EXP-C4-15",
      "name": "plan-WAF",
      "pass": true,
      "actual": "ok",
      "expected": "ok",
      "passMsg": "WAF plan OK",
      "failMsg": "WAF plan FAIL"
    },
    {
      "id": "EXP-C4-16",
      "name": "list-ops-CDN",
      "pass": true,
      "actual": "ok",
      "expected": "ok",
      "passMsg": "CDN list_operations OK",
      "failMsg": "CDN list_operations FAIL"
    },
    {
      "id": "EXP-C4-16",
      "name": "plan-CDN",
      "pass": true,
      "actual": "ok",
      "expected": "ok",
      "passMsg": "CDN plan OK",
      "failMsg": "CDN plan FAIL"
    },
    {
      "id": "EXP-C4-17",
      "name": "list-ops-ModelArts",
      "pass": true,
      "actual": "ok",
      "expected": "ok",
      "passMsg": "ModelArts list_operations OK",
      "failMsg": "ModelArts list_operations FAIL"
    },
    {
      "id": "EXP-C4-17",
      "name": "plan-ModelArts",
      "pass": true,
      "actual": "ok",
      "expected": "ok",
      "passMsg": "ModelArts plan OK",
      "failMsg": "ModelArts plan FAIL"
    },
    {
      "id": "EXP-C4-18",
      "name": "list-ops-DEW",
      "pass": true,
      "actual": "ok",
      "expected": "ok",
      "passMsg": "DEW list_operations OK",
      "failMsg": "DEW list_operations FAIL"
    },
    {
      "id": "EXP-C4-18",
      "name": "plan-DEW",
      "pass": true,
      "actual": "ok",
      "expected": "ok",
      "passMsg": "DEW plan OK",
      "failMsg": "DEW plan FAIL"
    },
    {
      "id": "EXP-C4-19",
      "name": "list-ops-CBR",
      "pass": true,
      "actual": "ok",
      "expected": "ok",
      "passMsg": "CBR list_operations OK",
      "failMsg": "CBR list_operations FAIL"
    },
    {
      "id": "EXP-C4-19",
      "name": "plan-CBR",
      "pass": true,
      "actual": "ok",
      "expected": "ok",
      "passMsg": "CBR plan OK",
      "failMsg": "CBR plan FAIL"
    },
    {
      "id": "EXP-C4-20",
      "name": "list-ops-EVS",
      "pass": true,
      "actual": "ok",
      "expected": "ok",
      "passMsg": "EVS list_operations OK",
      "failMsg": "EVS list_operations FAIL"
    },
    {
      "id": "EXP-C4-20",
      "name": "plan-EVS",
      "pass": true,
      "actual": "ok",
      "expected": "ok",
      "passMsg": "EVS plan OK",
      "failMsg": "EVS plan FAIL"
    },
    {
      "id": "EXP-C4-21",
      "name": "list-ops-EIP",
      "pass": true,
      "actual": "ok",
      "expected": "ok",
      "passMsg": "EIP list_operations OK",
      "failMsg": "EIP list_operations FAIL"
    },
    {
      "id": "EXP-C4-21",
      "name": "plan-EIP",
      "pass": true,
      "actual": "ok",
      "expected": "ok",
      "passMsg": "EIP plan OK",
      "failMsg": "EIP plan FAIL"
    },
    {
      "id": "EXP-C4-22",
      "name": "list-ops-ELB",
      "pass": true,
      "actual": "ok",
      "expected": "ok",
      "passMsg": "ELB list_operations OK",
      "failMsg": "ELB list_operations FAIL"
    },
    {
      "id": "EXP-C4-22",
      "name": "plan-ELB",
      "pass": true,
      "actual": "ok",
      "expected": "ok",
      "passMsg": "ELB plan OK",
      "failMsg": "ELB plan FAIL"
    },
    {
      "id": "EXP-D5-1-1",
      "name": "opencode-client",
      "pass": true,
      "actual": "40",
      "expected": ">=39",
      "passMsg": "OpenCode tools: 40",
      "failMsg": "OpenCode tools insufficient"
    },
    {
      "id": "EXP-D5-1-3",
      "name": "opencode-tool-enum",
      "pass": true,
      "actual": "40",
      "expected": ">=39",
      "passMsg": "OpenCode tool enum: 40",
      "failMsg": "OpenCode tool enum insufficient"
    },
    {
      "id": "D9-4",
      "name": "lifecycle",
      "pass": true,
      "actual": "ok",
      "expected": "ok",
      "passMsg": "protocol lifecycle OK",
      "failMsg": "protocol lifecycle FAIL"
    },
    {
      "id": "D9-5",
      "name": "stdio-transport",
      "pass": true,
      "actual": "40",
      "expected": ">0",
      "passMsg": "stdio transport OK",
      "failMsg": "stdio transport FAIL"
    },
    {
      "id": "EXP-E01",
      "name": "eval-route",
      "pass": false,
      "actual": "MISS",
      "expected": "HIT",
      "passMsg": "EXP-E01 routed correctly",
      "failMsg": "EXP-E01 routing MISS"
    },
    {
      "id": "EXP-E02",
      "name": "eval-route",
      "pass": false,
      "actual": "MISS",
      "expected": "HIT",
      "passMsg": "EXP-E02 routed correctly",
      "failMsg": "EXP-E02 routing MISS"
    },
    {
      "id": "EXP-E03",
      "name": "eval-route",
      "pass": false,
      "actual": "MISS",
      "expected": "HIT",
      "passMsg": "EXP-E03 routed correctly",
      "failMsg": "EXP-E03 routing MISS"
    },
    {
      "id": "EXP-E04",
      "name": "eval-route",
      "pass": false,
      "actual": "MISS",
      "expected": "HIT",
      "passMsg": "EXP-E04 routed correctly",
      "failMsg": "EXP-E04 routing MISS"
    },
    {
      "id": "EXP-E05",
      "name": "eval-route",
      "pass": false,
      "actual": "MISS",
      "expected": "HIT",
      "passMsg": "EXP-E05 routed correctly",
      "failMsg": "EXP-E05 routing MISS"
    },
    {
      "id": "EXP-E06",
      "name": "eval-route",
      "pass": true,
      "actual": "HIT",
      "expected": "HIT",
      "passMsg": "EXP-E06 routed correctly",
      "failMsg": "EXP-E06 routing MISS"
    },
    {
      "id": "EXP-E07",
      "name": "eval-route",
      "pass": false,
      "actual": "MISS",
      "expected": "HIT",
      "passMsg": "EXP-E07 routed correctly",
      "failMsg": "EXP-E07 routing MISS"
    },
    {
      "id": "EXP-E08",
      "name": "eval-na",
      "pass": true,
      "actual": "N/A",
      "expected": "N/A",
      "passMsg": "EXP-E08 diagnostic (N/A)",
      "failMsg": null
    },
    {
      "id": "EXP-E09",
      "name": "eval-route",
      "pass": true,
      "actual": "HIT",
      "expected": "HIT",
      "passMsg": "EXP-E09 routed correctly",
      "failMsg": "EXP-E09 routing MISS"
    },
    {
      "id": "EXP-E10",
      "name": "eval-route",
      "pass": false,
      "actual": "MISS",
      "expected": "HIT",
      "passMsg": "EXP-E10 routed correctly",
      "failMsg": "EXP-E10 routing MISS"
    },
    {
      "id": "EXP-E11",
      "name": "eval-route",
      "pass": false,
      "actual": "MISS",
      "expected": "HIT",
      "passMsg": "EXP-E11 routed correctly",
      "failMsg": "EXP-E11 routing MISS"
    },
    {
      "id": "EXP-E12",
      "name": "eval-route",
      "pass": false,
      "actual": "MISS",
      "expected": "HIT",
      "passMsg": "EXP-E12 routed correctly",
      "failMsg": "EXP-E12 routing MISS"
    },
    {
      "id": "EXP-E13",
      "name": "eval-route",
      "pass": false,
      "actual": "MISS",
      "expected": "HIT",
      "passMsg": "EXP-E13 routed correctly",
      "failMsg": "EXP-E13 routing MISS"
    },
    {
      "id": "EXP-E14",
      "name": "eval-route",
      "pass": false,
      "actual": "MISS",
      "expected": "HIT",
      "passMsg": "EXP-E14 routed correctly",
      "failMsg": "EXP-E14 routing MISS"
    },
    {
      "id": "EXP-E15",
      "name": "eval-route",
      "pass": true,
      "actual": "HIT",
      "expected": "HIT",
      "passMsg": "EXP-E15 routed correctly",
      "failMsg": "EXP-E15 routing MISS"
    }
  ]
}