{
  "case": "EXP-C4-11",
  "status": "PASS",
  "executedAt": "20260929050639",
  "total": 2,
  "passed": 2,
  "failed": 0,
  "results": [
    {
      "id": "EXP-C4-11",
      "name": "list-ops-DDS",
      "pass": true,
      "actual": "ok",
      "expected": "ok",
      "passMsg": "DDS list_operations OK",
      "failMsg": "DDS list_operations FAIL",
      "_source": "c4-service-matrix"
    },
    {
      "id": "EXP-C4-11",
      "name": "plan-DDS",
      "pass": true,
      "actual": "ok",
      "expected": "ok",
      "passMsg": "DDS plan OK",
      "failMsg": "DDS plan FAIL",
      "_source": "c4-service-matrix"
    }
  ],
  "source": "c4-service-matrix"
}