{
  "caseId": "D4-7",
  "status": "PASS",
  "why": "cmd=1 art=0 plan=0",
  "executedAt": "20260928220655",
  "c": {
    "decision": "warn",
    "findings": [
      {
        "ruleId": "hwc-destructive-delete-operation",
        "title": "Destructive cloud resource operation",
        "category": "destructive",
        "severity": "warn",
        "message": "This hcloud command will delete, detach, or remove cloud resources. The operation may be irreversible.",
        "remediation": "List the resources to be affected first, confirm with the user, and require explicit approval before executing any destructive operation.",
        "source": "command",
        "evidence": "hcloud ECS DeleteServer --server_id=test"
      }
    ]
  },
  "a": {
    "decision": "allow",
    "findings": []
  },
  "p": {
    "decision": "allow",
    "findings": []
  }
}